###############################################################################
#
# IAR ELF Linker V9.40.1.364/W64 for ARM                  10/Feb/2026  10:39:25
# Copyright 2007-2023 IAR Systems AB.
#
#    Output file  =
#        D:\Myself\WorkProcess\SK\HC32F460_WorkProcess\example\Source\Pipe_Monitor\Pipe_Monitor_App\EWARM\output\debug\Exe\Pipe_Monitor_App.out
#    Map file     =
#        D:\Myself\WorkProcess\SK\HC32F460_WorkProcess\example\Source\Pipe_Monitor\Pipe_Monitor_App\EWARM\output\debug\List\Pipe_Monitor_App.map
#    Command line =
#        -f
#        D:\Myself\WorkProcess\SK\HC32F460_WorkProcess\example\Source\Pipe_Monitor\Pipe_Monitor_App\EWARM\output\debug\Exe\Pipe_Monitor_App.out.rsp
#        (D:\Myself\WorkProcess\SK\HC32F460_WorkProcess\example\Source\Pipe_Monitor\Pipe_Monitor_App\EWARM\output\debug\Obj\4G_EC200U_8582873453978518366.dir\4G_EC200U.o
#        D:\Myself\WorkProcess\SK\HC32F460_WorkProcess\example\Source\Pipe_Monitor\Pipe_Monitor_App\EWARM\output\debug\Obj\BT_TB05_12041724360499981866.dir\BT_TB05.o
#        D:\Myself\WorkProcess\SK\HC32F460_WorkProcess\example\Source\Pipe_Monitor\Pipe_Monitor_App\EWARM\output\debug\Obj\OLED_13473777563621607307.dir\Display.o
#        D:\Myself\WorkProcess\SK\HC32F460_WorkProcess\example\Source\Pipe_Monitor\Pipe_Monitor_App\EWARM\output\debug\Obj\drv_ADC_15186207816091091275.dir\drv_ADC.o
#        D:\Myself\WorkProcess\SK\HC32F460_WorkProcess\example\Source\Pipe_Monitor\Pipe_Monitor_App\EWARM\output\debug\Obj\drv_IIC_18060258103304213159.dir\drv_IIC.o
#        D:\Myself\WorkProcess\SK\HC32F460_WorkProcess\example\Source\Pipe_Monitor\Pipe_Monitor_App\EWARM\output\debug\Obj\LKT4202_1925765440156868983.dir\drv_LKT4202.o
#        D:\Myself\WorkProcess\SK\HC32F460_WorkProcess\example\Source\Pipe_Monitor\Pipe_Monitor_App\EWARM\output\debug\Obj\drv_OTS_Temperature_13039655784802445445.dir\drv_OTS_Temperature.o
#        D:\Myself\WorkProcess\SK\HC32F460_WorkProcess\example\Source\Pipe_Monitor\Pipe_Monitor_App\EWARM\output\debug\Obj\drv_RTC_2577979922006117733.dir\drv_RTC.o
#        D:\Myself\WorkProcess\SK\HC32F460_WorkProcess\example\Source\Pipe_Monitor\Pipe_Monitor_App\EWARM\output\debug\Obj\SC7A20H_13085057635104233901.dir\drv_SC7A20H.o
#        D:\Myself\WorkProcess\SK\HC32F460_WorkProcess\example\Source\Pipe_Monitor\Pipe_Monitor_App\EWARM\output\debug\Obj\drv_SPI_4333388098947449637.dir\drv_SPI.o
#        D:\Myself\WorkProcess\SK\HC32F460_WorkProcess\example\Source\Pipe_Monitor\Pipe_Monitor_App\EWARM\output\debug\Obj\Storage_W25Q128_4738127093883701884.dir\drv_Storage_W25Q128.o
#        D:\Myself\WorkProcess\SK\HC32F460_WorkProcess\example\Source\Pipe_Monitor\Pipe_Monitor_App\EWARM\output\debug\Obj\drv_Timer_6973001687617930806.dir\drv_Timer.o
#        D:\Myself\WorkProcess\SK\HC32F460_WorkProcess\example\Source\Pipe_Monitor\Pipe_Monitor_App\EWARM\output\debug\Obj\drv_USART_14144334009435087269.dir\drv_USART.o
#        D:\Myself\WorkProcess\SK\HC32F460_WorkProcess\example\Source\Pipe_Monitor\Pipe_Monitor_App\EWARM\output\debug\Obj\RF_NFC_10628150809568064830.dir\fm175xx.o
#        D:\Myself\WorkProcess\SK\HC32F460_WorkProcess\example\Source\Pipe_Monitor\Pipe_Monitor_App\EWARM\output\debug\Obj\OLED_13473777563621607307.dir\Font.o
#        D:\Myself\WorkProcess\SK\HC32F460_WorkProcess\example\Source\Pipe_Monitor\Pipe_Monitor_App\EWARM\output\debug\Obj\driver_11944700488488147666.dir\hc32f460_adc.o
#        D:\Myself\WorkProcess\SK\HC32F460_WorkProcess\example\Source\Pipe_Monitor\Pipe_Monitor_App\EWARM\output\debug\Obj\driver_11944700488488147666.dir\hc32f460_clk.o
#        D:\Myself\WorkProcess\SK\HC32F460_WorkProcess\example\Source\Pipe_Monitor\Pipe_Monitor_App\EWARM\output\debug\Obj\driver_11944700488488147666.dir\hc32f460_dmac.o
#        D:\Myself\WorkProcess\SK\HC32F460_WorkProcess\example\Source\Pipe_Monitor\Pipe_Monitor_App\EWARM\output\debug\Obj\driver_11944700488488147666.dir\hc32f460_efm.o
#        D:\Myself\WorkProcess\SK\HC32F460_WorkProcess\example\Source\Pipe_Monitor\Pipe_Monitor_App\EWARM\output\debug\Obj\driver_11944700488488147666.dir\hc32f460_event_port.o
#        D:\Myself\WorkProcess\SK\HC32F460_WorkProcess\example\Source\Pipe_Monitor\Pipe_Monitor_App\EWARM\output\debug\Obj\driver_11944700488488147666.dir\hc32f460_exint_nmi_swi.o
#        D:\Myself\WorkProcess\SK\HC32F460_WorkProcess\example\Source\Pipe_Monitor\Pipe_Monitor_App\EWARM\output\debug\Obj\driver_11944700488488147666.dir\hc32f460_gpio.o
#        D:\Myself\WorkProcess\SK\HC32F460_WorkProcess\example\Source\Pipe_Monitor\Pipe_Monitor_App\EWARM\output\debug\Obj\driver_11944700488488147666.dir\hc32f460_i2c.o
#        D:\Myself\WorkProcess\SK\HC32F460_WorkProcess\example\Source\Pipe_Monitor\Pipe_Monitor_App\EWARM\output\debug\Obj\driver_11944700488488147666.dir\hc32f460_icg.o
#        D:\Myself\WorkProcess\SK\HC32F460_WorkProcess\example\Source\Pipe_Monitor\Pipe_Monitor_App\EWARM\output\debug\Obj\driver_11944700488488147666.dir\hc32f460_interrupts.o
#        D:\Myself\WorkProcess\SK\HC32F460_WorkProcess\example\Source\Pipe_Monitor\Pipe_Monitor_App\EWARM\output\debug\Obj\driver_11944700488488147666.dir\hc32f460_keyscan.o
#        D:\Myself\WorkProcess\SK\HC32F460_WorkProcess\example\Source\Pipe_Monitor\Pipe_Monitor_App\EWARM\output\debug\Obj\driver_11944700488488147666.dir\hc32f460_ots.o
#        D:\Myself\WorkProcess\SK\HC32F460_WorkProcess\example\Source\Pipe_Monitor\Pipe_Monitor_App\EWARM\output\debug\Obj\driver_11944700488488147666.dir\hc32f460_pwc.o
#        D:\Myself\WorkProcess\SK\HC32F460_WorkProcess\example\Source\Pipe_Monitor\Pipe_Monitor_App\EWARM\output\debug\Obj\driver_11944700488488147666.dir\hc32f460_rtc.o
#        D:\Myself\WorkProcess\SK\HC32F460_WorkProcess\example\Source\Pipe_Monitor\Pipe_Monitor_App\EWARM\output\debug\Obj\driver_11944700488488147666.dir\hc32f460_spi.o
#        D:\Myself\WorkProcess\SK\HC32F460_WorkProcess\example\Source\Pipe_Monitor\Pipe_Monitor_App\EWARM\output\debug\Obj\driver_11944700488488147666.dir\hc32f460_sram.o
#        D:\Myself\WorkProcess\SK\HC32F460_WorkProcess\example\Source\Pipe_Monitor\Pipe_Monitor_App\EWARM\output\debug\Obj\driver_11944700488488147666.dir\hc32f460_timer0.o
#        D:\Myself\WorkProcess\SK\HC32F460_WorkProcess\example\Source\Pipe_Monitor\Pipe_Monitor_App\EWARM\output\debug\Obj\driver_11944700488488147666.dir\hc32f460_timer4_cnt.o
#        D:\Myself\WorkProcess\SK\HC32F460_WorkProcess\example\Source\Pipe_Monitor\Pipe_Monitor_App\EWARM\output\debug\Obj\driver_11944700488488147666.dir\hc32f460_timer4_oco.o
#        D:\Myself\WorkProcess\SK\HC32F460_WorkProcess\example\Source\Pipe_Monitor\Pipe_Monitor_App\EWARM\output\debug\Obj\driver_11944700488488147666.dir\hc32f460_usart.o
#        D:\Myself\WorkProcess\SK\HC32F460_WorkProcess\example\Source\Pipe_Monitor\Pipe_Monitor_App\EWARM\output\debug\Obj\driver_11944700488488147666.dir\hc32f460_utility.o
#        D:\Myself\WorkProcess\SK\HC32F460_WorkProcess\example\Source\Pipe_Monitor\Pipe_Monitor_App\EWARM\output\debug\Obj\driver_11944700488488147666.dir\hc32f460_wdt.o
#        D:\Myself\WorkProcess\SK\HC32F460_WorkProcess\example\Source\Pipe_Monitor\Pipe_Monitor_App\EWARM\output\debug\Obj\LC86L_BD_9822625824417385734.dir\LC86L_BD.o
#        D:\Myself\WorkProcess\SK\HC32F460_WorkProcess\example\Source\Pipe_Monitor\Pipe_Monitor_App\EWARM\output\debug\Obj\LoRa_RA02_5139138412578801246.dir\LoRa_RA02.o
#        D:\Myself\WorkProcess\SK\HC32F460_WorkProcess\example\Source\Pipe_Monitor\Pipe_Monitor_App\EWARM\output\debug\Obj\Lora_TP1109_151720617378073083.dir\Lora_TP1109.o
#        D:\Myself\WorkProcess\SK\HC32F460_WorkProcess\example\Source\Pipe_Monitor\Pipe_Monitor_App\EWARM\output\debug\Obj\Magnetic_Bar_17520218520042908049.dir\Magnetic_Bar.o
#        D:\Myself\WorkProcess\SK\HC32F460_WorkProcess\example\Source\Pipe_Monitor\Pipe_Monitor_App\EWARM\output\debug\Obj\source_5634686896477721948.dir\main.o
#        D:\Myself\WorkProcess\SK\HC32F460_WorkProcess\example\Source\Pipe_Monitor\Pipe_Monitor_App\EWARM\output\debug\Obj\Mainloop_18272944273632151421.dir\Mainloop.o
#        D:\Myself\WorkProcess\SK\HC32F460_WorkProcess\example\Source\Pipe_Monitor\Pipe_Monitor_App\EWARM\output\debug\Obj\RF_NFC_10628150809568064830.dir\mifare_card.o
#        D:\Myself\WorkProcess\SK\HC32F460_WorkProcess\example\Source\Pipe_Monitor\Pipe_Monitor_App\EWARM\output\debug\Obj\ModbusRTU_17682219295068567368.dir\ModbusRTU.o
#        D:\Myself\WorkProcess\SK\HC32F460_WorkProcess\example\Source\Pipe_Monitor\Pipe_Monitor_App\EWARM\output\debug\Obj\ModbusRTU_17682219295068567368.dir\ModbusRTU_Device_BT.o
#        D:\Myself\WorkProcess\SK\HC32F460_WorkProcess\example\Source\Pipe_Monitor\Pipe_Monitor_App\EWARM\output\debug\Obj\MQTT_SK_4724149239023757000.dir\MQTT_SK.o
#        D:\Myself\WorkProcess\SK\HC32F460_WorkProcess\example\Source\Pipe_Monitor\Pipe_Monitor_App\EWARM\output\debug\Obj\OLED_13473777563621607307.dir\OLED.o
#        D:\Myself\WorkProcess\SK\HC32F460_WorkProcess\example\Source\Pipe_Monitor\Pipe_Monitor_App\EWARM\output\debug\Obj\Photosensitive_XYC_ALS_28064708180949255.dir\Photosensitive_XYC_ALS.o
#        D:\Myself\WorkProcess\SK\HC32F460_WorkProcess\example\Source\Pipe_Monitor\Pipe_Monitor_App\EWARM\output\debug\Obj\RF_NFC_10628150809568064830.dir\RF_NFC.o
#        D:\Myself\WorkProcess\SK\HC32F460_WorkProcess\example\Source\Pipe_Monitor\Pipe_Monitor_App\EWARM\output\debug\Obj\RXNTTL518_17808510930951076202.dir\RXNTTL518.o
#        D:\Myself\WorkProcess\SK\HC32F460_WorkProcess\example\Source\Pipe_Monitor\Pipe_Monitor_App\EWARM\output\debug\Obj\common_14919461937644757070.dir\startup_hc32f460.o
#        D:\Myself\WorkProcess\SK\HC32F460_WorkProcess\example\Source\Pipe_Monitor\Pipe_Monitor_App\EWARM\output\debug\Obj\common_14919461937644757070.dir\system_hc32f460.o
#        D:\Myself\WorkProcess\SK\HC32F460_WorkProcess\example\Source\Pipe_Monitor\Pipe_Monitor_App\EWARM\output\debug\Obj\RF_NFC_10628150809568064830.dir\type_a.o
#        D:\Myself\WorkProcess\SK\HC32F460_WorkProcess\example\Source\Pipe_Monitor\Pipe_Monitor_App\EWARM\output\debug\Obj\RF_NFC_10628150809568064830.dir\type_b.o
#        D:\Myself\WorkProcess\SK\HC32F460_WorkProcess\example\Source\Pipe_Monitor\Pipe_Monitor_App\EWARM\output\debug\Obj\User_Data_5391006662705040797.dir\User_Data.o
#        D:\Myself\WorkProcess\SK\HC32F460_WorkProcess\example\Source\Pipe_Monitor\Pipe_Monitor_App\EWARM\output\debug\Obj\WatchDog_9188475617120297074.dir\WatchDog.o
#        --no_out_extension -o
#        D:\Myself\WorkProcess\SK\HC32F460_WorkProcess\example\Source\Pipe_Monitor\Pipe_Monitor_App\EWARM\output\debug\Exe\Pipe_Monitor_App.out
#        --map
#        D:\Myself\WorkProcess\SK\HC32F460_WorkProcess\example\Source\Pipe_Monitor\Pipe_Monitor_App\EWARM\output\debug\List\Pipe_Monitor_App.map
#        --config
#        D:\Myself\WorkProcess\SK\HC32F460_WorkProcess\example\Source\Pipe_Monitor\Pipe_Monitor_App\EWARM\HC32F460xE.icf
#        --semihosting --entry __iar_program_start --redirect
#        __write=__write_buffered --vfe --text_out locale --cpu=Cortex-M4
#        --fpu=VFPv4_sp) --dependencies=n
#        D:\Myself\WorkProcess\SK\HC32F460_WorkProcess\example\Source\Pipe_Monitor\Pipe_Monitor_App\EWARM\output\debug\Exe\Pipe_Monitor_App.out.iar_deps
#
###############################################################################

*******************************************************************************
*** RUNTIME MODEL ATTRIBUTES
***

CppFlavor       = *
__CPP_Runtime   = 1
__SystemLibrary = DLib
__dlib_version  = 6


*******************************************************************************
*** HEAP SELECTION
***

The basic heap was selected because --advanced_heap
was not specified and the application did not appear to
be primarily optimized for speed.


*******************************************************************************
*** PLACEMENT SUMMARY
***

"A0":  place at address 0x1'4000 { ro section .intvec };
"P1":  place in [from 0x1'4000 to 0x7'ffff] |
                [from 0x300'0c00 to 0x300'0ffb] { ro };
define block CSTACK with size = 8K, alignment = 8 { };
define block HEAP with size = 8K, alignment = 8 { };
"P2":  place in [from 0x1fff'8000 to 0x1fff'ffff] |
                [from 0x2000'0000 to 0x2000'ffff repeat 2] |
                [from 0x2002'0000 to 0x2002'6fff] |
                [from 0x200f'0000 to 0x200f'0fff] {
          rw, block CSTACK, block HEAP };
initialize by copy { rw };

  Section            Kind         Address      Size  Object
  -------            ----         -------      ----  ------
Absolute sections:                             0x20
  .rodata            const          0x400      0x20  hc32f460_icg.o [20]
                                  - 0x420      0x20

"A0":                                         0x280
  .intvec            ro code     0x1'4000     0x280  startup_hc32f460.o [19]
                               - 0x1'4280     0x280

"P1":                                      0x1'cc18
  .text              ro code     0x1'4280    0x2918  ModbusRTU.o [10]
  .text              ro code     0x1'6b98      0x8c  User_Data.o [17]
  .text              ro code     0x1'6c24      0x66  ABImemset.o [31]
  .text              ro code     0x1'6c8a      0x1e  xsscin.o [29]
  .text              ro code     0x1'6ca8     0x4d8  hc32f460_gpio.o [20]
  .text              ro code     0x1'7180      0xa6  ABImemcpy.o [31]
  .text              ro code     0x1'7226       0xa  xsprout.o [29]
  .text              ro code     0x1'7230    0x1e1c  drv_Storage_W25Q128.o [16]
  .text              ro code     0x1'904c      0x6c  hc32f460_utility.o [20]
  .text              ro code     0x1'90b8    0x12cc  drv_USART.o [27]
  .text              ro code     0x1'a384      0x1c  U32ToDbl.o [30]
  .text              ro code     0x1'a3a0     0x1aa  DblMul.o [30]
  .rodata            const       0x1'a54a       0x2  drv_LKT4202.o [4]
  .text              ro code     0x1'a54c     0x246  DblDiv.o [30]
  .rodata            const       0x1'a792       0x2  drv_LKT4202.o [4]
  .text              ro code     0x1'a794      0x68  DblToFlt.o [30]
  .text              ro code     0x1'a7fc     0x25e  DblAddSub.o [30]
  .rodata            const       0x1'aa5a       0x2  drv_LKT4202.o [4]
  .text              ro code     0x1'aa5c      0x46  U64ToDbl.o [30]
  .rodata            const       0x1'aaa2       0x2  drv_LKT4202.o [4]
  .text              ro code     0x1'aaa4      0x36  strlen.o [31]
  .text              ro code     0x1'aada      0x2c  strstr.o [29]
  .rodata            const       0x1'ab06       0x2  drv_LKT4202.o [4]
  .text              ro code     0x1'ab08      0x12  strcmp.o [31]
  .rodata            const       0x1'ab1a       0x2  drv_LKT4202.o [4]
  .text              ro code     0x1'ab1c     0x5e8  drv_RTC.o [24]
  .text              ro code     0x1'b104      0x28  sscanf.o [29]
  .text              ro code     0x1'b12c      0xe0  mktime64.o [29]
  .text              ro code     0x1'b20c      0x68  memcmp.o [31]
  .text              ro code     0x1'b274       0x2  hc32f460_utility.o [20]
  .rodata            const       0x1'b276       0x2  xlocale_c.o [29]
  .text              ro code     0x1'b278     0x7b4  hc32f460_spi.o [20]
  .text              ro code     0x1'ba2c      0x18  strcpy.o [31]
  .text              ro code     0x1'ba44     0x1b4  Mainloop.o [9]
  .text              ro code     0x1'bbf8     0xa48  hc32f460_usart.o [20]
  .text              ro code     0x1'c640     0xac0  hc32f460_dmac.o [20]
  .text              ro code     0x1'd100     0x4cc  hc32f460_pwc.o [20]
  .text              ro code     0x1'd5cc     0xb40  hc32f460_interrupts.o [20]
  .text              ro code     0x1'e10c     0x934  hc32f460_timer0.o [20]
  .text              ro code     0x1'ea40     0x338  BT_TB05.o [2]
  .text              ro code     0x1'ed78      0x16  strchr.o [31]
  .rodata            const       0x1'ed8e       0x2  xlocale_c.o [29]
  .text              ro code     0x1'ed90     0xffc  hc32f460_clk.o [20]
  .text              ro code     0x1'fd8c      0x48  FltToDbl.o [30]
  .text              ro code     0x1'fdd4     0x438  hc32f460_rtc.o [20]
  .text              ro code     0x2'020c      0x40  sprintf.o [29]
  .text              ro code     0x2'024c     0xd7c  xscanffull_nomb.o [29]
  .text              ro code     0x2'0fc8      0xcc  xDaysTo64.o [29]
  .text              ro code     0x2'1094     0x15c  xttotm64.o [29]
  .text              ro code     0x2'11f0       0x4  xTzoff_nop.o [29]
  .text              ro code     0x2'11f4     0x1b6  Lora_TP1109.o [6]
  .rodata            const       0x2'13aa       0x1  xlocale_c.o [29]
  .text              ro code     0x2'13ac     0x274  I64DivMod.o [31]
  .text              ro code     0x2'1620     0x110  system_hc32f460.o [19]
  .text              ro code     0x2'1730     0x17c  hc32f460_exint_nmi_swi.o [20]
  .text              ro code     0x2'18ac      0x1e  strcat.o [29]
  .text              ro code     0x2'18cc    0x203c  ModbusRTU_Device_BT.o [10]
  .text              ro code     0x2'3908     0xd1a  xprintflarge_nomb.o [29]
  .text              ro code     0x2'4622      0x14  isspace.o [29]
  .text              ro code     0x2'4636      0x14  isalpha.o [29]
  .text              ro code     0x2'464c      0x4c  xlocale_c.o [29]
  .text              ro code     0x2'4698     0x358  strto64.o [30]
  .text              ro code     0x2'49f0     0x13a  ldexp.o [30]
  .text              ro code     0x2'4b2c     0x1b2  iar_Stoullx.o [29]
  .text              ro code     0x2'4ce0      0xa6  iar_Stollx.o [29]
  .text              ro code     0x2'4d88      0x40  xfail_s.o [29]
  .text              ro code     0x2'4dc8      0x58  memchr.o [31]
  .text              ro code     0x2'4e20       0x6  xisdst_nop64.o [29]
  .text              ro code     0x2'4e28       0x2  I64DivZer.o [31]
  .text              ro code     0x2'4e2c      0x70  frexp.o [30]
  .text              ro code     0x2'4e9c      0x22  DblToU32.o [30]
  .text              ro code     0x2'4ebe     0x122  iar_Stopfx.o [29]
  .text              ro code     0x2'4fe0     0x1b8  iar_Stoflt.o [29]
  .text              ro code     0x2'5198      0x22  S32ToDbl.o [30]
  .text              ro code     0x2'51bc     0x208  iar_Stoxflt.o [29]
  .text              ro code     0x2'53c4      0x14  tolower.o [29]
  .text              ro code     0x2'53d8       0x6  abort.o [29]
  .text              ro code     0x2'53e0      0x14  exit.o [32]
  .text              ro code     0x2'53f4    0x207c  Display.o [11]
  .text              ro code     0x2'7470      0x22  math_wrappers64.o [30]
  .text              ro code     0x2'7494     0xc9c  OLED.o [11]
  .text              ro code     0x2'8130      0xbc  atan64.o [30]
  .text              ro code     0x2'81ec     0x68c  pow64.o [30]
  .text              ro code     0x2'8878     0x928  drv_IIC.o [22]
  .text              ro code     0x2'91a0      0x34  DblCmpGe.o [30]
  .text              ro code     0x2'91d4     0x1c8  iar_Atan64.o [30]
  .text              ro code     0x2'939c      0x20  DblCmpEq.o [30]
  .text              ro code     0x2'93bc      0x34  DblCmpLe.o [30]
  .text              ro code     0x2'93f0      0x36  DblToS32.o [30]
  .text              ro code     0x2'9428     0x32c  iar_Exp64.o [30]
  .text              ro code     0x2'9754     0xaa0  hc32f460_i2c.o [20]
  .text              ro code     0x2'a1f4     0xaa0  drv_Timer.o [26]
  .text              ro code     0x2'ac94     0x9d0  hc32f460_timer4_oco.o [20]
  .text              ro code     0x2'b664     0x368  hc32f460_timer4_cnt.o [20]
  .rodata            const       0x2'b9cc     0x780  Font.o [11]
  .text              ro code     0x2'c14c     0x644  drv_LKT4202.o [4]
  .text              ro code     0x2'c790     0x62c  main.o [28]
  .text              ro code     0x2'cdbc      0x90  hc32f460_efm.o [20]
  .text              ro code     0x2'ce4c     0x188  hc32f460_sram.o [20]
  .text              ro code     0x2'cfd4      0x4c  WatchDog.o [18]
  .text              ro code     0x2'd020      0xdc  drv_SPI.o [25]
  .text              ro code     0x2'd0fc     0x19c  RXNTTL518.o [14]
  .text              ro code     0x2'd298      0x10  MQTT_SK.o [7]
  .text              ro code     0x2'd2a8      0x54  drv_OTS_Temperature.o [23]
  .text              ro code     0x2'd2fc     0x2da  drv_SC7A20H.o [15]
  .text              ro code     0x2'd5d8     0x534  drv_ADC.o [21]
  .text              ro code     0x2'db0c     0x204  Magnetic_Bar.o [8]
  .text              ro code     0x2'dd10     0x354  Photosensitive_XYC_ALS.o [12]
  .text              ro code     0x2'e064      0x4e  LC86L_BD.o [3]
  .text              ro code     0x2'e0b4      0x66  RF_NFC.o [13]
  .text              ro code     0x2'e11c      0x8c  hc32f460_ots.o [20]
  .text              ro code     0x2'e1a8     0x102  sqrt.o [30]
  .text              ro code     0x2'e2ac     0x478  hc32f460_adc.o [20]
  .rodata            const       0x2'e724     0x5a0  Font.o [11]
  .rodata            const       0x2'ecc4     0x4c8  Font.o [11]
  .rodata            const       0x2'f18c      0x54  hc32f460_exint_nmi_swi.o [20]
  .rodata            const       0x2'f1e0     0x420  pow64.o [30]
  .rodata            const       0x2'f600     0x410  ModbusRTU_Device_BT.o [10]
  .rodata            const       0x2'fa10     0x400  Font.o [11]
  .rodata            const       0x2'fe10     0x200  ModbusRTU.o [10]
  .rodata            const       0x3'0010     0x200  RXNTTL518.o [14]
  .rodata            const       0x3'0210     0x100  ModbusRTU.o [10]
  .rodata            const       0x3'0310     0x100  ModbusRTU.o [10]
  .text              ro code     0x3'0410      0xa2  packbits_init.o [31]
  .rodata            const       0x3'04b4      0x50  hc32f460_interrupts.o [20]
  .rodata            const       0x3'0504      0x50  hc32f460_timer4_cnt.o [20]
  .rodata            const       0x3'0554      0x50  hc32f460_timer4_oco.o [20]
  .rodata            const       0x3'05a4      0x50  iar_Stoullx.o [29]
  .rodata            const       0x3'05f4      0x4c  hc32f460_dmac.o [20]
  .rodata            const       0x3'0640      0x4c  hc32f460_gpio.o [20]
  .rodata            const       0x3'068c      0x4c  hc32f460_sram.o [20]
  .rodata            const       0x3'06d8      0x4c  hc32f460_timer0.o [20]
  .rodata            const       0x3'0724      0x4c  hc32f460_usart.o [20]
  .rodata            const       0x3'0770      0x48  hc32f460_adc.o [20]
  .rodata            const       0x3'07b8      0x48  hc32f460_clk.o [20]
  .rodata            const       0x3'0800      0x48  hc32f460_efm.o [20]
  .rodata            const       0x3'0848      0x48  hc32f460_i2c.o [20]
  .rodata            const       0x3'0890      0x48  hc32f460_ots.o [20]
  .rodata            const       0x3'08d8      0x48  hc32f460_pwc.o [20]
  .rodata            const       0x3'0920      0x48  hc32f460_rtc.o [20]
  .rodata            const       0x3'0968      0x48  hc32f460_spi.o [20]
  .rodata            const       0x3'09b0      0x48  strto64.o [30]
  .text              ro code     0x3'0a00      0x44  startup_hc32f460.o [19]
  .rodata            const       0x3'0a44      0x24  xscanffull_nomb.o [29]
  .rodata            const       0x3'0a68      0x40  iar_Atan64.o [30]
  .text              ro code     0x3'0aa8      0x38  zero_init3.o [31]
  .rodata            const       0x3'0ae0      0x28  xscanffull_nomb.o [29]
  .text              ro code     0x3'0b08      0x28  data_init.o [31]
  .text              ro code     0x3'0b30      0x22  fpinit_M.o [30]
  .iar.init_table    const       0x3'0b54      0x34  - Linker created -
  .rodata            const       0x3'0b88      0x20  drv_LKT4202.o [4]
  .rodata            const       0x3'0ba8      0x20  drv_LKT4202.o [4]
  .rodata            const       0x3'0bc8      0x20  drv_RTC.o [24]
  .text              ro code     0x3'0be8      0x1e  cmain.o [31]
  .text              ro code     0x3'0c06       0x4  low_level_init.o [29]
  .text              ro code     0x3'0c0a       0x4  exit.o [29]
  .text              ro code     0x3'0c10       0xa  cexit.o [31]
  .text              ro code     0x3'0c1c      0x1c  cstartup_M.o [31]
  .rodata            const       0x3'0c38      0x14  BT_TB05.o [2]
  .rodata            const       0x3'0c4c      0x14  ModbusRTU.o [10]
  .rodata            const       0x3'0c60      0x10  hc32f460_usart.o [20]
  .rodata            const       0x3'0c70      0x10  main.o [28]
  .rodata            const       0x3'0c80      0x10  ModbusRTU.o [10]
  .rodata            const       0x3'0c90       0xc  BT_TB05.o [2]
  .rodata            const       0x3'0c9c       0xc  BT_TB05.o [2]
  .rodata            const       0x3'0ca8       0xc  drv_LKT4202.o [4]
  .rodata            const       0x3'0cb4       0xc  drv_LKT4202.o [4]
  .rodata            const       0x3'0cc0       0xc  drv_USART.o [27]
  .rodata            const       0x3'0ccc       0xc  drv_USART.o [27]
  .rodata            const       0x3'0cd8       0xc  drv_USART.o [27]
  .rodata            const       0x3'0ce4       0xc  ModbusRTU.o [10]
  .rodata            const       0x3'0cf0       0xc  ModbusRTU.o [10]
  .rodata            const       0x3'0cfc       0x8  BT_TB05.o [2]
  .rodata            const       0x3'0d04       0x8  Display.o [11]
  .rodata            const       0x3'0d0c       0x8  drv_LKT4202.o [4]
  .rodata            const       0x3'0d14       0x8  drv_LKT4202.o [4]
  .rodata            const       0x3'0d1c       0x8  drv_SC7A20H.o [15]
  .rodata            const       0x3'0d24       0x4  drv_RTC.o [24]
  .text              ro code     0x3'0d28       0x4  startup_hc32f460.o [19]
  .text              ro code     0x3'0d2c       0x4  startup_hc32f460.o [19]
  .text              ro code     0x3'0d30       0x4  startup_hc32f460.o [19]
  .text              ro code     0x3'0d34       0x4  startup_hc32f460.o [19]
  .text              ro code     0x3'0d38       0x4  startup_hc32f460.o [19]
  .text              ro code     0x3'0d3c       0x4  startup_hc32f460.o [19]
  .text              ro code     0x3'0d40       0x4  startup_hc32f460.o [19]
  .text              ro code     0x3'0d44       0x4  startup_hc32f460.o [19]
  .text              ro code     0x3'0d48       0x4  startup_hc32f460.o [19]
  .text              ro code     0x3'0d4c       0x4  startup_hc32f460.o [19]
  .text              ro code     0x3'0d50       0x4  startup_hc32f460.o [19]
  .text              ro code     0x3'0d54       0x4  startup_hc32f460.o [19]
  .text              ro code     0x3'0d58       0x4  startup_hc32f460.o [19]
  .text              ro code     0x3'0d5c       0x4  startup_hc32f460.o [19]
  .text              ro code     0x3'0d60       0x4  startup_hc32f460.o [19]
  .text              ro code     0x3'0d64       0x4  startup_hc32f460.o [19]
  .rodata            const       0x3'0d68       0x0  zero_init3.o [31]
  .rodata            const       0x3'0d68       0x0  packbits_init.o [31]
  Initializer bytes  const       0x3'0d68     0x130  <for P2 s0>
                               - 0x3'0e98  0x1'cc18

"P2", part 1 of 4:                            0x347
  P2 s0                       0x1fff'8000     0x347  <Init block>
    .data            inited   0x1fff'8000     0x1b0  User_Data.o [17]
    .data            inited   0x1fff'81b0      0x80  ModbusRTU_Device_BT.o [10]
    .data            inited   0x1fff'8230      0x48  xlocale_c.o [29]
    .data            inited   0x1fff'8278      0x38  xlocale_c.o [29]
    .data            inited   0x1fff'82b0      0x24  BT_TB05.o [2]
    .data            inited   0x1fff'82d4      0x24  BT_TB05.o [2]
    .data            inited   0x1fff'82f8      0x20  BT_TB05.o [2]
    .data            inited   0x1fff'8318      0x14  BT_TB05.o [2]
    .data            inited   0x1fff'832c       0x8  BT_TB05.o [2]
    .data            inited   0x1fff'8334       0x4  BT_TB05.o [2]
    .data            inited   0x1fff'8338       0x4  system_hc32f460.o [19]
    .data            inited   0x1fff'833c       0x4  system_hc32f460.o [19]
    .data            inited   0x1fff'8340       0x1  drv_IIC.o [22]
    .data            inited   0x1fff'8341       0x1  drv_IIC.o [22]
    .data            inited   0x1fff'8342       0x1  drv_IIC.o [22]
    .data            inited   0x1fff'8343       0x1  drv_IIC.o [22]
    .data            inited   0x1fff'8344       0x1  hc32f460_pwc.o [20]
    .data            inited   0x1fff'8345       0x1  ModbusRTU.o [10]
    .data            inited   0x1fff'8346       0x1  ModbusRTU.o [10]
                            - 0x1fff'8347     0x347

"P2", part 2 of 4:                           0x1778
  .bss               zero     0x1fff'8348    0x1000  drv_Storage_W25Q128.o [16]
  .bss               zero     0x1fff'9348     0x400  User_Data.o [17]
  .bss               zero     0x1fff'9748     0x200  hc32f460_interrupts.o [20]
  .bss               zero     0x1fff'9948      0x64  User_Data.o [17]
  .bss               zero     0x1fff'99ac      0x2c  User_Data.o [17]
  .bss               zero     0x1fff'99d8      0x2c  xttotm64.o [29]
  .bss               zero     0x1fff'9a04      0x24  drv_ADC.o [21]
  .bss               zero     0x1fff'9a28      0x14  drv_ADC.o [21]
  .bss               zero     0x1fff'9a3c       0x8  main.o [28]
  .bss               zero     0x1fff'9a44       0x4  BT_TB05.o [2]
  .bss               zero     0x1fff'9a48       0x4  drv_RTC.o [24]
  .bss               zero     0x1fff'9a4c       0x4  drv_SC7A20H.o [15]
  .bss               zero     0x1fff'9a50       0x4  drv_Storage_W25Q128.o [16]
  .bss               zero     0x1fff'9a54       0x4  drv_Timer.o [26]
  .bss               zero     0x1fff'9a58       0x4  drv_USART.o [27]
  .bss               zero     0x1fff'9a5c       0x4  hc32f460_exint_nmi_swi.o [20]
  .bss               zero     0x1fff'9a60       0x4  hc32f460_ots.o [20]
  .bss               zero     0x1fff'9a64       0x4  hc32f460_ots.o [20]
  .bss               zero     0x1fff'9a68       0x4  LC86L_BD.o [3]
  .bss               zero     0x1fff'9a6c       0x4  Lora_TP1109.o [6]
  .bss               zero     0x1fff'9a70       0x4  Magnetic_Bar.o [8]
  .bss               zero     0x1fff'9a74       0x4  main.o [28]
  .bss               zero     0x1fff'9a78       0x4  Mainloop.o [9]
  .bss               zero     0x1fff'9a7c       0x4  ModbusRTU.o [10]
  .bss               zero     0x1fff'9a80       0x4  ModbusRTU_Device_BT.o [10]
  .bss               zero     0x1fff'9a84       0x4  ModbusRTU_Device_BT.o [10]
  .bss               zero     0x1fff'9a88       0x4  MQTT_SK.o [7]
  .bss               zero     0x1fff'9a8c       0x4  OLED.o [11]
  .bss               zero     0x1fff'9a90       0x4  Photosensitive_XYC_ALS.o [12]
  .bss               zero     0x1fff'9a94       0x4  RXNTTL518.o [14]
  .bss               zero     0x1fff'9a98       0x4  xfail_s.o [29]
  .bss               zero     0x1fff'9a9c       0x2  BT_TB05.o [2]
  .bss               zero     0x1fff'9a9e       0x2  drv_Timer.o [26]
  .bss               zero     0x1fff'9aa0       0x2  ModbusRTU_Device_BT.o [10]
  .bss               zero     0x1fff'9aa2       0x2  ModbusRTU_Device_BT.o [10]
  .bss               zero     0x1fff'9aa4       0x1  BT_TB05.o [2]
  .bss               zero     0x1fff'9aa5       0x1  drv_IIC.o [22]
  .bss               zero     0x1fff'9aa6       0x1  drv_RTC.o [24]
  .bss               zero     0x1fff'9aa7       0x1  drv_Timer.o [26]
  .bss               zero     0x1fff'9aa8       0x1  drv_Timer.o [26]
  .bss               zero     0x1fff'9aa9       0x1  drv_Timer.o [26]
  .bss               zero     0x1fff'9aaa       0x1  drv_Timer.o [26]
  .bss               zero     0x1fff'9aab       0x1  drv_Timer.o [26]
  .bss               zero     0x1fff'9aac       0x1  drv_Timer.o [26]
  .bss               zero     0x1fff'9aad       0x1  drv_Timer.o [26]
  .bss               zero     0x1fff'9aae       0x1  drv_Timer.o [26]
  .bss               zero     0x1fff'9aaf       0x1  drv_Timer.o [26]
  .bss               zero     0x1fff'9ab0       0x1  drv_Timer.o [26]
  .bss               zero     0x1fff'9ab1       0x1  drv_Timer.o [26]
  .bss               zero     0x1fff'9ab2       0x1  drv_Timer.o [26]
  .bss               zero     0x1fff'9ab3       0x1  hc32f460_dmac.o [20]
  .bss               zero     0x1fff'9ab4       0x1  hc32f460_pwc.o [20]
  .bss               zero     0x1fff'9ab5       0x1  hc32f460_pwc.o [20]
  .bss               zero     0x1fff'9ab6       0x1  hc32f460_pwc.o [20]
  .bss               zero     0x1fff'9ab7       0x1  hc32f460_pwc.o [20]
  .bss               zero     0x1fff'9ab8       0x1  main.o [28]
  .bss               zero     0x1fff'9ab9       0x1  ModbusRTU.o [10]
  .bss               zero     0x1fff'9aba       0x1  ModbusRTU_Device_BT.o [10]
  .bss               zero     0x1fff'9abb       0x1  ModbusRTU_Device_BT.o [10]
  .bss               zero     0x1fff'9abc       0x1  ModbusRTU_Device_BT.o [10]
  .bss               zero     0x1fff'9abd       0x1  User_Data.o [17]
  .bss               zero     0x1fff'9abe       0x1  User_Data.o [17]
  .bss               zero     0x1fff'9abf       0x1  User_Data.o [17]
                            - 0x1fff'9ac0    0x1778

"P2", part 3 of 4:                           0x2000
  CSTACK                      0x1fff'9ac0    0x2000  <Block>
    CSTACK           uninit   0x1fff'9ac0    0x2000  <Block tail>
                            - 0x1fff'bac0    0x2000

"P2", part 4 of 4:                           0xff10
  .bss               zero     0x2001'0000    0xff10  User_Data.o [17]
                            - 0x2001'ff10    0xff10

Unused ranges:

         From           To      Size
         ----           --      ----
     0x3'0e98     0x7'ffff  0x4'f168
   0x300'0c00   0x300'0ffb     0x3fc
  0x1fff'8347  0x1fff'8347       0x1
  0x1fff'bac0  0x1fff'ffff    0x4540
  0x2000'0000  0x2000'ffff  0x1'0000
  0x2001'ff10  0x2001'ffff      0xf0
  0x2002'0000  0x2002'6fff    0x7000
  0x200f'0000  0x200f'0fff    0x1000


*******************************************************************************
*** INIT TABLE
***

          Address      Size
          -------      ----
Zero (__iar_zero_init3)
    2 destination ranges, total size 0x1'1688:
          0x1fff'8348  0x1778
          0x2001'0000  0xff10

Copy/packbits (__iar_packbits_init3)
    1 source range, total size 0x130 (36% of destination):
             0x3'0d68   0x130
    1 destination range, total size 0x347:
          0x1fff'8000   0x347



*******************************************************************************
*** MODULE SUMMARY
***

    Module                    ro code  ro data  rw data  ro data
                                                          (abs)
    ------                    -------  -------  -------  -------
command line/config:
    ------------------------------------------------------------
    Total:

D:\Myself\WorkProcess\SK\HC32F460_WorkProcess\example\Source\Pipe_Monitor\Pipe_Monitor_App\EWARM\output\debug\Obj\4G_EC200U_8582873453978518366.dir: [1]
    ------------------------------------------------------------
    Total:

D:\Myself\WorkProcess\SK\HC32F460_WorkProcess\example\Source\Pipe_Monitor\Pipe_Monitor_App\EWARM\output\debug\Obj\BT_TB05_12041724360499981866.dir: [2]
    BT_TB05.o                     824      101      143
    ------------------------------------------------------------
    Total:                        824      101      143

D:\Myself\WorkProcess\SK\HC32F460_WorkProcess\example\Source\Pipe_Monitor\Pipe_Monitor_App\EWARM\output\debug\Obj\LC86L_BD_9822625824417385734.dir: [3]
    LC86L_BD.o                     78                 4
    ------------------------------------------------------------
    Total:                         78                 4

D:\Myself\WorkProcess\SK\HC32F460_WorkProcess\example\Source\Pipe_Monitor\Pipe_Monitor_App\EWARM\output\debug\Obj\LKT4202_1925765440156868983.dir: [4]
    drv_LKT4202.o               1'604      116
    ------------------------------------------------------------
    Total:                      1'604      116

D:\Myself\WorkProcess\SK\HC32F460_WorkProcess\example\Source\Pipe_Monitor\Pipe_Monitor_App\EWARM\output\debug\Obj\LoRa_RA02_5139138412578801246.dir: [5]
    ------------------------------------------------------------
    Total:

D:\Myself\WorkProcess\SK\HC32F460_WorkProcess\example\Source\Pipe_Monitor\Pipe_Monitor_App\EWARM\output\debug\Obj\Lora_TP1109_151720617378073083.dir: [6]
    Lora_TP1109.o                 438                 4
    ------------------------------------------------------------
    Total:                        438                 4

D:\Myself\WorkProcess\SK\HC32F460_WorkProcess\example\Source\Pipe_Monitor\Pipe_Monitor_App\EWARM\output\debug\Obj\MQTT_SK_4724149239023757000.dir: [7]
    MQTT_SK.o                      16                 4
    ------------------------------------------------------------
    Total:                         16                 4

D:\Myself\WorkProcess\SK\HC32F460_WorkProcess\example\Source\Pipe_Monitor\Pipe_Monitor_App\EWARM\output\debug\Obj\Magnetic_Bar_17520218520042908049.dir: [8]
    Magnetic_Bar.o                516                 4
    ------------------------------------------------------------
    Total:                        516                 4

D:\Myself\WorkProcess\SK\HC32F460_WorkProcess\example\Source\Pipe_Monitor\Pipe_Monitor_App\EWARM\output\debug\Obj\Mainloop_18272944273632151421.dir: [9]
    Mainloop.o                    436                 4
    ------------------------------------------------------------
    Total:                        436                 4

D:\Myself\WorkProcess\SK\HC32F460_WorkProcess\example\Source\Pipe_Monitor\Pipe_Monitor_App\EWARM\output\debug\Obj\ModbusRTU_17682219295068567368.dir: [10]
    ModbusRTU.o                10'520    1'085        7
    ModbusRTU_Device_BT.o       8'252    1'086      143
    ------------------------------------------------------------
    Total:                     18'772    2'171      150

D:\Myself\WorkProcess\SK\HC32F460_WorkProcess\example\Source\Pipe_Monitor\Pipe_Monitor_App\EWARM\output\debug\Obj\OLED_13473777563621607307.dir: [11]
    Display.o                   8'316        8
    Font.o                               5'608
    OLED.o                      3'228                 4
    ------------------------------------------------------------
    Total:                     11'544    5'616        4

D:\Myself\WorkProcess\SK\HC32F460_WorkProcess\example\Source\Pipe_Monitor\Pipe_Monitor_App\EWARM\output\debug\Obj\Photosensitive_XYC_ALS_28064708180949255.dir: [12]
    Photosensitive_XYC_ALS.o      852                 4
    ------------------------------------------------------------
    Total:                        852                 4

D:\Myself\WorkProcess\SK\HC32F460_WorkProcess\example\Source\Pipe_Monitor\Pipe_Monitor_App\EWARM\output\debug\Obj\RF_NFC_10628150809568064830.dir: [13]
    RF_NFC.o                      102
    ------------------------------------------------------------
    Total:                        102

D:\Myself\WorkProcess\SK\HC32F460_WorkProcess\example\Source\Pipe_Monitor\Pipe_Monitor_App\EWARM\output\debug\Obj\RXNTTL518_17808510930951076202.dir: [14]
    RXNTTL518.o                   412      512        4
    ------------------------------------------------------------
    Total:                        412      512        4

D:\Myself\WorkProcess\SK\HC32F460_WorkProcess\example\Source\Pipe_Monitor\Pipe_Monitor_App\EWARM\output\debug\Obj\SC7A20H_13085057635104233901.dir: [15]
    drv_SC7A20H.o                 730        8        4
    ------------------------------------------------------------
    Total:                        730        8        4

D:\Myself\WorkProcess\SK\HC32F460_WorkProcess\example\Source\Pipe_Monitor\Pipe_Monitor_App\EWARM\output\debug\Obj\Storage_W25Q128_4738127093883701884.dir: [16]
    drv_Storage_W25Q128.o       7'708             4'100
    ------------------------------------------------------------
    Total:                      7'708             4'100

D:\Myself\WorkProcess\SK\HC32F460_WorkProcess\example\Source\Pipe_Monitor\Pipe_Monitor_App\EWARM\output\debug\Obj\User_Data_5391006662705040797.dir: [17]
    User_Data.o                   140      156   66'899
    ------------------------------------------------------------
    Total:                        140      156   66'899

D:\Myself\WorkProcess\SK\HC32F460_WorkProcess\example\Source\Pipe_Monitor\Pipe_Monitor_App\EWARM\output\debug\Obj\WatchDog_9188475617120297074.dir: [18]
    WatchDog.o                     76
    ------------------------------------------------------------
    Total:                         76

D:\Myself\WorkProcess\SK\HC32F460_WorkProcess\example\Source\Pipe_Monitor\Pipe_Monitor_App\EWARM\output\debug\Obj\common_14919461937644757070.dir: [19]
    startup_hc32f460.o            772
    system_hc32f460.o             272        3        8
    ------------------------------------------------------------
    Total:                      1'044        3        8

D:\Myself\WorkProcess\SK\HC32F460_WorkProcess\example\Source\Pipe_Monitor\Pipe_Monitor_App\EWARM\output\debug\Obj\driver_11944700488488147666.dir: [20]
    hc32f460_adc.o              1'144       72
    hc32f460_clk.o              4'092       72
    hc32f460_dmac.o             2'752       76        1
    hc32f460_efm.o                144       72
    hc32f460_exint_nmi_swi.o      380       84        4
    hc32f460_gpio.o             1'240       76
    hc32f460_i2c.o              2'720       72
    hc32f460_icg.o                                            32
    hc32f460_interrupts.o       2'880       80      512
    hc32f460_ots.o                140       72        8
    hc32f460_pwc.o              1'228       73        5
    hc32f460_rtc.o              1'080       72
    hc32f460_spi.o              1'972       72
    hc32f460_sram.o               392       76
    hc32f460_timer0.o           2'356       76
    hc32f460_timer4_cnt.o         872       80
    hc32f460_timer4_oco.o       2'512       80
    hc32f460_usart.o            2'632       92
    hc32f460_utility.o            110
    ------------------------------------------------------------
    Total:                     28'646    1'297      530       32

D:\Myself\WorkProcess\SK\HC32F460_WorkProcess\example\Source\Pipe_Monitor\Pipe_Monitor_App\EWARM\output\debug\Obj\drv_ADC_15186207816091091275.dir: [21]
    drv_ADC.o                   1'332                56
    ------------------------------------------------------------
    Total:                      1'332                56

D:\Myself\WorkProcess\SK\HC32F460_WorkProcess\example\Source\Pipe_Monitor\Pipe_Monitor_App\EWARM\output\debug\Obj\drv_IIC_18060258103304213159.dir: [22]
    drv_IIC.o                   2'344        1        5
    ------------------------------------------------------------
    Total:                      2'344        1        5

D:\Myself\WorkProcess\SK\HC32F460_WorkProcess\example\Source\Pipe_Monitor\Pipe_Monitor_App\EWARM\output\debug\Obj\drv_OTS_Temperature_13039655784802445445.dir: [23]
    drv_OTS_Temperature.o          84
    ------------------------------------------------------------
    Total:                         84

D:\Myself\WorkProcess\SK\HC32F460_WorkProcess\example\Source\Pipe_Monitor\Pipe_Monitor_App\EWARM\output\debug\Obj\drv_RTC_2577979922006117733.dir: [24]
    drv_RTC.o                   1'512       36        5
    ------------------------------------------------------------
    Total:                      1'512       36        5

D:\Myself\WorkProcess\SK\HC32F460_WorkProcess\example\Source\Pipe_Monitor\Pipe_Monitor_App\EWARM\output\debug\Obj\drv_SPI_4333388098947449637.dir: [25]
    drv_SPI.o                     220
    ------------------------------------------------------------
    Total:                        220

D:\Myself\WorkProcess\SK\HC32F460_WorkProcess\example\Source\Pipe_Monitor\Pipe_Monitor_App\EWARM\output\debug\Obj\drv_Timer_6973001687617930806.dir: [26]
    drv_Timer.o                 2'720                18
    ------------------------------------------------------------
    Total:                      2'720                18

D:\Myself\WorkProcess\SK\HC32F460_WorkProcess\example\Source\Pipe_Monitor\Pipe_Monitor_App\EWARM\output\debug\Obj\drv_USART_14144334009435087269.dir: [27]
    drv_USART.o                 4'812       36        4
    ------------------------------------------------------------
    Total:                      4'812       36        4

D:\Myself\WorkProcess\SK\HC32F460_WorkProcess\example\Source\Pipe_Monitor\Pipe_Monitor_App\EWARM\output\debug\Obj\source_5634686896477721948.dir: [28]
    main.o                      1'580       16       13
    ------------------------------------------------------------
    Total:                      1'580       16       13

dl7M_tlf.a: [29]
    abort.o                         6
    exit.o                          4
    iar_Stoflt.o                  440
    iar_Stollx.o                  166
    iar_Stopfx.o                  290
    iar_Stoullx.o                 434       80
    iar_Stoxflt.o                 520
    isalpha.o                      20
    isspace.o                      20
    low_level_init.o                4
    mktime64.o                    224
    sprintf.o                      64
    sscanf.o                       40
    strcat.o                       30
    strstr.o                       44
    tolower.o                      20
    xDaysTo64.o                   204
    xTzoff_nop.o                    4
    xfail_s.o                      64                 4
    xisdst_nop64.o                  6
    xlocale_c.o                    76       52      128
    xprintflarge_nomb.o         3'354
    xscanffull_nomb.o           3'452       76
    xsprout.o                      10
    xsscin.o                       30
    xttotm64.o                    348                44
    ------------------------------------------------------------
    Total:                      9'874      208      176

m7M_tls.a: [30]
    DblAddSub.o                   606
    DblCmpEq.o                     32
    DblCmpGe.o                     52
    DblCmpLe.o                     52
    DblDiv.o                      582
    DblMul.o                      426
    DblToFlt.o                    104
    DblToS32.o                     54
    DblToU32.o                     34
    FltToDbl.o                     72
    S32ToDbl.o                     34
    U32ToDbl.o                     28
    U64ToDbl.o                     70
    atan64.o                      188
    fpinit_M.o                     34
    frexp.o                       112
    iar_Atan64.o                  456       64
    iar_Exp64.o                   812
    ldexp.o                       314
    math_wrappers64.o              34
    pow64.o                     1'676    1'056
    sqrt.o                        258
    strto64.o                     856       72
    ------------------------------------------------------------
    Total:                      6'886    1'192

rt7M_tl.a: [31]
    ABImemcpy.o                   166
    ABImemset.o                   102
    I64DivMod.o                   628
    I64DivZer.o                     2
    cexit.o                        10
    cmain.o                        30
    cstartup_M.o                   28
    data_init.o                    40
    memchr.o                       88
    memcmp.o                      104
    packbits_init.o               162
    strchr.o                       22
    strcmp.o                       18
    strcpy.o                       24
    strlen.o                       54
    zero_init3.o                   56
    ------------------------------------------------------------
    Total:                      1'534

shb_l.a: [32]
    exit.o                         20
    ------------------------------------------------------------
    Total:                         20

    Gaps                           43        4
    Linker created                          52    8'192
----------------------------------------------------------------
    Grand Total:              106'899   11'525   80'335       32


*******************************************************************************
*** ENTRY LIST
***

Entry                       Address    Size  Type      Object
-----                       -------    ----  ----      ------
.iar.init_table$$Base      0x3'0b54           --   Gb  - Linker created -
.iar.init_table$$Limit     0x3'0b88           --   Gb  - Linker created -
?main                      0x3'0be9          Code  Gb  cmain.o [31]
ADC_AddAdcChannel          0x2'e3c1    0xbe  Code  Gb  hc32f460_adc.o [20]
ADC_AddAvgChannel          0x2'e4f1    0x66  Code  Gb  hc32f460_adc.o [20]
ADC_ConfigAvg              0x2'e489    0x64  Code  Gb  hc32f460_adc.o [20]
ADC_GetChData              0x2'e64d    0x98  Code  Gb  hc32f460_adc.o [20]
ADC_Init                   0x2'e2ad   0x114  Code  Gb  hc32f460_adc.o [20]
ADC_PollingSa              0x2'e557    0xf6  Code  Gb  hc32f460_adc.o [20]
ADC_ReadAllData            0x2'e6f9    0x2c  Code  Lc  hc32f460_adc.o [20]
AdcChannelConfig           0x2'd6ad    0x74  Code  Lc  drv_ADC.o [21]
AdcClockConfig             0x2'd5d9    0x78  Code  Lc  drv_ADC.o [21]
AdcInitConfig              0x2'd651    0x5c  Code  Lc  drv_ADC.o [21]
AsyncDelay                 0x1'e175    0x76  Code  Lc  hc32f460_timer0.o [20]
BusFault_Handler           0x1'd6a9     0x8  Code  Gb  hc32f460_interrupts.o [20]
CLK_ClearFcmFlag           0x1'fcf9    0x5c  Code  Gb  hc32f460_clk.o [20]
CLK_FcmCmd                 0x1'fc4f    0x28  Code  Gb  hc32f460_clk.o [20]
CLK_FcmConfig              0x1'f99d   0x2b2  Code  Gb  hc32f460_clk.o [20]
CLK_GetClockFreq           0x1'f755   0x116  Code  Gb  hc32f460_clk.o [20]
CLK_GetFcmCounter          0x1'fc77     0x8  Code  Gb  hc32f460_clk.o [20]
CLK_GetFcmFlag             0x1'fc91    0x62  Code  Gb  hc32f460_clk.o [20]
CLK_GetFlagStatus          0x1'f8ed    0x8a  Code  Gb  hc32f460_clk.o [20]
CLK_LrcCmd                 0x1'efc7    0x98  Code  Gb  hc32f460_clk.o [20]
CLK_MpllCmd                0x1'f20b    0xb0  Code  Gb  hc32f460_clk.o [20]
CLK_MpllConfig             0x1'f0af   0x15c  Code  Gb  hc32f460_clk.o [20]
CLK_SetPeriClkSource       0x1'f879    0x58  Code  Gb  hc32f460_clk.o [20]
CLK_SetPllSource           0x1'f05f    0x50  Code  Gb  hc32f460_clk.o [20]
CLK_SetSysClkSource        0x1'f4ad   0x104  Code  Gb  hc32f460_clk.o [20]
CLK_SysClkConfig           0x1'f5c5   0x188  Code  Gb  hc32f460_clk.o [20]
CLK_UpllCmd                0x1'f409    0xa4  Code  Gb  hc32f460_clk.o [20]
CLK_UpllConfig             0x1'f2bb   0x14e  Code  Gb  hc32f460_clk.o [20]
CLK_Xtal32Cmd              0x1'ef2f    0x98  Code  Gb  hc32f460_clk.o [20]
CLK_Xtal32Config           0x1'eedf    0x50  Code  Gb  hc32f460_clk.o [20]
CLK_XtalCmd                0x1'edeb    0xf4  Code  Gb  hc32f460_clk.o [20]
CLK_XtalConfig             0x1'ed91    0x5a  Code  Gb  hc32f460_clk.o [20]
CSTACK$$Base            0x1fff'9ac0           --   Gb  - Linker created -
CSTACK$$Limit           0x1fff'bac0           --   Gb  - Linker created -
Clock_MeasureConfig        0x1'ad39    0xcc  Code  Lc  drv_RTC.o [24]
Crc16                      0x1'42c1    0x38  Code  Gb  ModbusRTU.o [10]
DMA_ChannelCfg             0x1'cc1d   0x2ce  Code  Gb  hc32f460_dmac.o [20]
DMA_ChannelCmd             0x1'c789   0x252  Code  Gb  hc32f460_dmac.o [20]
DMA_ClearIrqFlag           0x1'c68f    0xfa  Code  Gb  hc32f460_dmac.o [20]
DMA_Cmd                    0x1'c641    0x4e  Code  Gb  hc32f460_dmac.o [20]
DMA_GetTransferCnt         0x1'cb51    0x60  Code  Gb  hc32f460_dmac.o [20]
DMA_InitChannel            0x1'ceeb   0x202  Code  Gb  hc32f460_dmac.o [20]
DMA_SetDesAddress          0x1'c9e9    0xa0  Code  Gb  hc32f460_dmac.o [20]
DMA_SetTransferCnt         0x1'ca89    0xc8  Code  Gb  hc32f460_dmac.o [20]
DMA_SetTriggerSrc          0x1'cbc1    0x56  Code  Gb  hc32f460_dmac.o [20]
Ddl_AssertHandler          0x1'b275     0x2  Code  Wk  hc32f460_utility.o [20]
Ddl_Delay1ms               0x1'904d    0x28  Code  Gb  hc32f460_utility.o [20]
Ddl_Delay1us               0x1'9075    0x38  Code  Gb  hc32f460_utility.o [20]
DebugMon_Handler           0x1'd6c1     0x8  Code  Gb  hc32f460_interrupts.o [20]
Dma1Btc0IrqCallback        0x1'9151    0x1c  Code  Lc  drv_USART.o [27]
Dma1Btc1IrqCallback        0x1'916d    0x1c  Code  Lc  drv_USART.o [27]
Dma1Btc2IrqCallback        0x1'9189    0x1c  Code  Lc  drv_USART.o [27]
Dma1Btc3IrqCallback        0x1'91a5    0x1c  Code  Lc  drv_USART.o [27]
Dma1Init                   0x1'91c1   0x200  Code  Lc  drv_USART.o [27]
DmaChEnState            0x1fff'9ab3     0x1  Data  Lc  hc32f460_dmac.o [20]
Dtentox                    0x2'4699   0x1d8  Code  Lc  strto64.o [30]
EFM_Lock                   0x2'cdcf    0x14  Code  Gb  hc32f460_efm.o [20]
EFM_SetLatency             0x2'cde3    0x5c  Code  Gb  hc32f460_efm.o [20]
EFM_Unlock                 0x2'cdbd    0x12  Code  Gb  hc32f460_efm.o [20]
EPSINON                    0x3'0d24     0x4  Data  Lc  drv_RTC.o [24]
EXINT_Init                 0x2'1731    0xa0  Code  Gb  hc32f460_exint_nmi_swi.o [20]
EXINT_IrqFlgClr            0x2'186b    0x12  Code  Gb  hc32f460_exint_nmi_swi.o [20]
EXINT_IrqFlgGet            0x2'17d1    0x9a  Code  Gb  hc32f460_exint_nmi_swi.o [20]
ExtInt01_Callback          0x2'dd79    0xa6  Code  Gb  Photosensitive_XYC_ALS.o [12]
ExtInt07_Callback          0x2'db75    0xbc  Code  Gb  Magnetic_Bar.o [8]
ExtInt13_Callback          0x2'125d    0x12  Code  Gb  Lora_TP1109.o [6]
Float_reg_rw_mode          0x1'45a9    0x94  Code  Gb  ModbusRTU.o [10]
GetSystemPara              0x1'6b99     0x4  Code  Gb  User_Data.o [17]
HRC_VALUE               0x1fff'8338     0x4  Data  Gb  system_hc32f460.o [19]
HardFault_Handler          0x1'd699     0x8  Code  Gb  hc32f460_interrupts.o [20]
I2C_AckConfig              0x2'9e45    0x56  Code  Gb  hc32f460_i2c.o [20]
I2C_BaudrateConfig         0x2'988d   0x228  Code  Gb  hc32f460_i2c.o [20]
I2C_BusWaitCmd             0x2'9c33    0x6a  Code  Gb  hc32f460_i2c.o [20]
I2C_ClearStatus            0x2'9d49    0x36  Code  Gb  hc32f460_i2c.o [20]
I2C_Cmd                    0x2'9bdd    0x56  Code  Gb  hc32f460_i2c.o [20]
I2C_DeInit                 0x2'9ab5    0x40  Code  Gb  hc32f460_i2c.o [20]
I2C_GenerateReStart        0x2'97e7    0x52  Code  Gb  hc32f460_i2c.o [20]
I2C_GenerateStart          0x2'9795    0x52  Code  Gb  hc32f460_i2c.o [20]
I2C_GenerateStop           0x2'9839    0x52  Code  Gb  hc32f460_i2c.o [20]
I2C_GetStatus              0x2'9c9d    0xa0  Code  Gb  hc32f460_i2c.o [20]
I2C_Init                   0x2'9afd    0xd6  Code  Gb  hc32f460_i2c.o [20]
I2C_MasterDataReceiveAndStop
                           0x2'a0b1    0xd4  Code  Gb  hc32f460_i2c.o [20]
I2C_ReadData               0x2'9e0d    0x2e  Code  Gb  hc32f460_i2c.o [20]
I2C_Restart                0x2'9efb    0x4c  Code  Gb  hc32f460_i2c.o [20]
I2C_SoftwareResetCmd       0x2'9d7f    0x56  Code  Gb  hc32f460_i2c.o [20]
I2C_Start                  0x2'9e9b    0x60  Code  Gb  hc32f460_i2c.o [20]
I2C_Stop                   0x2'a185    0x56  Code  Gb  hc32f460_i2c.o [20]
I2C_TransAddr              0x2'9f47    0xcc  Code  Gb  hc32f460_i2c.o [20]
I2C_TransData              0x2'a013    0x9e  Code  Gb  hc32f460_i2c.o [20]
I2C_WaitStatus             0x2'9755    0x40  Code  Gb  hc32f460_i2c.o [20]
I2C_WriteData              0x2'9dd5    0x30  Code  Gb  hc32f460_i2c.o [20]
I2C_XYC_ALS_Master_Receive
                           0x2'904d    0xd4  Code  Gb  drv_IIC.o [22]
I2C_XYC_ALS_Master_Transmit
                           0x2'8fc9    0x78  Code  Gb  drv_IIC.o [22]
IRQ000_Handler             0x1'd6d9    0x12  Code  Gb  hc32f460_interrupts.o [20]
IRQ001_Handler             0x1'd6eb    0x12  Code  Gb  hc32f460_interrupts.o [20]
IRQ002_Handler             0x1'd6fd    0x12  Code  Gb  hc32f460_interrupts.o [20]
IRQ003_Handler             0x1'd70f    0x12  Code  Gb  hc32f460_interrupts.o [20]
IRQ004_Handler             0x1'd721    0x12  Code  Gb  hc32f460_interrupts.o [20]
IRQ005_Handler             0x1'd733    0x12  Code  Gb  hc32f460_interrupts.o [20]
IRQ006_Handler             0x1'd745    0x12  Code  Gb  hc32f460_interrupts.o [20]
IRQ007_Handler             0x1'd757    0x12  Code  Gb  hc32f460_interrupts.o [20]
IRQ008_Handler             0x1'd769    0x12  Code  Gb  hc32f460_interrupts.o [20]
IRQ009_Handler             0x1'd77b    0x12  Code  Gb  hc32f460_interrupts.o [20]
IRQ010_Handler             0x1'd78d    0x12  Code  Gb  hc32f460_interrupts.o [20]
IRQ011_Handler             0x1'd79f    0x12  Code  Gb  hc32f460_interrupts.o [20]
IRQ012_Handler             0x1'd7b1    0x12  Code  Gb  hc32f460_interrupts.o [20]
IRQ013_Handler             0x1'd7c3    0x12  Code  Gb  hc32f460_interrupts.o [20]
IRQ014_Handler             0x1'd7d5    0x12  Code  Gb  hc32f460_interrupts.o [20]
IRQ015_Handler             0x1'd7e7    0x12  Code  Gb  hc32f460_interrupts.o [20]
IRQ016_Handler             0x1'd7f9    0x12  Code  Gb  hc32f460_interrupts.o [20]
IRQ017_Handler             0x1'd80b    0x12  Code  Gb  hc32f460_interrupts.o [20]
IRQ018_Handler             0x1'd81d    0x12  Code  Gb  hc32f460_interrupts.o [20]
IRQ019_Handler             0x1'd82f    0x12  Code  Gb  hc32f460_interrupts.o [20]
IRQ020_Handler             0x1'd841    0x12  Code  Gb  hc32f460_interrupts.o [20]
IRQ021_Handler             0x1'd853    0x12  Code  Gb  hc32f460_interrupts.o [20]
IRQ022_Handler             0x1'd865    0x12  Code  Gb  hc32f460_interrupts.o [20]
IRQ023_Handler             0x1'd877    0x12  Code  Gb  hc32f460_interrupts.o [20]
IRQ024_Handler             0x1'd889    0x12  Code  Gb  hc32f460_interrupts.o [20]
IRQ025_Handler             0x1'd89b    0x12  Code  Gb  hc32f460_interrupts.o [20]
IRQ026_Handler             0x1'd8ad    0x12  Code  Gb  hc32f460_interrupts.o [20]
IRQ027_Handler             0x1'd8bf    0x12  Code  Gb  hc32f460_interrupts.o [20]
IRQ028_Handler             0x1'd8d1    0x12  Code  Gb  hc32f460_interrupts.o [20]
IRQ029_Handler             0x1'd8e3    0x12  Code  Gb  hc32f460_interrupts.o [20]
IRQ030_Handler             0x1'd8f5    0x12  Code  Gb  hc32f460_interrupts.o [20]
IRQ031_Handler             0x1'd907    0x12  Code  Gb  hc32f460_interrupts.o [20]
IRQ032_Handler             0x1'd919    0x16  Code  Gb  hc32f460_interrupts.o [20]
IRQ033_Handler             0x1'd92f    0x16  Code  Gb  hc32f460_interrupts.o [20]
IRQ034_Handler             0x1'd945    0x16  Code  Gb  hc32f460_interrupts.o [20]
IRQ035_Handler             0x1'd95b    0x16  Code  Gb  hc32f460_interrupts.o [20]
IRQ036_Handler             0x1'd971    0x16  Code  Gb  hc32f460_interrupts.o [20]
IRQ037_Handler             0x1'd987    0x16  Code  Gb  hc32f460_interrupts.o [20]
IRQ038_Handler             0x1'd99d    0x16  Code  Gb  hc32f460_interrupts.o [20]
IRQ039_Handler             0x1'd9b3    0x16  Code  Gb  hc32f460_interrupts.o [20]
IRQ040_Handler             0x1'd9c9    0x16  Code  Gb  hc32f460_interrupts.o [20]
IRQ041_Handler             0x1'd9df    0x16  Code  Gb  hc32f460_interrupts.o [20]
IRQ042_Handler             0x1'd9f5    0x16  Code  Gb  hc32f460_interrupts.o [20]
IRQ043_Handler             0x1'da0b    0x16  Code  Gb  hc32f460_interrupts.o [20]
IRQ044_Handler             0x1'da21    0x16  Code  Gb  hc32f460_interrupts.o [20]
IRQ045_Handler             0x1'da37    0x16  Code  Gb  hc32f460_interrupts.o [20]
IRQ046_Handler             0x1'da4d    0x16  Code  Gb  hc32f460_interrupts.o [20]
IRQ047_Handler             0x1'da63    0x16  Code  Gb  hc32f460_interrupts.o [20]
IRQ048_Handler             0x1'da79    0x16  Code  Gb  hc32f460_interrupts.o [20]
IRQ049_Handler             0x1'da8f    0x16  Code  Gb  hc32f460_interrupts.o [20]
IRQ050_Handler             0x1'daa5    0x16  Code  Gb  hc32f460_interrupts.o [20]
IRQ051_Handler             0x1'dabb    0x16  Code  Gb  hc32f460_interrupts.o [20]
IRQ052_Handler             0x1'dad1    0x16  Code  Gb  hc32f460_interrupts.o [20]
IRQ053_Handler             0x1'dae7    0x16  Code  Gb  hc32f460_interrupts.o [20]
IRQ054_Handler             0x1'dafd    0x16  Code  Gb  hc32f460_interrupts.o [20]
IRQ055_Handler             0x1'db13    0x16  Code  Gb  hc32f460_interrupts.o [20]
IRQ056_Handler             0x1'db29    0x16  Code  Gb  hc32f460_interrupts.o [20]
IRQ057_Handler             0x1'db3f    0x16  Code  Gb  hc32f460_interrupts.o [20]
IRQ058_Handler             0x1'db55    0x16  Code  Gb  hc32f460_interrupts.o [20]
IRQ059_Handler             0x1'db6b    0x16  Code  Gb  hc32f460_interrupts.o [20]
IRQ060_Handler             0x1'db81    0x16  Code  Gb  hc32f460_interrupts.o [20]
IRQ061_Handler             0x1'db97    0x16  Code  Gb  hc32f460_interrupts.o [20]
IRQ062_Handler             0x1'dbad    0x16  Code  Gb  hc32f460_interrupts.o [20]
IRQ063_Handler             0x1'dbc3    0x16  Code  Gb  hc32f460_interrupts.o [20]
IRQ064_Handler             0x1'dbd9    0x16  Code  Gb  hc32f460_interrupts.o [20]
IRQ065_Handler             0x1'dbef    0x16  Code  Gb  hc32f460_interrupts.o [20]
IRQ066_Handler             0x1'dc05    0x16  Code  Gb  hc32f460_interrupts.o [20]
IRQ067_Handler             0x1'dc1b    0x16  Code  Gb  hc32f460_interrupts.o [20]
IRQ068_Handler             0x1'dc31    0x16  Code  Gb  hc32f460_interrupts.o [20]
IRQ069_Handler             0x1'dc47    0x16  Code  Gb  hc32f460_interrupts.o [20]
IRQ070_Handler             0x1'dc5d    0x16  Code  Gb  hc32f460_interrupts.o [20]
IRQ071_Handler             0x1'dc73    0x16  Code  Gb  hc32f460_interrupts.o [20]
IRQ072_Handler             0x1'dc89    0x16  Code  Gb  hc32f460_interrupts.o [20]
IRQ073_Handler             0x1'dc9f    0x16  Code  Gb  hc32f460_interrupts.o [20]
IRQ074_Handler             0x1'dcb5    0x16  Code  Gb  hc32f460_interrupts.o [20]
IRQ075_Handler             0x1'dccb    0x16  Code  Gb  hc32f460_interrupts.o [20]
IRQ076_Handler             0x1'dce1    0x16  Code  Gb  hc32f460_interrupts.o [20]
IRQ077_Handler             0x1'dcf7    0x16  Code  Gb  hc32f460_interrupts.o [20]
IRQ078_Handler             0x1'dd0d    0x14  Code  Gb  hc32f460_interrupts.o [20]
IRQ079_Handler             0x1'dd21    0x14  Code  Gb  hc32f460_interrupts.o [20]
IRQ080_Handler             0x1'dd35    0x14  Code  Gb  hc32f460_interrupts.o [20]
IRQ081_Handler             0x1'dd49    0x14  Code  Gb  hc32f460_interrupts.o [20]
IRQ082_Handler             0x1'dd5d    0x14  Code  Gb  hc32f460_interrupts.o [20]
IRQ083_Handler             0x1'dd71    0x14  Code  Gb  hc32f460_interrupts.o [20]
IRQ084_Handler             0x1'dd85    0x14  Code  Gb  hc32f460_interrupts.o [20]
IRQ085_Handler             0x1'dd99    0x14  Code  Gb  hc32f460_interrupts.o [20]
IRQ086_Handler             0x1'ddad    0x14  Code  Gb  hc32f460_interrupts.o [20]
IRQ087_Handler             0x1'ddc1    0x14  Code  Gb  hc32f460_interrupts.o [20]
IRQ088_Handler             0x1'ddd5    0x14  Code  Gb  hc32f460_interrupts.o [20]
IRQ089_Handler             0x1'dde9    0x14  Code  Gb  hc32f460_interrupts.o [20]
IRQ090_Handler             0x1'ddfd    0x14  Code  Gb  hc32f460_interrupts.o [20]
IRQ091_Handler             0x1'de11    0x14  Code  Gb  hc32f460_interrupts.o [20]
IRQ092_Handler             0x1'de25    0x14  Code  Gb  hc32f460_interrupts.o [20]
IRQ093_Handler             0x1'de39    0x14  Code  Gb  hc32f460_interrupts.o [20]
IRQ094_Handler             0x1'de4d    0x14  Code  Gb  hc32f460_interrupts.o [20]
IRQ095_Handler             0x1'de61    0x14  Code  Gb  hc32f460_interrupts.o [20]
IRQ096_Handler             0x1'de75    0x14  Code  Gb  hc32f460_interrupts.o [20]
IRQ097_Handler             0x1'de89    0x14  Code  Gb  hc32f460_interrupts.o [20]
IRQ098_Handler             0x1'de9d    0x14  Code  Gb  hc32f460_interrupts.o [20]
IRQ099_Handler             0x1'deb1    0x14  Code  Gb  hc32f460_interrupts.o [20]
IRQ100_Handler             0x1'dec5    0x14  Code  Gb  hc32f460_interrupts.o [20]
IRQ101_Handler             0x1'ded9    0x14  Code  Gb  hc32f460_interrupts.o [20]
IRQ102_Handler             0x1'deed    0x14  Code  Gb  hc32f460_interrupts.o [20]
IRQ103_Handler             0x1'df01    0x14  Code  Gb  hc32f460_interrupts.o [20]
IRQ104_Handler             0x1'df15    0x14  Code  Gb  hc32f460_interrupts.o [20]
IRQ105_Handler             0x1'df29    0x14  Code  Gb  hc32f460_interrupts.o [20]
IRQ106_Handler             0x1'df3d    0x14  Code  Gb  hc32f460_interrupts.o [20]
IRQ107_Handler             0x1'df51    0x14  Code  Gb  hc32f460_interrupts.o [20]
IRQ108_Handler             0x1'df6d    0x14  Code  Gb  hc32f460_interrupts.o [20]
IRQ109_Handler             0x1'df81    0x14  Code  Gb  hc32f460_interrupts.o [20]
IRQ110_Handler             0x1'df95    0x14  Code  Gb  hc32f460_interrupts.o [20]
IRQ111_Handler             0x1'dfad    0x14  Code  Gb  hc32f460_interrupts.o [20]
IRQ112_Handler             0x1'dfc1    0x14  Code  Gb  hc32f460_interrupts.o [20]
IRQ113_Handler             0x1'dfd9    0x14  Code  Gb  hc32f460_interrupts.o [20]
IRQ114_Handler             0x1'dfed    0x14  Code  Gb  hc32f460_interrupts.o [20]
IRQ115_Handler             0x1'e001    0x14  Code  Gb  hc32f460_interrupts.o [20]
IRQ116_Handler             0x1'e015    0x14  Code  Gb  hc32f460_interrupts.o [20]
IRQ117_Handler             0x1'e029    0x14  Code  Gb  hc32f460_interrupts.o [20]
IRQ118_Handler             0x1'e03d    0x14  Code  Gb  hc32f460_interrupts.o [20]
IRQ119_Handler             0x1'e051    0x14  Code  Gb  hc32f460_interrupts.o [20]
IRQ120_Handler             0x1'e065    0x14  Code  Gb  hc32f460_interrupts.o [20]
IRQ121_Handler             0x1'e07d    0x14  Code  Gb  hc32f460_interrupts.o [20]
IRQ122_Handler             0x1'e091    0x14  Code  Gb  hc32f460_interrupts.o [20]
IRQ123_Handler             0x1'e0a5    0x14  Code  Gb  hc32f460_interrupts.o [20]
IRQ124_Handler             0x1'e0b9    0x14  Code  Gb  hc32f460_interrupts.o [20]
IRQ125_Handler             0x1'e0cd    0x14  Code  Gb  hc32f460_interrupts.o [20]
IRQ126_Handler             0x1'e0e1    0x14  Code  Gb  hc32f460_interrupts.o [20]
IRQ127_Handler             0x1'e0f5    0x14  Code  Gb  hc32f460_interrupts.o [20]
IRQ128_Handler             0x3'0d29          Code  Wk  startup_hc32f460.o [19]
IRQ129_Handler             0x3'0d2d          Code  Wk  startup_hc32f460.o [19]
IRQ130_Handler             0x3'0d31          Code  Wk  startup_hc32f460.o [19]
IRQ131_Handler             0x3'0d35          Code  Wk  startup_hc32f460.o [19]
IRQ132_Handler             0x3'0d39          Code  Wk  startup_hc32f460.o [19]
IRQ133_Handler             0x3'0d3d          Code  Wk  startup_hc32f460.o [19]
IRQ134_Handler             0x3'0d41          Code  Wk  startup_hc32f460.o [19]
IRQ135_Handler             0x3'0d45          Code  Wk  startup_hc32f460.o [19]
IRQ136_Handler             0x3'0d49          Code  Wk  startup_hc32f460.o [19]
IRQ137_Handler             0x3'0d4d          Code  Wk  startup_hc32f460.o [19]
IRQ138_Handler             0x3'0d51          Code  Wk  startup_hc32f460.o [19]
IRQ139_Handler             0x3'0d55          Code  Wk  startup_hc32f460.o [19]
IRQ140_Handler             0x3'0d59          Code  Wk  startup_hc32f460.o [19]
IRQ141_Handler             0x3'0d5d          Code  Wk  startup_hc32f460.o [19]
IRQ142_Handler             0x3'0d61          Code  Wk  startup_hc32f460.o [19]
IRQ143_Handler             0x3'0d65          Code  Wk  startup_hc32f460.o [19]
IrqHandler              0x1fff'9748   0x200  Data  Gb  hc32f460_interrupts.o [20]
MemManage_Handler          0x1'd6a1     0x8  Code  Gb  hc32f460_interrupts.o [20]
Modbus_Data_Reg_Unit       0x2'f600   0x410  Data  Lc  ModbusRTU_Device_BT.o [10]
NMI_Handler                0x1'd691     0x8  Code  Gb  hc32f460_interrupts.o [20]
NMI_IrqHandler             0x2'187d    0x1a  Code  Gb  hc32f460_exint_nmi_swi.o [20]
OLED_Write_CMD             0x2'7495    0x54  Code  Gb  OLED.o [11]
OLED_Write_Data            0x2'74e9    0x54  Code  Gb  OLED.o [11]
OTS_Init                   0x2'e11d    0x70  Code  Gb  hc32f460_ots.o [20]
OcoIrqCallback             0x2'a265   0x702  Code  Lc  drv_Timer.o [26]
OcoIrqCallback::c4GPowerOffFlag
                        0x1fff'9ab1     0x1  Data  Lc  drv_Timer.o [26]
OcoIrqCallback::cBTEventFinishFlag
                        0x1fff'9aac     0x1  Data  Lc  drv_Timer.o [26]
OcoIrqCallback::cBTWaitConnectEventFinishFlag
                        0x1fff'9aad     0x1  Data  Lc  drv_Timer.o [26]
OcoIrqCallback::cBarEventFinishFlag
                        0x1fff'9aa9     0x1  Data  Lc  drv_Timer.o [26]
OcoIrqCallback::cInitFlag
                        0x1fff'9ab2     0x1  Data  Lc  drv_Timer.o [26]
OcoIrqCallback::cMeasSensorEventFinishFlag
                        0x1fff'9aab     0x1  Data  Lc  drv_Timer.o [26]
OcoIrqCallback::cServerEventFinishFlag
                        0x1fff'9aaa     0x1  Data  Lc  drv_Timer.o [26]
OcoIrqCallback::cShowConnectFlag
                        0x1fff'9aae     0x1  Data  Lc  drv_Timer.o [26]
OcoIrqCallback::uc4GInitWaitFlag
                        0x1fff'9ab0     0x1  Data  Lc  drv_Timer.o [26]
OcoIrqCallback::ucBarLostCnt
                        0x1fff'9aaf     0x1  Data  Lc  drv_Timer.o [26]
OcoIrqCallback::ucNFCShowCnt
                        0x1fff'9aa7     0x1  Data  Lc  drv_Timer.o [26]
OcoIrqCallback::ucNFCShowFlag
                        0x1fff'9aa8     0x1  Data  Lc  drv_Timer.o [26]
OcoIrqCallback::usLongPowerWaitFlag
                        0x1fff'9a9e     0x2  Data  Lc  drv_Timer.o [26]
OtsClockConfig             0x2'd2e5    0x10  Code  Lc  drv_OTS_Temperature.o [23]
OtsConfig                  0x2'd2a9     0xc  Code  Lc  drv_OTS_Temperature.o [23]
OtsInitConfig              0x2'd2b5    0x28  Code  Lc  drv_OTS_Temperature.o [23]
PORT_GetBit                0x1'6eab    0xfc  Code  Gb  hc32f460_gpio.o [20]
PORT_Init                  0x1'6ca9   0x1ea  Code  Gb  hc32f460_gpio.o [20]
PORT_Lock                  0x1'6e9f     0xc  Code  Gb  hc32f460_gpio.o [20]
PORT_ResetBits             0x1'6fff    0x54  Code  Gb  hc32f460_gpio.o [20]
PORT_SetBits               0x1'6fa7    0x58  Code  Gb  hc32f460_gpio.o [20]
PORT_SetFunc               0x1'7053   0x112  Code  Gb  hc32f460_gpio.o [20]
PORT_Unlock                0x1'6e93     0xc  Code  Gb  hc32f460_gpio.o [20]
PWC_Fcg0PeriphClockCmd     0x1'd101    0x6a  Code  Gb  hc32f460_pwc.o [20]
PWC_Fcg1PeriphClockCmd     0x1'd16b    0x5a  Code  Gb  hc32f460_pwc.o [20]
PWC_Fcg2PeriphClockCmd     0x1'd1c5    0x5a  Code  Gb  hc32f460_pwc.o [20]
PWC_Fcg3PeriphClockCmd     0x1'd21f    0x5a  Code  Gb  hc32f460_pwc.o [20]
PWC_IrqClkBackup           0x1'd53f    0x26  Code  Gb  hc32f460_pwc.o [20]
PWC_IrqClkRecover          0x1'd567    0x1c  Code  Gb  hc32f460_pwc.o [20]
PWC_SetSysClk              0x1'd38d    0xb8  Code  Lc  hc32f460_pwc.o [20]
PWC_StopModeCfg            0x1'd279    0xd0  Code  Gb  hc32f460_pwc.o [20]
PWC_enClockBackup          0x1'd445    0xa0  Code  Lc  hc32f460_pwc.o [20]
PWC_enClockRecover         0x1'd4e5    0x5a  Code  Lc  hc32f460_pwc.o [20]
PendSV_Handler             0x1'd6c9     0x8  Code  Gb  hc32f460_interrupts.o [20]
RTC_Cmd                    0x1'fff9    0x38  Code  Gb  hc32f460_rtc.o [20]
RTC_DeInit                 0x1'fdd5    0x4c  Code  Gb  hc32f460_rtc.o [20]
RTC_EnterRwMode            0x1'ff5d    0x4e  Code  Gb  hc32f460_rtc.o [20]
RTC_ExitRwMode             0x1'ffab    0x4e  Code  Gb  hc32f460_rtc.o [20]
RTC_GetDateTime            0x2'0031   0x128  Code  Gb  hc32f460_rtc.o [20]
RTC_Init                   0x1'fe21   0x13c  Code  Gb  hc32f460_rtc.o [20]
RTC_IrqCmd                 0x2'0179    0x68  Code  Gb  hc32f460_rtc.o [20]
RegData_HL_Swap_func       0x1'4353   0x132  Code  Gb  ModbusRTU.o [10]
Region$$Table$$Base        0x3'0b54           --   Gb  - Linker created -
Region$$Table$$Limit       0x3'0b88           --   Gb  - Linker created -
Reset_Handler              0x3'0a01          Code  Wk  startup_hc32f460.o [19]
RtcPeriod_IrqCallback      0x1'ab8d   0x16c  Code  Gb  drv_RTC.o [24]
RtcPeriod_IrqCallback::ucTimeCnt
                        0x1fff'9aa6     0x1  Data  Lc  drv_RTC.o [24]
Rtc_GetCompenValue         0x1'ae05   0x1b8  Code  Lc  drv_RTC.o [24]
SC7A20TR_Get_XYZ           0x2'd363    0xdc  Code  Lc  drv_SC7A20H.o [15]
SC7A20TR_Read_nByte        0x2'8f19    0x6a  Code  Gb  drv_IIC.o [22]
SC7A20_Task                0x2'd5c9     0xe  Code  Gb  drv_SC7A20H.o [15]
SC7AIICREADADDR         0x1fff'8343     0x1  Data  Gb  drv_IIC.o [22]
SC7AIICWRITEADDR        0x1fff'8342     0x1  Data  Gb  drv_IIC.o [22]
SM4IICReadAddr          0x1fff'8341     0x1  Data  Gb  drv_IIC.o [22]
SM4IICWriteAddr         0x1fff'8340     0x1  Data  Gb  drv_IIC.o [22]
SPI_Cmd                    0x1'b87d    0x5c  Code  Gb  hc32f460_spi.o [20]
SPI_GetFlag                0x1'b949    0xd0  Code  Gb  hc32f460_spi.o [20]
SPI_Init                   0x1'b279   0x604  Code  Gb  hc32f460_spi.o [20]
SPI_ReceiveData8           0x1'b905    0x2e  Code  Gb  hc32f460_spi.o [20]
SPI_SendData8              0x1'b8d9    0x2c  Code  Gb  hc32f460_spi.o [20]
SRAM_CK_Disable            0x2'ce61     0xa  Code  Gb  hc32f460_sram.o [20]
SRAM_CK_Enable             0x2'ce6b     0xa  Code  Gb  hc32f460_sram.o [20]
SRAM_Init                  0x2'ce75   0x14a  Code  Gb  hc32f460_sram.o [20]
SRAM_WT_Disable            0x2'ce4d     0xa  Code  Gb  hc32f460_sram.o [20]
SRAM_WT_Enable             0x2'ce57     0xa  Code  Gb  hc32f460_sram.o [20]
SVC_Handler                0x1'd6b9     0x8  Code  Gb  hc32f460_interrupts.o [20]
SetClkSyncBaudrate         0x1'c491   0x13c  Code  Lc  hc32f460_usart.o [20]
SetScBaudrate              0x1'c311   0x17c  Code  Lc  hc32f460_usart.o [20]
SetUartBaudrate            0x1'c191   0x17e  Code  Lc  hc32f460_usart.o [20]
Short_reg_rw_mode          0x1'451d    0x8c  Code  Gb  ModbusRTU.o [10]
SysTick_Handler            0x1'd6d1     0x8  Code  Gb  hc32f460_interrupts.o [20]
SystemCoreClock         0x1fff'833c     0x4  Data  Gb  system_hc32f460.o [19]
SystemCoreClockUpdate      0x2'163b    0xce  Code  Gb  system_hc32f460.o [19]
SystemInit                 0x2'1621    0x1a  Code  Gb  system_hc32f460.o [19]
TIMER0_BaseInit            0x1'e461   0x280  Code  Gb  hc32f460_timer0.o [20]
TIMER0_ClearFlag           0x1'e1eb    0xae  Code  Gb  hc32f460_timer0.o [20]
TIMER0_Cmd                 0x1'e299   0x10e  Code  Gb  hc32f460_timer0.o [20]
TIMER0_GetClkMode          0x1'e10d    0x68  Code  Lc  hc32f460_timer0.o [20]
TIMER0_HardTriggerInit     0x1'e6f1   0x340  Code  Gb  hc32f460_timer0.o [20]
TIMER0_WriteCntReg         0x1'e3a7    0xba  Code  Gb  hc32f460_timer0.o [20]
TIMER4_CNT_ClearCountVal
                           0x2'b991    0x2a  Code  Gb  hc32f460_timer4_cnt.o [20]
TIMER4_CNT_Init            0x2'b665   0x2a4  Code  Gb  hc32f460_timer4_cnt.o [20]
TIMER4_CNT_SetCycleVal     0x2'b96f    0x22  Code  Gb  hc32f460_timer4_cnt.o [20]
TIMER4_CNT_Start           0x2'b909    0x36  Code  Gb  hc32f460_timer4_cnt.o [20]
TIMER4_CNT_Stop            0x2'b93f    0x30  Code  Gb  hc32f460_timer4_cnt.o [20]
TIMER4_OCO_ClearIrqFlag
                           0x2'b52f    0xa6  Code  Gb  hc32f460_timer4_oco.o [20]
TIMER4_OCO_Init            0x2'ac95   0x592  Code  Gb  hc32f460_timer4_oco.o [20]
TIMER4_OCO_OutputCompareCmd
                           0x2'b44d    0xe2  Code  Gb  hc32f460_timer4_oco.o [20]
TIMER4_OCO_SetHighChCompareMode
                           0x2'b239   0x20c  Code  Gb  hc32f460_timer4_oco.o [20]
TIMER4_OCO_WriteOccr       0x2'b5e1    0x74  Code  Gb  hc32f460_timer4_oco.o [20]
USART_ClearStatus          0x1'bec7    0x82  Code  Gb  hc32f460_usart.o [20]
USART_DeInit               0x1'be11    0x44  Code  Gb  hc32f460_usart.o [20]
USART_FuncCmd              0x1'bf49   0x190  Code  Gb  hc32f460_usart.o [20]
USART_GetStatus            0x1'be55    0x72  Code  Gb  hc32f460_usart.o [20]
USART_SendData             0x1'c0f1    0x44  Code  Gb  hc32f460_usart.o [20]
USART_SetBaudrate          0x1'c135    0x5c  Code  Gb  hc32f460_usart.o [20]
USART_UART_Init            0x1'bbf9   0x218  Code  Gb  hc32f460_usart.o [20]
Unit_RW_DeviceID_func      0x2'18f3    0xa2  Code  Gb  ModbusRTU_Device_BT.o [10]
Unit_RW_DeviceRecordGap_func
                           0x2'1c43    0x3a  Code  Gb  ModbusRTU_Device_BT.o [10]
Unit_RW_DeviceRegisterFlag_func
                           0x2'1995    0x3a  Code  Gb  ModbusRTU_Device_BT.o [10]
Unit_RW_DeviceSampleGap_func
                           0x2'1c09    0x3a  Code  Gb  ModbusRTU_Device_BT.o [10]
Unit_RW_DeviceSensor1Cnt_func
                           0x2'1f79    0x3a  Code  Gb  ModbusRTU_Device_BT.o [10]
Unit_RW_DeviceSensor1Enable_func
                           0x2'1f05    0x3a  Code  Gb  ModbusRTU_Device_BT.o [10]
Unit_RW_DeviceSensor2Cnt_func
                           0x2'1fb3    0x3a  Code  Gb  ModbusRTU_Device_BT.o [10]
Unit_RW_DeviceSensor2Enable_func
                           0x2'1f3f    0x3a  Code  Gb  ModbusRTU_Device_BT.o [10]
Unit_RW_DeviceUploadGap_func
                           0x2'1c7d    0x3a  Code  Gb  ModbusRTU_Device_BT.o [10]
Unit_RW_Device_AlarmEnable_func
                           0x2'3229    0x38  Code  Gb  ModbusRTU_Device_BT.o [10]
Unit_RW_Device_AlarmSampGap_1_func
                           0x2'2fbb    0x3a  Code  Gb  ModbusRTU_Device_BT.o [10]
Unit_RW_Device_AlarmSampGap_2_func
                           0x2'2ff5    0x3a  Code  Gb  ModbusRTU_Device_BT.o [10]
Unit_RW_Device_AlarmSampGap_3_func
                           0x2'302f    0x3a  Code  Gb  ModbusRTU_Device_BT.o [10]
Unit_RW_Device_AlarmSampGap_4_func
                           0x2'3069    0x38  Code  Gb  ModbusRTU_Device_BT.o [10]
Unit_RW_Device_AlarmSampGap_5_func
                           0x2'30a1    0x38  Code  Gb  ModbusRTU_Device_BT.o [10]
Unit_RW_Device_AlarmUploadGap_1_func
                           0x2'30d9    0x38  Code  Gb  ModbusRTU_Device_BT.o [10]
Unit_RW_Device_AlarmUploadGap_2_func
                           0x2'3111    0x38  Code  Gb  ModbusRTU_Device_BT.o [10]
Unit_RW_Device_AlarmUploadGap_3_func
                           0x2'3149    0x38  Code  Gb  ModbusRTU_Device_BT.o [10]
Unit_RW_Device_AlarmUploadGap_4_func
                           0x2'3181    0x38  Code  Gb  ModbusRTU_Device_BT.o [10]
Unit_RW_Device_AlarmUploadGap_5_func
                           0x2'31b9    0x38  Code  Gb  ModbusRTU_Device_BT.o [10]
Unit_RW_Device_CONDAlarmCnts_func
                           0x2'2d3d    0x3a  Code  Gb  ModbusRTU_Device_BT.o [10]
Unit_RW_Device_CONDAlarmLevel_1_func
                           0x2'2d77    0x3a  Code  Gb  ModbusRTU_Device_BT.o [10]
Unit_RW_Device_CONDAlarmLevel_2_func
                           0x2'2db1    0x3a  Code  Gb  ModbusRTU_Device_BT.o [10]
Unit_RW_Device_CONDAlarmLevel_3_func
                           0x2'2deb    0x3a  Code  Gb  ModbusRTU_Device_BT.o [10]
Unit_RW_Device_CONDAlarmLevel_4_func
                           0x2'2e25    0x3a  Code  Gb  ModbusRTU_Device_BT.o [10]
Unit_RW_Device_CONDAlarmLevel_5_func
                           0x2'2e5f    0x3a  Code  Gb  ModbusRTU_Device_BT.o [10]
Unit_RW_Device_CONDAlarmValue_1_func
                           0x2'2e99    0x3a  Code  Gb  ModbusRTU_Device_BT.o [10]
Unit_RW_Device_CONDAlarmValue_2_func
                           0x2'2ed3    0x3a  Code  Gb  ModbusRTU_Device_BT.o [10]
Unit_RW_Device_CONDAlarmValue_3_func
                           0x2'2f0d    0x3a  Code  Gb  ModbusRTU_Device_BT.o [10]
Unit_RW_Device_CONDAlarmValue_4_func
                           0x2'2f47    0x3a  Code  Gb  ModbusRTU_Device_BT.o [10]
Unit_RW_Device_CONDAlarmValue_5_func
                           0x2'2f81    0x3a  Code  Gb  ModbusRTU_Device_BT.o [10]
Unit_RW_Device_Chn1_Sensor10Type_func
                           0x2'21f7    0x3a  Code  Gb  ModbusRTU_Device_BT.o [10]
Unit_RW_Device_Chn1_Sensor1Type_func
                           0x2'1fed    0x3a  Code  Gb  ModbusRTU_Device_BT.o [10]
[...]
drv_mcu_SM4_IIC_Init       0x2'8879    0x54  Code  Gb  drv_IIC.o [22]
drv_mcu_SPI_Init           0x2'd021    0xdc  Code  Gb  drv_SPI.o [25]
drv_mcu_Timer0_Init        0x2'ab25   0x10e  Code  Gb  drv_Timer.o [26]
drv_mcu_Timer4_OCD_Init
                           0x2'a9a3   0x16e  Code  Gb  drv_Timer.o [26]
drv_mcu_Timer4_Start       0x2'a967    0x1e  Code  Gb  drv_Timer.o [26]
drv_mcu_Timer4_Stop        0x2'a985    0x1e  Code  Gb  drv_Timer.o [26]
drv_mcu_Timer_Init         0x2'ab11    0x14  Code  Gb  drv_Timer.o [26]
drv_mcu_USART3_Special_Init
                           0x1'9e41   0x1f2  Code  Gb  drv_USART.o [27]
drv_mcu_USART4_Special_Init
                           0x1'a0ed   0x21e  Code  Gb  drv_USART.o [27]
drv_mcu_USART_Init         0x1'997f   0x2dc  Code  Gb  drv_USART.o [27]
drv_mcu_USART_SendData     0x1'9c65   0x19c  Code  Gb  drv_USART.o [27]
eMBDMASendRevic            0x2'37fd    0xe8  Code  Gb  ModbusRTU_Device_BT.o [10]
eMBDMASendRevic::eException
                        0x1fff'9abc     0x1  Data  Lc  ModbusRTU_Device_BT.o [10]
eMBDMASendRevic::ucFunctionCode
                        0x1fff'9abb     0x1  Data  Lc  ModbusRTU_Device_BT.o [10]
eMBDMASendRevic::ucMBFrame
                        0x1fff'9a84     0x4  Data  Lc  ModbusRTU_Device_BT.o [10]
eMBDMASendRevic::ucRcvAddress
                        0x1fff'9aba     0x1  Data  Lc  ModbusRTU_Device_BT.o [10]
eMBDMASendRevic::usLength
                        0x1fff'9aa2     0x2  Data  Lc  ModbusRTU_Device_BT.o [10]
eMBFuncReadHoldingRegister
                           0x2'3689    0xa0  Code  Gb  ModbusRTU_Device_BT.o [10]
eMBFuncWriteHoldingRegister
                           0x2'3729    0x4c  Code  Gb  ModbusRTU_Device_BT.o [10]
eMBFuncWriteMultipleHoldingRegister
                           0x2'3775    0x88  Code  Gb  ModbusRTU_Device_BT.o [10]
eMBRTUReceive              0x2'3351    0x48  Code  Gb  ModbusRTU_Device_BT.o [10]
eMBRTUSend                 0x2'3399    0x76  Code  Gb  ModbusRTU_Device_BT.o [10]
eMBRegHoldingCB            0x2'35a1    0xe8  Code  Gb  ModbusRTU_Device_BT.o [10]
enIntWakeupEnable          0x1'd673    0x1e  Code  Gb  hc32f460_interrupts.o [20]
enIrqRegistration          0x1'd5cd    0xa6  Code  Gb  hc32f460_interrupts.o [20]
exit                       0x3'0c0b     0x4  Code  Gb  exit.o [29]
func_Array_Find_Str        0x1'6bb9    0x6c  Code  Gb  User_Data.o [17]
func_BD_PowerUp_Init       0x2'e079    0x3a  Code  Gb  LC86L_BD.o [3]
func_BT_Dispose            0x1'ec2d   0x112  Code  Gb  BT_TB05.o [2]
func_BT_Dispose::usSendMaxNum
                        0x1fff'9a9c     0x2  Data  Lc  BT_TB05.o [2]
func_BY_BlackLight_Camera_Test_CMD
                           0x1'6279    0x9a  Code  Gb  ModbusRTU.o [10]
func_BlackLight_Sensor_Dispose
                           0x1'6869   0x30e  Code  Gb  ModbusRTU.o [10]
func_BlackLight_Sensor_Dispose::enCameraType
                        0x1fff'8345     0x1  Data  Lc  ModbusRTU.o [10]
func_BlackLight_Sensor_Dispose::enMoveType
                        0x1fff'8346     0x1  Data  Lc  ModbusRTU.o [10]
func_Board_Power_And_Control_GPIO_Init
                           0x2'c855   0x154  Code  Gb  main.o [28]
func_COD_View_Show         0x2'65a9   0x162  Code  Gb  Display.o [11]
func_COND_View_Show        0x2'640d   0x198  Code  Gb  Display.o [11]
func_Connect_Server_Status_View_Show
                           0x2'5f99    0x78  Code  Gb  Display.o [11]
func_DateTime_Battery_Status_View_Show
                           0x2'5afd   0x22c  Code  Gb  Display.o [11]
func_Device_ID_PD_View_Show
                           0x2'7279    0xe2  Code  Gb  Display.o [11]
func_Device_Parameter_Factory_Reset
                           0x1'8f59    0xe6  Code  Gb  drv_Storage_W25Q128.o [16]
func_Device_Parameter_Init
                           0x1'8ebd    0x98  Code  Gb  drv_Storage_W25Q128.o [16]
func_Device_SW_HW_View_Show
                           0x2'735b    0xaa  Code  Gb  Display.o [11]
func_Device_Status_View_Show
                           0x2'5d29   0x1e2  Code  Gb  Display.o [11]
func_Display_128x64        0x2'78e5    0x88  Code  Gb  OLED.o [11]
func_Flow_View_Show        0x2'6269   0x1a2  Code  Gb  Display.o [11]
func_GPSData_View_Show     0x2'7141   0x138  Code  Gb  Display.o [11]
func_Get_HX_Radar_Level_Addr
                           0x1'57b1    0xe8  Code  Gb  ModbusRTU.o [10]
func_Get_MBCRC16           0x1'4281    0x40  Code  Gb  ModbusRTU.o [10]
func_Get_Meas_BY_HX_Integrated_Conductivity_Sensor_Value
                           0x1'4877   0x200  Code  Gb  ModbusRTU.o [10]
func_Get_Meas_BY_HX_Radar_Level_Sensor_Value
                           0x1'4d4d   0x1a2  Code  Gb  ModbusRTU.o [10]
func_Get_Meas_HX_Flow_Sensor_Value
                           0x1'5d09   0x28c  Code  Gb  ModbusRTU.o [10]
func_Get_Meas_HX_Radar_Ultrasonic_Flow_Sensor_Value
                           0x1'5979   0x382  Code  Gb  ModbusRTU.o [10]
func_Get_Meas_HX_WaterQuality_COD_Sensor_Value
                           0x1'5f99   0x22e  Code  Gb  ModbusRTU.o [10]
func_Get_Meas_HZ_Integrated_Conductivity_Sensor_Value
                           0x1'4a77   0x2d2  Code  Gb  ModbusRTU.o [10]
func_Get_Meas_HZ_Radar_Level_Sensor_Value
                           0x1'555d   0x250  Code  Gb  ModbusRTU.o [10]
func_Get_Meas_HZ_Radar_Ultrasonic_Flow_Sensor_Value
                           0x1'508d   0x4cc  Code  Gb  ModbusRTU.o [10]
func_Get_Meas_Pressure_Level_Sensor_Value
                           0x1'4f01   0x17e  Code  Gb  ModbusRTU.o [10]
func_Get_Photo_Data        0x1'63fd   0x11e  Code  Gb  ModbusRTU.o [10]
func_LowPower_Stop_Mode_Init
                           0x1'ba7f    0x4c  Code  Gb  Mainloop.o [9]
func_MQTT_SK_Init          0x2'd299     0xc  Code  Gb  MQTT_SK.o [7]
func_Mainloop_Init         0x1'ba63     0xe  Code  Gb  Mainloop.o [9]
func_Meas_Sensor_Dispose
                           0x1'6525   0x344  Code  Gb  ModbusRTU.o [10]
func_Meas_Sensor_PowerDown_DeInit
                           0x1'bb5f    0x8c  Code  Gb  Mainloop.o [9]
func_Meas_Sensor_PowerOn_Init
                           0x1'bacb    0x94  Code  Gb  Mainloop.o [9]
func_Meas_Sensor_Value_View_Show
                           0x2'7085    0xba  Code  Gb  Display.o [11]
func_Measure_Data_View_Show
                           0x2'6767   0x264  Code  Gb  Display.o [11]
func_Measure_WaterLevel_View_Show
                           0x2'69cd   0x3c0  Code  Gb  Display.o [11]
func_Measure_Water_Quality_View_Show
                           0x2'6d91   0x2f0  Code  Gb  Display.o [11]
func_NoSensor_View_Show
                           0x2'671d    0x4a  Code  Gb  Display.o [11]
func_Not_Certified_View_Show
                           0x2'5f1d    0x7c  Code  Gb  Display.o [11]
func_OLED_PowerDown_DeInit
                           0x2'7785    0x64  Code  Gb  OLED.o [11]
func_OLED_PowerUp_Init     0x2'7671   0x114  Code  Gb  OLED.o [11]
func_PowerOn_View_Show     0x2'7411    0x60  Code  Gb  Display.o [11]
func_RF_NFC_PowerDown_DeInit
                           0x2'e0b5    0x66  Code  Gb  RF_NFC.o [13]
func_RXNTTL518_Init        0x2'd25d    0x34  Code  Gb  RXNTTL518.o [14]
func_Read_RXNTTL518_Version
                           0x2'd24f     0xe  Code  Gb  RXNTTL518.o [14]
func_Rts_Control_And_SendData
                           0x1'4799    0xde  Code  Gb  ModbusRTU.o [10]
func_Save_Device_Parameter
                           0x1'75c9  0x1894  Code  Gb  drv_Storage_W25Q128.o [16]
func_Send_CMD              0x2'd163    0xec  Code  Gb  RXNTTL518.o [14]
func_Set_BlackLight_Move_AT_CMD
                           0x1'61c7    0xb2  Code  Gb  ModbusRTU.o [10]
func_Set_Camera_Photo_CMD
                           0x1'6313    0xe4  Code  Gb  ModbusRTU.o [10]
func_Set_HX_Radar_Level_Addr
                           0x1'589d    0xd8  Code  Gb  ModbusRTU.o [10]
func_SystemPara_Init       0x1'6b9d    0x16  Code  Gb  User_Data.o [17]
func_System_Soft_Reset     0x1'ba71     0xe  Code  Gb  Mainloop.o [9]
func_WatchDog_Refresh      0x2'd003    0x1e  Code  Gb  WatchDog.o [18]
func_WaterLevel_View_Show
                           0x2'6011   0x250  Code  Gb  Display.o [11]
func_diplay_NFCCheck_Menu
                           0x2'5a81    0x7a  Code  Gb  Display.o [11]
func_display_Authorize_Menu
                           0x2'59f1    0x90  Code  Gb  Display.o [11]
func_display_PowerOn_Menu
                           0x2'59e1    0x10  Code  Gb  Display.o [11]
func_display_string        0x2'7975   0x7a8  Code  Gb  OLED.o [11]
func_sprintf_metricsystem
                           0x2'53f5   0x426  Code  Gb  Display.o [11]
gSt_DevMeasRecordData   0x1fff'99ac    0x2c  Data  Gb  User_Data.o [17]
gSt_systemPara          0x2001'0000  0xff10  Data  Lc  User_Data.o [17]
g_ATE_CMD               0x1fff'832c     0x8  Data  Lc  BT_TB05.o [2]
g_AT_CMD                0x1fff'8334     0x4  Data  Lc  BT_TB05.o [2]
g_AT_RESET_CMD          0x1fff'82f8    0x20  Data  Lc  BT_TB05.o [2]
g_AT_SSID1_CMD          0x1fff'82d4    0x24  Data  Lc  BT_TB05.o [2]
g_AT_SSID_CMD           0x1fff'82b0    0x24  Data  Lc  BT_TB05.o [2]
g_Ble_SSID              0x1fff'8318    0x14  Data  Gb  BT_TB05.o [2]
g_sSKLogo_New              0x2'fa10   0x400  Data  Gb  Font.o [11]
g_sint8_Font_16x10_12864
                           0x2'e724   0x5a0  Data  Gb  Font.o [11]
g_sint8_Font_16x12_12864
                           0x2'b9cc   0x780  Data  Gb  Font.o [11]
g_sint8_Font_6x12_AsciiDot
                           0x2'ecc4   0x4c8  Data  Gb  Font.o [11]
gfunc_DateString_process
                           0x2'5825   0x1bc  Code  Gb  Display.o [11]
gfunc_Modbus_Matching      0x2'3415   0x188  Code  Gb  ModbusRTU_Device_BT.o [10]
gs_DeviceDefaultPara    0x1fff'8000   0x1b0  Data  Gb  User_Data.o [17]
guc_ERR13DelayCnt       0x1fff'9aa4     0x1  Data  Gb  BT_TB05.o [2]
guc_HX_RadarLevel_Addr  0x1fff'9ab9     0x1  Data  Gb  ModbusRTU.o [10]
guc_LcdDipRevesAttr     0x1fff'9abe     0x1  Data  Gb  User_Data.o [17]
guc_NFCPWRInitFlag      0x1fff'9abd     0x1  Data  Gb  User_Data.o [17]
guc_NFC_Card_Flag       0x1fff'9abf     0x1  Data  Gb  User_Data.o [17]
guc_OLED_Buf            0x1fff'9348   0x400  Data  Gb  User_Data.o [17]
guc_RTURecvArr          0x1fff'9948    0x64  Data  Gb  User_Data.o [17]
guc_W25Q128_Buf         0x1fff'8348  0x1000  Data  Gb  drv_Storage_W25Q128.o [16]
isalpha                    0x2'4637    0x14  Code  Gb  isalpha.o [29]
isspace                    0x2'4623    0x14  Code  Gb  isspace.o [29]
lcd_address                0x2'77e9    0x28  Code  Gb  OLED.o [11]
ldexp                      0x2'49f1          Code  Gb  ldexp.o [30]
ldexpl                     0x2'49f1          Code  Gb  ldexp.o [30]
lmos                       0x2'1064    0x18  Data  Lc  xDaysTo64.o [29]
lnbias                     0x2'f1e0   0x420  Data  Lc  pow64.o [30]
localeconv                 0x2'468d     0x4  Code  Gb  xlocale_c.o [29]
m_au16Adc1Value         0x1fff'9a04    0x24  Data  Lc  drv_ADC.o [21]
m_au16Adc2Value         0x1fff'9a28    0x14  Data  Lc  drv_ADC.o [21]
m_f32OffsetM            0x1fff'9a64     0x4  Data  Lc  hc32f460_ots.o [20]
m_f32SlopeK             0x1fff'9a60     0x4  Data  Lc  hc32f460_ots.o [20]
m_stcSysclkCfg          0x1fff'9a3c     0x8  Data  Lc  main.o [28]
main                       0x2'c9a9   0x404  Code  Gb  main.o [28]
main::ucMonitorFlag     0x1fff'9ab8     0x1  Data  Lc  main.o [28]
memchr                     0x2'4dc9          Code  Gb  memchr.o [31]
memcmp                     0x1'b20d          Code  Gb  memcmp.o [31]
mktime                     0x1'b12d    0xe0  Code  Gb  mktime64.o [29]
mos                        0x2'107c    0x18  Data  Lc  xDaysTo64.o [29]
nackFlag                0x1fff'9aa5     0x1  Data  Gb  drv_IIC.o [22]
ndigs                      0x3'05a4    0x28  Data  Lc  iar_Stoullx.o [29]
pfnNmiCallback          0x1fff'9a5c     0x4  Data  Lc  hc32f460_exint_nmi_swi.o [20]
pow                        0x2'81ed   0x68c  Code  Gb  pow64.o [30]
powl                       0x2'81ed   0x68c  Code  Gb  pow64.o [30]
pows                       0x3'09b0    0x48  Data  Lc  strto64.o [30]
prveMBError2Exception      0x2'18cd    0x26  Code  Gb  ModbusRTU_Device_BT.o [10]
pst_BDSystemPara        0x1fff'9a68     0x4  Data  Lc  LC86L_BD.o [3]
pst_BTSystemPara        0x1fff'9a44     0x4  Data  Lc  BT_TB05.o [2]
pst_LoraSystemPara      0x1fff'9a6c     0x4  Data  Lc  Lora_TP1109.o [6]
pst_MBSystemPara        0x1fff'9a7c     0x4  Data  Gb  ModbusRTU.o [10]
pst_MQTTSystemPara      0x1fff'9a88     0x4  Data  Lc  MQTT_SK.o [7]
pst_MagSystemPara       0x1fff'9a70     0x4  Data  Lc  Magnetic_Bar.o [8]
pst_MainSystemPara      0x1fff'9a74     0x4  Data  Lc  main.o [28]
pst_MainloopSystemPara  0x1fff'9a78     0x4  Data  Lc  Mainloop.o [9]
pst_OLEDSystemPara      0x1fff'9a8c     0x4  Data  Gb  OLED.o [11]
pst_PhotoSystemPara     0x1fff'9a90     0x4  Data  Lc  Photosensitive_XYC_ALS.o [12]
pst_RTCSystemPara       0x1fff'9a48     0x4  Data  Lc  drv_RTC.o [24]
pst_RXNTTLSystemPara    0x1fff'9a94     0x4  Data  Lc  RXNTTL518.o [14]
pst_SC7A20SystemPara    0x1fff'9a4c     0x4  Data  Lc  drv_SC7A20H.o [15]
pst_TimerSystemPara     0x1fff'9a54     0x4  Data  Lc  drv_Timer.o [26]
pst_UsartSystemPara     0x1fff'9a58     0x4  Data  Lc  drv_USART.o [27]
pst_W25Q128SystemPara   0x1fff'9a50     0x4  Data  Gb  drv_Storage_W25Q128.o [16]
pucSndBufferCur         0x1fff'9a80     0x4  Data  Lc  ModbusRTU_Device_BT.o [10]
ranmatch                   0x2'0d77    0x46  Code  Lc  xscanffull_nomb.o [29]
scalbln                    0x2'49f1          Code  Gb  ldexp.o [30]
scalblnl                   0x2'49f1          Code  Gb  ldexp.o [30]
scalbn                     0x2'49f1          Code  Gb  ldexp.o [30]
scalbnl                    0x2'49f1          Code  Gb  ldexp.o [30]
scale                      0x2'452f    0x46  Code  Lc  xprintflarge_nomb.o [29]
sec_hand                0x1fff'9a98     0x4  Data  Lc  xfail_s.o [29]
sprintf                    0x2'020d    0x40  Code  Gb  sprintf.o [29]
sqrt                       0x2'e1b9          Code  Gb  sqrt.o [30]
sqrtl                      0x2'e1b9          Code  Gb  sqrt.o [30]
sscanf                     0x1'b105    0x28  Code  Gb  sscanf.o [29]
strcat                     0x2'18ad    0x1e  Code  Gb  strcat.o [29]
strchr                     0x1'ed79          Code  Gb  strchr.o [31]
strcmp                     0x1'ab09          Code  Gb  strcmp.o [31]
strcpy                     0x1'ba2d          Code  Gb  strcpy.o [31]
strlen                     0x1'aaa5          Code  Gb  strlen.o [31]
strstr                     0x1'aadb    0x2c  Code  Gb  strstr.o [29]
strtoll                    0x2'4d81     0x2  Code  Gb  iar_Stollx.o [29]
strtoull                   0x2'4cd9     0x2  Code  Gb  iar_Stoullx.o [29]
tolower                    0x2'53c5    0x14  Code  Gb  tolower.o [29]
u32ICG                        0x400    0x20  Data  Gb  hc32f460_icg.o [20]
u8HrcState              0x1fff'9ab4     0x1  Data  Gb  hc32f460_pwc.o [20]
u8MrcState              0x1fff'9ab5     0x1  Data  Gb  hc32f460_pwc.o [20]
u8StopFlag              0x1fff'9ab7     0x1  Data  Gb  hc32f460_pwc.o [20]
u8SysClkSrc             0x1fff'8344     0x1  Data  Gb  hc32f460_pwc.o [20]
u8WkupIntCnt            0x1fff'9ab6     0x1  Data  Gb  hc32f460_pwc.o [20]
usRcvBufferPos          0x1fff'9aa0     0x2  Data  Lc  ModbusRTU_Device_BT.o [10]
xFuncHandlers           0x1fff'81b0    0x80  Data  Lc  ModbusRTU_Device_BT.o [10]


[1] = D:\Myself\WorkProcess\SK\HC32F460_WorkProcess\example\Source\Pipe_Monitor\Pipe_Monitor_App\EWARM\output\debug\Obj\4G_EC200U_8582873453978518366.dir
[2] = D:\Myself\WorkProcess\SK\HC32F460_WorkProcess\example\Source\Pipe_Monitor\Pipe_Monitor_App\EWARM\output\debug\Obj\BT_TB05_12041724360499981866.dir
[3] = D:\Myself\WorkProcess\SK\HC32F460_WorkProcess\example\Source\Pipe_Monitor\Pipe_Monitor_App\EWARM\output\debug\Obj\LC86L_BD_9822625824417385734.dir
[4] = D:\Myself\WorkProcess\SK\HC32F460_WorkProcess\example\Source\Pipe_Monitor\Pipe_Monitor_App\EWARM\output\debug\Obj\LKT4202_1925765440156868983.dir
[5] = D:\Myself\WorkProcess\SK\HC32F460_WorkProcess\example\Source\Pipe_Monitor\Pipe_Monitor_App\EWARM\output\debug\Obj\LoRa_RA02_5139138412578801246.dir
[6] = D:\Myself\WorkProcess\SK\HC32F460_WorkProcess\example\Source\Pipe_Monitor\Pipe_Monitor_App\EWARM\output\debug\Obj\Lora_TP1109_151720617378073083.dir
[7] = D:\Myself\WorkProcess\SK\HC32F460_WorkProcess\example\Source\Pipe_Monitor\Pipe_Monitor_App\EWARM\output\debug\Obj\MQTT_SK_4724149239023757000.dir
[8] = D:\Myself\WorkProcess\SK\HC32F460_WorkProcess\example\Source\Pipe_Monitor\Pipe_Monitor_App\EWARM\output\debug\Obj\Magnetic_Bar_17520218520042908049.dir
[9] = D:\Myself\WorkProcess\SK\HC32F460_WorkProcess\example\Source\Pipe_Monitor\Pipe_Monitor_App\EWARM\output\debug\Obj\Mainloop_18272944273632151421.dir
[10] = D:\Myself\WorkProcess\SK\HC32F460_WorkProcess\example\Source\Pipe_Monitor\Pipe_Monitor_App\EWARM\output\debug\Obj\ModbusRTU_17682219295068567368.dir
[11] = D:\Myself\WorkProcess\SK\HC32F460_WorkProcess\example\Source\Pipe_Monitor\Pipe_Monitor_App\EWARM\output\debug\Obj\OLED_13473777563621607307.dir
[12] = D:\Myself\WorkProcess\SK\HC32F460_WorkProcess\example\Source\Pipe_Monitor\Pipe_Monitor_App\EWARM\output\debug\Obj\Photosensitive_XYC_ALS_28064708180949255.dir
[13] = D:\Myself\WorkProcess\SK\HC32F460_WorkProcess\example\Source\Pipe_Monitor\Pipe_Monitor_App\EWARM\output\debug\Obj\RF_NFC_10628150809568064830.dir
[14] = D:\Myself\WorkProcess\SK\HC32F460_WorkProcess\example\Source\Pipe_Monitor\Pipe_Monitor_App\EWARM\output\debug\Obj\RXNTTL518_17808510930951076202.dir
[15] = D:\Myself\WorkProcess\SK\HC32F460_WorkProcess\example\Source\Pipe_Monitor\Pipe_Monitor_App\EWARM\output\debug\Obj\SC7A20H_13085057635104233901.dir
[16] = D:\Myself\WorkProcess\SK\HC32F460_WorkProcess\example\Source\Pipe_Monitor\Pipe_Monitor_App\EWARM\output\debug\Obj\Storage_W25Q128_4738127093883701884.dir
[17] = D:\Myself\WorkProcess\SK\HC32F460_WorkProcess\example\Source\Pipe_Monitor\Pipe_Monitor_App\EWARM\output\debug\Obj\User_Data_5391006662705040797.dir
[18] = D:\Myself\WorkProcess\SK\HC32F460_WorkProcess\example\Source\Pipe_Monitor\Pipe_Monitor_App\EWARM\output\debug\Obj\WatchDog_9188475617120297074.dir
[19] = D:\Myself\WorkProcess\SK\HC32F460_WorkProcess\example\Source\Pipe_Monitor\Pipe_Monitor_App\EWARM\output\debug\Obj\common_14919461937644757070.dir
[20] = D:\Myself\WorkProcess\SK\HC32F460_WorkProcess\example\Source\Pipe_Monitor\Pipe_Monitor_App\EWARM\output\debug\Obj\driver_11944700488488147666.dir
[21] = D:\Myself\WorkProcess\SK\HC32F460_WorkProcess\example\Source\Pipe_Monitor\Pipe_Monitor_App\EWARM\output\debug\Obj\drv_ADC_15186207816091091275.dir
[22] = D:\Myself\WorkProcess\SK\HC32F460_WorkProcess\example\Source\Pipe_Monitor\Pipe_Monitor_App\EWARM\output\debug\Obj\drv_IIC_18060258103304213159.dir
[23] = D:\Myself\WorkProcess\SK\HC32F460_WorkProcess\example\Source\Pipe_Monitor\Pipe_Monitor_App\EWARM\output\debug\Obj\drv_OTS_Temperature_13039655784802445445.dir
[24] = D:\Myself\WorkProcess\SK\HC32F460_WorkProcess\example\Source\Pipe_Monitor\Pipe_Monitor_App\EWARM\output\debug\Obj\drv_RTC_2577979922006117733.dir
[25] = D:\Myself\WorkProcess\SK\HC32F460_WorkProcess\example\Source\Pipe_Monitor\Pipe_Monitor_App\EWARM\output\debug\Obj\drv_SPI_4333388098947449637.dir
[26] = D:\Myself\WorkProcess\SK\HC32F460_WorkProcess\example\Source\Pipe_Monitor\Pipe_Monitor_App\EWARM\output\debug\Obj\drv_Timer_6973001687617930806.dir
[27] = D:\Myself\WorkProcess\SK\HC32F460_WorkProcess\example\Source\Pipe_Monitor\Pipe_Monitor_App\EWARM\output\debug\Obj\drv_USART_14144334009435087269.dir
[28] = D:\Myself\WorkProcess\SK\HC32F460_WorkProcess\example\Source\Pipe_Monitor\Pipe_Monitor_App\EWARM\output\debug\Obj\source_5634686896477721948.dir
[29] = dl7M_tlf.a
[30] = m7M_tls.a
[31] = rt7M_tl.a
[32] = shb_l.a

  106'899 bytes of readonly  code memory
   11'525 bytes of readonly  data memory (+ 32 absolute)
   80'335 bytes of readwrite data memory

Errors: none
Warnings: none
