###############################################################################
#
# IAR ELF Linker V9.40.1.364/W64 for ARM                  10/Oct/2025  12:02:07
# Copyright 2007-2023 IAR Systems AB.
#
#    Output file  =
#        D:\Myself\WorkProcess\SK\HC32F460_WorkProcess\example\Source\Pipe_Monitor\Pipe_Monitor_App\EWARM\output\debug\Exe\Pipe_Monitor_App.out
#    Map file     =
#        D:\Myself\WorkProcess\SK\HC32F460_WorkProcess\example\Source\Pipe_Monitor\Pipe_Monitor_App\EWARM\output\debug\List\Pipe_Monitor_App.map
#    Command line =
#        -f
#        D:\Myself\WorkProcess\SK\HC32F460_WorkProcess\example\Source\Pipe_Monitor\Pipe_Monitor_App\EWARM\output\debug\Exe\Pipe_Monitor_App.out.rsp
#        (D:\Myself\WorkProcess\SK\HC32F460_WorkProcess\example\Source\Pipe_Monitor\Pipe_Monitor_App\EWARM\output\debug\Obj\4G_EC200U_8582873453978518366.dir\4G_EC200U.o
#        D:\Myself\WorkProcess\SK\HC32F460_WorkProcess\example\Source\Pipe_Monitor\Pipe_Monitor_App\EWARM\output\debug\Obj\BT_TB05_12041724360499981866.dir\BT_TB05.o
#        D:\Myself\WorkProcess\SK\HC32F460_WorkProcess\example\Source\Pipe_Monitor\Pipe_Monitor_App\EWARM\output\debug\Obj\OLED_13473777563621607307.dir\Display.o
#        D:\Myself\WorkProcess\SK\HC32F460_WorkProcess\example\Source\Pipe_Monitor\Pipe_Monitor_App\EWARM\output\debug\Obj\drv_ADC_15186207816091091275.dir\drv_ADC.o
#        D:\Myself\WorkProcess\SK\HC32F460_WorkProcess\example\Source\Pipe_Monitor\Pipe_Monitor_App\EWARM\output\debug\Obj\drv_IIC_18060258103304213159.dir\drv_IIC.o
#        D:\Myself\WorkProcess\SK\HC32F460_WorkProcess\example\Source\Pipe_Monitor\Pipe_Monitor_App\EWARM\output\debug\Obj\LKT4202_1925765440156868983.dir\drv_LKT4202.o
#        D:\Myself\WorkProcess\SK\HC32F460_WorkProcess\example\Source\Pipe_Monitor\Pipe_Monitor_App\EWARM\output\debug\Obj\drv_RTC_2577979922006117733.dir\drv_RTC.o
#        D:\Myself\WorkProcess\SK\HC32F460_WorkProcess\example\Source\Pipe_Monitor\Pipe_Monitor_App\EWARM\output\debug\Obj\SC7A20H_13085057635104233901.dir\drv_SC7A20H.o
#        D:\Myself\WorkProcess\SK\HC32F460_WorkProcess\example\Source\Pipe_Monitor\Pipe_Monitor_App\EWARM\output\debug\Obj\drv_SPI_4333388098947449637.dir\drv_SPI.o
#        D:\Myself\WorkProcess\SK\HC32F460_WorkProcess\example\Source\Pipe_Monitor\Pipe_Monitor_App\EWARM\output\debug\Obj\Storage_W25Q128_4738127093883701884.dir\drv_Storage_W25Q128.o
#        D:\Myself\WorkProcess\SK\HC32F460_WorkProcess\example\Source\Pipe_Monitor\Pipe_Monitor_App\EWARM\output\debug\Obj\drv_Timer_6973001687617930806.dir\drv_Timer.o
#        D:\Myself\WorkProcess\SK\HC32F460_WorkProcess\example\Source\Pipe_Monitor\Pipe_Monitor_App\EWARM\output\debug\Obj\drv_USART_14144334009435087269.dir\drv_USART.o
#        D:\Myself\WorkProcess\SK\HC32F460_WorkProcess\example\Source\Pipe_Monitor\Pipe_Monitor_App\EWARM\output\debug\Obj\RF_NFC_10628150809568064830.dir\fm175xx.o
#        D:\Myself\WorkProcess\SK\HC32F460_WorkProcess\example\Source\Pipe_Monitor\Pipe_Monitor_App\EWARM\output\debug\Obj\OLED_13473777563621607307.dir\Font.o
#        D:\Myself\WorkProcess\SK\HC32F460_WorkProcess\example\Source\Pipe_Monitor\Pipe_Monitor_App\EWARM\output\debug\Obj\driver_11944700488488147666.dir\hc32f460_adc.o
#        D:\Myself\WorkProcess\SK\HC32F460_WorkProcess\example\Source\Pipe_Monitor\Pipe_Monitor_App\EWARM\output\debug\Obj\driver_11944700488488147666.dir\hc32f460_clk.o
#        D:\Myself\WorkProcess\SK\HC32F460_WorkProcess\example\Source\Pipe_Monitor\Pipe_Monitor_App\EWARM\output\debug\Obj\driver_11944700488488147666.dir\hc32f460_dmac.o
#        D:\Myself\WorkProcess\SK\HC32F460_WorkProcess\example\Source\Pipe_Monitor\Pipe_Monitor_App\EWARM\output\debug\Obj\driver_11944700488488147666.dir\hc32f460_efm.o
#        D:\Myself\WorkProcess\SK\HC32F460_WorkProcess\example\Source\Pipe_Monitor\Pipe_Monitor_App\EWARM\output\debug\Obj\driver_11944700488488147666.dir\hc32f460_event_port.o
#        D:\Myself\WorkProcess\SK\HC32F460_WorkProcess\example\Source\Pipe_Monitor\Pipe_Monitor_App\EWARM\output\debug\Obj\driver_11944700488488147666.dir\hc32f460_exint_nmi_swi.o
#        D:\Myself\WorkProcess\SK\HC32F460_WorkProcess\example\Source\Pipe_Monitor\Pipe_Monitor_App\EWARM\output\debug\Obj\driver_11944700488488147666.dir\hc32f460_gpio.o
#        D:\Myself\WorkProcess\SK\HC32F460_WorkProcess\example\Source\Pipe_Monitor\Pipe_Monitor_App\EWARM\output\debug\Obj\driver_11944700488488147666.dir\hc32f460_i2c.o
#        D:\Myself\WorkProcess\SK\HC32F460_WorkProcess\example\Source\Pipe_Monitor\Pipe_Monitor_App\EWARM\output\debug\Obj\driver_11944700488488147666.dir\hc32f460_icg.o
#        D:\Myself\WorkProcess\SK\HC32F460_WorkProcess\example\Source\Pipe_Monitor\Pipe_Monitor_App\EWARM\output\debug\Obj\driver_11944700488488147666.dir\hc32f460_interrupts.o
#        D:\Myself\WorkProcess\SK\HC32F460_WorkProcess\example\Source\Pipe_Monitor\Pipe_Monitor_App\EWARM\output\debug\Obj\driver_11944700488488147666.dir\hc32f460_keyscan.o
#        D:\Myself\WorkProcess\SK\HC32F460_WorkProcess\example\Source\Pipe_Monitor\Pipe_Monitor_App\EWARM\output\debug\Obj\driver_11944700488488147666.dir\hc32f460_pwc.o
#        D:\Myself\WorkProcess\SK\HC32F460_WorkProcess\example\Source\Pipe_Monitor\Pipe_Monitor_App\EWARM\output\debug\Obj\driver_11944700488488147666.dir\hc32f460_rtc.o
#        D:\Myself\WorkProcess\SK\HC32F460_WorkProcess\example\Source\Pipe_Monitor\Pipe_Monitor_App\EWARM\output\debug\Obj\driver_11944700488488147666.dir\hc32f460_spi.o
#        D:\Myself\WorkProcess\SK\HC32F460_WorkProcess\example\Source\Pipe_Monitor\Pipe_Monitor_App\EWARM\output\debug\Obj\driver_11944700488488147666.dir\hc32f460_sram.o
#        D:\Myself\WorkProcess\SK\HC32F460_WorkProcess\example\Source\Pipe_Monitor\Pipe_Monitor_App\EWARM\output\debug\Obj\driver_11944700488488147666.dir\hc32f460_timer0.o
#        D:\Myself\WorkProcess\SK\HC32F460_WorkProcess\example\Source\Pipe_Monitor\Pipe_Monitor_App\EWARM\output\debug\Obj\driver_11944700488488147666.dir\hc32f460_timer4_cnt.o
#        D:\Myself\WorkProcess\SK\HC32F460_WorkProcess\example\Source\Pipe_Monitor\Pipe_Monitor_App\EWARM\output\debug\Obj\driver_11944700488488147666.dir\hc32f460_timer4_oco.o
#        D:\Myself\WorkProcess\SK\HC32F460_WorkProcess\example\Source\Pipe_Monitor\Pipe_Monitor_App\EWARM\output\debug\Obj\driver_11944700488488147666.dir\hc32f460_usart.o
#        D:\Myself\WorkProcess\SK\HC32F460_WorkProcess\example\Source\Pipe_Monitor\Pipe_Monitor_App\EWARM\output\debug\Obj\driver_11944700488488147666.dir\hc32f460_utility.o
#        D:\Myself\WorkProcess\SK\HC32F460_WorkProcess\example\Source\Pipe_Monitor\Pipe_Monitor_App\EWARM\output\debug\Obj\driver_11944700488488147666.dir\hc32f460_wdt.o
#        D:\Myself\WorkProcess\SK\HC32F460_WorkProcess\example\Source\Pipe_Monitor\Pipe_Monitor_App\EWARM\output\debug\Obj\LC86L_BD_9822625824417385734.dir\LC86L_BD.o
#        D:\Myself\WorkProcess\SK\HC32F460_WorkProcess\example\Source\Pipe_Monitor\Pipe_Monitor_App\EWARM\output\debug\Obj\LoRa_RA02_5139138412578801246.dir\LoRa_RA02.o
#        D:\Myself\WorkProcess\SK\HC32F460_WorkProcess\example\Source\Pipe_Monitor\Pipe_Monitor_App\EWARM\output\debug\Obj\Lora_TP1109_151720617378073083.dir\Lora_TP1109.o
#        D:\Myself\WorkProcess\SK\HC32F460_WorkProcess\example\Source\Pipe_Monitor\Pipe_Monitor_App\EWARM\output\debug\Obj\Magnetic_Bar_17520218520042908049.dir\Magnetic_Bar.o
#        D:\Myself\WorkProcess\SK\HC32F460_WorkProcess\example\Source\Pipe_Monitor\Pipe_Monitor_App\EWARM\output\debug\Obj\source_5634686896477721948.dir\main.o
#        D:\Myself\WorkProcess\SK\HC32F460_WorkProcess\example\Source\Pipe_Monitor\Pipe_Monitor_App\EWARM\output\debug\Obj\Mainloop_18272944273632151421.dir\Mainloop.o
#        D:\Myself\WorkProcess\SK\HC32F460_WorkProcess\example\Source\Pipe_Monitor\Pipe_Monitor_App\EWARM\output\debug\Obj\RF_NFC_10628150809568064830.dir\mifare_card.o
#        D:\Myself\WorkProcess\SK\HC32F460_WorkProcess\example\Source\Pipe_Monitor\Pipe_Monitor_App\EWARM\output\debug\Obj\ModbusRTU_17682219295068567368.dir\ModbusRTU.o
#        D:\Myself\WorkProcess\SK\HC32F460_WorkProcess\example\Source\Pipe_Monitor\Pipe_Monitor_App\EWARM\output\debug\Obj\ModbusRTU_17682219295068567368.dir\ModbusRTU_Device_BT.o
#        D:\Myself\WorkProcess\SK\HC32F460_WorkProcess\example\Source\Pipe_Monitor\Pipe_Monitor_App\EWARM\output\debug\Obj\MQTT_SK_4724149239023757000.dir\MQTT_SK.o
#        D:\Myself\WorkProcess\SK\HC32F460_WorkProcess\example\Source\Pipe_Monitor\Pipe_Monitor_App\EWARM\output\debug\Obj\OLED_13473777563621607307.dir\OLED.o
#        D:\Myself\WorkProcess\SK\HC32F460_WorkProcess\example\Source\Pipe_Monitor\Pipe_Monitor_App\EWARM\output\debug\Obj\Photosensitive_XYC_ALS_28064708180949255.dir\Photosensitive_XYC_ALS.o
#        D:\Myself\WorkProcess\SK\HC32F460_WorkProcess\example\Source\Pipe_Monitor\Pipe_Monitor_App\EWARM\output\debug\Obj\RF_NFC_10628150809568064830.dir\RF_NFC.o
#        D:\Myself\WorkProcess\SK\HC32F460_WorkProcess\example\Source\Pipe_Monitor\Pipe_Monitor_App\EWARM\output\debug\Obj\RXNTTL518_17808510930951076202.dir\RXNTTL518.o
#        D:\Myself\WorkProcess\SK\HC32F460_WorkProcess\example\Source\Pipe_Monitor\Pipe_Monitor_App\EWARM\output\debug\Obj\common_14919461937644757070.dir\startup_hc32f460.o
#        D:\Myself\WorkProcess\SK\HC32F460_WorkProcess\example\Source\Pipe_Monitor\Pipe_Monitor_App\EWARM\output\debug\Obj\common_14919461937644757070.dir\system_hc32f460.o
#        D:\Myself\WorkProcess\SK\HC32F460_WorkProcess\example\Source\Pipe_Monitor\Pipe_Monitor_App\EWARM\output\debug\Obj\RF_NFC_10628150809568064830.dir\type_a.o
#        D:\Myself\WorkProcess\SK\HC32F460_WorkProcess\example\Source\Pipe_Monitor\Pipe_Monitor_App\EWARM\output\debug\Obj\RF_NFC_10628150809568064830.dir\type_b.o
#        D:\Myself\WorkProcess\SK\HC32F460_WorkProcess\example\Source\Pipe_Monitor\Pipe_Monitor_App\EWARM\output\debug\Obj\User_Data_5391006662705040797.dir\User_Data.o
#        D:\Myself\WorkProcess\SK\HC32F460_WorkProcess\example\Source\Pipe_Monitor\Pipe_Monitor_App\EWARM\output\debug\Obj\WatchDog_9188475617120297074.dir\WatchDog.o
#        --no_out_extension -o
#        D:\Myself\WorkProcess\SK\HC32F460_WorkProcess\example\Source\Pipe_Monitor\Pipe_Monitor_App\EWARM\output\debug\Exe\Pipe_Monitor_App.out
#        --map
#        D:\Myself\WorkProcess\SK\HC32F460_WorkProcess\example\Source\Pipe_Monitor\Pipe_Monitor_App\EWARM\output\debug\List\Pipe_Monitor_App.map
#        --config
#        D:\Myself\WorkProcess\SK\HC32F460_WorkProcess\example\Source\Pipe_Monitor\Pipe_Monitor_App\EWARM\HC32F460xE.icf
#        --semihosting --entry __iar_program_start --redirect
#        __write=__write_buffered --vfe --text_out locale --cpu=Cortex-M4
#        --fpu=VFPv4_sp) --dependencies=n
#        D:\Myself\WorkProcess\SK\HC32F460_WorkProcess\example\Source\Pipe_Monitor\Pipe_Monitor_App\EWARM\output\debug\Exe\Pipe_Monitor_App.out.iar_deps
#
###############################################################################

*******************************************************************************
*** RUNTIME MODEL ATTRIBUTES
***

CppFlavor       = *
__CPP_Runtime   = 1
__SystemLibrary = DLib
__dlib_version  = 6


*******************************************************************************
*** HEAP SELECTION
***

The basic heap was selected because --advanced_heap
was not specified and the application did not appear to
be primarily optimized for speed.


*******************************************************************************
*** PLACEMENT SUMMARY
***

"A0":  place at address 0x1'4000 { ro section .intvec };
"P1":  place in [from 0x1'4000 to 0x7'ffff] |
                [from 0x300'0c00 to 0x300'0ffb] { ro };
define block CSTACK with size = 8K, alignment = 8 { };
define block HEAP with size = 8K, alignment = 8 { };
"P2":  place in [from 0x1fff'8000 to 0x1fff'ffff] |
                [from 0x2000'0000 to 0x2000'ffff repeat 2] |
                [from 0x2002'0000 to 0x2002'6fff] |
                [from 0x200f'0000 to 0x200f'0fff] {
          rw, block CSTACK, block HEAP };
initialize by copy { rw };

  Section            Kind         Address      Size  Object
  -------            ----         -------      ----  ------
Absolute sections:                             0x20
  .rodata            const          0x400      0x20  hc32f460_icg.o [20]
                                  - 0x420      0x20

"A0":                                         0x280
  .intvec            ro code     0x1'4000     0x280  startup_hc32f460.o [19]
                               - 0x1'4280     0x280

"P1":                                      0x2'0558
  .text              ro code     0x1'4280    0x1e78  Display.o [11]
  .text              ro code     0x1'60f8      0x22  S32ToDbl.o [29]
  .text              ro code     0x1'611a      0x1e  xsscin.o [28]
  .text              ro code     0x1'6138      0x2a  math_wrappers64.o [29]
  .text              ro code     0x1'6162       0xa  xsprout.o [28]
  .text              ro code     0x1'616c      0x68  DblToFlt.o [29]
  .text              ro code     0x1'61d4      0x48  FltToDbl.o [29]
  .text              ro code     0x1'621c      0x40  sprintf.o [28]
  .text              ro code     0x1'625c      0x36  strlen.o [30]
  .rodata            const       0x1'6292       0x2  drv_LKT4202.o [4]
  .text              ro code     0x1'6294     0xc90  OLED.o [11]
  .text              ro code     0x1'6f24      0x66  ABImemset.o [30]
  .rodata            const       0x1'6f8a       0x2  drv_LKT4202.o [4]
  .text              ro code     0x1'6f8c     0x6c4  drv_RTC.o [23]
  .text              ro code     0x1'7650      0xa6  ABImemcpy.o [30]
  .rodata            const       0x1'76f6       0x2  drv_LKT4202.o [4]
  .text              ro code     0x1'76f8     0x362  strto64.o [29]
  .rodata            const       0x1'7a5a       0x2  drv_LKT4202.o [4]
  .text              ro code     0x1'7a5c      0xbc  atan64.o [29]
  .text              ro code     0x1'7b18     0x68c  pow64.o [29]
  .text              ro code     0x1'81a4     0xd1a  xprintflarge_nomb.o [28]
  .rodata            const       0x1'8ebe       0x2  drv_LKT4202.o [4]
  .text              ro code     0x1'8ec0     0x4d8  hc32f460_gpio.o [20]
  .text              ro code     0x1'9398     0x928  drv_IIC.o [22]
  .text              ro code     0x1'9cc0      0xb6  User_Data.o [17]
  .rodata            const       0x1'9d76       0x2  drv_LKT4202.o [4]
  .text              ro code     0x1'9d78      0x6c  hc32f460_utility.o [20]
  .text              ro code     0x1'9de4     0xa10  hc32f460_pwc.o [20]
  .text              ro code     0x1'a7f4     0xf60  hc32f460_clk.o [20]
  .text              ro code     0x1'b754     0x8a4  hc32f460_rtc.o [20]
  .text              ro code     0x1'bff8     0xb40  hc32f460_interrupts.o [20]
  .text              ro code     0x1'cb38      0x16  strchr.o [30]
  .rodata            const       0x1'cb4e       0x2  xlocale_c.o [28]
  .text              ro code     0x1'cb50     0x1aa  DblMul.o [29]
  .rodata            const       0x1'ccfa       0x2  xlocale_c.o [28]
  .text              ro code     0x1'ccfc      0x70  frexp.o [29]
  .text              ro code     0x1'cd6c     0x246  DblDiv.o [29]
  .rodata            const       0x1'cfb2       0x1  xlocale_c.o [28]
  .text              ro code     0x1'cfb4     0x13a  ldexp.o [29]
  .text              ro code     0x1'd0ee     0x122  iar_Stopfx.o [28]
  .text              ro code     0x1'd210     0x1b8  iar_Stoflt.o [28]
  .text              ro code     0x1'd3c8     0x25e  DblAddSub.o [29]
  .text              ro code     0x1'd628     0x208  iar_Stoxflt.o [28]
  .text              ro code     0x1'd830      0x34  DblCmpGe.o [29]
  .text              ro code     0x1'd864     0x1c8  iar_Atan64.o [29]
  .text              ro code     0x1'da2c      0x20  DblCmpEq.o [29]
  .text              ro code     0x1'da4c      0x34  DblCmpLe.o [29]
  .text              ro code     0x1'da80      0x36  DblToS32.o [29]
  .text              ro code     0x1'dab8     0x32c  iar_Exp64.o [29]
  .text              ro code     0x1'dde4      0x40  xfail_s.o [28]
  .text              ro code     0x1'de24      0x58  memchr.o [30]
  .text              ro code     0x1'de7c      0x22  DblToU32.o [29]
  .text              ro code     0x1'dea0      0x1c  U32ToDbl.o [29]
  .text              ro code     0x1'debc      0x4c  xlocale_c.o [28]
  .text              ro code     0x1'df08     0x274  I64DivMod.o [30]
  .text              ro code     0x1'e17c       0x2  hc32f460_utility.o [20]
  .text              ro code     0x1'e180     0xaa0  hc32f460_i2c.o [20]
  .text              ro code     0x1'ec20      0x68  memcmp.o [30]
  .text              ro code     0x1'ec88     0x110  system_hc32f460.o [19]
  .text              ro code     0x1'ed98     0x17c  hc32f460_exint_nmi_swi.o [20]
  .text              ro code     0x1'ef14      0x14  isspace.o [28]
  .text              ro code     0x1'ef28      0x14  isalpha.o [28]
  .text              ro code     0x1'ef3c       0x6  abort.o [28]
  .text              ro code     0x1'ef44       0x2  I64DivZer.o [30]
  .text              ro code     0x1'ef48      0x14  exit.o [31]
  .text              ro code     0x1'ef5c    0x1dc8  ModbusRTU.o [10]
  .text              ro code     0x2'0d24     0xef8  drv_Storage_W25Q128.o [16]
  .text              ro code     0x2'1c1c    0x12cc  drv_USART.o [26]
  .text              ro code     0x2'2ee8      0x46  U64ToDbl.o [29]
  .text              ro code     0x2'2f2e      0x2c  strstr.o [28]
  .text              ro code     0x2'2f5c      0x12  strcmp.o [30]
  .text              ro code     0x2'2f70     0x7b4  hc32f460_spi.o [20]
  .text              ro code     0x2'3724      0x18  strcpy.o [30]
  .text              ro code     0x2'373c     0xfb0  Mainloop.o [9]
  .text              ro code     0x2'46ec     0xa48  hc32f460_usart.o [20]
  .text              ro code     0x2'5134     0xac0  hc32f460_dmac.o [20]
  .text              ro code     0x2'5bf4     0x934  hc32f460_timer0.o [20]
  .text              ro code     0x2'6528     0x3cc  BT_TB05.o [2]
  .text              ro code     0x2'68f4     0x454  drv_ADC.o [21]
  .text              ro code     0x2'6d48      0x66  RF_NFC.o [13]
  .text              ro code     0x2'6db0    0x1b24  4G_EC200U.o [1]
  .text              ro code     0x2'88d4     0x244  RXNTTL518.o [14]
  .text              ro code     0x2'8b18     0x55c  LC86L_BD.o [3]
  .text              ro code     0x2'9074     0x3ac  Photosensitive_XYC_ALS.o [12]
  .text              ro code     0x2'9420     0x2da  drv_SC7A20H.o [15]
  .text              ro code     0x2'96fc      0x28  sscanf.o [28]
  .text              ro code     0x2'9724      0xe0  mktime64.o [28]
  .text              ro code     0x2'9804     0x98c  drv_Timer.o [25]
  .text              ro code     0x2'a190    0x1d88  MQTT_SK.o [7]
  .text              ro code     0x2'bf18      0x1e  strcat.o [28]
  .text              ro code     0x2'bf38    0x1558  ModbusRTU_Device_BT.o [10]
  .text              ro code     0x2'd490     0x578  hc32f460_adc.o [20]
  .text              ro code     0x2'da08      0x4c  WatchDog.o [18]
  .text              ro code     0x2'da54      0x2a  strncmp.o [28]
  .text              ro code     0x2'da80     0x102  sqrt.o [29]
  .text              ro code     0x2'db84     0xd7c  xscanffull_nomb.o [28]
  .text              ro code     0x2'e900      0xcc  xDaysTo64.o [28]
  .text              ro code     0x2'e9cc     0x15c  xttotm64.o [28]
  .text              ro code     0x2'eb28       0x4  xTzoff_nop.o [28]
  .text              ro code     0x2'eb2c     0x9d0  hc32f460_timer4_oco.o [20]
  .text              ro code     0x2'f4fc     0x368  hc32f460_timer4_cnt.o [20]
  .text              ro code     0x2'f864      0x4c  strtok.o [28]
  .text              ro code     0x2'f8b0     0x152  iar_Stoulx.o [28]
  .text              ro code     0x2'fa04     0x1b2  iar_Stoullx.o [28]
  .text              ro code     0x2'fbb8      0xa6  iar_Stollx.o [28]
  .text              ro code     0x2'fc5e       0x6  xisdst_nop64.o [28]
  .text              ro code     0x2'fc64      0x22  strspn.o [28]
  .text              ro code     0x2'fc86      0x22  strcspn.o [28]
  .text              ro code     0x2'fca8      0x14  tolower.o [28]
  .rodata            const       0x2'fcbc     0x708  Font.o [11]
  .text              ro code     0x3'03c4     0x614  main.o [27]
  .text              ro code     0x3'09d8      0x90  hc32f460_efm.o [20]
  .text              ro code     0x3'0a68     0x188  hc32f460_sram.o [20]
  .text              ro code     0x3'0bf0      0xdc  drv_SPI.o [24]
  .text              ro code     0x3'0ccc     0x198  Lora_TP1109.o [6]
  .text              ro code     0x3'0e64     0x1e4  Magnetic_Bar.o [8]
  .text              ro code     0x3'1048     0x458  drv_LKT4202.o [4]
  .rodata            const       0x3'14a0     0x5a0  Font.o [11]
  .rodata            const       0x3'1a40     0x4c8  Font.o [11]
  .rodata            const       0x3'1f08     0x420  pow64.o [29]
  .rodata            const       0x3'2328     0x400  Font.o [11]
  .rodata            const       0x3'2728     0x200  ModbusRTU.o [10]
  .rodata            const       0x3'2928     0x200  RXNTTL518.o [14]
  .rodata            const       0x3'2b28     0x1e0  ModbusRTU_Device_BT.o [10]
  .rodata            const       0x3'2d08     0x100  ModbusRTU.o [10]
  .rodata            const       0x3'2e08     0x100  ModbusRTU.o [10]
  .text              ro code     0x3'2f08      0xa2  packbits_init.o [30]
  .rodata            const       0x3'2fac      0x64  4G_EC200U.o [1]
  .rodata            const       0x3'3010      0x54  hc32f460_exint_nmi_swi.o [20]
  .rodata            const       0x3'3064      0x54  MQTT_SK.o [7]
  .rodata            const       0x3'30b8      0x50  hc32f460_interrupts.o [20]
  .rodata            const       0x3'3108      0x50  hc32f460_timer4_cnt.o [20]
  .rodata            const       0x3'3158      0x50  hc32f460_timer4_oco.o [20]
  .rodata            const       0x3'31a8      0x50  iar_Stoulx.o [28]
  .rodata            const       0x3'31f8      0x50  iar_Stoullx.o [28]
  .rodata            const       0x3'3248      0x4c  4G_EC200U.o [1]
  .rodata            const       0x3'3294      0x4c  4G_EC200U.o [1]
  .rodata            const       0x3'32e0      0x4c  hc32f460_dmac.o [20]
  .rodata            const       0x3'332c      0x4c  hc32f460_gpio.o [20]
  .rodata            const       0x3'3378      0x4c  hc32f460_sram.o [20]
  .rodata            const       0x3'33c4      0x4c  hc32f460_timer0.o [20]
  .rodata            const       0x3'3410      0x4c  hc32f460_usart.o [20]
  .rodata            const       0x3'345c      0x48  hc32f460_adc.o [20]
  .rodata            const       0x3'34a4      0x48  hc32f460_clk.o [20]
  .rodata            const       0x3'34ec      0x48  hc32f460_efm.o [20]
  .rodata            const       0x3'3534      0x48  hc32f460_i2c.o [20]
  .rodata            const       0x3'357c      0x48  hc32f460_pwc.o [20]
  .rodata            const       0x3'35c4      0x48  hc32f460_rtc.o [20]
  .rodata            const       0x3'360c      0x48  hc32f460_spi.o [20]
  .rodata            const       0x3'3654      0x48  MQTT_SK.o [7]
  .rodata            const       0x3'369c      0x3c  4G_EC200U.o [1]
  .rodata            const       0x3'36d8      0x48  strto64.o [29]
  .text              ro code     0x3'3720      0x44  startup_hc32f460.o [19]
  .rodata            const       0x3'3764      0x3c  4G_EC200U.o [1]
  .rodata            const       0x3'37a0      0x40  iar_Atan64.o [29]
  .rodata            const       0x3'37e0      0x3c  MQTT_SK.o [7]
  .rodata            const       0x3'381c      0x3c  MQTT_SK.o [7]
  .rodata            const       0x3'3858      0x38  4G_EC200U.o [1]
  .rodata            const       0x3'3890      0x38  4G_EC200U.o [1]
  .rodata            const       0x3'38c8      0x38  4G_EC200U.o [1]
  .rodata            const       0x3'3900      0x38  4G_EC200U.o [1]
  .rodata            const       0x3'3938      0x38  4G_EC200U.o [1]
  .rodata            const       0x3'3970      0x38  MQTT_SK.o [7]
  .text              ro code     0x3'39a8      0x38  zero_init3.o [30]
  .rodata            const       0x3'39e0      0x34  4G_EC200U.o [1]
  .rodata            const       0x3'3a14      0x34  MQTT_SK.o [7]
  .rodata            const       0x3'3a48      0x34  MQTT_SK.o [7]
  .rodata            const       0x3'3a7c      0x34  MQTT_SK.o [7]
  .rodata            const       0x3'3ab0      0x30  4G_EC200U.o [1]
  .rodata            const       0x3'3ae0      0x28  MQTT_SK.o [7]
  .rodata            const       0x3'3b08      0x28  xscanffull_nomb.o [28]
  .text              ro code     0x3'3b30      0x28  data_init.o [30]
  .rodata            const       0x3'3b58      0x24  xscanffull_nomb.o [28]
  .text              ro code     0x3'3b7c      0x22  fpinit_M.o [29]
  .iar.init_table    const       0x3'3ba0      0x2c  - Linker created -
  .rodata            const       0x3'3bcc      0x20  4G_EC200U.o [1]
  .rodata            const       0x3'3bec      0x20  4G_EC200U.o [1]
  .rodata            const       0x3'3c0c      0x20  4G_EC200U.o [1]
  .rodata            const       0x3'3c2c      0x20  drv_LKT4202.o [4]
  .rodata            const       0x3'3c4c      0x20  drv_LKT4202.o [4]
  .rodata            const       0x3'3c6c      0x20  drv_RTC.o [23]
  .text              ro code     0x3'3c8c      0x1e  cmain.o [30]
  .text              ro code     0x3'3caa       0x4  low_level_init.o [28]
  .text              ro code     0x3'3cae       0x4  exit.o [28]
  .text              ro code     0x3'3cb4       0xa  cexit.o [30]
  .rodata            const       0x3'3cc0      0x1c  4G_EC200U.o [1]
  .rodata            const       0x3'3cdc      0x1c  MQTT_SK.o [7]
  .rodata            const       0x3'3cf8      0x1c  MQTT_SK.o [7]
  .rodata            const       0x3'3d14      0x1c  MQTT_SK.o [7]
  .text              ro code     0x3'3d30      0x1c  cstartup_M.o [30]
  .rodata            const       0x3'3d4c      0x18  4G_EC200U.o [1]
  .rodata            const       0x3'3d64      0x18  MQTT_SK.o [7]
  .rodata            const       0x3'3d7c      0x18  MQTT_SK.o [7]
  .rodata            const       0x3'3d94      0x18  MQTT_SK.o [7]
  .rodata            const       0x3'3dac      0x18  MQTT_SK.o [7]
  .rodata            const       0x3'3dc4      0x18  MQTT_SK.o [7]
  .rodata            const       0x3'3ddc      0x18  MQTT_SK.o [7]
  .rodata            const       0x3'3df4      0x18  MQTT_SK.o [7]
  .rodata            const       0x3'3e0c      0x18  MQTT_SK.o [7]
  .rodata            const       0x3'3e24      0x18  MQTT_SK.o [7]
  .rodata            const       0x3'3e3c      0x14  4G_EC200U.o [1]
  .rodata            const       0x3'3e50      0x14  4G_EC200U.o [1]
  .rodata            const       0x3'3e64      0x14  4G_EC200U.o [1]
  .rodata            const       0x3'3e78      0x14  4G_EC200U.o [1]
  .rodata            const       0x3'3e8c      0x14  4G_EC200U.o [1]
  .rodata            const       0x3'3ea0      0x14  4G_EC200U.o [1]
  .rodata            const       0x3'3eb4      0x14  4G_EC200U.o [1]
  .rodata            const       0x3'3ec8      0x14  4G_EC200U.o [1]
  .rodata            const       0x3'3edc      0x14  4G_EC200U.o [1]
  .rodata            const       0x3'3ef0      0x14  BT_TB05.o [2]
  .rodata            const       0x3'3f04      0x14  Mainloop.o [9]
  .rodata            const       0x3'3f18      0x14  MQTT_SK.o [7]
  .rodata            const       0x3'3f2c      0x14  MQTT_SK.o [7]
  .rodata            const       0x3'3f40      0x14  MQTT_SK.o [7]
  .rodata            const       0x3'3f54      0x14  MQTT_SK.o [7]
  .rodata            const       0x3'3f68      0x14  MQTT_SK.o [7]
  .rodata            const       0x3'3f7c      0x14  MQTT_SK.o [7]
  .rodata            const       0x3'3f90      0x14  MQTT_SK.o [7]
  .rodata            const       0x3'3fa4      0x14  MQTT_SK.o [7]
  .rodata            const       0x3'3fb8      0x14  MQTT_SK.o [7]
  .rodata            const       0x3'3fcc      0x14  MQTT_SK.o [7]
  .rodata            const       0x3'3fe0      0x14  MQTT_SK.o [7]
  .rodata            const       0x3'3ff4      0x14  MQTT_SK.o [7]
  .rodata            const       0x3'4008      0x14  MQTT_SK.o [7]
  .rodata            const       0x3'401c      0x14  MQTT_SK.o [7]
  .rodata            const       0x3'4030      0x14  MQTT_SK.o [7]
  .rodata            const       0x3'4044      0x14  MQTT_SK.o [7]
  .rodata            const       0x3'4058      0x14  MQTT_SK.o [7]
  .rodata            const       0x3'406c      0x14  MQTT_SK.o [7]
  .rodata            const       0x3'4080      0x14  MQTT_SK.o [7]
  .rodata            const       0x3'4094      0x14  MQTT_SK.o [7]
  .rodata            const       0x3'40a8      0x14  MQTT_SK.o [7]
  .rodata            const       0x3'40bc      0x14  MQTT_SK.o [7]
  .rodata            const       0x3'40d0      0x14  MQTT_SK.o [7]
  .rodata            const       0x3'40e4      0x14  MQTT_SK.o [7]
  .rodata            const       0x3'40f8      0x14  MQTT_SK.o [7]
  .rodata            const       0x3'410c      0x14  MQTT_SK.o [7]
  .rodata            const       0x3'4120      0x14  MQTT_SK.o [7]
  .rodata            const       0x3'4134      0x14  MQTT_SK.o [7]
  .rodata            const       0x3'4148      0x14  MQTT_SK.o [7]
  .rodata            const       0x3'415c      0x14  MQTT_SK.o [7]
  .rodata            const       0x3'4170      0x14  MQTT_SK.o [7]
  .rodata            const       0x3'4184      0x14  MQTT_SK.o [7]
  .rodata            const       0x3'4198      0x14  MQTT_SK.o [7]
  .rodata            const       0x3'41ac      0x14  MQTT_SK.o [7]
  .rodata            const       0x3'41c0      0x14  MQTT_SK.o [7]
  .rodata            const       0x3'41d4      0x14  MQTT_SK.o [7]
  .rodata            const       0x3'41e8      0x10  4G_EC200U.o [1]
  .rodata            const       0x3'41f8      0x10  4G_EC200U.o [1]
  .rodata            const       0x3'4208      0x10  4G_EC200U.o [1]
  .rodata            const       0x3'4218      0x10  4G_EC200U.o [1]
  .rodata            const       0x3'4228      0x10  4G_EC200U.o [1]
  .rodata            const       0x3'4238      0x10  4G_EC200U.o [1]
  .rodata            const       0x3'4248      0x10  4G_EC200U.o [1]
  .rodata            const       0x3'4258      0x10  4G_EC200U.o [1]
  .rodata            const       0x3'4268      0x10  BT_TB05.o [2]
  .rodata            const       0x3'4278      0x10  hc32f460_usart.o [20]
  .rodata            const       0x3'4288      0x10  main.o [27]
  .rodata            const       0x3'4298      0x10  ModbusRTU.o [10]
  .rodata            const       0x3'42a8      0x10  MQTT_SK.o [7]
  .rodata            const       0x3'42b8      0x10  MQTT_SK.o [7]
  .rodata            const       0x3'42c8      0x10  MQTT_SK.o [7]
  .rodata            const       0x3'42d8      0x10  MQTT_SK.o [7]
  .rodata            const       0x3'42e8      0x10  MQTT_SK.o [7]
  .rodata            const       0x3'42f8      0x10  MQTT_SK.o [7]
  .rodata            const       0x3'4308      0x10  MQTT_SK.o [7]
  .rodata            const       0x3'4318      0x10  MQTT_SK.o [7]
  .rodata            const       0x3'4328      0x10  MQTT_SK.o [7]
  .rodata            const       0x3'4338      0x10  MQTT_SK.o [7]
  .rodata            const       0x3'4348      0x10  MQTT_SK.o [7]
  .rodata            const       0x3'4358      0x10  MQTT_SK.o [7]
  .rodata            const       0x3'4368      0x10  MQTT_SK.o [7]
  .rodata            const       0x3'4378      0x10  MQTT_SK.o [7]
  .rodata            const       0x3'4388      0x10  MQTT_SK.o [7]
  .rodata            const       0x3'4398      0x10  MQTT_SK.o [7]
  .rodata            const       0x3'43a8      0x10  MQTT_SK.o [7]
  .rodata            const       0x3'43b8      0x10  MQTT_SK.o [7]
  .rodata            const       0x3'43c8      0x10  MQTT_SK.o [7]
  .rodata            const       0x3'43d8      0x10  MQTT_SK.o [7]
  .rodata            const       0x3'43e8      0x10  MQTT_SK.o [7]
  .rodata            const       0x3'43f8       0xc  4G_EC200U.o [1]
  .rodata            const       0x3'4404       0xc  4G_EC200U.o [1]
  .rodata            const       0x3'4410       0xc  4G_EC200U.o [1]
  .rodata            const       0x3'441c       0xc  4G_EC200U.o [1]
  .rodata            const       0x3'4428       0xc  4G_EC200U.o [1]
  .rodata            const       0x3'4434       0xc  4G_EC200U.o [1]
  .rodata            const       0x3'4440       0xc  4G_EC200U.o [1]
  .rodata            const       0x3'444c       0xc  4G_EC200U.o [1]
  .rodata            const       0x3'4458       0xc  4G_EC200U.o [1]
  .rodata            const       0x3'4464       0xc  4G_EC200U.o [1]
  .rodata            const       0x3'4470       0xc  4G_EC200U.o [1]
  .rodata            const       0x3'447c       0xc  4G_EC200U.o [1]
  .rodata            const       0x3'4488       0xc  4G_EC200U.o [1]
  .rodata            const       0x3'4494       0xc  4G_EC200U.o [1]
  .rodata            const       0x3'44a0       0xc  4G_EC200U.o [1]
  .rodata            const       0x3'44ac       0xc  4G_EC200U.o [1]
  .rodata            const       0x3'44b8       0xc  4G_EC200U.o [1]
  .rodata            const       0x3'44c4       0xc  BT_TB05.o [2]
  .rodata            const       0x3'44d0       0xc  drv_LKT4202.o [4]
  .rodata            const       0x3'44dc       0xc  drv_LKT4202.o [4]
  .rodata            const       0x3'44e8       0xc  drv_USART.o [26]
  .rodata            const       0x3'44f4       0xc  drv_USART.o [26]
  .rodata            const       0x3'4500       0xc  drv_USART.o [26]
  .rodata            const       0x3'450c       0xc  Mainloop.o [9]
  .rodata            const       0x3'4518       0xc  Mainloop.o [9]
  .rodata            const       0x3'4524       0xc  ModbusRTU.o [10]
  .rodata            const       0x3'4530       0xc  ModbusRTU.o [10]
  .rodata            const       0x3'453c       0xc  MQTT_SK.o [7]
  .rodata            const       0x3'4548       0xc  MQTT_SK.o [7]
  .rodata            const       0x3'4554       0xc  MQTT_SK.o [7]
  .rodata            const       0x3'4560       0xc  MQTT_SK.o [7]
  .rodata            const       0x3'456c       0x8  4G_EC200U.o [1]
  .rodata            const       0x3'4574       0x8  4G_EC200U.o [1]
  .rodata            const       0x3'457c       0x8  4G_EC200U.o [1]
  .rodata            const       0x3'4584       0x8  4G_EC200U.o [1]
  .rodata            const       0x3'458c       0x8  4G_EC200U.o [1]
  .rodata            const       0x3'4594       0x8  4G_EC200U.o [1]
  .rodata            const       0x3'459c       0x8  4G_EC200U.o [1]
  .rodata            const       0x3'45a4       0x8  4G_EC200U.o [1]
  .rodata            const       0x3'45ac       0x8  4G_EC200U.o [1]
  .rodata            const       0x3'45b4       0x8  4G_EC200U.o [1]
  .rodata            const       0x3'45bc       0x8  4G_EC200U.o [1]
  .rodata            const       0x3'45c4       0x8  4G_EC200U.o [1]
  .rodata            const       0x3'45cc       0x8  4G_EC200U.o [1]
  .rodata            const       0x3'45d4       0x8  4G_EC200U.o [1]
  .rodata            const       0x3'45dc       0x8  4G_EC200U.o [1]
  .rodata            const       0x3'45e4       0x8  4G_EC200U.o [1]
  .rodata            const       0x3'45ec       0x8  4G_EC200U.o [1]
  .rodata            const       0x3'45f4       0x8  Display.o [11]
  .rodata            const       0x3'45fc       0x8  drv_LKT4202.o [4]
  .rodata            const       0x3'4604       0x8  drv_LKT4202.o [4]
  .rodata            const       0x3'460c       0x8  drv_SC7A20H.o [15]
  .rodata            const       0x3'4614       0x8  LC86L_BD.o [3]
  .rodata            const       0x3'461c       0x8  LC86L_BD.o [3]
  .rodata            const       0x3'4624       0x8  main.o [27]
  .rodata            const       0x3'462c       0x8  Mainloop.o [9]
  .rodata            const       0x3'4634       0x8  Mainloop.o [9]
  .rodata            const       0x3'463c       0x8  MQTT_SK.o [7]
  .rodata            const       0x3'4644       0x8  MQTT_SK.o [7]
  .rodata            const       0x3'464c       0x8  MQTT_SK.o [7]
  .rodata            const       0x3'4654       0x8  MQTT_SK.o [7]
  .rodata            const       0x3'465c       0x4  drv_RTC.o [23]
  .text              ro code     0x3'4660       0x4  startup_hc32f460.o [19]
  .text              ro code     0x3'4664       0x4  startup_hc32f460.o [19]
  .text              ro code     0x3'4668       0x4  startup_hc32f460.o [19]
  .text              ro code     0x3'466c       0x4  startup_hc32f460.o [19]
  .text              ro code     0x3'4670       0x4  startup_hc32f460.o [19]
  .text              ro code     0x3'4674       0x4  startup_hc32f460.o [19]
  .text              ro code     0x3'4678       0x4  startup_hc32f460.o [19]
  .text              ro code     0x3'467c       0x4  startup_hc32f460.o [19]
  .text              ro code     0x3'4680       0x4  startup_hc32f460.o [19]
  .text              ro code     0x3'4684       0x4  startup_hc32f460.o [19]
  .text              ro code     0x3'4688       0x4  startup_hc32f460.o [19]
  .text              ro code     0x3'468c       0x4  startup_hc32f460.o [19]
  .text              ro code     0x3'4690       0x4  startup_hc32f460.o [19]
  .text              ro code     0x3'4694       0x4  startup_hc32f460.o [19]
  .text              ro code     0x3'4698       0x4  startup_hc32f460.o [19]
  .text              ro code     0x3'469c       0x4  startup_hc32f460.o [19]
  .rodata            const       0x3'46a0       0x0  zero_init3.o [30]
  .rodata            const       0x3'46a0       0x0  packbits_init.o [30]
  Initializer bytes  const       0x3'46a0     0x138  <for P2 s0>
                               - 0x3'47d8  0x2'0558

"P2", part 1 of 3:                            0x307
  P2 s0                       0x2000'0000     0x307  <Init block>
    .data            inited   0x2000'0000     0x108  User_Data.o [17]
    .data            inited   0x2000'0108      0x8c  RXNTTL518.o [14]
    .data            inited   0x2000'0194      0x80  ModbusRTU_Device_BT.o [10]
    .data            inited   0x2000'0214      0x48  xlocale_c.o [28]
    .data            inited   0x2000'025c      0x38  xlocale_c.o [28]
    .data            inited   0x2000'0294      0x24  BT_TB05.o [2]
    .data            inited   0x2000'02b8      0x20  BT_TB05.o [2]
    .data            inited   0x2000'02d8      0x14  BT_TB05.o [2]
    .data            inited   0x2000'02ec       0x8  BT_TB05.o [2]
    .data            inited   0x2000'02f4       0x4  BT_TB05.o [2]
    .data            inited   0x2000'02f8       0x4  system_hc32f460.o [19]
    .data            inited   0x2000'02fc       0x4  system_hc32f460.o [19]
    .data            inited   0x2000'0300       0x1  drv_IIC.o [22]
    .data            inited   0x2000'0301       0x1  drv_IIC.o [22]
    .data            inited   0x2000'0302       0x1  drv_IIC.o [22]
    .data            inited   0x2000'0303       0x1  drv_IIC.o [22]
    .data            inited   0x2000'0304       0x1  hc32f460_pwc.o [20]
    .data            inited   0x2000'0305       0x1  ModbusRTU.o [10]
    .data            inited   0x2000'0306       0x1  ModbusRTU.o [10]
                            - 0x2000'0307     0x307

"P2", part 2 of 3:                           0x651c
  .bss               zero     0x2000'0308    0x4dd0  User_Data.o [17]
  .bss               zero     0x2000'50d8    0x1000  drv_Storage_W25Q128.o [16]
  .bss               zero     0x2000'60d8     0x400  User_Data.o [17]
  .bss               zero     0x2000'64d8     0x200  hc32f460_interrupts.o [20]
  .bss               zero     0x2000'66d8      0x2c  xttotm64.o [28]
  .bss               zero     0x2000'6704      0x24  drv_ADC.o [21]
  .bss               zero     0x2000'6728      0x20  User_Data.o [17]
  .bss               zero     0x2000'6748      0x14  drv_ADC.o [21]
  .bss               zero     0x2000'675c      0x14  hc32f460_pwc.o [20]
  .bss               zero     0x2000'6770      0x14  User_Data.o [17]
  .bss               zero     0x2000'6784      0x14  User_Data.o [17]
  .bss               zero     0x2000'6798       0x8  main.o [27]
  .bss               zero     0x2000'67a0       0x4  4G_EC200U.o [1]
  .bss               zero     0x2000'67a4       0x4  BT_TB05.o [2]
  .bss               zero     0x2000'67a8       0x4  drv_RTC.o [23]
  .bss               zero     0x2000'67ac       0x4  drv_SC7A20H.o [15]
  .bss               zero     0x2000'67b0       0x4  drv_Storage_W25Q128.o [16]
  .bss               zero     0x2000'67b4       0x4  drv_Timer.o [25]
  .bss               zero     0x2000'67b8       0x4  drv_USART.o [26]
  .bss               zero     0x2000'67bc       0x4  hc32f460_exint_nmi_swi.o [20]
  .bss               zero     0x2000'67c0       0x4  LC86L_BD.o [3]
  .bss               zero     0x2000'67c4       0x4  Lora_TP1109.o [6]
  .bss               zero     0x2000'67c8       0x4  Magnetic_Bar.o [8]
  .bss               zero     0x2000'67cc       0x4  main.o [27]
  .bss               zero     0x2000'67d0       0x4  Mainloop.o [9]
  .bss               zero     0x2000'67d4       0x4  ModbusRTU.o [10]
  .bss               zero     0x2000'67d8       0x4  ModbusRTU_Device_BT.o [10]
  .bss               zero     0x2000'67dc       0x4  ModbusRTU_Device_BT.o [10]
  .bss               zero     0x2000'67e0       0x4  MQTT_SK.o [7]
  .bss               zero     0x2000'67e4       0x4  OLED.o [11]
  .bss               zero     0x2000'67e8       0x4  Photosensitive_XYC_ALS.o [12]
  .bss               zero     0x2000'67ec       0x4  RXNTTL518.o [14]
  .bss               zero     0x2000'67f0       0x4  strtok.o [28]
  .bss               zero     0x2000'67f4       0x4  xfail_s.o [28]
  .bss               zero     0x2000'67f8       0x2  BT_TB05.o [2]
  .bss               zero     0x2000'67fa       0x2  drv_Timer.o [25]
  .bss               zero     0x2000'67fc       0x2  ModbusRTU_Device_BT.o [10]
  .bss               zero     0x2000'67fe       0x2  ModbusRTU_Device_BT.o [10]
  .bss               zero     0x2000'6800       0x1  4G_EC200U.o [1]
  .bss               zero     0x2000'6801       0x1  4G_EC200U.o [1]
  .bss               zero     0x2000'6802       0x1  4G_EC200U.o [1]
  .bss               zero     0x2000'6803       0x1  4G_EC200U.o [1]
  .bss               zero     0x2000'6804       0x1  BT_TB05.o [2]
  .bss               zero     0x2000'6805       0x1  drv_IIC.o [22]
  .bss               zero     0x2000'6806       0x1  drv_Timer.o [25]
  .bss               zero     0x2000'6807       0x1  drv_Timer.o [25]
  .bss               zero     0x2000'6808       0x1  drv_Timer.o [25]
  .bss               zero     0x2000'6809       0x1  drv_Timer.o [25]
  .bss               zero     0x2000'680a       0x1  drv_Timer.o [25]
  .bss               zero     0x2000'680b       0x1  drv_Timer.o [25]
  .bss               zero     0x2000'680c       0x1  drv_Timer.o [25]
  .bss               zero     0x2000'680d       0x1  drv_Timer.o [25]
  .bss               zero     0x2000'680e       0x1  drv_Timer.o [25]
  .bss               zero     0x2000'680f       0x1  drv_Timer.o [25]
  .bss               zero     0x2000'6810       0x1  hc32f460_dmac.o [20]
  .bss               zero     0x2000'6811       0x1  hc32f460_pwc.o [20]
  .bss               zero     0x2000'6812       0x1  hc32f460_pwc.o [20]
  .bss               zero     0x2000'6813       0x1  hc32f460_pwc.o [20]
  .bss               zero     0x2000'6814       0x1  hc32f460_pwc.o [20]
  .bss               zero     0x2000'6815       0x1  main.o [27]
  .bss               zero     0x2000'6816       0x1  main.o [27]
  .bss               zero     0x2000'6817       0x1  Mainloop.o [9]
  .bss               zero     0x2000'6818       0x1  Mainloop.o [9]
  .bss               zero     0x2000'6819       0x1  Mainloop.o [9]
  .bss               zero     0x2000'681a       0x1  Mainloop.o [9]
  .bss               zero     0x2000'681b       0x1  ModbusRTU_Device_BT.o [10]
  .bss               zero     0x2000'681c       0x1  ModbusRTU_Device_BT.o [10]
  .bss               zero     0x2000'681d       0x1  ModbusRTU_Device_BT.o [10]
  .bss               zero     0x2000'681e       0x1  User_Data.o [17]
  .bss               zero     0x2000'681f       0x1  User_Data.o [17]
  .bss               zero     0x2000'6820       0x1  User_Data.o [17]
  .bss               zero     0x2000'6821       0x1  User_Data.o [17]
  .bss               zero     0x2000'6822       0x1  User_Data.o [17]
                            - 0x2000'6823    0x651b

"P2", part 3 of 3:                           0x2000
  CSTACK                      0x2000'6828    0x2000  <Block>
    CSTACK           uninit   0x2000'6828    0x2000  <Block tail>
                            - 0x2000'8828    0x2000

Unused ranges:

         From           To      Size
         ----           --      ----
     0x3'47d8     0x7'ffff  0x4'b828
   0x300'0c00   0x300'0ffb     0x3fc
  0x1fff'8000  0x1fff'ffff    0x8000
  0x2000'0307  0x2000'0307       0x1
  0x2000'6824  0x2000'6827       0x4
  0x2000'8828  0x2000'ffff    0x77d8
  0x2001'0000  0x2001'ffff  0x1'0000
  0x2002'0000  0x2002'6fff    0x7000
  0x200f'0000  0x200f'0fff    0x1000


*******************************************************************************
*** INIT TABLE
***

          Address      Size
          -------      ----
Zero (__iar_zero_init3)
    1 destination range, total size 0x651b:
          0x2000'0308  0x651b

Copy/packbits (__iar_packbits_init3)
    1 source range, total size 0x138 (40% of destination):
             0x3'46a0   0x138
    1 destination range, total size 0x307:
          0x2000'0000   0x307



*******************************************************************************
*** MODULE SUMMARY
***

    Module                    ro code  ro data  rw data  ro data
                                                          (abs)
    ------                    -------  -------  -------  -------
command line/config:
    ------------------------------------------------------------
    Total:

D:\Myself\WorkProcess\SK\HC32F460_WorkProcess\example\Source\Pipe_Monitor\Pipe_Monitor_App\EWARM\output\debug\Obj\4G_EC200U_8582873453978518366.dir: [1]
    4G_EC200U.o                 6'948    1'548        8
    ------------------------------------------------------------
    Total:                      6'948    1'548        8

D:\Myself\WorkProcess\SK\HC32F460_WorkProcess\example\Source\Pipe_Monitor\Pipe_Monitor_App\EWARM\output\debug\Obj\BT_TB05_12041724360499981866.dir: [2]
    BT_TB05.o                     972       88      107
    ------------------------------------------------------------
    Total:                        972       88      107

D:\Myself\WorkProcess\SK\HC32F460_WorkProcess\example\Source\Pipe_Monitor\Pipe_Monitor_App\EWARM\output\debug\Obj\LC86L_BD_9822625824417385734.dir: [3]
    LC86L_BD.o                  1'372       16        4
    ------------------------------------------------------------
    Total:                      1'372       16        4

D:\Myself\WorkProcess\SK\HC32F460_WorkProcess\example\Source\Pipe_Monitor\Pipe_Monitor_App\EWARM\output\debug\Obj\LKT4202_1925765440156868983.dir: [4]
    drv_LKT4202.o               1'112      116
    ------------------------------------------------------------
    Total:                      1'112      116

D:\Myself\WorkProcess\SK\HC32F460_WorkProcess\example\Source\Pipe_Monitor\Pipe_Monitor_App\EWARM\output\debug\Obj\LoRa_RA02_5139138412578801246.dir: [5]
    ------------------------------------------------------------
    Total:

D:\Myself\WorkProcess\SK\HC32F460_WorkProcess\example\Source\Pipe_Monitor\Pipe_Monitor_App\EWARM\output\debug\Obj\Lora_TP1109_151720617378073083.dir: [6]
    Lora_TP1109.o                 408                 4
    ------------------------------------------------------------
    Total:                        408                 4

D:\Myself\WorkProcess\SK\HC32F460_WorkProcess\example\Source\Pipe_Monitor\Pipe_Monitor_App\EWARM\output\debug\Obj\MQTT_SK_4724149239023757000.dir: [7]
    MQTT_SK.o                   7'560    1'964        4
    ------------------------------------------------------------
    Total:                      7'560    1'964        4

D:\Myself\WorkProcess\SK\HC32F460_WorkProcess\example\Source\Pipe_Monitor\Pipe_Monitor_App\EWARM\output\debug\Obj\Magnetic_Bar_17520218520042908049.dir: [8]
    Magnetic_Bar.o                484                 4
    ------------------------------------------------------------
    Total:                        484                 4

D:\Myself\WorkProcess\SK\HC32F460_WorkProcess\example\Source\Pipe_Monitor\Pipe_Monitor_App\EWARM\output\debug\Obj\Mainloop_18272944273632151421.dir: [9]
    Mainloop.o                  4'016       60        8
    ------------------------------------------------------------
    Total:                      4'016       60        8

D:\Myself\WorkProcess\SK\HC32F460_WorkProcess\example\Source\Pipe_Monitor\Pipe_Monitor_App\EWARM\output\debug\Obj\ModbusRTU_17682219295068567368.dir: [10]
    ModbusRTU.o                 7'624    1'065        6
    ModbusRTU_Device_BT.o       5'464      532      143
    ------------------------------------------------------------
    Total:                     13'088    1'597      149

D:\Myself\WorkProcess\SK\HC32F460_WorkProcess\example\Source\Pipe_Monitor\Pipe_Monitor_App\EWARM\output\debug\Obj\OLED_13473777563621607307.dir: [11]
    Display.o                   7'800        8
    Font.o                               5'488
    OLED.o                      3'216                 4
    ------------------------------------------------------------
    Total:                     11'016    5'496        4

D:\Myself\WorkProcess\SK\HC32F460_WorkProcess\example\Source\Pipe_Monitor\Pipe_Monitor_App\EWARM\output\debug\Obj\Photosensitive_XYC_ALS_28064708180949255.dir: [12]
    Photosensitive_XYC_ALS.o      940                 4
    ------------------------------------------------------------
    Total:                        940                 4

D:\Myself\WorkProcess\SK\HC32F460_WorkProcess\example\Source\Pipe_Monitor\Pipe_Monitor_App\EWARM\output\debug\Obj\RF_NFC_10628150809568064830.dir: [13]
    RF_NFC.o                      102
    ------------------------------------------------------------
    Total:                        102

D:\Myself\WorkProcess\SK\HC32F460_WorkProcess\example\Source\Pipe_Monitor\Pipe_Monitor_App\EWARM\output\debug\Obj\RXNTTL518_17808510930951076202.dir: [14]
    RXNTTL518.o                   580      568      144
    ------------------------------------------------------------
    Total:                        580      568      144

D:\Myself\WorkProcess\SK\HC32F460_WorkProcess\example\Source\Pipe_Monitor\Pipe_Monitor_App\EWARM\output\debug\Obj\SC7A20H_13085057635104233901.dir: [15]
    drv_SC7A20H.o                 730        8        4
    ------------------------------------------------------------
    Total:                        730        8        4

D:\Myself\WorkProcess\SK\HC32F460_WorkProcess\example\Source\Pipe_Monitor\Pipe_Monitor_App\EWARM\output\debug\Obj\Storage_W25Q128_4738127093883701884.dir: [16]
    drv_Storage_W25Q128.o       3'832             4'100
    ------------------------------------------------------------
    Total:                      3'832             4'100

D:\Myself\WorkProcess\SK\HC32F460_WorkProcess\example\Source\Pipe_Monitor\Pipe_Monitor_App\EWARM\output\debug\Obj\User_Data_5391006662705040797.dir: [17]
    User_Data.o                   182      106   21'285
    ------------------------------------------------------------
    Total:                        182      106   21'285

D:\Myself\WorkProcess\SK\HC32F460_WorkProcess\example\Source\Pipe_Monitor\Pipe_Monitor_App\EWARM\output\debug\Obj\WatchDog_9188475617120297074.dir: [18]
    WatchDog.o                     76
    ------------------------------------------------------------
    Total:                         76

D:\Myself\WorkProcess\SK\HC32F460_WorkProcess\example\Source\Pipe_Monitor\Pipe_Monitor_App\EWARM\output\debug\Obj\common_14919461937644757070.dir: [19]
    startup_hc32f460.o            772
    system_hc32f460.o             272        4        8
    ------------------------------------------------------------
    Total:                      1'044        4        8

D:\Myself\WorkProcess\SK\HC32F460_WorkProcess\example\Source\Pipe_Monitor\Pipe_Monitor_App\EWARM\output\debug\Obj\driver_11944700488488147666.dir: [20]
    hc32f460_adc.o              1'400       72
    hc32f460_clk.o              3'936       72
    hc32f460_dmac.o             2'752       76        1
    hc32f460_efm.o                144       72
    hc32f460_exint_nmi_swi.o      380       84        4
    hc32f460_gpio.o             1'240       76
    hc32f460_i2c.o              2'720       72
    hc32f460_icg.o                                            32
    hc32f460_interrupts.o       2'880       80      512
    hc32f460_pwc.o              2'576       73       25
    hc32f460_rtc.o              2'212       72
    hc32f460_spi.o              1'972       72
    hc32f460_sram.o               392       76
    hc32f460_timer0.o           2'356       76
    hc32f460_timer4_cnt.o         872       80
    hc32f460_timer4_oco.o       2'512       80
    hc32f460_usart.o            2'632       92
    hc32f460_utility.o            110
    ------------------------------------------------------------
    Total:                     31'086    1'225      542       32

D:\Myself\WorkProcess\SK\HC32F460_WorkProcess\example\Source\Pipe_Monitor\Pipe_Monitor_App\EWARM\output\debug\Obj\drv_ADC_15186207816091091275.dir: [21]
    drv_ADC.o                   1'108                56
    ------------------------------------------------------------
    Total:                      1'108                56

D:\Myself\WorkProcess\SK\HC32F460_WorkProcess\example\Source\Pipe_Monitor\Pipe_Monitor_App\EWARM\output\debug\Obj\drv_IIC_18060258103304213159.dir: [22]
    drv_IIC.o                   2'344        1        5
    ------------------------------------------------------------
    Total:                      2'344        1        5

D:\Myself\WorkProcess\SK\HC32F460_WorkProcess\example\Source\Pipe_Monitor\Pipe_Monitor_App\EWARM\output\debug\Obj\drv_RTC_2577979922006117733.dir: [23]
    drv_RTC.o                   1'732       36        4
    ------------------------------------------------------------
    Total:                      1'732       36        4

D:\Myself\WorkProcess\SK\HC32F460_WorkProcess\example\Source\Pipe_Monitor\Pipe_Monitor_App\EWARM\output\debug\Obj\drv_SPI_4333388098947449637.dir: [24]
    drv_SPI.o                     220
    ------------------------------------------------------------
    Total:                        220

D:\Myself\WorkProcess\SK\HC32F460_WorkProcess\example\Source\Pipe_Monitor\Pipe_Monitor_App\EWARM\output\debug\Obj\drv_Timer_6973001687617930806.dir: [25]
    drv_Timer.o                 2'444                16
    ------------------------------------------------------------
    Total:                      2'444                16

D:\Myself\WorkProcess\SK\HC32F460_WorkProcess\example\Source\Pipe_Monitor\Pipe_Monitor_App\EWARM\output\debug\Obj\drv_USART_14144334009435087269.dir: [26]
    drv_USART.o                 4'812       36        4
    ------------------------------------------------------------
    Total:                      4'812       36        4

D:\Myself\WorkProcess\SK\HC32F460_WorkProcess\example\Source\Pipe_Monitor\Pipe_Monitor_App\EWARM\output\debug\Obj\source_5634686896477721948.dir: [27]
    main.o                      1'556       24       14
    ------------------------------------------------------------
    Total:                      1'556       24       14

dl7M_tlf.a: [28]
    abort.o                         6
    exit.o                          4
    iar_Stoflt.o                  440
    iar_Stollx.o                  166
    iar_Stopfx.o                  290
    iar_Stoullx.o                 434       80
    iar_Stoulx.o                  338       80
    iar_Stoxflt.o                 520
    isalpha.o                      20
    isspace.o                      20
    low_level_init.o                4
    mktime64.o                    224
    sprintf.o                      64
    sscanf.o                       40
    strcat.o                       30
    strcspn.o                      34
    strncmp.o                      42
    strspn.o                       34
    strstr.o                       44
    strtok.o                       76                 4
    tolower.o                      20
    xDaysTo64.o                   204
    xTzoff_nop.o                    4
    xfail_s.o                      64                 4
    xisdst_nop64.o                  6
    xlocale_c.o                    76       56      128
    xprintflarge_nomb.o         3'354
    xscanffull_nomb.o           3'452       76
    xsprout.o                      10
    xsscin.o                       30
    xttotm64.o                    348                44
    ------------------------------------------------------------
    Total:                     10'398      292      180

m7M_tls.a: [29]
    DblAddSub.o                   606
    DblCmpEq.o                     32
    DblCmpGe.o                     52
    DblCmpLe.o                     52
    DblDiv.o                      582
    DblMul.o                      426
    DblToFlt.o                    104
    DblToS32.o                     54
    DblToU32.o                     34
    FltToDbl.o                     72
    S32ToDbl.o                     34
    U32ToDbl.o                     28
    U64ToDbl.o                     70
    atan64.o                      188
    fpinit_M.o                     34
    frexp.o                       112
    iar_Atan64.o                  456       64
    iar_Exp64.o                   812
    ldexp.o                       314
    math_wrappers64.o              42
    pow64.o                     1'676    1'056
    sqrt.o                        258
    strto64.o                     866       72
    ------------------------------------------------------------
    Total:                      6'904    1'192

rt7M_tl.a: [30]
    ABImemcpy.o                   166
    ABImemset.o                   102
    I64DivMod.o                   628
    I64DivZer.o                     2
    cexit.o                        10
    cmain.o                        30
    cstartup_M.o                   28
    data_init.o                    40
    memchr.o                       88
    memcmp.o                      104
    packbits_init.o               162
    strchr.o                       22
    strcmp.o                       18
    strcpy.o                       24
    strlen.o                       54
    zero_init3.o                   56
    ------------------------------------------------------------
    Total:                      1'534

shb_l.a: [31]
    exit.o                         20
    ------------------------------------------------------------
    Total:                         20

    Gaps                           33        6
    Linker created                          44    8'192
----------------------------------------------------------------
    Grand Total:              118'653   14'427   34'850       32


*******************************************************************************
*** ENTRY LIST
***

Entry                       Address    Size  Type      Object
-----                       -------    ----  ----      ------
.iar.init_table$$Base      0x3'3ba0           --   Gb  - Linker created -
.iar.init_table$$Limit     0x3'3bcc           --   Gb  - Linker created -
?main                      0x3'3c8d          Code  Gb  cmain.o [30]
ADC_AddAdcChannel          0x2'd6a5    0xbe  Code  Gb  hc32f460_adc.o [20]
ADC_AddAvgChannel          0x2'd7d5    0x66  Code  Gb  hc32f460_adc.o [20]
ADC_ConfigAvg              0x2'd76d    0x64  Code  Gb  hc32f460_adc.o [20]
ADC_DeInit                 0x2'd5a5   0x100  Code  Gb  hc32f460_adc.o [20]
ADC_GetChData              0x2'd931    0x98  Code  Gb  hc32f460_adc.o [20]
ADC_Init                   0x2'd491   0x114  Code  Gb  hc32f460_adc.o [20]
ADC_PollingSa              0x2'd83b    0xf6  Code  Gb  hc32f460_adc.o [20]
ADC_ReadAllData            0x2'd9dd    0x2c  Code  Lc  hc32f460_adc.o [20]
AdcChannelConfig           0x2'69c5    0x70  Code  Lc  drv_ADC.o [21]
AdcClockConfig             0x2'68f5    0x78  Code  Lc  drv_ADC.o [21]
AdcInitConfig              0x2'696d    0x58  Code  Lc  drv_ADC.o [21]
AsyncDelay                 0x2'5c5d    0x76  Code  Lc  hc32f460_timer0.o [20]
BusFault_Handler           0x1'c0d5     0x8  Code  Gb  hc32f460_interrupts.o [20]
CLK_ClearFcmFlag           0x1'b6c1    0x5c  Code  Gb  hc32f460_clk.o [20]
CLK_FcmCmd                 0x1'b617    0x28  Code  Gb  hc32f460_clk.o [20]
CLK_FcmConfig              0x1'b365   0x2b2  Code  Gb  hc32f460_clk.o [20]
CLK_GetClockFreq           0x1'b121   0x116  Code  Gb  hc32f460_clk.o [20]
CLK_GetFcmCounter          0x1'b63f     0x8  Code  Gb  hc32f460_clk.o [20]
CLK_GetFcmFlag             0x1'b659    0x62  Code  Gb  hc32f460_clk.o [20]
CLK_GetFlagStatus          0x1'b2b5    0x8a  Code  Gb  hc32f460_clk.o [20]
CLK_MpllCmd                0x1'abd7    0xb0  Code  Gb  hc32f460_clk.o [20]
CLK_MpllConfig             0x1'aa7b   0x15c  Code  Gb  hc32f460_clk.o [20]
CLK_SetPeriClkSource       0x1'b245    0x58  Code  Gb  hc32f460_clk.o [20]
CLK_SetPllSource           0x1'aa2b    0x50  Code  Gb  hc32f460_clk.o [20]
CLK_SetSysClkSource        0x1'ae79   0x104  Code  Gb  hc32f460_clk.o [20]
CLK_SysClkConfig           0x1'af91   0x188  Code  Gb  hc32f460_clk.o [20]
CLK_UpllCmd                0x1'add5    0xa4  Code  Gb  hc32f460_clk.o [20]
CLK_UpllConfig             0x1'ac87   0x14e  Code  Gb  hc32f460_clk.o [20]
CLK_Xtal32Cmd              0x1'a993    0x98  Code  Gb  hc32f460_clk.o [20]
CLK_Xtal32Config           0x1'a943    0x50  Code  Gb  hc32f460_clk.o [20]
CLK_XtalCmd                0x1'a84f    0xf4  Code  Gb  hc32f460_clk.o [20]
CLK_XtalConfig             0x1'a7f5    0x5a  Code  Gb  hc32f460_clk.o [20]
CSTACK$$Base            0x2000'6828           --   Gb  - Linker created -
CSTACK$$Limit           0x2000'8828           --   Gb  - Linker created -
Clock_MeasureConfig        0x1'7161    0xcc  Code  Lc  drv_RTC.o [23]
Crc16                      0x1'ef9d    0x38  Code  Gb  ModbusRTU.o [10]
DMA_ChannelCfg             0x2'5711   0x2ce  Code  Gb  hc32f460_dmac.o [20]
DMA_ChannelCmd             0x2'527d   0x252  Code  Gb  hc32f460_dmac.o [20]
DMA_ClearIrqFlag           0x2'5183    0xfa  Code  Gb  hc32f460_dmac.o [20]
DMA_Cmd                    0x2'5135    0x4e  Code  Gb  hc32f460_dmac.o [20]
DMA_GetTransferCnt         0x2'5645    0x60  Code  Gb  hc32f460_dmac.o [20]
DMA_InitChannel            0x2'59df   0x202  Code  Gb  hc32f460_dmac.o [20]
DMA_SetDesAddress          0x2'54dd    0xa0  Code  Gb  hc32f460_dmac.o [20]
DMA_SetTransferCnt         0x2'557d    0xc8  Code  Gb  hc32f460_dmac.o [20]
DMA_SetTriggerSrc          0x2'56b5    0x56  Code  Gb  hc32f460_dmac.o [20]
Ddl_AssertHandler          0x1'e17d     0x2  Code  Wk  hc32f460_utility.o [20]
Ddl_Delay1ms               0x1'9d79    0x28  Code  Gb  hc32f460_utility.o [20]
Ddl_Delay1us               0x1'9da1    0x38  Code  Gb  hc32f460_utility.o [20]
DebugMon_Handler           0x1'c0ed     0x8  Code  Gb  hc32f460_interrupts.o [20]
Dma1Btc0IrqCallback        0x2'1cb5    0x1c  Code  Lc  drv_USART.o [26]
Dma1Btc1IrqCallback        0x2'1cd1    0x1c  Code  Lc  drv_USART.o [26]
Dma1Btc2IrqCallback        0x2'1ced    0x1c  Code  Lc  drv_USART.o [26]
Dma1Btc3IrqCallback        0x2'1d09    0x1c  Code  Lc  drv_USART.o [26]
Dma1Init                   0x2'1d25   0x200  Code  Lc  drv_USART.o [26]
DmaChEnState            0x2000'6810     0x1  Data  Lc  hc32f460_dmac.o [20]
Dtentox                    0x1'76f9   0x1d8  Code  Lc  strto64.o [29]
EC200U_4G_Module_Configuration_Init
                           0x2'7ddd   0x9e2  Code  Gb  4G_EC200U.o [1]
EC200U_4G_Module_Configuration_Init::ucRetryCnt
                        0x2000'6801     0x1  Data  Lc  4G_EC200U.o [1]
EC200U_4G_Module_GPIO_Init
                           0x2'6df5    0x58  Code  Gb  4G_EC200U.o [1]
EFM_Lock                   0x3'09eb    0x14  Code  Gb  hc32f460_efm.o [20]
EFM_SetLatency             0x3'09ff    0x5c  Code  Gb  hc32f460_efm.o [20]
EFM_Unlock                 0x3'09d9    0x12  Code  Gb  hc32f460_efm.o [20]
EPSINON                    0x3'465c     0x4  Data  Lc  drv_RTC.o [23]
EXINT_Init                 0x1'ed99    0xa0  Code  Gb  hc32f460_exint_nmi_swi.o [20]
EXINT_IrqFlgClr            0x1'eed3    0x12  Code  Gb  hc32f460_exint_nmi_swi.o [20]
EXINT_IrqFlgGet            0x1'ee39    0x9a  Code  Gb  hc32f460_exint_nmi_swi.o [20]
ExtInt01_Callback          0x2'90dd    0xa6  Code  Gb  Photosensitive_XYC_ALS.o [12]
ExtInt07_Callback          0x3'0ecd    0x9a  Code  Gb  Magnetic_Bar.o [8]
ExtInt13_Callback          0x3'0d35    0x12  Code  Gb  Lora_TP1109.o [6]
Float_reg_rw_mode          0x1'f211    0x94  Code  Gb  ModbusRTU.o [10]
GetSystemPara              0x1'9cc1     0x4  Code  Gb  User_Data.o [17]
HRC_VALUE               0x2000'02f8     0x4  Data  Gb  system_hc32f460.o [19]
HardFault_Handler          0x1'c0c5     0x8  Code  Gb  hc32f460_interrupts.o [20]
I2C_AckConfig              0x1'e871    0x56  Code  Gb  hc32f460_i2c.o [20]
I2C_BaudrateConfig         0x1'e2b9   0x228  Code  Gb  hc32f460_i2c.o [20]
I2C_BusWaitCmd             0x1'e65f    0x6a  Code  Gb  hc32f460_i2c.o [20]
I2C_ClearStatus            0x1'e775    0x36  Code  Gb  hc32f460_i2c.o [20]
I2C_Cmd                    0x1'e609    0x56  Code  Gb  hc32f460_i2c.o [20]
I2C_DeInit                 0x1'e4e1    0x40  Code  Gb  hc32f460_i2c.o [20]
I2C_GenerateReStart        0x1'e213    0x52  Code  Gb  hc32f460_i2c.o [20]
I2C_GenerateStart          0x1'e1c1    0x52  Code  Gb  hc32f460_i2c.o [20]
I2C_GenerateStop           0x1'e265    0x52  Code  Gb  hc32f460_i2c.o [20]
I2C_GetStatus              0x1'e6c9    0xa0  Code  Gb  hc32f460_i2c.o [20]
I2C_Init                   0x1'e529    0xd6  Code  Gb  hc32f460_i2c.o [20]
I2C_MasterDataReceiveAndStop
                           0x1'eadd    0xd4  Code  Gb  hc32f460_i2c.o [20]
I2C_ReadData               0x1'e839    0x2e  Code  Gb  hc32f460_i2c.o [20]
I2C_Restart                0x1'e927    0x4c  Code  Gb  hc32f460_i2c.o [20]
I2C_SoftwareResetCmd       0x1'e7ab    0x56  Code  Gb  hc32f460_i2c.o [20]
I2C_Start                  0x1'e8c7    0x60  Code  Gb  hc32f460_i2c.o [20]
I2C_Stop                   0x1'ebb1    0x56  Code  Gb  hc32f460_i2c.o [20]
I2C_TransAddr              0x1'e973    0xcc  Code  Gb  hc32f460_i2c.o [20]
I2C_TransData              0x1'ea3f    0x9e  Code  Gb  hc32f460_i2c.o [20]
I2C_WaitStatus             0x1'e181    0x40  Code  Gb  hc32f460_i2c.o [20]
I2C_WriteData              0x1'e801    0x30  Code  Gb  hc32f460_i2c.o [20]
I2C_XYC_ALS_Master_Receive
                           0x1'9b6d    0xd4  Code  Gb  drv_IIC.o [22]
I2C_XYC_ALS_Master_Transmit
                           0x1'9ae9    0x78  Code  Gb  drv_IIC.o [22]
IRQ000_Handler             0x1'c105    0x12  Code  Gb  hc32f460_interrupts.o [20]
IRQ001_Handler             0x1'c117    0x12  Code  Gb  hc32f460_interrupts.o [20]
IRQ002_Handler             0x1'c129    0x12  Code  Gb  hc32f460_interrupts.o [20]
IRQ003_Handler             0x1'c13b    0x12  Code  Gb  hc32f460_interrupts.o [20]
IRQ004_Handler             0x1'c14d    0x12  Code  Gb  hc32f460_interrupts.o [20]
IRQ005_Handler             0x1'c15f    0x12  Code  Gb  hc32f460_interrupts.o [20]
IRQ006_Handler             0x1'c171    0x12  Code  Gb  hc32f460_interrupts.o [20]
IRQ007_Handler             0x1'c183    0x12  Code  Gb  hc32f460_interrupts.o [20]
IRQ008_Handler             0x1'c195    0x12  Code  Gb  hc32f460_interrupts.o [20]
IRQ009_Handler             0x1'c1a7    0x12  Code  Gb  hc32f460_interrupts.o [20]
IRQ010_Handler             0x1'c1b9    0x12  Code  Gb  hc32f460_interrupts.o [20]
IRQ011_Handler             0x1'c1cb    0x12  Code  Gb  hc32f460_interrupts.o [20]
IRQ012_Handler             0x1'c1dd    0x12  Code  Gb  hc32f460_interrupts.o [20]
IRQ013_Handler             0x1'c1ef    0x12  Code  Gb  hc32f460_interrupts.o [20]
IRQ014_Handler             0x1'c201    0x12  Code  Gb  hc32f460_interrupts.o [20]
IRQ015_Handler             0x1'c213    0x12  Code  Gb  hc32f460_interrupts.o [20]
IRQ016_Handler             0x1'c225    0x12  Code  Gb  hc32f460_interrupts.o [20]
IRQ017_Handler             0x1'c237    0x12  Code  Gb  hc32f460_interrupts.o [20]
IRQ018_Handler             0x1'c249    0x12  Code  Gb  hc32f460_interrupts.o [20]
IRQ019_Handler             0x1'c25b    0x12  Code  Gb  hc32f460_interrupts.o [20]
IRQ020_Handler             0x1'c26d    0x12  Code  Gb  hc32f460_interrupts.o [20]
IRQ021_Handler             0x1'c27f    0x12  Code  Gb  hc32f460_interrupts.o [20]
IRQ022_Handler             0x1'c291    0x12  Code  Gb  hc32f460_interrupts.o [20]
IRQ023_Handler             0x1'c2a3    0x12  Code  Gb  hc32f460_interrupts.o [20]
IRQ024_Handler             0x1'c2b5    0x12  Code  Gb  hc32f460_interrupts.o [20]
IRQ025_Handler             0x1'c2c7    0x12  Code  Gb  hc32f460_interrupts.o [20]
IRQ026_Handler             0x1'c2d9    0x12  Code  Gb  hc32f460_interrupts.o [20]
IRQ027_Handler             0x1'c2eb    0x12  Code  Gb  hc32f460_interrupts.o [20]
IRQ028_Handler             0x1'c2fd    0x12  Code  Gb  hc32f460_interrupts.o [20]
IRQ029_Handler             0x1'c30f    0x12  Code  Gb  hc32f460_interrupts.o [20]
IRQ030_Handler             0x1'c321    0x12  Code  Gb  hc32f460_interrupts.o [20]
IRQ031_Handler             0x1'c333    0x12  Code  Gb  hc32f460_interrupts.o [20]
IRQ032_Handler             0x1'c345    0x16  Code  Gb  hc32f460_interrupts.o [20]
IRQ033_Handler             0x1'c35b    0x16  Code  Gb  hc32f460_interrupts.o [20]
IRQ034_Handler             0x1'c371    0x16  Code  Gb  hc32f460_interrupts.o [20]
IRQ035_Handler             0x1'c387    0x16  Code  Gb  hc32f460_interrupts.o [20]
IRQ036_Handler             0x1'c39d    0x16  Code  Gb  hc32f460_interrupts.o [20]
IRQ037_Handler             0x1'c3b3    0x16  Code  Gb  hc32f460_interrupts.o [20]
IRQ038_Handler             0x1'c3c9    0x16  Code  Gb  hc32f460_interrupts.o [20]
IRQ039_Handler             0x1'c3df    0x16  Code  Gb  hc32f460_interrupts.o [20]
IRQ040_Handler             0x1'c3f5    0x16  Code  Gb  hc32f460_interrupts.o [20]
IRQ041_Handler             0x1'c40b    0x16  Code  Gb  hc32f460_interrupts.o [20]
IRQ042_Handler             0x1'c421    0x16  Code  Gb  hc32f460_interrupts.o [20]
IRQ043_Handler             0x1'c437    0x16  Code  Gb  hc32f460_interrupts.o [20]
IRQ044_Handler             0x1'c44d    0x16  Code  Gb  hc32f460_interrupts.o [20]
IRQ045_Handler             0x1'c463    0x16  Code  Gb  hc32f460_interrupts.o [20]
IRQ046_Handler             0x1'c479    0x16  Code  Gb  hc32f460_interrupts.o [20]
IRQ047_Handler             0x1'c48f    0x16  Code  Gb  hc32f460_interrupts.o [20]
IRQ048_Handler             0x1'c4a5    0x16  Code  Gb  hc32f460_interrupts.o [20]
IRQ049_Handler             0x1'c4bb    0x16  Code  Gb  hc32f460_interrupts.o [20]
IRQ050_Handler             0x1'c4d1    0x16  Code  Gb  hc32f460_interrupts.o [20]
IRQ051_Handler             0x1'c4e7    0x16  Code  Gb  hc32f460_interrupts.o [20]
IRQ052_Handler             0x1'c4fd    0x16  Code  Gb  hc32f460_interrupts.o [20]
IRQ053_Handler             0x1'c513    0x16  Code  Gb  hc32f460_interrupts.o [20]
IRQ054_Handler             0x1'c529    0x16  Code  Gb  hc32f460_interrupts.o [20]
IRQ055_Handler             0x1'c53f    0x16  Code  Gb  hc32f460_interrupts.o [20]
IRQ056_Handler             0x1'c555    0x16  Code  Gb  hc32f460_interrupts.o [20]
IRQ057_Handler             0x1'c56b    0x16  Code  Gb  hc32f460_interrupts.o [20]
IRQ058_Handler             0x1'c581    0x16  Code  Gb  hc32f460_interrupts.o [20]
IRQ059_Handler             0x1'c597    0x16  Code  Gb  hc32f460_interrupts.o [20]
IRQ060_Handler             0x1'c5ad    0x16  Code  Gb  hc32f460_interrupts.o [20]
IRQ061_Handler             0x1'c5c3    0x16  Code  Gb  hc32f460_interrupts.o [20]
IRQ062_Handler             0x1'c5d9    0x16  Code  Gb  hc32f460_interrupts.o [20]
IRQ063_Handler             0x1'c5ef    0x16  Code  Gb  hc32f460_interrupts.o [20]
IRQ064_Handler             0x1'c605    0x16  Code  Gb  hc32f460_interrupts.o [20]
IRQ065_Handler             0x1'c61b    0x16  Code  Gb  hc32f460_interrupts.o [20]
IRQ066_Handler             0x1'c631    0x16  Code  Gb  hc32f460_interrupts.o [20]
IRQ067_Handler             0x1'c647    0x16  Code  Gb  hc32f460_interrupts.o [20]
IRQ068_Handler             0x1'c65d    0x16  Code  Gb  hc32f460_interrupts.o [20]
IRQ069_Handler             0x1'c673    0x16  Code  Gb  hc32f460_interrupts.o [20]
IRQ070_Handler             0x1'c689    0x16  Code  Gb  hc32f460_interrupts.o [20]
IRQ071_Handler             0x1'c69f    0x16  Code  Gb  hc32f460_interrupts.o [20]
IRQ072_Handler             0x1'c6b5    0x16  Code  Gb  hc32f460_interrupts.o [20]
IRQ073_Handler             0x1'c6cb    0x16  Code  Gb  hc32f460_interrupts.o [20]
IRQ074_Handler             0x1'c6e1    0x16  Code  Gb  hc32f460_interrupts.o [20]
IRQ075_Handler             0x1'c6f7    0x16  Code  Gb  hc32f460_interrupts.o [20]
IRQ076_Handler             0x1'c70d    0x16  Code  Gb  hc32f460_interrupts.o [20]
IRQ077_Handler             0x1'c723    0x16  Code  Gb  hc32f460_interrupts.o [20]
IRQ078_Handler             0x1'c739    0x14  Code  Gb  hc32f460_interrupts.o [20]
IRQ079_Handler             0x1'c74d    0x14  Code  Gb  hc32f460_interrupts.o [20]
IRQ080_Handler             0x1'c761    0x14  Code  Gb  hc32f460_interrupts.o [20]
IRQ081_Handler             0x1'c775    0x14  Code  Gb  hc32f460_interrupts.o [20]
IRQ082_Handler             0x1'c789    0x14  Code  Gb  hc32f460_interrupts.o [20]
IRQ083_Handler             0x1'c79d    0x14  Code  Gb  hc32f460_interrupts.o [20]
IRQ084_Handler             0x1'c7b1    0x14  Code  Gb  hc32f460_interrupts.o [20]
IRQ085_Handler             0x1'c7c5    0x14  Code  Gb  hc32f460_interrupts.o [20]
IRQ086_Handler             0x1'c7d9    0x14  Code  Gb  hc32f460_interrupts.o [20]
IRQ087_Handler             0x1'c7ed    0x14  Code  Gb  hc32f460_interrupts.o [20]
IRQ088_Handler             0x1'c801    0x14  Code  Gb  hc32f460_interrupts.o [20]
IRQ089_Handler             0x1'c815    0x14  Code  Gb  hc32f460_interrupts.o [20]
IRQ090_Handler             0x1'c829    0x14  Code  Gb  hc32f460_interrupts.o [20]
IRQ091_Handler             0x1'c83d    0x14  Code  Gb  hc32f460_interrupts.o [20]
IRQ092_Handler             0x1'c851    0x14  Code  Gb  hc32f460_interrupts.o [20]
IRQ093_Handler             0x1'c865    0x14  Code  Gb  hc32f460_interrupts.o [20]
IRQ094_Handler             0x1'c879    0x14  Code  Gb  hc32f460_interrupts.o [20]
IRQ095_Handler             0x1'c88d    0x14  Code  Gb  hc32f460_interrupts.o [20]
IRQ096_Handler             0x1'c8a1    0x14  Code  Gb  hc32f460_interrupts.o [20]
IRQ097_Handler             0x1'c8b5    0x14  Code  Gb  hc32f460_interrupts.o [20]
IRQ098_Handler             0x1'c8c9    0x14  Code  Gb  hc32f460_interrupts.o [20]
IRQ099_Handler             0x1'c8dd    0x14  Code  Gb  hc32f460_interrupts.o [20]
IRQ100_Handler             0x1'c8f1    0x14  Code  Gb  hc32f460_interrupts.o [20]
IRQ101_Handler             0x1'c905    0x14  Code  Gb  hc32f460_interrupts.o [20]
IRQ102_Handler             0x1'c919    0x14  Code  Gb  hc32f460_interrupts.o [20]
IRQ103_Handler             0x1'c92d    0x14  Code  Gb  hc32f460_interrupts.o [20]
IRQ104_Handler             0x1'c941    0x14  Code  Gb  hc32f460_interrupts.o [20]
IRQ105_Handler             0x1'c955    0x14  Code  Gb  hc32f460_interrupts.o [20]
IRQ106_Handler             0x1'c969    0x14  Code  Gb  hc32f460_interrupts.o [20]
IRQ107_Handler             0x1'c97d    0x14  Code  Gb  hc32f460_interrupts.o [20]
IRQ108_Handler             0x1'c999    0x14  Code  Gb  hc32f460_interrupts.o [20]
IRQ109_Handler             0x1'c9ad    0x14  Code  Gb  hc32f460_interrupts.o [20]
IRQ110_Handler             0x1'c9c1    0x14  Code  Gb  hc32f460_interrupts.o [20]
IRQ111_Handler             0x1'c9d9    0x14  Code  Gb  hc32f460_interrupts.o [20]
IRQ112_Handler             0x1'c9ed    0x14  Code  Gb  hc32f460_interrupts.o [20]
IRQ113_Handler             0x1'ca05    0x14  Code  Gb  hc32f460_interrupts.o [20]
IRQ114_Handler             0x1'ca19    0x14  Code  Gb  hc32f460_interrupts.o [20]
IRQ115_Handler             0x1'ca2d    0x14  Code  Gb  hc32f460_interrupts.o [20]
IRQ116_Handler             0x1'ca41    0x14  Code  Gb  hc32f460_interrupts.o [20]
IRQ117_Handler             0x1'ca55    0x14  Code  Gb  hc32f460_interrupts.o [20]
IRQ118_Handler             0x1'ca69    0x14  Code  Gb  hc32f460_interrupts.o [20]
IRQ119_Handler             0x1'ca7d    0x14  Code  Gb  hc32f460_interrupts.o [20]
IRQ120_Handler             0x1'ca91    0x14  Code  Gb  hc32f460_interrupts.o [20]
IRQ121_Handler             0x1'caa9    0x14  Code  Gb  hc32f460_interrupts.o [20]
IRQ122_Handler             0x1'cabd    0x14  Code  Gb  hc32f460_interrupts.o [20]
IRQ123_Handler             0x1'cad1    0x14  Code  Gb  hc32f460_interrupts.o [20]
IRQ124_Handler             0x1'cae5    0x14  Code  Gb  hc32f460_interrupts.o [20]
IRQ125_Handler             0x1'caf9    0x14  Code  Gb  hc32f460_interrupts.o [20]
IRQ126_Handler             0x1'cb0d    0x14  Code  Gb  hc32f460_interrupts.o [20]
IRQ127_Handler             0x1'cb21    0x14  Code  Gb  hc32f460_interrupts.o [20]
IRQ128_Handler             0x3'4661          Code  Wk  startup_hc32f460.o [19]
IRQ129_Handler             0x3'4665          Code  Wk  startup_hc32f460.o [19]
IRQ130_Handler             0x3'4669          Code  Wk  startup_hc32f460.o [19]
IRQ131_Handler             0x3'466d          Code  Wk  startup_hc32f460.o [19]
IRQ132_Handler             0x3'4671          Code  Wk  startup_hc32f460.o [19]
IRQ133_Handler             0x3'4675          Code  Wk  startup_hc32f460.o [19]
IRQ134_Handler             0x3'4679          Code  Wk  startup_hc32f460.o [19]
IRQ135_Handler             0x3'467d          Code  Wk  startup_hc32f460.o [19]
IRQ136_Handler             0x3'4681          Code  Wk  startup_hc32f460.o [19]
IRQ137_Handler             0x3'4685          Code  Wk  startup_hc32f460.o [19]
IRQ138_Handler             0x3'4689          Code  Wk  startup_hc32f460.o [19]
IRQ139_Handler             0x3'468d          Code  Wk  startup_hc32f460.o [19]
IRQ140_Handler             0x3'4691          Code  Wk  startup_hc32f460.o [19]
IRQ141_Handler             0x3'4695          Code  Wk  startup_hc32f460.o [19]
IRQ142_Handler             0x3'4699          Code  Wk  startup_hc32f460.o [19]
IRQ143_Handler             0x3'469d          Code  Wk  startup_hc32f460.o [19]
IrqHandler              0x2000'64d8   0x200  Data  Gb  hc32f460_interrupts.o [20]
MQTT_SK_Data_Pass_Through
                           0x2'be39     0x4  Code  Gb  MQTT_SK.o [7]
MQTT_SK_Get_Config         0x2'b941   0x138  Code  Gb  MQTT_SK.o [7]
MQTT_SK_Get_Data           0x2'baa9   0x390  Code  Gb  MQTT_SK.o [7]
MQTT_SK_Set_Config         0x2'a2fd   0xf96  Code  Gb  MQTT_SK.o [7]
MQTT_Send_SetConfig_Result
                           0x2'a1f5    0xf6  Code  Gb  MQTT_SK.o [7]
MemManage_Handler          0x1'c0cd     0x8  Code  Gb  hc32f460_interrupts.o [20]
Modbus_Data_Reg_Unit       0x3'2b28   0x1e0  Data  Lc  ModbusRTU_Device_BT.o [10]
NMEA_Comma_Pos             0x2'8b19    0x36  Code  Gb  LC86L_BD.o [3]
NMEA_GPRMC_Analysis        0x2'8ca1   0x328  Code  Gb  LC86L_BD.o [3]
NMEA_Pow                   0x2'8b4f    0x18  Code  Gb  LC86L_BD.o [3]
NMEA_Str2num               0x2'8b67   0x138  Code  Gb  LC86L_BD.o [3]
[...]
func_BD_Data_Dispose       0x2'4069   0x132  Code  Gb  Mainloop.o [9]
func_BD_PowerUp_Init       0x2'8ff9    0x3a  Code  Gb  LC86L_BD.o [3]
func_BD_PownDown_Deinit
                           0x2'9033    0x42  Code  Gb  LC86L_BD.o [3]
func_BT05_PowerDown_DeInit
                           0x2'6779    0x38  Code  Gb  BT_TB05.o [2]
func_BT05_PowerUp_Init     0x2'6697    0xe2  Code  Gb  BT_TB05.o [2]
func_BT_Dispose            0x2'67b1   0x118  Code  Gb  BT_TB05.o [2]
func_BT_Dispose::usSendMaxNum
                        0x2000'67f8     0x2  Data  Lc  BT_TB05.o [2]
func_BY_BlackLight_Camera_Test_CMD
                           0x2'0591    0x9a  Code  Gb  ModbusRTU.o [10]
func_BlackLight_Sensor_Dispose
                           0x2'0b23   0x1ea  Code  Gb  ModbusRTU.o [10]
func_BlackLight_Sensor_Dispose::enCameraType
                        0x2000'0305     0x1  Data  Lc  ModbusRTU.o [10]
func_BlackLight_Sensor_Dispose::enMoveType
                        0x2000'0306     0x1  Data  Lc  ModbusRTU.o [10]
func_Board_Power_And_Control_GPIO_Init
                           0x3'0489   0x154  Code  Gb  main.o [27]
func_COD_View_Show         0x1'5379   0x164  Code  Gb  Display.o [11]
func_COND_View_Show        0x1'5209   0x16e  Code  Gb  Display.o [11]
func_Connect_Server_Status_View_Show
                           0x1'4e25    0x78  Code  Gb  Display.o [11]
func_DateTime_Battery_Status_View_Show
                           0x1'4989   0x22c  Code  Gb  Display.o [11]
func_DeviceStart_Sensor_PowerUp_Dispose
                           0x2'3a47    0x26  Code  Gb  Mainloop.o [9]
func_Device_ID_PD_View_Show
                           0x1'5eff    0xe2  Code  Gb  Display.o [11]
func_Device_Parameter_Init
                           0x2'1b7f    0x80  Code  Gb  drv_Storage_W25Q128.o [16]
func_Device_SW_HW_View_Show
                           0x1'5fe1    0xaa  Code  Gb  Display.o [11]
func_Device_Status_View_Show
                           0x1'4bb5   0x1e2  Code  Gb  Display.o [11]
func_Display_128x64        0x1'66d7    0x88  Code  Gb  OLED.o [11]
func_EC200U_4G_PownDown_Deinit
                           0x2'6db1    0x44  Code  Gb  4G_EC200U.o [1]
func_Enter_LowPower_Stop_Mode
                           0x2'3777    0xda  Code  Gb  Mainloop.o [9]
func_Flow_View_Show        0x1'505d   0x1a2  Code  Gb  Display.o [11]
func_GPSData_View_Show     0x1'5de5   0x11a  Code  Gb  Display.o [11]
func_Get_DataUploadCMD_Data
                           0x2'71cb   0x6b4  Code  Gb  4G_EC200U.o [1]
func_Get_DevRegCMD_Data
                           0x2'6e4d   0x37e  Code  Gb  4G_EC200U.o [1]
func_Get_DevStatusCMD_Data
                           0x2'7a11   0x352  Code  Gb  4G_EC200U.o [1]
func_Get_DevStatusData     0x2'7885   0x162  Code  Gb  4G_EC200U.o [1]
func_Get_Device_MeasData_Record
                           0x2'1b09    0x16  Code  Gb  drv_Storage_W25Q128.o [16]
func_Get_Device_Sensors_Value
                           0x2'3a71   0x1c6  Code  Gb  Mainloop.o [9]
func_Get_Device_Sensors_Value::ucChangeCnt
                        0x2000'6818     0x1  Data  Lc  Mainloop.o [9]
func_Get_Device_Sensors_Value::ucRetryCnt
                        0x2000'6817     0x1  Data  Lc  Mainloop.o [9]
func_Get_GetConfigResult_CMD
                           0x2'b2e9   0x644  Code  Gb  MQTT_SK.o [7]
func_Get_MBCRC16           0x1'ef5d    0x40  Code  Gb  ModbusRTU.o [10]
func_Get_Meas_BY_Integrated_Conductivity_Sensor_Value
                           0x1'f49f   0x180  Code  Gb  ModbusRTU.o [10]
func_Get_Meas_BY_Pressure_Level_Sensor_Value
                           0x1'f777   0x110  Code  Gb  ModbusRTU.o [10]
func_Get_Meas_BY_Radar_Level_Sensor_Value
                           0x1'f621   0x156  Code  Gb  ModbusRTU.o [10]
func_Get_Meas_HX_Flow_Sensor_Value
                           0x2'0147   0x19c  Code  Gb  ModbusRTU.o [10]
func_Get_Meas_HX_Radar_Ultrasonic_Flow_Sensor_Value
                           0x1'ff45   0x202  Code  Gb  ModbusRTU.o [10]
func_Get_Meas_HX_WaterQuality_COD_Sensor_Value
                           0x2'02e9   0x1ea  Code  Gb  ModbusRTU.o [10]
func_Get_Meas_HZ_Radar_Level_Sensor_Value
                           0x1'fd21   0x216  Code  Gb  ModbusRTU.o [10]
func_Get_Meas_HZ_Radar_Ultrasonic_Flow_Sensor_Value
                           0x1'f89d   0x480  Code  Gb  ModbusRTU.o [10]
func_Get_Photo_Data        0x2'070f   0x11a  Code  Gb  ModbusRTU.o [10]
func_Get_Server_MQTT_Dispose
                           0x2'4355    0x9c  Code  Gb  Mainloop.o [9]
func_Get_SetConfigResult_CMD
                           0x2'a191    0x62  Code  Gb  MQTT_SK.o [7]
func_LowPower_Stop_Mode_Init
                           0x2'3851    0x4c  Code  Gb  Mainloop.o [9]
func_MQTT_SK_Init          0x2'be3d     0xc  Code  Gb  MQTT_SK.o [7]
func_Mainloop_Init         0x2'375b     0xe  Code  Gb  Mainloop.o [9]
func_Meas_Sensor_Dispose
                           0x2'082d   0x2f6  Code  Gb  ModbusRTU.o [10]
func_Meas_Sensor_PowerDown_DeInit
                           0x2'3921    0x8c  Code  Gb  Mainloop.o [9]
func_Meas_Sensor_PowerOn_Init
                           0x2'389d    0x84  Code  Gb  Mainloop.o [9]
func_Meas_Sensor_Value_View_Show
                           0x1'5d19    0xc6  Code  Gb  Display.o [11]
func_Measure_Data_View_Show
                           0x1'5533   0x1f6  Code  Gb  Display.o [11]
func_Measure_WaterLevel_View_Show
                           0x1'5731   0x328  Code  Gb  Display.o [11]
func_Measure_Water_Quality_View_Show
                           0x1'5a61   0x2b8  Code  Gb  Display.o [11]
func_NFC_Check_Dispose     0x2'39ad    0x9a  Code  Gb  Mainloop.o [9]
func_NoSensor_View_Show
                           0x1'54e9    0x4a  Code  Gb  Display.o [11]
func_Not_Certified_View_Show
                           0x1'4da9    0x7c  Code  Gb  Display.o [11]
func_OLED_PowerDown_DeInit
                           0x1'6585    0x56  Code  Gb  OLED.o [11]
func_OLED_PowerUp_Init     0x1'6471   0x114  Code  Gb  OLED.o [11]
func_PowerOn_View_Show     0x1'6099    0x60  Code  Gb  Display.o [11]
func_RF_NFC_PowerDown_DeInit
                           0x2'6d49    0x66  Code  Gb  RF_NFC.o [13]
func_RXNTTL518_Init        0x2'8ad9    0x34  Code  Gb  RXNTTL518.o [14]
func_ReadPhoto_XYC_ALS_Data
                           0x2'93c9    0x58  Code  Gb  Photosensitive_XYC_ALS.o [12]
func_Read_RXNTTL518_Version
                           0x2'8a27     0xe  Code  Gb  RXNTTL518.o [14]
func_Rts_Control_And_SendData
                           0x1'f3dd    0xc2  Code  Gb  ModbusRTU.o [10]
func_Save_Device_MeasData
                           0x2'1aed    0x1c  Code  Gb  drv_Storage_W25Q128.o [16]
func_Save_Device_MeasRecord_Dispose
                           0x2'3c4d   0x408  Code  Gb  Mainloop.o [9]
func_Save_Device_MeasRecord_Dispose::ucSaveRecordFlag
                        0x2000'6819     0x1  Data  Lc  Mainloop.o [9]
func_Save_Device_Parameter
                           0x2'1055   0xa98  Code  Gb  drv_Storage_W25Q128.o [16]
func_Search_Card           0x2'8a35    0xa4  Code  Gb  RXNTTL518.o [14]
func_Send_CMD              0x2'893b    0xec  Code  Gb  RXNTTL518.o [14]
func_Set_BlackLight_Move_AT_CMD
                           0x2'04d3    0xb4  Code  Gb  ModbusRTU.o [10]
func_Set_Camera_Photo_CMD
                           0x2'062b    0xe4  Code  Gb  ModbusRTU.o [10]
func_SystemPara_Init       0x1'9cc5    0x16  Code  Gb  User_Data.o [17]
func_System_Mainloop_Dispose
                           0x2'43f5   0x2bc  Code  Gb  Mainloop.o [9]
func_System_Soft_Reset     0x2'3769     0xe  Code  Gb  Mainloop.o [9]
func_WatchDog_Refresh      0x2'da37    0x1e  Code  Gb  WatchDog.o [18]
func_WaterLevel_View_Show
                           0x1'4e9d   0x1be  Code  Gb  Display.o [11]
func_diplay_NFCCheck_Menu
                           0x1'490d    0x7a  Code  Gb  Display.o [11]
func_display_Authorize_Menu
                           0x1'487d    0x90  Code  Gb  Display.o [11]
func_display_PowerOn_Menu
                           0x1'486d    0x10  Code  Gb  Display.o [11]
func_display_string        0x1'6769   0x7a8  Code  Gb  OLED.o [11]
func_sprintf_metricsystem
                           0x1'4281   0x426  Code  Gb  Display.o [11]
gE_4G_Module_Init_CMD   0x2000'6800     0x1  Data  Gb  4G_EC200U.o [1]
gSt_DevMeasRecordData   0x2000'6728    0x20  Data  Gb  User_Data.o [17]
gSt_systemPara          0x2000'0308  0x4dd0  Data  Lc  User_Data.o [17]
g_ATE_CMD               0x2000'02ec     0x8  Data  Lc  BT_TB05.o [2]
g_AT_CMD                0x2000'02f4     0x4  Data  Lc  BT_TB05.o [2]
g_AT_RESET_CMD          0x2000'02b8    0x20  Data  Lc  BT_TB05.o [2]
g_AT_SSID_CMD           0x2000'0294    0x24  Data  Lc  BT_TB05.o [2]
g_Ble_SSID              0x2000'02d8    0x14  Data  Gb  BT_TB05.o [2]
g_sSKLogo_New              0x3'2328   0x400  Data  Gb  Font.o [11]
g_sint8_Font_16x10_12864
                           0x3'14a0   0x5a0  Data  Gb  Font.o [11]
g_sint8_Font_16x12_12864
                           0x2'fcbc   0x708  Data  Gb  Font.o [11]
g_sint8_Font_6x12_AsciiDot
                           0x3'1a40   0x4c8  Data  Gb  Font.o [11]
gc_SystemPosi           0x2000'6822     0x1  Data  Gb  User_Data.o [17]
gfunc_DateString_process
                           0x1'46b1   0x1bc  Code  Gb  Display.o [11]
gfunc_Modbus_Matching      0x2'cf9b   0x188  Code  Gb  ModbusRTU_Device_BT.o [10]
gs_DeviceDefaultPara    0x2000'0000   0x108  Data  Gb  User_Data.o [17]
guc_ERR13DelayCnt       0x2000'6804     0x1  Data  Gb  BT_TB05.o [2]
guc_LcdDipRevesAttr     0x2000'6820     0x1  Data  Gb  User_Data.o [17]
guc_NFCPWRInitFlag      0x2000'681e     0x1  Data  Gb  User_Data.o [17]
guc_NFC_Card_Flag       0x2000'6821     0x1  Data  Gb  User_Data.o [17]
guc_NFC_Card_ID         0x2000'0108    0x8c  Data  Gb  RXNTTL518.o [14]
guc_OLED_Buf            0x2000'60d8   0x400  Data  Gb  User_Data.o [17]
guc_RTURecvArr          0x2000'6784    0x14  Data  Gb  User_Data.o [17]
guc_SystemPowerInitFlag
                        0x2000'681f     0x1  Data  Gb  User_Data.o [17]
guc_TextBDData          0x2000'6770    0x14  Data  Gb  User_Data.o [17]
guc_W25Q128_Buf         0x2000'50d8  0x1000  Data  Gb  drv_Storage_W25Q128.o [16]
isalpha                    0x1'ef29    0x14  Code  Gb  isalpha.o [28]
isspace                    0x1'ef15    0x14  Code  Gb  isspace.o [28]
lcd_address                0x1'65db    0x28  Code  Gb  OLED.o [11]
ldexp                      0x1'cfb5          Code  Gb  ldexp.o [29]
ldexpl                     0x1'cfb5          Code  Gb  ldexp.o [29]
lmos                       0x2'e99c    0x18  Data  Lc  xDaysTo64.o [28]
lnbias                     0x3'1f08   0x420  Data  Lc  pow64.o [29]
localeconv                 0x1'defd     0x4  Code  Gb  xlocale_c.o [28]
m_au16Adc1Value         0x2000'6704    0x24  Data  Lc  drv_ADC.o [21]
m_au16Adc2Value         0x2000'6748    0x14  Data  Lc  drv_ADC.o [21]
m_stcSysclkCfg          0x2000'6798     0x8  Data  Lc  main.o [27]
main                       0x3'05dd   0x3c6  Code  Gb  main.o [27]
main::ucMonitorFlag     0x2000'6815     0x1  Data  Lc  main.o [27]
main::ucRetryCnt        0x2000'6816     0x1  Data  Lc  main.o [27]
memchr                     0x1'de25          Code  Gb  memchr.o [30]
memcmp                     0x1'ec21          Code  Gb  memcmp.o [30]
mktime                     0x2'9725    0xe0  Code  Gb  mktime64.o [28]
mos                        0x2'e9b4    0x18  Data  Lc  xDaysTo64.o [28]
nackFlag                0x2000'6805     0x1  Data  Gb  drv_IIC.o [22]
ndigs                      0x3'31a8    0x28  Data  Lc  iar_Stoulx.o [28]
ndigs                      0x3'31f8    0x28  Data  Lc  iar_Stoullx.o [28]
pfnNmiCallback          0x2000'67bc     0x4  Data  Lc  hc32f460_exint_nmi_swi.o [20]
pow                        0x1'7b19   0x68c  Code  Gb  pow64.o [29]
powl                       0x1'7b19   0x68c  Code  Gb  pow64.o [29]
pows                       0x3'36d8    0x48  Data  Lc  strto64.o [29]
prveMBError2Exception      0x2'bf39    0x26  Code  Gb  ModbusRTU_Device_BT.o [10]
pst_BDSystemPara        0x2000'67c0     0x4  Data  Lc  LC86L_BD.o [3]
pst_BTSystemPara        0x2000'67a4     0x4  Data  Lc  BT_TB05.o [2]
pst_EC200USystemPara    0x2000'67a0     0x4  Data  Lc  4G_EC200U.o [1]
pst_LoraSystemPara      0x2000'67c4     0x4  Data  Lc  Lora_TP1109.o [6]
pst_MBSystemPara        0x2000'67d4     0x4  Data  Gb  ModbusRTU.o [10]
pst_MQTTSystemPara      0x2000'67e0     0x4  Data  Lc  MQTT_SK.o [7]
pst_MagSystemPara       0x2000'67c8     0x4  Data  Lc  Magnetic_Bar.o [8]
pst_MainSystemPara      0x2000'67cc     0x4  Data  Lc  main.o [27]
pst_MainloopSystemPara  0x2000'67d0     0x4  Data  Lc  Mainloop.o [9]
pst_OLEDSystemPara      0x2000'67e4     0x4  Data  Gb  OLED.o [11]
pst_PhotoSystemPara     0x2000'67e8     0x4  Data  Lc  Photosensitive_XYC_ALS.o [12]
pst_RTCSystemPara       0x2000'67a8     0x4  Data  Lc  drv_RTC.o [23]
pst_RXNTTLSystemPara    0x2000'67ec     0x4  Data  Lc  RXNTTL518.o [14]
pst_SC7A20SystemPara    0x2000'67ac     0x4  Data  Lc  drv_SC7A20H.o [15]
pst_TimerSystemPara     0x2000'67b4     0x4  Data  Lc  drv_Timer.o [25]
pst_UsartSystemPara     0x2000'67b8     0x4  Data  Lc  drv_USART.o [26]
pst_W25Q128SystemPara   0x2000'67b0     0x4  Data  Gb  drv_Storage_W25Q128.o [16]
pucSndBufferCur         0x2000'67d8     0x4  Data  Lc  ModbusRTU_Device_BT.o [10]
ranmatch                   0x2'e6af    0x46  Code  Lc  xscanffull_nomb.o [28]
scalbln                    0x1'cfb5          Code  Gb  ldexp.o [29]
scalblnl                   0x1'cfb5          Code  Gb  ldexp.o [29]
scalbn                     0x1'cfb5          Code  Gb  ldexp.o [29]
scalbnl                    0x1'cfb5          Code  Gb  ldexp.o [29]
scale                      0x1'8dcb    0x46  Code  Lc  xprintflarge_nomb.o [28]
sec_hand                0x2000'67f4     0x4  Data  Lc  xfail_s.o [28]
sprintf                    0x1'621d    0x40  Code  Gb  sprintf.o [28]
sqrt                       0x2'da91          Code  Gb  sqrt.o [29]
sqrtl                      0x2'da91          Code  Gb  sqrt.o [29]
sscanf                     0x2'96fd    0x28  Code  Gb  sscanf.o [28]
strcat                     0x2'bf19    0x1e  Code  Gb  strcat.o [28]
strchr                     0x1'cb39          Code  Gb  strchr.o [30]
strcmp                     0x2'2f5d          Code  Gb  strcmp.o [30]
strcpy                     0x2'3725          Code  Gb  strcpy.o [30]
strcspn                    0x2'fc87    0x22  Code  Gb  strcspn.o [28]
strlen                     0x1'625d          Code  Gb  strlen.o [30]
strncmp                    0x2'da55    0x2a  Code  Gb  strncmp.o [28]
strspn                     0x2'fc65    0x22  Code  Gb  strspn.o [28]
strstr                     0x2'2f2f    0x2c  Code  Gb  strstr.o [28]
strtok                     0x2'f865    0x4c  Code  Gb  strtok.o [28]
strtoll                    0x2'fc59     0x2  Code  Gb  iar_Stollx.o [28]
strtoull                   0x2'fbb1     0x2  Code  Gb  iar_Stoullx.o [28]
tolower                    0x2'fca9    0x14  Code  Gb  tolower.o [28]
u32ICG                        0x400    0x20  Data  Gb  hc32f460_icg.o [20]
u8HrcState              0x2000'6811     0x1  Data  Gb  hc32f460_pwc.o [20]
u8MrcState              0x2000'6812     0x1  Data  Gb  hc32f460_pwc.o [20]
u8StopFlag              0x2000'6814     0x1  Data  Gb  hc32f460_pwc.o [20]
u8SysClkSrc             0x2000'0304     0x1  Data  Gb  hc32f460_pwc.o [20]
u8WkupIntCnt            0x2000'6813     0x1  Data  Gb  hc32f460_pwc.o [20]
usRcvBufferPos          0x2000'67fc     0x2  Data  Lc  ModbusRTU_Device_BT.o [10]
xFuncHandlers           0x2000'0194    0x80  Data  Lc  ModbusRTU_Device_BT.o [10]


[1] = D:\Myself\WorkProcess\SK\HC32F460_WorkProcess\example\Source\Pipe_Monitor\Pipe_Monitor_App\EWARM\output\debug\Obj\4G_EC200U_8582873453978518366.dir
[2] = D:\Myself\WorkProcess\SK\HC32F460_WorkProcess\example\Source\Pipe_Monitor\Pipe_Monitor_App\EWARM\output\debug\Obj\BT_TB05_12041724360499981866.dir
[3] = D:\Myself\WorkProcess\SK\HC32F460_WorkProcess\example\Source\Pipe_Monitor\Pipe_Monitor_App\EWARM\output\debug\Obj\LC86L_BD_9822625824417385734.dir
[4] = D:\Myself\WorkProcess\SK\HC32F460_WorkProcess\example\Source\Pipe_Monitor\Pipe_Monitor_App\EWARM\output\debug\Obj\LKT4202_1925765440156868983.dir
[5] = D:\Myself\WorkProcess\SK\HC32F460_WorkProcess\example\Source\Pipe_Monitor\Pipe_Monitor_App\EWARM\output\debug\Obj\LoRa_RA02_5139138412578801246.dir
[6] = D:\Myself\WorkProcess\SK\HC32F460_WorkProcess\example\Source\Pipe_Monitor\Pipe_Monitor_App\EWARM\output\debug\Obj\Lora_TP1109_151720617378073083.dir
[7] = D:\Myself\WorkProcess\SK\HC32F460_WorkProcess\example\Source\Pipe_Monitor\Pipe_Monitor_App\EWARM\output\debug\Obj\MQTT_SK_4724149239023757000.dir
[8] = D:\Myself\WorkProcess\SK\HC32F460_WorkProcess\example\Source\Pipe_Monitor\Pipe_Monitor_App\EWARM\output\debug\Obj\Magnetic_Bar_17520218520042908049.dir
[9] = D:\Myself\WorkProcess\SK\HC32F460_WorkProcess\example\Source\Pipe_Monitor\Pipe_Monitor_App\EWARM\output\debug\Obj\Mainloop_18272944273632151421.dir
[10] = D:\Myself\WorkProcess\SK\HC32F460_WorkProcess\example\Source\Pipe_Monitor\Pipe_Monitor_App\EWARM\output\debug\Obj\ModbusRTU_17682219295068567368.dir
[11] = D:\Myself\WorkProcess\SK\HC32F460_WorkProcess\example\Source\Pipe_Monitor\Pipe_Monitor_App\EWARM\output\debug\Obj\OLED_13473777563621607307.dir
[12] = D:\Myself\WorkProcess\SK\HC32F460_WorkProcess\example\Source\Pipe_Monitor\Pipe_Monitor_App\EWARM\output\debug\Obj\Photosensitive_XYC_ALS_28064708180949255.dir
[13] = D:\Myself\WorkProcess\SK\HC32F460_WorkProcess\example\Source\Pipe_Monitor\Pipe_Monitor_App\EWARM\output\debug\Obj\RF_NFC_10628150809568064830.dir
[14] = D:\Myself\WorkProcess\SK\HC32F460_WorkProcess\example\Source\Pipe_Monitor\Pipe_Monitor_App\EWARM\output\debug\Obj\RXNTTL518_17808510930951076202.dir
[15] = D:\Myself\WorkProcess\SK\HC32F460_WorkProcess\example\Source\Pipe_Monitor\Pipe_Monitor_App\EWARM\output\debug\Obj\SC7A20H_13085057635104233901.dir
[16] = D:\Myself\WorkProcess\SK\HC32F460_WorkProcess\example\Source\Pipe_Monitor\Pipe_Monitor_App\EWARM\output\debug\Obj\Storage_W25Q128_4738127093883701884.dir
[17] = D:\Myself\WorkProcess\SK\HC32F460_WorkProcess\example\Source\Pipe_Monitor\Pipe_Monitor_App\EWARM\output\debug\Obj\User_Data_5391006662705040797.dir
[18] = D:\Myself\WorkProcess\SK\HC32F460_WorkProcess\example\Source\Pipe_Monitor\Pipe_Monitor_App\EWARM\output\debug\Obj\WatchDog_9188475617120297074.dir
[19] = D:\Myself\WorkProcess\SK\HC32F460_WorkProcess\example\Source\Pipe_Monitor\Pipe_Monitor_App\EWARM\output\debug\Obj\common_14919461937644757070.dir
[20] = D:\Myself\WorkProcess\SK\HC32F460_WorkProcess\example\Source\Pipe_Monitor\Pipe_Monitor_App\EWARM\output\debug\Obj\driver_11944700488488147666.dir
[21] = D:\Myself\WorkProcess\SK\HC32F460_WorkProcess\example\Source\Pipe_Monitor\Pipe_Monitor_App\EWARM\output\debug\Obj\drv_ADC_15186207816091091275.dir
[22] = D:\Myself\WorkProcess\SK\HC32F460_WorkProcess\example\Source\Pipe_Monitor\Pipe_Monitor_App\EWARM\output\debug\Obj\drv_IIC_18060258103304213159.dir
[23] = D:\Myself\WorkProcess\SK\HC32F460_WorkProcess\example\Source\Pipe_Monitor\Pipe_Monitor_App\EWARM\output\debug\Obj\drv_RTC_2577979922006117733.dir
[24] = D:\Myself\WorkProcess\SK\HC32F460_WorkProcess\example\Source\Pipe_Monitor\Pipe_Monitor_App\EWARM\output\debug\Obj\drv_SPI_4333388098947449637.dir
[25] = D:\Myself\WorkProcess\SK\HC32F460_WorkProcess\example\Source\Pipe_Monitor\Pipe_Monitor_App\EWARM\output\debug\Obj\drv_Timer_6973001687617930806.dir
[26] = D:\Myself\WorkProcess\SK\HC32F460_WorkProcess\example\Source\Pipe_Monitor\Pipe_Monitor_App\EWARM\output\debug\Obj\drv_USART_14144334009435087269.dir
[27] = D:\Myself\WorkProcess\SK\HC32F460_WorkProcess\example\Source\Pipe_Monitor\Pipe_Monitor_App\EWARM\output\debug\Obj\source_5634686896477721948.dir
[28] = dl7M_tlf.a
[29] = m7M_tls.a
[30] = rt7M_tl.a
[31] = shb_l.a

  118'653 bytes of readonly  code memory
   14'427 bytes of readonly  data memory (+ 32 absolute)
   34'850 bytes of readwrite data memory

Errors: none
Warnings: none
