###############################################################################
#
# IAR ELF Linker V9.40.1.364/W64 for ARM                  13/Jan/2026  16:10:25
# Copyright 2007-2023 IAR Systems AB.
#
#    Output file  =
#        D:\Myself\WorkProcess\SK\HC32F460_WorkProcess\example\Source\Pipe_Monitor\Pipe_Monitor_App\EWARM\output\debug\Exe\Pipe_Monitor_App.out
#    Map file     =
#        D:\Myself\WorkProcess\SK\HC32F460_WorkProcess\example\Source\Pipe_Monitor\Pipe_Monitor_App\EWARM\output\debug\List\Pipe_Monitor_App.map
#    Command line =
#        -f
#        D:\Myself\WorkProcess\SK\HC32F460_WorkProcess\example\Source\Pipe_Monitor\Pipe_Monitor_App\EWARM\output\debug\Exe\Pipe_Monitor_App.out.rsp
#        (D:\Myself\WorkProcess\SK\HC32F460_WorkProcess\example\Source\Pipe_Monitor\Pipe_Monitor_App\EWARM\output\debug\Obj\4G_EC200U_8582873453978518366.dir\4G_EC200U.o
#        D:\Myself\WorkProcess\SK\HC32F460_WorkProcess\example\Source\Pipe_Monitor\Pipe_Monitor_App\EWARM\output\debug\Obj\BT_TB05_12041724360499981866.dir\BT_TB05.o
#        D:\Myself\WorkProcess\SK\HC32F460_WorkProcess\example\Source\Pipe_Monitor\Pipe_Monitor_App\EWARM\output\debug\Obj\OLED_13473777563621607307.dir\Display.o
#        D:\Myself\WorkProcess\SK\HC32F460_WorkProcess\example\Source\Pipe_Monitor\Pipe_Monitor_App\EWARM\output\debug\Obj\drv_ADC_15186207816091091275.dir\drv_ADC.o
#        D:\Myself\WorkProcess\SK\HC32F460_WorkProcess\example\Source\Pipe_Monitor\Pipe_Monitor_App\EWARM\output\debug\Obj\drv_IIC_18060258103304213159.dir\drv_IIC.o
#        D:\Myself\WorkProcess\SK\HC32F460_WorkProcess\example\Source\Pipe_Monitor\Pipe_Monitor_App\EWARM\output\debug\Obj\LKT4202_1925765440156868983.dir\drv_LKT4202.o
#        D:\Myself\WorkProcess\SK\HC32F460_WorkProcess\example\Source\Pipe_Monitor\Pipe_Monitor_App\EWARM\output\debug\Obj\drv_OTS_Temperature_13039655784802445445.dir\drv_OTS_Temperature.o
#        D:\Myself\WorkProcess\SK\HC32F460_WorkProcess\example\Source\Pipe_Monitor\Pipe_Monitor_App\EWARM\output\debug\Obj\drv_RTC_2577979922006117733.dir\drv_RTC.o
#        D:\Myself\WorkProcess\SK\HC32F460_WorkProcess\example\Source\Pipe_Monitor\Pipe_Monitor_App\EWARM\output\debug\Obj\SC7A20H_13085057635104233901.dir\drv_SC7A20H.o
#        D:\Myself\WorkProcess\SK\HC32F460_WorkProcess\example\Source\Pipe_Monitor\Pipe_Monitor_App\EWARM\output\debug\Obj\drv_SPI_4333388098947449637.dir\drv_SPI.o
#        D:\Myself\WorkProcess\SK\HC32F460_WorkProcess\example\Source\Pipe_Monitor\Pipe_Monitor_App\EWARM\output\debug\Obj\Storage_W25Q128_4738127093883701884.dir\drv_Storage_W25Q128.o
#        D:\Myself\WorkProcess\SK\HC32F460_WorkProcess\example\Source\Pipe_Monitor\Pipe_Monitor_App\EWARM\output\debug\Obj\drv_Timer_6973001687617930806.dir\drv_Timer.o
#        D:\Myself\WorkProcess\SK\HC32F460_WorkProcess\example\Source\Pipe_Monitor\Pipe_Monitor_App\EWARM\output\debug\Obj\drv_USART_14144334009435087269.dir\drv_USART.o
#        D:\Myself\WorkProcess\SK\HC32F460_WorkProcess\example\Source\Pipe_Monitor\Pipe_Monitor_App\EWARM\output\debug\Obj\RF_NFC_10628150809568064830.dir\fm175xx.o
#        D:\Myself\WorkProcess\SK\HC32F460_WorkProcess\example\Source\Pipe_Monitor\Pipe_Monitor_App\EWARM\output\debug\Obj\OLED_13473777563621607307.dir\Font.o
#        D:\Myself\WorkProcess\SK\HC32F460_WorkProcess\example\Source\Pipe_Monitor\Pipe_Monitor_App\EWARM\output\debug\Obj\driver_11944700488488147666.dir\hc32f460_adc.o
#        D:\Myself\WorkProcess\SK\HC32F460_WorkProcess\example\Source\Pipe_Monitor\Pipe_Monitor_App\EWARM\output\debug\Obj\driver_11944700488488147666.dir\hc32f460_clk.o
#        D:\Myself\WorkProcess\SK\HC32F460_WorkProcess\example\Source\Pipe_Monitor\Pipe_Monitor_App\EWARM\output\debug\Obj\driver_11944700488488147666.dir\hc32f460_dmac.o
#        D:\Myself\WorkProcess\SK\HC32F460_WorkProcess\example\Source\Pipe_Monitor\Pipe_Monitor_App\EWARM\output\debug\Obj\driver_11944700488488147666.dir\hc32f460_efm.o
#        D:\Myself\WorkProcess\SK\HC32F460_WorkProcess\example\Source\Pipe_Monitor\Pipe_Monitor_App\EWARM\output\debug\Obj\driver_11944700488488147666.dir\hc32f460_event_port.o
#        D:\Myself\WorkProcess\SK\HC32F460_WorkProcess\example\Source\Pipe_Monitor\Pipe_Monitor_App\EWARM\output\debug\Obj\driver_11944700488488147666.dir\hc32f460_exint_nmi_swi.o
#        D:\Myself\WorkProcess\SK\HC32F460_WorkProcess\example\Source\Pipe_Monitor\Pipe_Monitor_App\EWARM\output\debug\Obj\driver_11944700488488147666.dir\hc32f460_gpio.o
#        D:\Myself\WorkProcess\SK\HC32F460_WorkProcess\example\Source\Pipe_Monitor\Pipe_Monitor_App\EWARM\output\debug\Obj\driver_11944700488488147666.dir\hc32f460_i2c.o
#        D:\Myself\WorkProcess\SK\HC32F460_WorkProcess\example\Source\Pipe_Monitor\Pipe_Monitor_App\EWARM\output\debug\Obj\driver_11944700488488147666.dir\hc32f460_icg.o
#        D:\Myself\WorkProcess\SK\HC32F460_WorkProcess\example\Source\Pipe_Monitor\Pipe_Monitor_App\EWARM\output\debug\Obj\driver_11944700488488147666.dir\hc32f460_interrupts.o
#        D:\Myself\WorkProcess\SK\HC32F460_WorkProcess\example\Source\Pipe_Monitor\Pipe_Monitor_App\EWARM\output\debug\Obj\driver_11944700488488147666.dir\hc32f460_keyscan.o
#        D:\Myself\WorkProcess\SK\HC32F460_WorkProcess\example\Source\Pipe_Monitor\Pipe_Monitor_App\EWARM\output\debug\Obj\driver_11944700488488147666.dir\hc32f460_ots.o
#        D:\Myself\WorkProcess\SK\HC32F460_WorkProcess\example\Source\Pipe_Monitor\Pipe_Monitor_App\EWARM\output\debug\Obj\driver_11944700488488147666.dir\hc32f460_pwc.o
#        D:\Myself\WorkProcess\SK\HC32F460_WorkProcess\example\Source\Pipe_Monitor\Pipe_Monitor_App\EWARM\output\debug\Obj\driver_11944700488488147666.dir\hc32f460_rtc.o
#        D:\Myself\WorkProcess\SK\HC32F460_WorkProcess\example\Source\Pipe_Monitor\Pipe_Monitor_App\EWARM\output\debug\Obj\driver_11944700488488147666.dir\hc32f460_spi.o
#        D:\Myself\WorkProcess\SK\HC32F460_WorkProcess\example\Source\Pipe_Monitor\Pipe_Monitor_App\EWARM\output\debug\Obj\driver_11944700488488147666.dir\hc32f460_sram.o
#        D:\Myself\WorkProcess\SK\HC32F460_WorkProcess\example\Source\Pipe_Monitor\Pipe_Monitor_App\EWARM\output\debug\Obj\driver_11944700488488147666.dir\hc32f460_timer0.o
#        D:\Myself\WorkProcess\SK\HC32F460_WorkProcess\example\Source\Pipe_Monitor\Pipe_Monitor_App\EWARM\output\debug\Obj\driver_11944700488488147666.dir\hc32f460_timer4_cnt.o
#        D:\Myself\WorkProcess\SK\HC32F460_WorkProcess\example\Source\Pipe_Monitor\Pipe_Monitor_App\EWARM\output\debug\Obj\driver_11944700488488147666.dir\hc32f460_timer4_oco.o
#        D:\Myself\WorkProcess\SK\HC32F460_WorkProcess\example\Source\Pipe_Monitor\Pipe_Monitor_App\EWARM\output\debug\Obj\driver_11944700488488147666.dir\hc32f460_usart.o
#        D:\Myself\WorkProcess\SK\HC32F460_WorkProcess\example\Source\Pipe_Monitor\Pipe_Monitor_App\EWARM\output\debug\Obj\driver_11944700488488147666.dir\hc32f460_utility.o
#        D:\Myself\WorkProcess\SK\HC32F460_WorkProcess\example\Source\Pipe_Monitor\Pipe_Monitor_App\EWARM\output\debug\Obj\driver_11944700488488147666.dir\hc32f460_wdt.o
#        D:\Myself\WorkProcess\SK\HC32F460_WorkProcess\example\Source\Pipe_Monitor\Pipe_Monitor_App\EWARM\output\debug\Obj\LC86L_BD_9822625824417385734.dir\LC86L_BD.o
#        D:\Myself\WorkProcess\SK\HC32F460_WorkProcess\example\Source\Pipe_Monitor\Pipe_Monitor_App\EWARM\output\debug\Obj\LoRa_RA02_5139138412578801246.dir\LoRa_RA02.o
#        D:\Myself\WorkProcess\SK\HC32F460_WorkProcess\example\Source\Pipe_Monitor\Pipe_Monitor_App\EWARM\output\debug\Obj\Lora_TP1109_151720617378073083.dir\Lora_TP1109.o
#        D:\Myself\WorkProcess\SK\HC32F460_WorkProcess\example\Source\Pipe_Monitor\Pipe_Monitor_App\EWARM\output\debug\Obj\Magnetic_Bar_17520218520042908049.dir\Magnetic_Bar.o
#        D:\Myself\WorkProcess\SK\HC32F460_WorkProcess\example\Source\Pipe_Monitor\Pipe_Monitor_App\EWARM\output\debug\Obj\source_5634686896477721948.dir\main.o
#        D:\Myself\WorkProcess\SK\HC32F460_WorkProcess\example\Source\Pipe_Monitor\Pipe_Monitor_App\EWARM\output\debug\Obj\Mainloop_18272944273632151421.dir\Mainloop.o
#        D:\Myself\WorkProcess\SK\HC32F460_WorkProcess\example\Source\Pipe_Monitor\Pipe_Monitor_App\EWARM\output\debug\Obj\RF_NFC_10628150809568064830.dir\mifare_card.o
#        D:\Myself\WorkProcess\SK\HC32F460_WorkProcess\example\Source\Pipe_Monitor\Pipe_Monitor_App\EWARM\output\debug\Obj\ModbusRTU_17682219295068567368.dir\ModbusRTU.o
#        D:\Myself\WorkProcess\SK\HC32F460_WorkProcess\example\Source\Pipe_Monitor\Pipe_Monitor_App\EWARM\output\debug\Obj\ModbusRTU_17682219295068567368.dir\ModbusRTU_Device_BT.o
#        D:\Myself\WorkProcess\SK\HC32F460_WorkProcess\example\Source\Pipe_Monitor\Pipe_Monitor_App\EWARM\output\debug\Obj\MQTT_SK_4724149239023757000.dir\MQTT_SK.o
#        D:\Myself\WorkProcess\SK\HC32F460_WorkProcess\example\Source\Pipe_Monitor\Pipe_Monitor_App\EWARM\output\debug\Obj\OLED_13473777563621607307.dir\OLED.o
#        D:\Myself\WorkProcess\SK\HC32F460_WorkProcess\example\Source\Pipe_Monitor\Pipe_Monitor_App\EWARM\output\debug\Obj\Photosensitive_XYC_ALS_28064708180949255.dir\Photosensitive_XYC_ALS.o
#        D:\Myself\WorkProcess\SK\HC32F460_WorkProcess\example\Source\Pipe_Monitor\Pipe_Monitor_App\EWARM\output\debug\Obj\RF_NFC_10628150809568064830.dir\RF_NFC.o
#        D:\Myself\WorkProcess\SK\HC32F460_WorkProcess\example\Source\Pipe_Monitor\Pipe_Monitor_App\EWARM\output\debug\Obj\RXNTTL518_17808510930951076202.dir\RXNTTL518.o
#        D:\Myself\WorkProcess\SK\HC32F460_WorkProcess\example\Source\Pipe_Monitor\Pipe_Monitor_App\EWARM\output\debug\Obj\common_14919461937644757070.dir\startup_hc32f460.o
#        D:\Myself\WorkProcess\SK\HC32F460_WorkProcess\example\Source\Pipe_Monitor\Pipe_Monitor_App\EWARM\output\debug\Obj\common_14919461937644757070.dir\system_hc32f460.o
#        D:\Myself\WorkProcess\SK\HC32F460_WorkProcess\example\Source\Pipe_Monitor\Pipe_Monitor_App\EWARM\output\debug\Obj\RF_NFC_10628150809568064830.dir\type_a.o
#        D:\Myself\WorkProcess\SK\HC32F460_WorkProcess\example\Source\Pipe_Monitor\Pipe_Monitor_App\EWARM\output\debug\Obj\RF_NFC_10628150809568064830.dir\type_b.o
#        D:\Myself\WorkProcess\SK\HC32F460_WorkProcess\example\Source\Pipe_Monitor\Pipe_Monitor_App\EWARM\output\debug\Obj\User_Data_5391006662705040797.dir\User_Data.o
#        D:\Myself\WorkProcess\SK\HC32F460_WorkProcess\example\Source\Pipe_Monitor\Pipe_Monitor_App\EWARM\output\debug\Obj\WatchDog_9188475617120297074.dir\WatchDog.o
#        --no_out_extension -o
#        D:\Myself\WorkProcess\SK\HC32F460_WorkProcess\example\Source\Pipe_Monitor\Pipe_Monitor_App\EWARM\output\debug\Exe\Pipe_Monitor_App.out
#        --map
#        D:\Myself\WorkProcess\SK\HC32F460_WorkProcess\example\Source\Pipe_Monitor\Pipe_Monitor_App\EWARM\output\debug\List\Pipe_Monitor_App.map
#        --config
#        D:\Myself\WorkProcess\SK\HC32F460_WorkProcess\example\Source\Pipe_Monitor\Pipe_Monitor_App\EWARM\HC32F460xE.icf
#        --semihosting --entry __iar_program_start --redirect
#        __write=__write_buffered --vfe --text_out locale --cpu=Cortex-M4
#        --fpu=VFPv4_sp) --dependencies=n
#        D:\Myself\WorkProcess\SK\HC32F460_WorkProcess\example\Source\Pipe_Monitor\Pipe_Monitor_App\EWARM\output\debug\Exe\Pipe_Monitor_App.out.iar_deps
#
###############################################################################

*******************************************************************************
*** RUNTIME MODEL ATTRIBUTES
***

CppFlavor       = *
__CPP_Runtime   = 1
__SystemLibrary = DLib
__dlib_version  = 6


*******************************************************************************
*** HEAP SELECTION
***

The basic heap was selected because --advanced_heap
was not specified and the application did not appear to
be primarily optimized for speed.


*******************************************************************************
*** PLACEMENT SUMMARY
***

"A0":  place at address 0x1'4000 { ro section .intvec };
"P1":  place in [from 0x1'4000 to 0x7'ffff] |
                [from 0x300'0c00 to 0x300'0ffb] { ro };
define block CSTACK with size = 8K, alignment = 8 { };
define block HEAP with size = 8K, alignment = 8 { };
"P2":  place in [from 0x1fff'8000 to 0x1fff'ffff] |
                [from 0x2000'0000 to 0x2000'ffff repeat 2] |
                [from 0x2002'0000 to 0x2002'6fff] |
                [from 0x200f'0000 to 0x200f'0fff] {
          rw, block CSTACK, block HEAP };
initialize by copy { rw };

  Section            Kind         Address      Size  Object
  -------            ----         -------      ----  ------
Absolute sections:                             0x20
  .rodata            const          0x400      0x20  hc32f460_icg.o [20]
                                  - 0x420      0x20

"A0":                                         0x280
  .intvec            ro code     0x1'4000     0x280  startup_hc32f460.o [19]
                               - 0x1'4280     0x280

"P1":                                      0x2'5ee1
  .text              ro code     0x1'4280    0x37a4  4G_EC200U.o [1]
  .text              ro code     0x1'7a24      0x66  ABImemset.o [31]
  .text              ro code     0x1'7a8a      0x1e  xsscin.o [29]
  .text              ro code     0x1'7aa8     0x4d8  hc32f460_gpio.o [20]
  .text              ro code     0x1'7f80      0x6c  hc32f460_utility.o [20]
  .text              ro code     0x1'7fec     0x710  drv_RTC.o [24]
  .text              ro code     0x1'86fc      0x28  sscanf.o [29]
  .text              ro code     0x1'8724      0xe0  mktime64.o [29]
  .text              ro code     0x1'8804      0x40  sprintf.o [29]
  .text              ro code     0x1'8844      0x36  strlen.o [31]
  .text              ro code     0x1'887a      0x1e  strcat.o [29]
  .text              ro code     0x1'8898      0xa6  ABImemcpy.o [31]
  .text              ro code     0x1'893e       0xa  xsprout.o [29]
  .text              ro code     0x1'8948    0x1798  drv_Storage_W25Q128.o [16]
  .text              ro code     0x1'a0e0      0x48  FltToDbl.o [30]
  .text              ro code     0x1'a128     0x25e  DblAddSub.o [30]
  .rodata            const       0x1'a386       0x2  drv_LKT4202.o [4]
  .text              ro code     0x1'a388      0x1c  U32ToDbl.o [30]
  .text              ro code     0x1'a3a4     0x246  DblDiv.o [30]
  .rodata            const       0x1'a5ea       0x2  drv_LKT4202.o [4]
  .text              ro code     0x1'a5ec      0x18  strcpy.o [31]
  .text              ro code     0x1'a604      0x4c  WatchDog.o [18]
  .text              ro code     0x1'a650    0x12cc  drv_USART.o [27]
  .text              ro code     0x1'b91c      0xb6  User_Data.o [17]
  .text              ro code     0x1'b9d2       0x2  hc32f460_utility.o [20]
  .text              ro code     0x1'b9d4     0xa10  hc32f460_pwc.o [20]
  .text              ro code     0x1'c3e4     0xffc  hc32f460_clk.o [20]
  .text              ro code     0x1'd3e0      0x68  DblToFlt.o [30]
  .text              ro code     0x1'd448     0x8a4  hc32f460_rtc.o [20]
  .text              ro code     0x1'dcec     0xb40  hc32f460_interrupts.o [20]
  .text              ro code     0x1'e82c      0x16  strchr.o [31]
  .rodata            const       0x1'e842       0x2  drv_LKT4202.o [4]
  .text              ro code     0x1'e844     0xd7c  xscanffull_nomb.o [29]
  .text              ro code     0x1'f5c0      0xcc  xDaysTo64.o [29]
  .text              ro code     0x1'f68c     0x15c  xttotm64.o [29]
  .text              ro code     0x1'f7e8       0x4  xTzoff_nop.o [29]
  .text              ro code     0x1'f7ec     0xd1a  xprintflarge_nomb.o [29]
  .rodata            const       0x2'0506       0x2  drv_LKT4202.o [4]
  .text              ro code     0x2'0508      0x12  strcmp.o [31]
  .rodata            const       0x2'051a       0x2  drv_LKT4202.o [4]
  .text              ro code     0x2'051c    0x1480  Mainloop.o [9]
  .text              ro code     0x2'199c     0xa48  hc32f460_usart.o [20]
  .text              ro code     0x2'23e4     0xac0  hc32f460_dmac.o [20]
  .text              ro code     0x2'2ea4     0x934  hc32f460_timer0.o [20]
  .text              ro code     0x2'37d8     0x3c8  BT_TB05.o [2]
  .text              ro code     0x2'3ba0      0x68  memcmp.o [31]
  .text              ro code     0x2'3c08     0x110  system_hc32f460.o [19]
  .text              ro code     0x2'3d18     0x17c  hc32f460_exint_nmi_swi.o [20]
  .text              ro code     0x2'3e94      0x14  isspace.o [29]
  .text              ro code     0x2'3ea8      0x14  isalpha.o [29]
  .text              ro code     0x2'3ebc      0x4c  xlocale_c.o [29]
  .text              ro code     0x2'3f08     0x362  strto64.o [30]
  .rodata            const       0x2'426a       0x2  drv_LKT4202.o [4]
  .text              ro code     0x2'426c     0x13a  ldexp.o [30]
  .rodata            const       0x2'43a6       0x2  xlocale_c.o [29]
  .text              ro code     0x2'43a8     0x1b2  iar_Stoullx.o [29]
  .rodata            const       0x2'455a       0x2  xlocale_c.o [29]
  .text              ro code     0x2'455c      0xa6  iar_Stollx.o [29]
  .rodata            const       0x2'4602       0x1  xlocale_c.o [29]
  .text              ro code     0x2'4604      0x40  xfail_s.o [29]
  .text              ro code     0x2'4644      0x58  memchr.o [31]
  .text              ro code     0x2'469c     0x274  I64DivMod.o [31]
  .text              ro code     0x2'4910       0x6  xisdst_nop64.o [29]
  .text              ro code     0x2'4918      0x70  frexp.o [30]
  .text              ro code     0x2'4988      0x22  DblToU32.o [30]
  .text              ro code     0x2'49ac     0x1aa  DblMul.o [30]
  .text              ro code     0x2'4b58     0x560  LC86L_BD.o [3]
  .text              ro code     0x2'50b8     0xaa0  drv_Timer.o [26]
  .text              ro code     0x2'5b58     0x1c4  Lora_TP1109.o [6]
  .text              ro code     0x2'5d1c     0x558  drv_ADC.o [21]
  .text              ro code     0x2'6274     0xc9c  OLED.o [11]
  .text              ro code     0x2'6f10      0x66  RF_NFC.o [13]
  .text              ro code     0x2'6f78     0x244  RXNTTL518.o [14]
  .text              ro code     0x2'71bc     0x3ac  Photosensitive_XYC_ALS.o [12]
  .text              ro code     0x2'7568     0x2da  drv_SC7A20H.o [15]
  .text              ro code     0x2'7844    0x212c  Display.o [11]
  .text              ro code     0x2'9970      0x34  DblCmpLe.o [30]
  .text              ro code     0x2'99a4    0x2918  ModbusRTU.o [10]
  .text              ro code     0x2'c2bc      0x74  drv_OTS_Temperature.o [23]
  .text              ro code     0x2'c330      0x34  DblCmpGe.o [30]
  .text              ro code     0x2'c364      0x2c  strstr.o [29]
  .text              ro code     0x2'c390    0x2e64  MQTT_SK.o [7]
  .text              ro code     0x2'f1f4    0x1f18  ModbusRTU_Device_BT.o [10]
  .text              ro code     0x3'110c     0x122  iar_Stopfx.o [29]
  .text              ro code     0x3'1230     0x1b8  iar_Stoflt.o [29]
  .text              ro code     0x3'13e8      0x22  S32ToDbl.o [30]
  .text              ro code     0x3'140c     0x208  iar_Stoxflt.o [29]
  .text              ro code     0x3'1614      0x14  tolower.o [29]
  .text              ro code     0x3'1628       0x6  abort.o [29]
  .text              ro code     0x3'1630       0x2  I64DivZer.o [31]
  .text              ro code     0x3'1634     0x9d0  hc32f460_timer4_oco.o [20]
  .text              ro code     0x3'2004     0x368  hc32f460_timer4_cnt.o [20]
  .text              ro code     0x3'236c     0x578  hc32f460_adc.o [20]
  .text              ro code     0x3'28e4     0x928  drv_IIC.o [22]
  .text              ro code     0x3'320c      0x2a  strncmp.o [29]
  .text              ro code     0x3'3238     0x102  sqrt.o [30]
  .text              ro code     0x3'333c      0x2a  math_wrappers64.o [30]
  .text              ro code     0x3'3368      0x36  DblToS32.o [30]
  .text              ro code     0x3'33a0      0x46  U64ToDbl.o [30]
  .text              ro code     0x3'33e8     0x180  hc32f460_ots.o [20]
  .text              ro code     0x3'3568      0x4c  strtok.o [29]
  .text              ro code     0x3'35b4     0x152  iar_Stoulx.o [29]
  .text              ro code     0x3'3708      0x14  exit.o [32]
  .text              ro code     0x3'371c     0xaa0  hc32f460_i2c.o [20]
  .text              ro code     0x3'41bc      0xbc  atan64.o [30]
  .text              ro code     0x3'4278     0x68c  pow64.o [30]
  .text              ro code     0x3'4904      0x22  strspn.o [29]
  .text              ro code     0x3'4926      0x22  strcspn.o [29]
  .text              ro code     0x3'4948     0x1c8  iar_Atan64.o [30]
  .text              ro code     0x3'4b10      0x20  DblCmpEq.o [30]
  .text              ro code     0x3'4b30     0x32c  iar_Exp64.o [30]
  .rodata            const       0x3'4e5c     0x780  Font.o [11]
  .text              ro code     0x3'55dc     0x720  main.o [28]
  .text              ro code     0x3'5cfc      0x90  hc32f460_efm.o [20]
  .text              ro code     0x3'5d8c     0x188  hc32f460_sram.o [20]
  .text              ro code     0x3'5f14      0x68  drv_SPI.o [25]
  .text              ro code     0x3'5f7c     0x204  Magnetic_Bar.o [8]
  .text              ro code     0x3'6180     0x644  drv_LKT4202.o [4]
  .rodata            const       0x3'67c4     0x5a0  Font.o [11]
  .rodata            const       0x3'6d64     0x4c8  Font.o [11]
  .rodata            const       0x3'722c      0x64  4G_EC200U.o [1]
  .rodata            const       0x3'7290     0x420  pow64.o [30]
  .rodata            const       0x3'76b0     0x400  Font.o [11]
  .rodata            const       0x3'7ab0     0x348  ModbusRTU_Device_BT.o [10]
  .rodata            const       0x3'7df8     0x200  ModbusRTU.o [10]
  .rodata            const       0x3'7ff8     0x200  RXNTTL518.o [14]
  .rodata            const       0x3'81f8     0x100  ModbusRTU.o [10]
  .rodata            const       0x3'82f8     0x100  ModbusRTU.o [10]
  .text              ro code     0x3'83f8      0xa2  packbits_init.o [31]
  .rodata            const       0x3'849c      0x68  4G_EC200U.o [1]
  .rodata            const       0x3'8504      0x54  hc32f460_exint_nmi_swi.o [20]
  .rodata            const       0x3'8558      0x54  MQTT_SK.o [7]
  .rodata            const       0x3'85ac      0x50  hc32f460_interrupts.o [20]
  .rodata            const       0x3'85fc      0x50  hc32f460_timer4_cnt.o [20]
  .rodata            const       0x3'864c      0x50  hc32f460_timer4_oco.o [20]
  .rodata            const       0x3'869c      0x50  iar_Stoulx.o [29]
  .rodata            const       0x3'86ec      0x50  iar_Stoullx.o [29]
  .rodata            const       0x3'873c      0x4c  4G_EC200U.o [1]
  .rodata            const       0x3'8788      0x4c  4G_EC200U.o [1]
  .rodata            const       0x3'87d4      0x4c  hc32f460_dmac.o [20]
  .rodata            const       0x3'8820      0x4c  hc32f460_gpio.o [20]
  .rodata            const       0x3'886c      0x4c  hc32f460_sram.o [20]
  .rodata            const       0x3'88b8      0x4c  hc32f460_timer0.o [20]
  .rodata            const       0x3'8904      0x4c  hc32f460_usart.o [20]
  .rodata            const       0x3'8950      0x48  hc32f460_adc.o [20]
  .rodata            const       0x3'8998      0x48  hc32f460_clk.o [20]
  .rodata            const       0x3'89e0      0x48  hc32f460_efm.o [20]
  .rodata            const       0x3'8a28      0x48  hc32f460_i2c.o [20]
  .rodata            const       0x3'8a70      0x48  hc32f460_ots.o [20]
  .rodata            const       0x3'8ab8      0x48  hc32f460_pwc.o [20]
  .rodata            const       0x3'8b00      0x48  hc32f460_rtc.o [20]
  .rodata            const       0x3'8b48      0x48  MQTT_SK.o [7]
  .rodata            const       0x3'8b90      0x48  strto64.o [30]
  .text              ro code     0x3'8be0      0x44  startup_hc32f460.o [19]
  .rodata            const       0x3'8c24      0x3c  4G_EC200U.o [1]
  .rodata            const       0x3'8c60      0x40  iar_Atan64.o [30]
  .rodata            const       0x3'8ca0      0x3c  4G_EC200U.o [1]
  .rodata            const       0x3'8cdc      0x3c  MQTT_SK.o [7]
  .rodata            const       0x3'8d18      0x3c  MQTT_SK.o [7]
  .rodata            const       0x3'8d54      0x38  4G_EC200U.o [1]
  .rodata            const       0x3'8d8c      0x38  4G_EC200U.o [1]
  .rodata            const       0x3'8dc4      0x38  4G_EC200U.o [1]
  .rodata            const       0x3'8dfc      0x38  4G_EC200U.o [1]
  .rodata            const       0x3'8e34      0x38  4G_EC200U.o [1]
  .rodata            const       0x3'8e6c      0x38  MQTT_SK.o [7]
  .text              ro code     0x3'8ea4      0x38  zero_init3.o [31]
  .rodata            const       0x3'8edc      0x34  4G_EC200U.o [1]
  .rodata            const       0x3'8f10      0x34  MQTT_SK.o [7]
  .rodata            const       0x3'8f44      0x30  MQTT_SK.o [7]
  .rodata            const       0x3'8f74      0x28  4G_EC200U.o [1]
  .rodata            const       0x3'8f9c      0x28  4G_EC200U.o [1]
  .rodata            const       0x3'8fc4      0x28  xscanffull_nomb.o [29]
  .text              ro code     0x3'8fec      0x28  data_init.o [31]
  .rodata            const       0x3'9014      0x24  4G_EC200U.o [1]
  .rodata            const       0x3'9038      0x24  MQTT_SK.o [7]
  .rodata            const       0x3'905c      0x24  xscanffull_nomb.o [29]
  .text              ro code     0x3'9080      0x22  fpinit_M.o [30]
  .iar.init_table    const       0x3'90a4      0x34  - Linker created -
  .rodata            const       0x3'90d8      0x20  4G_EC200U.o [1]
  .rodata            const       0x3'90f8      0x20  4G_EC200U.o [1]
  .rodata            const       0x3'9118      0x20  4G_EC200U.o [1]
  .rodata            const       0x3'9138      0x20  drv_LKT4202.o [4]
  .rodata            const       0x3'9158      0x20  drv_LKT4202.o [4]
  .rodata            const       0x3'9178      0x20  drv_RTC.o [24]
  .rodata            const       0x3'9198      0x20  MQTT_SK.o [7]
  .rodata            const       0x3'91b8      0x20  MQTT_SK.o [7]
  .text              ro code     0x3'91d8      0x1e  cmain.o [31]
  .text              ro code     0x3'91f6       0x4  low_level_init.o [29]
  .text              ro code     0x3'91fa       0x4  exit.o [29]
  .text              ro code     0x3'9200       0xa  cexit.o [31]
  .rodata            const       0x3'920c      0x1c  4G_EC200U.o [1]
  .rodata            const       0x3'9228      0x1c  MQTT_SK.o [7]
  .rodata            const       0x3'9244      0x1c  MQTT_SK.o [7]
  .rodata            const       0x3'9260      0x1c  MQTT_SK.o [7]
  .rodata            const       0x3'927c      0x1c  MQTT_SK.o [7]
  .rodata            const       0x3'9298      0x1c  MQTT_SK.o [7]
  .text              ro code     0x3'92b4      0x1c  cstartup_M.o [31]
  .rodata            const       0x3'92d0      0x18  4G_EC200U.o [1]
  .rodata            const       0x3'92e8      0x18  MQTT_SK.o [7]
  .rodata            const       0x3'9300      0x18  MQTT_SK.o [7]
  .rodata            const       0x3'9318      0x18  MQTT_SK.o [7]
  .rodata            const       0x3'9330      0x18  MQTT_SK.o [7]
  .rodata            const       0x3'9348      0x18  MQTT_SK.o [7]
  .rodata            const       0x3'9360      0x18  MQTT_SK.o [7]
  .rodata            const       0x3'9378      0x14  4G_EC200U.o [1]
  .rodata            const       0x3'938c      0x14  4G_EC200U.o [1]
  .rodata            const       0x3'93a0      0x14  4G_EC200U.o [1]
  .rodata            const       0x3'93b4      0x14  4G_EC200U.o [1]
  .rodata            const       0x3'93c8      0x14  4G_EC200U.o [1]
  .rodata            const       0x3'93dc      0x14  4G_EC200U.o [1]
  .rodata            const       0x3'93f0      0x14  4G_EC200U.o [1]
  .rodata            const       0x3'9404      0x14  4G_EC200U.o [1]
  .rodata            const       0x3'9418      0x14  4G_EC200U.o [1]
  .rodata            const       0x3'942c      0x14  4G_EC200U.o [1]
  .rodata            const       0x3'9440      0x14  4G_EC200U.o [1]
  .rodata            const       0x3'9454      0x14  4G_EC200U.o [1]
  .rodata            const       0x3'9468      0x14  4G_EC200U.o [1]
  .rodata            const       0x3'947c      0x14  4G_EC200U.o [1]
  .rodata            const       0x3'9490      0x14  4G_EC200U.o [1]
  .rodata            const       0x3'94a4      0x14  4G_EC200U.o [1]
  .rodata            const       0x3'94b8      0x14  4G_EC200U.o [1]
  .rodata            const       0x3'94cc      0x14  4G_EC200U.o [1]
  .rodata            const       0x3'94e0      0x14  4G_EC200U.o [1]
  .rodata            const       0x3'94f4      0x14  4G_EC200U.o [1]
  .rodata            const       0x3'9508      0x14  4G_EC200U.o [1]
  .rodata            const       0x3'951c      0x14  4G_EC200U.o [1]
  .rodata            const       0x3'9530      0x14  BT_TB05.o [2]
  .rodata            const       0x3'9544      0x14  Mainloop.o [9]
  .rodata            const       0x3'9558      0x14  ModbusRTU.o [10]
  .rodata            const       0x3'956c      0x14  MQTT_SK.o [7]
  .rodata            const       0x3'9580      0x14  MQTT_SK.o [7]
  .rodata            const       0x3'9594      0x14  MQTT_SK.o [7]
  .rodata            const       0x3'95a8      0x14  MQTT_SK.o [7]
  .rodata            const       0x3'95bc      0x14  MQTT_SK.o [7]
  .rodata            const       0x3'95d0      0x14  MQTT_SK.o [7]
  .rodata            const       0x3'95e4      0x14  MQTT_SK.o [7]
  .rodata            const       0x3'95f8      0x14  MQTT_SK.o [7]
  .rodata            const       0x3'960c      0x14  MQTT_SK.o [7]
  .rodata            const       0x3'9620      0x14  MQTT_SK.o [7]
  .rodata            const       0x3'9634      0x14  MQTT_SK.o [7]
  .rodata            const       0x3'9648      0x14  MQTT_SK.o [7]
  .rodata            const       0x3'965c      0x14  MQTT_SK.o [7]
  .rodata            const       0x3'9670      0x14  MQTT_SK.o [7]
  .rodata            const       0x3'9684      0x14  MQTT_SK.o [7]
  .rodata            const       0x3'9698      0x14  MQTT_SK.o [7]
  .rodata            const       0x3'96ac      0x14  MQTT_SK.o [7]
  .rodata            const       0x3'96c0      0x14  MQTT_SK.o [7]
  .rodata            const       0x3'96d4      0x14  MQTT_SK.o [7]
  .rodata            const       0x3'96e8      0x14  MQTT_SK.o [7]
  .rodata            const       0x3'96fc      0x14  MQTT_SK.o [7]
  .rodata            const       0x3'9710      0x14  MQTT_SK.o [7]
  .rodata            const       0x3'9724      0x14  MQTT_SK.o [7]
  .rodata            const       0x3'9738      0x14  MQTT_SK.o [7]
  .rodata            const       0x3'974c      0x14  MQTT_SK.o [7]
  .rodata            const       0x3'9760      0x14  MQTT_SK.o [7]
  .rodata            const       0x3'9774      0x14  MQTT_SK.o [7]
  .rodata            const       0x3'9788      0x14  MQTT_SK.o [7]
  .rodata            const       0x3'979c      0x14  MQTT_SK.o [7]
  .rodata            const       0x3'97b0      0x14  MQTT_SK.o [7]
  .rodata            const       0x3'97c4      0x10  4G_EC200U.o [1]
  .rodata            const       0x3'97d4      0x10  4G_EC200U.o [1]
  .rodata            const       0x3'97e4      0x10  4G_EC200U.o [1]
  .rodata            const       0x3'97f4      0x10  4G_EC200U.o [1]
  .rodata            const       0x3'9804      0x10  4G_EC200U.o [1]
  .rodata            const       0x3'9814      0x10  4G_EC200U.o [1]
  .rodata            const       0x3'9824      0x10  4G_EC200U.o [1]
  .rodata            const       0x3'9834      0x10  4G_EC200U.o [1]
  .rodata            const       0x3'9844      0x10  4G_EC200U.o [1]
  .rodata            const       0x3'9854      0x10  4G_EC200U.o [1]
  .rodata            const       0x3'9864      0x10  4G_EC200U.o [1]
  .rodata            const       0x3'9874      0x10  4G_EC200U.o [1]
  .rodata            const       0x3'9884      0x10  4G_EC200U.o [1]
  .rodata            const       0x3'9894      0x10  BT_TB05.o [2]
  .rodata            const       0x3'98a4      0x10  hc32f460_usart.o [20]
  .rodata            const       0x3'98b4      0x10  main.o [28]
  .rodata            const       0x3'98c4      0x10  ModbusRTU.o [10]
  .rodata            const       0x3'98d4      0x10  MQTT_SK.o [7]
  .rodata            const       0x3'98e4      0x10  MQTT_SK.o [7]
  .rodata            const       0x3'98f4      0x10  MQTT_SK.o [7]
  .rodata            const       0x3'9904      0x10  MQTT_SK.o [7]
  .rodata            const       0x3'9914      0x10  MQTT_SK.o [7]
  .rodata            const       0x3'9924      0x10  MQTT_SK.o [7]
  .rodata            const       0x3'9934      0x10  MQTT_SK.o [7]
  .rodata            const       0x3'9944      0x10  MQTT_SK.o [7]
  .rodata            const       0x3'9954      0x10  MQTT_SK.o [7]
  .rodata            const       0x3'9964      0x10  MQTT_SK.o [7]
  .rodata            const       0x3'9974      0x10  MQTT_SK.o [7]
  .rodata            const       0x3'9984      0x10  MQTT_SK.o [7]
  .rodata            const       0x3'9994      0x10  MQTT_SK.o [7]
  .rodata            const       0x3'99a4      0x10  MQTT_SK.o [7]
  .rodata            const       0x3'99b4      0x10  MQTT_SK.o [7]
  .rodata            const       0x3'99c4      0x10  MQTT_SK.o [7]
  .rodata            const       0x3'99d4      0x10  MQTT_SK.o [7]
  .rodata            const       0x3'99e4      0x10  MQTT_SK.o [7]
  .rodata            const       0x3'99f4      0x10  MQTT_SK.o [7]
  .rodata            const       0x3'9a04      0x10  MQTT_SK.o [7]
  .rodata            const       0x3'9a14      0x10  MQTT_SK.o [7]
  .rodata            const       0x3'9a24      0x10  MQTT_SK.o [7]
  .rodata            const       0x3'9a34      0x10  MQTT_SK.o [7]
  .rodata            const       0x3'9a44      0x10  MQTT_SK.o [7]
  .rodata            const       0x3'9a54      0x10  MQTT_SK.o [7]
  .rodata            const       0x3'9a64      0x10  MQTT_SK.o [7]
  .rodata            const       0x3'9a74      0x10  MQTT_SK.o [7]
  .rodata            const       0x3'9a84      0x10  MQTT_SK.o [7]
  .rodata            const       0x3'9a94      0x10  MQTT_SK.o [7]
  .rodata            const       0x3'9aa4      0x10  MQTT_SK.o [7]
  .rodata            const       0x3'9ab4      0x10  MQTT_SK.o [7]
  .rodata            const       0x3'9ac4      0x10  MQTT_SK.o [7]
  .rodata            const       0x3'9ad4      0x10  MQTT_SK.o [7]
  .rodata            const       0x3'9ae4      0x10  MQTT_SK.o [7]
  .rodata            const       0x3'9af4      0x10  MQTT_SK.o [7]
  .rodata            const       0x3'9b04      0x10  MQTT_SK.o [7]
  .rodata            const       0x3'9b14      0x10  MQTT_SK.o [7]
  .rodata            const       0x3'9b24      0x10  MQTT_SK.o [7]
  .rodata            const       0x3'9b34      0x10  MQTT_SK.o [7]
  .rodata            const       0x3'9b44      0x10  MQTT_SK.o [7]
  .rodata            const       0x3'9b54      0x10  MQTT_SK.o [7]
  .rodata            const       0x3'9b64      0x10  MQTT_SK.o [7]
  .rodata            const       0x3'9b74      0x10  MQTT_SK.o [7]
  .rodata            const       0x3'9b84      0x10  MQTT_SK.o [7]
  .rodata            const       0x3'9b94      0x10  MQTT_SK.o [7]
  .rodata            const       0x3'9ba4      0x10  MQTT_SK.o [7]
  .rodata            const       0x3'9bb4      0x10  MQTT_SK.o [7]
  .rodata            const       0x3'9bc4      0x10  MQTT_SK.o [7]
  .rodata            const       0x3'9bd4      0x10  MQTT_SK.o [7]
  .rodata            const       0x3'9be4      0x10  MQTT_SK.o [7]
  .rodata            const       0x3'9bf4      0x10  MQTT_SK.o [7]
  .rodata            const       0x3'9c04      0x10  MQTT_SK.o [7]
  .rodata            const       0x3'9c14      0x10  MQTT_SK.o [7]
  .rodata            const       0x3'9c24      0x10  MQTT_SK.o [7]
  .rodata            const       0x3'9c34      0x10  MQTT_SK.o [7]
  .rodata            const       0x3'9c44      0x10  MQTT_SK.o [7]
  .rodata            const       0x3'9c54      0x10  MQTT_SK.o [7]
  .rodata            const       0x3'9c64      0x10  MQTT_SK.o [7]
  .rodata            const       0x3'9c74      0x10  MQTT_SK.o [7]
  .rodata            const       0x3'9c84      0x10  MQTT_SK.o [7]
  .rodata            const       0x3'9c94       0xc  4G_EC200U.o [1]
  .rodata            const       0x3'9ca0       0xc  4G_EC200U.o [1]
  .rodata            const       0x3'9cac       0xc  4G_EC200U.o [1]
  .rodata            const       0x3'9cb8       0xc  4G_EC200U.o [1]
  .rodata            const       0x3'9cc4       0xc  4G_EC200U.o [1]
  .rodata            const       0x3'9cd0       0xc  4G_EC200U.o [1]
  .rodata            const       0x3'9cdc       0xc  4G_EC200U.o [1]
  .rodata            const       0x3'9ce8       0xc  4G_EC200U.o [1]
  .rodata            const       0x3'9cf4       0xc  4G_EC200U.o [1]
  .rodata            const       0x3'9d00       0xc  4G_EC200U.o [1]
  .rodata            const       0x3'9d0c       0xc  4G_EC200U.o [1]
  .rodata            const       0x3'9d18       0xc  4G_EC200U.o [1]
  .rodata            const       0x3'9d24       0xc  4G_EC200U.o [1]
  .rodata            const       0x3'9d30       0xc  4G_EC200U.o [1]
  .rodata            const       0x3'9d3c       0xc  4G_EC200U.o [1]
  .rodata            const       0x3'9d48       0xc  4G_EC200U.o [1]
  .rodata            const       0x3'9d54       0xc  4G_EC200U.o [1]
  .rodata            const       0x3'9d60       0xc  4G_EC200U.o [1]
  .rodata            const       0x3'9d6c       0xc  4G_EC200U.o [1]
  .rodata            const       0x3'9d78       0xc  4G_EC200U.o [1]
  .rodata            const       0x3'9d84       0xc  BT_TB05.o [2]
  .rodata            const       0x3'9d90       0xc  drv_LKT4202.o [4]
  .rodata            const       0x3'9d9c       0xc  drv_LKT4202.o [4]
  .rodata            const       0x3'9da8       0xc  drv_USART.o [27]
  .rodata            const       0x3'9db4       0xc  drv_USART.o [27]
  .rodata            const       0x3'9dc0       0xc  drv_USART.o [27]
  .rodata            const       0x3'9dcc       0xc  Mainloop.o [9]
  .rodata            const       0x3'9dd8       0xc  Mainloop.o [9]
  .rodata            const       0x3'9de4       0xc  ModbusRTU.o [10]
  .rodata            const       0x3'9df0       0xc  ModbusRTU.o [10]
  .rodata            const       0x3'9dfc       0xc  MQTT_SK.o [7]
  .rodata            const       0x3'9e08       0xc  MQTT_SK.o [7]
  .rodata            const       0x3'9e14       0xc  MQTT_SK.o [7]
  .rodata            const       0x3'9e20       0xc  MQTT_SK.o [7]
  .rodata            const       0x3'9e2c       0xc  MQTT_SK.o [7]
  .rodata            const       0x3'9e38       0xc  MQTT_SK.o [7]
  .rodata            const       0x3'9e44       0xc  MQTT_SK.o [7]
  .rodata            const       0x3'9e50       0xc  MQTT_SK.o [7]
  .rodata            const       0x3'9e5c       0xc  MQTT_SK.o [7]
  .rodata            const       0x3'9e68       0xc  MQTT_SK.o [7]
  .rodata            const       0x3'9e74       0xc  MQTT_SK.o [7]
  .rodata            const       0x3'9e80       0xc  MQTT_SK.o [7]
  .rodata            const       0x3'9e8c       0xc  MQTT_SK.o [7]
  .rodata            const       0x3'9e98       0xc  MQTT_SK.o [7]
  .rodata            const       0x3'9ea4       0xc  MQTT_SK.o [7]
  .rodata            const       0x3'9eb0       0xc  MQTT_SK.o [7]
  .rodata            const       0x3'9ebc       0xc  MQTT_SK.o [7]
  .rodata            const       0x3'9ec8       0xc  MQTT_SK.o [7]
  .rodata            const       0x3'9ed4       0xc  MQTT_SK.o [7]
  .rodata            const       0x3'9ee0       0x8  4G_EC200U.o [1]
  .rodata            const       0x3'9ee8       0x8  4G_EC200U.o [1]
  .rodata            const       0x3'9ef0       0x8  4G_EC200U.o [1]
  .rodata            const       0x3'9ef8       0x8  4G_EC200U.o [1]
  .rodata            const       0x3'9f00       0x8  4G_EC200U.o [1]
  .rodata            const       0x3'9f08       0x8  4G_EC200U.o [1]
  .rodata            const       0x3'9f10       0x8  4G_EC200U.o [1]
  .rodata            const       0x3'9f18       0x8  4G_EC200U.o [1]
  .rodata            const       0x3'9f20       0x8  4G_EC200U.o [1]
  .rodata            const       0x3'9f28       0x8  4G_EC200U.o [1]
  .rodata            const       0x3'9f30       0x8  4G_EC200U.o [1]
  .rodata            const       0x3'9f38       0x8  4G_EC200U.o [1]
  .rodata            const       0x3'9f40       0x8  4G_EC200U.o [1]
  .rodata            const       0x3'9f48       0x8  4G_EC200U.o [1]
  .rodata            const       0x3'9f50       0x8  4G_EC200U.o [1]
  .rodata            const       0x3'9f58       0x8  4G_EC200U.o [1]
  .rodata            const       0x3'9f60       0x8  4G_EC200U.o [1]
  .rodata            const       0x3'9f68       0x8  4G_EC200U.o [1]
  .rodata            const       0x3'9f70       0x8  4G_EC200U.o [1]
  .rodata            const       0x3'9f78       0x8  Display.o [11]
  .rodata            const       0x3'9f80       0x8  drv_LKT4202.o [4]
  .rodata            const       0x3'9f88       0x8  drv_LKT4202.o [4]
  .rodata            const       0x3'9f90       0x8  drv_SC7A20H.o [15]
  .rodata            const       0x3'9f98       0x8  LC86L_BD.o [3]
  .rodata            const       0x3'9fa0       0x8  LC86L_BD.o [3]
  .rodata            const       0x3'9fa8       0x8  Mainloop.o [9]
  .rodata            const       0x3'9fb0       0x8  Mainloop.o [9]
  .rodata            const       0x3'9fb8       0x8  MQTT_SK.o [7]
  .rodata            const       0x3'9fc0       0x8  MQTT_SK.o [7]
  .rodata            const       0x3'9fc8       0x8  MQTT_SK.o [7]
  .rodata            const       0x3'9fd0       0x8  MQTT_SK.o [7]
  .rodata            const       0x3'9fd8       0x8  MQTT_SK.o [7]
  .rodata            const       0x3'9fe0       0x4  drv_RTC.o [24]
  .text              ro code     0x3'9fe4       0x4  startup_hc32f460.o [19]
  .text              ro code     0x3'9fe8       0x4  startup_hc32f460.o [19]
  .text              ro code     0x3'9fec       0x4  startup_hc32f460.o [19]
  .text              ro code     0x3'9ff0       0x4  startup_hc32f460.o [19]
  .text              ro code     0x3'9ff4       0x4  startup_hc32f460.o [19]
  .text              ro code     0x3'9ff8       0x4  startup_hc32f460.o [19]
  .text              ro code     0x3'9ffc       0x4  startup_hc32f460.o [19]
  .text              ro code     0x3'a000       0x4  startup_hc32f460.o [19]
  .text              ro code     0x3'a004       0x4  startup_hc32f460.o [19]
  .text              ro code     0x3'a008       0x4  startup_hc32f460.o [19]
  .text              ro code     0x3'a00c       0x4  startup_hc32f460.o [19]
  .text              ro code     0x3'a010       0x4  startup_hc32f460.o [19]
  .text              ro code     0x3'a014       0x4  startup_hc32f460.o [19]
  .text              ro code     0x3'a018       0x4  startup_hc32f460.o [19]
  .text              ro code     0x3'a01c       0x4  startup_hc32f460.o [19]
  .text              ro code     0x3'a020       0x4  startup_hc32f460.o [19]
  .rodata            const       0x3'a024       0x0  zero_init3.o [31]
  .rodata            const       0x3'a024       0x0  packbits_init.o [31]
  Initializer bytes  const       0x3'a024     0x13d  <for P2 s0>
                               - 0x3'a161  0x2'5ee1

"P2", part 1 of 4:                            0x3af
  P2 s0                       0x1fff'8000     0x3af  <Init block>
    .data            inited   0x1fff'8000     0x1b0  User_Data.o [17]
    .data            inited   0x1fff'81b0      0x8c  RXNTTL518.o [14]
    .data            inited   0x1fff'823c      0x80  ModbusRTU_Device_BT.o [10]
    .data            inited   0x1fff'82bc      0x48  xlocale_c.o [29]
    .data            inited   0x1fff'8304      0x38  xlocale_c.o [29]
    .data            inited   0x1fff'833c      0x24  BT_TB05.o [2]
    .data            inited   0x1fff'8360      0x20  BT_TB05.o [2]
    .data            inited   0x1fff'8380      0x14  BT_TB05.o [2]
    .data            inited   0x1fff'8394       0x8  BT_TB05.o [2]
    .data            inited   0x1fff'839c       0x4  BT_TB05.o [2]
    .data            inited   0x1fff'83a0       0x4  system_hc32f460.o [19]
    .data            inited   0x1fff'83a4       0x4  system_hc32f460.o [19]
    .data            inited   0x1fff'83a8       0x1  drv_IIC.o [22]
    .data            inited   0x1fff'83a9       0x1  drv_IIC.o [22]
    .data            inited   0x1fff'83aa       0x1  drv_IIC.o [22]
    .data            inited   0x1fff'83ab       0x1  drv_IIC.o [22]
    .data            inited   0x1fff'83ac       0x1  hc32f460_pwc.o [20]
    .data            inited   0x1fff'83ad       0x1  ModbusRTU.o [10]
    .data            inited   0x1fff'83ae       0x1  ModbusRTU.o [10]
                            - 0x1fff'83af     0x3af

"P2", part 2 of 4:                           0x1d84
  .bss               zero     0x1fff'83b0    0x1000  drv_Storage_W25Q128.o [16]
  .bss               zero     0x1fff'93b0     0x400  drv_Storage_W25Q128.o [16]
  .bss               zero     0x1fff'97b0     0x400  User_Data.o [17]
  .bss               zero     0x1fff'9bb0     0x200  hc32f460_interrupts.o [20]
  .bss               zero     0x1fff'9db0     0x1b8  4G_EC200U.o [1]
  .bss               zero     0x1fff'9f68      0x64  User_Data.o [17]
  .bss               zero     0x1fff'9fcc      0x2c  User_Data.o [17]
  .bss               zero     0x1fff'9ff8      0x2c  xttotm64.o [29]
  .bss               zero     0x1fff'a024      0x24  drv_ADC.o [21]
  .bss               zero     0x1fff'a048      0x14  drv_ADC.o [21]
  .bss               zero     0x1fff'a05c      0x14  hc32f460_pwc.o [20]
  .bss               zero     0x1fff'a070      0x14  User_Data.o [17]
  .bss               zero     0x1fff'a084       0x4  4G_EC200U.o [1]
  .bss               zero     0x1fff'a088       0x8  4G_EC200U.o [1]
  .bss               zero     0x1fff'a090       0x8  main.o [28]
  .bss               zero     0x1fff'a098       0x4  4G_EC200U.o [1]
  .bss               zero     0x1fff'a09c       0x4  4G_EC200U.o [1]
  .bss               zero     0x1fff'a0a0       0x4  BT_TB05.o [2]
  .bss               zero     0x1fff'a0a4       0x4  drv_RTC.o [24]
  .bss               zero     0x1fff'a0a8       0x4  drv_SC7A20H.o [15]
  .bss               zero     0x1fff'a0ac       0x4  drv_Storage_W25Q128.o [16]
  .bss               zero     0x1fff'a0b0       0x4  drv_Timer.o [26]
  .bss               zero     0x1fff'a0b4       0x4  drv_USART.o [27]
  .bss               zero     0x1fff'a0b8       0x4  hc32f460_exint_nmi_swi.o [20]
  .bss               zero     0x1fff'a0bc       0x4  hc32f460_ots.o [20]
  .bss               zero     0x1fff'a0c0       0x4  hc32f460_ots.o [20]
  .bss               zero     0x1fff'a0c4       0x4  LC86L_BD.o [3]
  .bss               zero     0x1fff'a0c8       0x4  Lora_TP1109.o [6]
  .bss               zero     0x1fff'a0cc       0x4  Magnetic_Bar.o [8]
  .bss               zero     0x1fff'a0d0       0x4  main.o [28]
  .bss               zero     0x1fff'a0d4       0x4  Mainloop.o [9]
  .bss               zero     0x1fff'a0d8       0x4  ModbusRTU.o [10]
  .bss               zero     0x1fff'a0dc       0x4  ModbusRTU_Device_BT.o [10]
  .bss               zero     0x1fff'a0e0       0x4  ModbusRTU_Device_BT.o [10]
  .bss               zero     0x1fff'a0e4       0x4  MQTT_SK.o [7]
  .bss               zero     0x1fff'a0e8       0x4  OLED.o [11]
  .bss               zero     0x1fff'a0ec       0x4  Photosensitive_XYC_ALS.o [12]
  .bss               zero     0x1fff'a0f0       0x4  RXNTTL518.o [14]
  .bss               zero     0x1fff'a0f4       0x4  strtok.o [29]
  .bss               zero     0x1fff'a0f8       0x4  xfail_s.o [29]
  .bss               zero     0x1fff'a0fc       0x2  BT_TB05.o [2]
  .bss               zero     0x1fff'a0fe       0x2  drv_Timer.o [26]
  .bss               zero     0x1fff'a100       0x2  ModbusRTU_Device_BT.o [10]
  .bss               zero     0x1fff'a102       0x2  ModbusRTU_Device_BT.o [10]
  .bss               zero     0x1fff'a104       0x1  4G_EC200U.o [1]
  .bss               zero     0x1fff'a105       0x1  4G_EC200U.o [1]
  .bss               zero     0x1fff'a106       0x1  4G_EC200U.o [1]
  .bss               zero     0x1fff'a107       0x1  4G_EC200U.o [1]
  .bss               zero     0x1fff'a108       0x1  4G_EC200U.o [1]
  .bss               zero     0x1fff'a109       0x1  4G_EC200U.o [1]
  .bss               zero     0x1fff'a10a       0x1  4G_EC200U.o [1]
  .bss               zero     0x1fff'a10b       0x1  4G_EC200U.o [1]
  .bss               zero     0x1fff'a10c       0x1  4G_EC200U.o [1]
  .bss               zero     0x1fff'a10d       0x1  BT_TB05.o [2]
  .bss               zero     0x1fff'a10e       0x1  drv_IIC.o [22]
  .bss               zero     0x1fff'a10f       0x1  drv_RTC.o [24]
  .bss               zero     0x1fff'a110       0x1  drv_Timer.o [26]
  .bss               zero     0x1fff'a111       0x1  drv_Timer.o [26]
  .bss               zero     0x1fff'a112       0x1  drv_Timer.o [26]
  .bss               zero     0x1fff'a113       0x1  drv_Timer.o [26]
  .bss               zero     0x1fff'a114       0x1  drv_Timer.o [26]
  .bss               zero     0x1fff'a115       0x1  drv_Timer.o [26]
  .bss               zero     0x1fff'a116       0x1  drv_Timer.o [26]
  .bss               zero     0x1fff'a117       0x1  drv_Timer.o [26]
  .bss               zero     0x1fff'a118       0x1  drv_Timer.o [26]
  .bss               zero     0x1fff'a119       0x1  drv_Timer.o [26]
  .bss               zero     0x1fff'a11a       0x1  drv_Timer.o [26]
  .bss               zero     0x1fff'a11b       0x1  drv_Timer.o [26]
  .bss               zero     0x1fff'a11c       0x1  hc32f460_dmac.o [20]
  .bss               zero     0x1fff'a11d       0x1  hc32f460_pwc.o [20]
  .bss               zero     0x1fff'a11e       0x1  hc32f460_pwc.o [20]
  .bss               zero     0x1fff'a11f       0x1  hc32f460_pwc.o [20]
  .bss               zero     0x1fff'a120       0x1  hc32f460_pwc.o [20]
  .bss               zero     0x1fff'a121       0x1  main.o [28]
  .bss               zero     0x1fff'a122       0x1  main.o [28]
  .bss               zero     0x1fff'a123       0x1  Mainloop.o [9]
  .bss               zero     0x1fff'a124       0x1  Mainloop.o [9]
  .bss               zero     0x1fff'a125       0x1  Mainloop.o [9]
  .bss               zero     0x1fff'a126       0x1  Mainloop.o [9]
  .bss               zero     0x1fff'a127       0x1  Mainloop.o [9]
  .bss               zero     0x1fff'a128       0x1  ModbusRTU.o [10]
  .bss               zero     0x1fff'a129       0x1  ModbusRTU_Device_BT.o [10]
  .bss               zero     0x1fff'a12a       0x1  ModbusRTU_Device_BT.o [10]
  .bss               zero     0x1fff'a12b       0x1  ModbusRTU_Device_BT.o [10]
  .bss               zero     0x1fff'a12c       0x1  User_Data.o [17]
  .bss               zero     0x1fff'a12d       0x1  User_Data.o [17]
  .bss               zero     0x1fff'a12e       0x1  User_Data.o [17]
  .bss               zero     0x1fff'a12f       0x1  User_Data.o [17]
  .bss               zero     0x1fff'a130       0x1  User_Data.o [17]
  .bss               zero     0x1fff'a131       0x1  User_Data.o [17]
                            - 0x1fff'a132    0x1d82

"P2", part 3 of 4:                           0x2000
  CSTACK                      0x1fff'a138    0x2000  <Block>
    CSTACK           uninit   0x1fff'a138    0x2000  <Block tail>
                            - 0x1fff'c138    0x2000

"P2", part 4 of 4:                           0xff10
  .bss               zero     0x2001'0000    0xff10  User_Data.o [17]
                            - 0x2001'ff10    0xff10

Unused ranges:

         From           To      Size
         ----           --      ----
     0x3'a161     0x7'ffff  0x4'5e9f
   0x300'0c00   0x300'0ffb     0x3fc
  0x1fff'83af  0x1fff'83af       0x1
  0x1fff'a134  0x1fff'a137       0x4
  0x1fff'c138  0x1fff'ffff    0x3ec8
  0x2000'0000  0x2000'ffff  0x1'0000
  0x2001'ff10  0x2001'ffff      0xf0
  0x2002'0000  0x2002'6fff    0x7000
  0x200f'0000  0x200f'0fff    0x1000


*******************************************************************************
*** INIT TABLE
***

          Address      Size
          -------      ----
Zero (__iar_zero_init3)
    2 destination ranges, total size 0x1'1c92:
          0x1fff'83b0  0x1d82
          0x2001'0000  0xff10

Copy/packbits (__iar_packbits_init3)
    1 source range, total size 0x13d (33% of destination):
             0x3'a024   0x13d
    1 destination range, total size 0x3af:
          0x1fff'8000   0x3af



*******************************************************************************
*** MODULE SUMMARY
***

    Module                    ro code  ro data  rw data  ro data
                                                          (abs)
    ------                    -------  -------  -------  -------
command line/config:
    ------------------------------------------------------------
    Total:

D:\Myself\WorkProcess\SK\HC32F460_WorkProcess\example\Source\Pipe_Monitor\Pipe_Monitor_App\EWARM\output\debug\Obj\4G_EC200U_8582873453978518366.dir: [1]
    4G_EC200U.o                14'244    2'112      469
    ------------------------------------------------------------
    Total:                     14'244    2'112      469

D:\Myself\WorkProcess\SK\HC32F460_WorkProcess\example\Source\Pipe_Monitor\Pipe_Monitor_App\EWARM\output\debug\Obj\BT_TB05_12041724360499981866.dir: [2]
    BT_TB05.o                     968       81      107
    ------------------------------------------------------------
    Total:                        968       81      107

D:\Myself\WorkProcess\SK\HC32F460_WorkProcess\example\Source\Pipe_Monitor\Pipe_Monitor_App\EWARM\output\debug\Obj\LC86L_BD_9822625824417385734.dir: [3]
    LC86L_BD.o                  1'376       16        4
    ------------------------------------------------------------
    Total:                      1'376       16        4

D:\Myself\WorkProcess\SK\HC32F460_WorkProcess\example\Source\Pipe_Monitor\Pipe_Monitor_App\EWARM\output\debug\Obj\LKT4202_1925765440156868983.dir: [4]
    drv_LKT4202.o               1'604      116
    ------------------------------------------------------------
    Total:                      1'604      116

D:\Myself\WorkProcess\SK\HC32F460_WorkProcess\example\Source\Pipe_Monitor\Pipe_Monitor_App\EWARM\output\debug\Obj\LoRa_RA02_5139138412578801246.dir: [5]
    ------------------------------------------------------------
    Total:

D:\Myself\WorkProcess\SK\HC32F460_WorkProcess\example\Source\Pipe_Monitor\Pipe_Monitor_App\EWARM\output\debug\Obj\Lora_TP1109_151720617378073083.dir: [6]
    Lora_TP1109.o                 452                 4
    ------------------------------------------------------------
    Total:                        452                 4

D:\Myself\WorkProcess\SK\HC32F460_WorkProcess\example\Source\Pipe_Monitor\Pipe_Monitor_App\EWARM\output\debug\Obj\MQTT_SK_4724149239023757000.dir: [7]
    MQTT_SK.o                  11'876    2'644        4
    ------------------------------------------------------------
    Total:                     11'876    2'644        4

D:\Myself\WorkProcess\SK\HC32F460_WorkProcess\example\Source\Pipe_Monitor\Pipe_Monitor_App\EWARM\output\debug\Obj\Magnetic_Bar_17520218520042908049.dir: [8]
    Magnetic_Bar.o                516                 4
    ------------------------------------------------------------
    Total:                        516                 4

D:\Myself\WorkProcess\SK\HC32F460_WorkProcess\example\Source\Pipe_Monitor\Pipe_Monitor_App\EWARM\output\debug\Obj\Mainloop_18272944273632151421.dir: [9]
    Mainloop.o                  5'248       60        9
    ------------------------------------------------------------
    Total:                      5'248       60        9

D:\Myself\WorkProcess\SK\HC32F460_WorkProcess\example\Source\Pipe_Monitor\Pipe_Monitor_App\EWARM\output\debug\Obj\ModbusRTU_17682219295068567368.dir: [10]
    ModbusRTU.o                10'520    1'085        7
    ModbusRTU_Device_BT.o       7'960      883      143
    ------------------------------------------------------------
    Total:                     18'480    1'968      150

D:\Myself\WorkProcess\SK\HC32F460_WorkProcess\example\Source\Pipe_Monitor\Pipe_Monitor_App\EWARM\output\debug\Obj\OLED_13473777563621607307.dir: [11]
    Display.o                   8'492        8
    Font.o                               5'608
    OLED.o                      3'228                 4
    ------------------------------------------------------------
    Total:                     11'720    5'616        4

D:\Myself\WorkProcess\SK\HC32F460_WorkProcess\example\Source\Pipe_Monitor\Pipe_Monitor_App\EWARM\output\debug\Obj\Photosensitive_XYC_ALS_28064708180949255.dir: [12]
    Photosensitive_XYC_ALS.o      940                 4
    ------------------------------------------------------------
    Total:                        940                 4

D:\Myself\WorkProcess\SK\HC32F460_WorkProcess\example\Source\Pipe_Monitor\Pipe_Monitor_App\EWARM\output\debug\Obj\RF_NFC_10628150809568064830.dir: [13]
    RF_NFC.o                      102
    ------------------------------------------------------------
    Total:                        102

D:\Myself\WorkProcess\SK\HC32F460_WorkProcess\example\Source\Pipe_Monitor\Pipe_Monitor_App\EWARM\output\debug\Obj\RXNTTL518_17808510930951076202.dir: [14]
    RXNTTL518.o                   580      559      144
    ------------------------------------------------------------
    Total:                        580      559      144

D:\Myself\WorkProcess\SK\HC32F460_WorkProcess\example\Source\Pipe_Monitor\Pipe_Monitor_App\EWARM\output\debug\Obj\SC7A20H_13085057635104233901.dir: [15]
    drv_SC7A20H.o                 730        8        4
    ------------------------------------------------------------
    Total:                        730        8        4

D:\Myself\WorkProcess\SK\HC32F460_WorkProcess\example\Source\Pipe_Monitor\Pipe_Monitor_App\EWARM\output\debug\Obj\Storage_W25Q128_4738127093883701884.dir: [16]
    drv_Storage_W25Q128.o       6'040             5'124
    ------------------------------------------------------------
    Total:                      6'040             5'124

D:\Myself\WorkProcess\SK\HC32F460_WorkProcess\example\Source\Pipe_Monitor\Pipe_Monitor_App\EWARM\output\debug\Obj\User_Data_5391006662705040797.dir: [17]
    User_Data.o                   182      145   66'922
    ------------------------------------------------------------
    Total:                        182      145   66'922

D:\Myself\WorkProcess\SK\HC32F460_WorkProcess\example\Source\Pipe_Monitor\Pipe_Monitor_App\EWARM\output\debug\Obj\WatchDog_9188475617120297074.dir: [18]
    WatchDog.o                     76
    ------------------------------------------------------------
    Total:                         76

D:\Myself\WorkProcess\SK\HC32F460_WorkProcess\example\Source\Pipe_Monitor\Pipe_Monitor_App\EWARM\output\debug\Obj\common_14919461937644757070.dir: [19]
    startup_hc32f460.o            772
    system_hc32f460.o             272        3        8
    ------------------------------------------------------------
    Total:                      1'044        3        8

D:\Myself\WorkProcess\SK\HC32F460_WorkProcess\example\Source\Pipe_Monitor\Pipe_Monitor_App\EWARM\output\debug\Obj\driver_11944700488488147666.dir: [20]
    hc32f460_adc.o              1'400       72
    hc32f460_clk.o              4'092       72
    hc32f460_dmac.o             2'752       76        1
    hc32f460_efm.o                144       72
    hc32f460_exint_nmi_swi.o      380       84        4
    hc32f460_gpio.o             1'240       76
    hc32f460_i2c.o              2'720       72
    hc32f460_icg.o                                            32
    hc32f460_interrupts.o       2'880       80      512
    hc32f460_ots.o                384       72        8
    hc32f460_pwc.o              2'576       73       25
    hc32f460_rtc.o              2'212       72
    hc32f460_sram.o               392       76
    hc32f460_timer0.o           2'356       76
    hc32f460_timer4_cnt.o         872       80
    hc32f460_timer4_oco.o       2'512       80
    hc32f460_usart.o            2'632       92
    hc32f460_utility.o            110
    ------------------------------------------------------------
    Total:                     29'654    1'225      550       32

D:\Myself\WorkProcess\SK\HC32F460_WorkProcess\example\Source\Pipe_Monitor\Pipe_Monitor_App\EWARM\output\debug\Obj\drv_ADC_15186207816091091275.dir: [21]
    drv_ADC.o                   1'368                56
    ------------------------------------------------------------
    Total:                      1'368                56

D:\Myself\WorkProcess\SK\HC32F460_WorkProcess\example\Source\Pipe_Monitor\Pipe_Monitor_App\EWARM\output\debug\Obj\drv_IIC_18060258103304213159.dir: [22]
    drv_IIC.o                   2'344        1        5
    ------------------------------------------------------------
    Total:                      2'344        1        5

D:\Myself\WorkProcess\SK\HC32F460_WorkProcess\example\Source\Pipe_Monitor\Pipe_Monitor_App\EWARM\output\debug\Obj\drv_OTS_Temperature_13039655784802445445.dir: [23]
    drv_OTS_Temperature.o         116
    ------------------------------------------------------------
    Total:                        116

D:\Myself\WorkProcess\SK\HC32F460_WorkProcess\example\Source\Pipe_Monitor\Pipe_Monitor_App\EWARM\output\debug\Obj\drv_RTC_2577979922006117733.dir: [24]
    drv_RTC.o                   1'808       36        5
    ------------------------------------------------------------
    Total:                      1'808       36        5

D:\Myself\WorkProcess\SK\HC32F460_WorkProcess\example\Source\Pipe_Monitor\Pipe_Monitor_App\EWARM\output\debug\Obj\drv_SPI_4333388098947449637.dir: [25]
    drv_SPI.o                     104
    ------------------------------------------------------------
    Total:                        104

D:\Myself\WorkProcess\SK\HC32F460_WorkProcess\example\Source\Pipe_Monitor\Pipe_Monitor_App\EWARM\output\debug\Obj\drv_Timer_6973001687617930806.dir: [26]
    drv_Timer.o                 2'720                18
    ------------------------------------------------------------
    Total:                      2'720                18

D:\Myself\WorkProcess\SK\HC32F460_WorkProcess\example\Source\Pipe_Monitor\Pipe_Monitor_App\EWARM\output\debug\Obj\drv_USART_14144334009435087269.dir: [27]
    drv_USART.o                 4'812       36        4
    ------------------------------------------------------------
    Total:                      4'812       36        4

D:\Myself\WorkProcess\SK\HC32F460_WorkProcess\example\Source\Pipe_Monitor\Pipe_Monitor_App\EWARM\output\debug\Obj\source_5634686896477721948.dir: [28]
    main.o                      1'824       16       14
    ------------------------------------------------------------
    Total:                      1'824       16       14

dl7M_tlf.a: [29]
    abort.o                         6
    exit.o                          4
    iar_Stoflt.o                  440
    iar_Stollx.o                  166
    iar_Stopfx.o                  290
    iar_Stoullx.o                 434       80
    iar_Stoulx.o                  338       80
    iar_Stoxflt.o                 520
    isalpha.o                      20
    isspace.o                      20
    low_level_init.o                4
    mktime64.o                    224
    sprintf.o                      64
    sscanf.o                       40
    strcat.o                       30
    strcspn.o                      34
    strncmp.o                      42
    strspn.o                       34
    strstr.o                       44
    strtok.o                       76                 4
    tolower.o                      20
    xDaysTo64.o                   204
    xTzoff_nop.o                    4
    xfail_s.o                      64                 4
    xisdst_nop64.o                  6
    xlocale_c.o                    76       48      128
    xprintflarge_nomb.o         3'354
    xscanffull_nomb.o           3'452       76
    xsprout.o                      10
    xsscin.o                       30
    xttotm64.o                    348                44
    ------------------------------------------------------------
    Total:                     10'398      284      180

m7M_tls.a: [30]
    DblAddSub.o                   606
    DblCmpEq.o                     32
    DblCmpGe.o                     52
    DblCmpLe.o                     52
    DblDiv.o                      582
    DblMul.o                      426
    DblToFlt.o                    104
    DblToS32.o                     54
    DblToU32.o                     34
    FltToDbl.o                     72
    S32ToDbl.o                     34
    U32ToDbl.o                     28
    U64ToDbl.o                     70
    atan64.o                      188
    fpinit_M.o                     34
    frexp.o                       112
    iar_Atan64.o                  456       64
    iar_Exp64.o                   812
    ldexp.o                       314
    math_wrappers64.o              42
    pow64.o                     1'676    1'056
    sqrt.o                        258
    strto64.o                     866       72
    ------------------------------------------------------------
    Total:                      6'904    1'192

rt7M_tl.a: [31]
    ABImemcpy.o                   166
    ABImemset.o                   102
    I64DivMod.o                   628
    I64DivZer.o                     2
    cexit.o                        10
    cmain.o                        30
    cstartup_M.o                   28
    data_init.o                    40
    memchr.o                       88
    memcmp.o                      104
    packbits_init.o               162
    strchr.o                       22
    strcmp.o                       18
    strcpy.o                       24
    strlen.o                       54
    zero_init3.o                   56
    ------------------------------------------------------------
    Total:                      1'534

shb_l.a: [32]
    exit.o                         20
    ------------------------------------------------------------
    Total:                         20

    Gaps                           41        6
    Linker created                          52    8'192
----------------------------------------------------------------
    Grand Total:              139'825   16'176   81'985       32


*******************************************************************************
*** ENTRY LIST
***

Entry                       Address    Size  Type      Object
-----                       -------    ----  ----      ------
.iar.init_table$$Base      0x3'90a4           --   Gb  - Linker created -
.iar.init_table$$Limit     0x3'90d8           --   Gb  - Linker created -
?main                      0x3'91d9          Code  Gb  cmain.o [31]
ADC_AddAdcChannel          0x3'2581    0xbe  Code  Gb  hc32f460_adc.o [20]
ADC_AddAvgChannel          0x3'26b1    0x66  Code  Gb  hc32f460_adc.o [20]
ADC_ConfigAvg              0x3'2649    0x64  Code  Gb  hc32f460_adc.o [20]
ADC_DeInit                 0x3'2481   0x100  Code  Gb  hc32f460_adc.o [20]
ADC_GetChData              0x3'280d    0x98  Code  Gb  hc32f460_adc.o [20]
ADC_Init                   0x3'236d   0x114  Code  Gb  hc32f460_adc.o [20]
ADC_PollingSa              0x3'2717    0xf6  Code  Gb  hc32f460_adc.o [20]
ADC_ReadAllData            0x3'28b9    0x2c  Code  Lc  hc32f460_adc.o [20]
AdcChannelConfig           0x2'5df1    0x74  Code  Lc  drv_ADC.o [21]
AdcClockConfig             0x2'5d1d    0x78  Code  Lc  drv_ADC.o [21]
AdcInitConfig              0x2'5d95    0x5c  Code  Lc  drv_ADC.o [21]
AsyncDelay                 0x2'2f0d    0x76  Code  Lc  hc32f460_timer0.o [20]
BusFault_Handler           0x1'ddc9     0x8  Code  Gb  hc32f460_interrupts.o [20]
CLK_ClearFcmFlag           0x1'd34d    0x5c  Code  Gb  hc32f460_clk.o [20]
CLK_FcmCmd                 0x1'd2a3    0x28  Code  Gb  hc32f460_clk.o [20]
CLK_FcmConfig              0x1'cff1   0x2b2  Code  Gb  hc32f460_clk.o [20]
CLK_GetClockFreq           0x1'cda9   0x116  Code  Gb  hc32f460_clk.o [20]
CLK_GetFcmCounter          0x1'd2cb     0x8  Code  Gb  hc32f460_clk.o [20]
CLK_GetFcmFlag             0x1'd2e5    0x62  Code  Gb  hc32f460_clk.o [20]
CLK_GetFlagStatus          0x1'cf41    0x8a  Code  Gb  hc32f460_clk.o [20]
CLK_LrcCmd                 0x1'c61b    0x98  Code  Gb  hc32f460_clk.o [20]
CLK_MpllCmd                0x1'c85f    0xb0  Code  Gb  hc32f460_clk.o [20]
CLK_MpllConfig             0x1'c703   0x15c  Code  Gb  hc32f460_clk.o [20]
CLK_SetPeriClkSource       0x1'cecd    0x58  Code  Gb  hc32f460_clk.o [20]
CLK_SetPllSource           0x1'c6b3    0x50  Code  Gb  hc32f460_clk.o [20]
CLK_SetSysClkSource        0x1'cb01   0x104  Code  Gb  hc32f460_clk.o [20]
CLK_SysClkConfig           0x1'cc19   0x188  Code  Gb  hc32f460_clk.o [20]
CLK_UpllCmd                0x1'ca5d    0xa4  Code  Gb  hc32f460_clk.o [20]
CLK_UpllConfig             0x1'c90f   0x14e  Code  Gb  hc32f460_clk.o [20]
CLK_Xtal32Cmd              0x1'c583    0x98  Code  Gb  hc32f460_clk.o [20]
CLK_Xtal32Config           0x1'c533    0x50  Code  Gb  hc32f460_clk.o [20]
CLK_XtalCmd                0x1'c43f    0xf4  Code  Gb  hc32f460_clk.o [20]
CLK_XtalConfig             0x1'c3e5    0x5a  Code  Gb  hc32f460_clk.o [20]
CSTACK$$Base            0x1fff'a138           --   Gb  - Linker created -
CSTACK$$Limit           0x1fff'c138           --   Gb  - Linker created -
Clock_MeasureConfig        0x1'8209    0xcc  Code  Lc  drv_RTC.o [24]
Crc16                      0x2'99e5    0x38  Code  Gb  ModbusRTU.o [10]
DMA_ChannelCfg             0x2'29c1   0x2ce  Code  Gb  hc32f460_dmac.o [20]
DMA_ChannelCmd             0x2'252d   0x252  Code  Gb  hc32f460_dmac.o [20]
DMA_ClearIrqFlag           0x2'2433    0xfa  Code  Gb  hc32f460_dmac.o [20]
DMA_Cmd                    0x2'23e5    0x4e  Code  Gb  hc32f460_dmac.o [20]
DMA_GetTransferCnt         0x2'28f5    0x60  Code  Gb  hc32f460_dmac.o [20]
DMA_InitChannel            0x2'2c8f   0x202  Code  Gb  hc32f460_dmac.o [20]
DMA_SetDesAddress          0x2'278d    0xa0  Code  Gb  hc32f460_dmac.o [20]
DMA_SetTransferCnt         0x2'282d    0xc8  Code  Gb  hc32f460_dmac.o [20]
DMA_SetTriggerSrc          0x2'2965    0x56  Code  Gb  hc32f460_dmac.o [20]
DataArea_CheckValid        0x1'8bad    0x56  Code  Gb  drv_Storage_W25Q128.o [16]
Data_DoubleArea_Write      0x1'8e6b    0x7a  Code  Gb  drv_Storage_W25Q128.o [16]
Ddl_AssertHandler          0x1'b9d3     0x2  Code  Wk  hc32f460_utility.o [20]
Ddl_Delay1ms               0x1'7f81    0x28  Code  Gb  hc32f460_utility.o [20]
Ddl_Delay1us               0x1'7fa9    0x38  Code  Gb  hc32f460_utility.o [20]
DebugMon_Handler           0x1'dde1     0x8  Code  Gb  hc32f460_interrupts.o [20]
Delay_NOP                  0x1'8949    0x16  Code  Gb  drv_Storage_W25Q128.o [16]
Dma1Btc0IrqCallback        0x1'a6e9    0x1c  Code  Lc  drv_USART.o [27]
Dma1Btc1IrqCallback        0x1'a705    0x1c  Code  Lc  drv_USART.o [27]
Dma1Btc2IrqCallback        0x1'a721    0x1c  Code  Lc  drv_USART.o [27]
Dma1Btc3IrqCallback        0x1'a73d    0x1c  Code  Lc  drv_USART.o [27]
Dma1Init                   0x1'a759   0x200  Code  Lc  drv_USART.o [27]
DmaChEnState            0x1fff'a11c     0x1  Data  Lc  hc32f460_dmac.o [20]
Dtentox                    0x2'3f09   0x1d8  Code  Lc  strto64.o [30]
EC200U_4G_Module_Configuration_Init
                           0x1'6c59   0xcc0  Code  Gb  4G_EC200U.o [1]
EC200U_4G_Module_Configuration_Init::ucRetryCnt
                        0x1fff'a10a     0x1  Data  Lc  4G_EC200U.o [1]
EC200U_4G_Module_GPIO_Init
                           0x1'42dd    0x70  Code  Gb  4G_EC200U.o [1]
EFM_Lock                   0x3'5d0f    0x14  Code  Gb  hc32f460_efm.o [20]
EFM_SetLatency             0x3'5d23    0x5c  Code  Gb  hc32f460_efm.o [20]
EFM_Unlock                 0x3'5cfd    0x12  Code  Gb  hc32f460_efm.o [20]
EPSINON                    0x3'9fe0     0x4  Data  Lc  drv_RTC.o [24]
EXINT_Init                 0x2'3d19    0xa0  Code  Gb  hc32f460_exint_nmi_swi.o [20]
EXINT_IrqFlgClr            0x2'3e53    0x12  Code  Gb  hc32f460_exint_nmi_swi.o [20]
EXINT_IrqFlgGet            0x2'3db9    0x9a  Code  Gb  hc32f460_exint_nmi_swi.o [20]
ExtInt01_Callback          0x2'7225    0xa6  Code  Gb  Photosensitive_XYC_ALS.o [12]
ExtInt07_Callback          0x3'5fe5    0xbc  Code  Gb  Magnetic_Bar.o [8]
ExtInt13_Callback          0x2'5bc1    0x12  Code  Gb  Lora_TP1109.o [6]
Float_reg_rw_mode          0x2'9ccd    0x94  Code  Gb  ModbusRTU.o [10]
GetSystemPara              0x1'b91d     0x4  Code  Gb  User_Data.o [17]
HRC_VALUE               0x1fff'83a0     0x4  Data  Gb  system_hc32f460.o [19]
HardFault_Handler          0x1'ddb9     0x8  Code  Gb  hc32f460_interrupts.o [20]
I2C_AckConfig              0x3'3e0d    0x56  Code  Gb  hc32f460_i2c.o [20]
I2C_BaudrateConfig         0x3'3855   0x228  Code  Gb  hc32f460_i2c.o [20]
I2C_BusWaitCmd             0x3'3bfb    0x6a  Code  Gb  hc32f460_i2c.o [20]
I2C_ClearStatus            0x3'3d11    0x36  Code  Gb  hc32f460_i2c.o [20]
I2C_Cmd                    0x3'3ba5    0x56  Code  Gb  hc32f460_i2c.o [20]
I2C_DeInit                 0x3'3a7d    0x40  Code  Gb  hc32f460_i2c.o [20]
I2C_GenerateReStart        0x3'37af    0x52  Code  Gb  hc32f460_i2c.o [20]
I2C_GenerateStart          0x3'375d    0x52  Code  Gb  hc32f460_i2c.o [20]
I2C_GenerateStop           0x3'3801    0x52  Code  Gb  hc32f460_i2c.o [20]
I2C_GetStatus              0x3'3c65    0xa0  Code  Gb  hc32f460_i2c.o [20]
I2C_Init                   0x3'3ac5    0xd6  Code  Gb  hc32f460_i2c.o [20]
I2C_MasterDataReceiveAndStop
                           0x3'4079    0xd4  Code  Gb  hc32f460_i2c.o [20]
I2C_ReadData               0x3'3dd5    0x2e  Code  Gb  hc32f460_i2c.o [20]
I2C_Restart                0x3'3ec3    0x4c  Code  Gb  hc32f460_i2c.o [20]
I2C_SoftwareResetCmd       0x3'3d47    0x56  Code  Gb  hc32f460_i2c.o [20]
I2C_Start                  0x3'3e63    0x60  Code  Gb  hc32f460_i2c.o [20]
I2C_Stop                   0x3'414d    0x56  Code  Gb  hc32f460_i2c.o [20]
I2C_TransAddr              0x3'3f0f    0xcc  Code  Gb  hc32f460_i2c.o [20]
I2C_TransData              0x3'3fdb    0x9e  Code  Gb  hc32f460_i2c.o [20]
I2C_WaitStatus             0x3'371d    0x40  Code  Gb  hc32f460_i2c.o [20]
I2C_WriteData              0x3'3d9d    0x30  Code  Gb  hc32f460_i2c.o [20]
I2C_XYC_ALS_Master_Receive
                           0x3'30b9    0xd4  Code  Gb  drv_IIC.o [22]
I2C_XYC_ALS_Master_Transmit
                           0x3'3035    0x78  Code  Gb  drv_IIC.o [22]
IRQ000_Handler             0x1'ddf9    0x12  Code  Gb  hc32f460_interrupts.o [20]
IRQ001_Handler             0x1'de0b    0x12  Code  Gb  hc32f460_interrupts.o [20]
IRQ002_Handler             0x1'de1d    0x12  Code  Gb  hc32f460_interrupts.o [20]
IRQ003_Handler             0x1'de2f    0x12  Code  Gb  hc32f460_interrupts.o [20]
IRQ004_Handler             0x1'de41    0x12  Code  Gb  hc32f460_interrupts.o [20]
IRQ005_Handler             0x1'de53    0x12  Code  Gb  hc32f460_interrupts.o [20]
IRQ006_Handler             0x1'de65    0x12  Code  Gb  hc32f460_interrupts.o [20]
IRQ007_Handler             0x1'de77    0x12  Code  Gb  hc32f460_interrupts.o [20]
IRQ008_Handler             0x1'de89    0x12  Code  Gb  hc32f460_interrupts.o [20]
IRQ009_Handler             0x1'de9b    0x12  Code  Gb  hc32f460_interrupts.o [20]
IRQ010_Handler             0x1'dead    0x12  Code  Gb  hc32f460_interrupts.o [20]
IRQ011_Handler             0x1'debf    0x12  Code  Gb  hc32f460_interrupts.o [20]
IRQ012_Handler             0x1'ded1    0x12  Code  Gb  hc32f460_interrupts.o [20]
IRQ013_Handler             0x1'dee3    0x12  Code  Gb  hc32f460_interrupts.o [20]
IRQ014_Handler             0x1'def5    0x12  Code  Gb  hc32f460_interrupts.o [20]
IRQ015_Handler             0x1'df07    0x12  Code  Gb  hc32f460_interrupts.o [20]
IRQ016_Handler             0x1'df19    0x12  Code  Gb  hc32f460_interrupts.o [20]
IRQ017_Handler             0x1'df2b    0x12  Code  Gb  hc32f460_interrupts.o [20]
IRQ018_Handler             0x1'df3d    0x12  Code  Gb  hc32f460_interrupts.o [20]
IRQ019_Handler             0x1'df4f    0x12  Code  Gb  hc32f460_interrupts.o [20]
IRQ020_Handler             0x1'df61    0x12  Code  Gb  hc32f460_interrupts.o [20]
IRQ021_Handler             0x1'df73    0x12  Code  Gb  hc32f460_interrupts.o [20]
IRQ022_Handler             0x1'df85    0x12  Code  Gb  hc32f460_interrupts.o [20]
IRQ023_Handler             0x1'df97    0x12  Code  Gb  hc32f460_interrupts.o [20]
IRQ024_Handler             0x1'dfa9    0x12  Code  Gb  hc32f460_interrupts.o [20]
IRQ025_Handler             0x1'dfbb    0x12  Code  Gb  hc32f460_interrupts.o [20]
IRQ026_Handler             0x1'dfcd    0x12  Code  Gb  hc32f460_interrupts.o [20]
IRQ027_Handler             0x1'dfdf    0x12  Code  Gb  hc32f460_interrupts.o [20]
IRQ028_Handler             0x1'dff1    0x12  Code  Gb  hc32f460_interrupts.o [20]
IRQ029_Handler             0x1'e003    0x12  Code  Gb  hc32f460_interrupts.o [20]
IRQ030_Handler             0x1'e015    0x12  Code  Gb  hc32f460_interrupts.o [20]
IRQ031_Handler             0x1'e027    0x12  Code  Gb  hc32f460_interrupts.o [20]
IRQ032_Handler             0x1'e039    0x16  Code  Gb  hc32f460_interrupts.o [20]
IRQ033_Handler             0x1'e04f    0x16  Code  Gb  hc32f460_interrupts.o [20]
IRQ034_Handler             0x1'e065    0x16  Code  Gb  hc32f460_interrupts.o [20]
IRQ035_Handler             0x1'e07b    0x16  Code  Gb  hc32f460_interrupts.o [20]
IRQ036_Handler             0x1'e091    0x16  Code  Gb  hc32f460_interrupts.o [20]
IRQ037_Handler             0x1'e0a7    0x16  Code  Gb  hc32f460_interrupts.o [20]
IRQ038_Handler             0x1'e0bd    0x16  Code  Gb  hc32f460_interrupts.o [20]
IRQ039_Handler             0x1'e0d3    0x16  Code  Gb  hc32f460_interrupts.o [20]
IRQ040_Handler             0x1'e0e9    0x16  Code  Gb  hc32f460_interrupts.o [20]
IRQ041_Handler             0x1'e0ff    0x16  Code  Gb  hc32f460_interrupts.o [20]
IRQ042_Handler             0x1'e115    0x16  Code  Gb  hc32f460_interrupts.o [20]
IRQ043_Handler             0x1'e12b    0x16  Code  Gb  hc32f460_interrupts.o [20]
IRQ044_Handler             0x1'e141    0x16  Code  Gb  hc32f460_interrupts.o [20]
IRQ045_Handler             0x1'e157    0x16  Code  Gb  hc32f460_interrupts.o [20]
IRQ046_Handler             0x1'e16d    0x16  Code  Gb  hc32f460_interrupts.o [20]
IRQ047_Handler             0x1'e183    0x16  Code  Gb  hc32f460_interrupts.o [20]
IRQ048_Handler             0x1'e199    0x16  Code  Gb  hc32f460_interrupts.o [20]
IRQ049_Handler             0x1'e1af    0x16  Code  Gb  hc32f460_interrupts.o [20]
IRQ050_Handler             0x1'e1c5    0x16  Code  Gb  hc32f460_interrupts.o [20]
IRQ051_Handler             0x1'e1db    0x16  Code  Gb  hc32f460_interrupts.o [20]
IRQ052_Handler             0x1'e1f1    0x16  Code  Gb  hc32f460_interrupts.o [20]
IRQ053_Handler             0x1'e207    0x16  Code  Gb  hc32f460_interrupts.o [20]
IRQ054_Handler             0x1'e21d    0x16  Code  Gb  hc32f460_interrupts.o [20]
IRQ055_Handler             0x1'e233    0x16  Code  Gb  hc32f460_interrupts.o [20]
IRQ056_Handler             0x1'e249    0x16  Code  Gb  hc32f460_interrupts.o [20]
IRQ057_Handler             0x1'e25f    0x16  Code  Gb  hc32f460_interrupts.o [20]
IRQ058_Handler             0x1'e275    0x16  Code  Gb  hc32f460_interrupts.o [20]
IRQ059_Handler             0x1'e28b    0x16  Code  Gb  hc32f460_interrupts.o [20]
IRQ060_Handler             0x1'e2a1    0x16  Code  Gb  hc32f460_interrupts.o [20]
IRQ061_Handler             0x1'e2b7    0x16  Code  Gb  hc32f460_interrupts.o [20]
[...]
func_Flow_View_Show        0x2'8769   0x1a2  Code  Gb  Display.o [11]
func_GPSData_View_Show     0x2'9641   0x138  Code  Gb  Display.o [11]
func_Get_BlackLightDataUploadCMD_Data
                           0x1'48df   0x186  Code  Gb  4G_EC200U.o [1]
func_Get_DataUploadCMD_Data
                           0x1'4af1  0x14ce  Code  Gb  4G_EC200U.o [1]
func_Get_DevRegCMD_Data
                           0x1'434d   0x532  Code  Gb  4G_EC200U.o [1]
func_Get_DevStatusCMD_Data
                           0x1'685d   0x388  Code  Gb  4G_EC200U.o [1]
func_Get_DevStatusData     0x1'66f1   0x166  Code  Gb  4G_EC200U.o [1]
func_Get_Device_MeasData_Record
                           0x1'9ff1    0x10  Code  Gb  drv_Storage_W25Q128.o [16]
func_Get_Device_Sensors_Value
                           0x2'0899   0x346  Code  Gb  Mainloop.o [9]
func_Get_Device_Sensors_Value::ucChangeCnt
                        0x1fff'a124     0x1  Data  Lc  Mainloop.o [9]
func_Get_Device_Sensors_Value::ucRetryCnt
                        0x1fff'a123     0x1  Data  Lc  Mainloop.o [9]
func_Get_GetConfigResult_CMD
                           0x2'e39d   0x83e  Code  Gb  MQTT_SK.o [7]
func_Get_HX_Radar_Level_Addr
                           0x2'aed5    0xe8  Code  Gb  ModbusRTU.o [10]
func_Get_MBCRC16           0x2'99a5    0x40  Code  Gb  ModbusRTU.o [10]
func_Get_Meas_BY_HX_Integrated_Conductivity_Sensor_Value
                           0x2'9f9b   0x200  Code  Gb  ModbusRTU.o [10]
func_Get_Meas_BY_HX_Radar_Level_Sensor_Value
                           0x2'a471   0x1a2  Code  Gb  ModbusRTU.o [10]
func_Get_Meas_HX_Flow_Sensor_Value
                           0x2'b42d   0x28c  Code  Gb  ModbusRTU.o [10]
func_Get_Meas_HX_Radar_Ultrasonic_Flow_Sensor_Value
                           0x2'b09d   0x382  Code  Gb  ModbusRTU.o [10]
func_Get_Meas_HX_WaterQuality_COD_Sensor_Value
                           0x2'b6bd   0x22e  Code  Gb  ModbusRTU.o [10]
func_Get_Meas_HZ_Integrated_Conductivity_Sensor_Value
                           0x2'a19b   0x2d2  Code  Gb  ModbusRTU.o [10]
func_Get_Meas_HZ_Radar_Level_Sensor_Value
                           0x2'ac81   0x250  Code  Gb  ModbusRTU.o [10]
func_Get_Meas_HZ_Radar_Ultrasonic_Flow_Sensor_Value
                           0x2'a7b1   0x4cc  Code  Gb  ModbusRTU.o [10]
func_Get_Meas_Pressure_Level_Sensor_Value
                           0x2'a625   0x17e  Code  Gb  ModbusRTU.o [10]
func_Get_Photo_Data        0x2'bb21   0x11e  Code  Gb  ModbusRTU.o [10]
func_Get_Server_MQTT_Dispose
                           0x2'1591    0xa0  Code  Gb  Mainloop.o [9]
func_Get_SetConfigResult_CMD
                           0x2'c391    0x62  Code  Gb  MQTT_SK.o [7]
func_Get_StatusUploadCMD_Data
                           0x1'5fc9   0x70c  Code  Gb  4G_EC200U.o [1]
func_LowPower_Stop_Mode_Init
                           0x2'0671    0x4c  Code  Gb  Mainloop.o [9]
func_MQTT_SK_Init          0x2'f0fd     0xc  Code  Gb  MQTT_SK.o [7]
func_Mainloop_Init         0x2'053b     0xe  Code  Gb  Mainloop.o [9]
func_Meas_Sensor_Dispose
                           0x2'bc49   0x344  Code  Gb  ModbusRTU.o [10]
func_Meas_Sensor_PowerDown_DeInit
                           0x2'0751    0x8c  Code  Gb  Mainloop.o [9]
func_Meas_Sensor_PowerOn_Init
                           0x2'06bd    0x94  Code  Gb  Mainloop.o [9]
func_Meas_Sensor_Value_View_Show
                           0x2'9585    0xba  Code  Gb  Display.o [11]
func_Measure_Data_View_Show
                           0x2'8c67   0x264  Code  Gb  Display.o [11]
func_Measure_WaterLevel_View_Show
                           0x2'8ecd   0x3c0  Code  Gb  Display.o [11]
func_Measure_Water_Quality_View_Show
                           0x2'9291   0x2f0  Code  Gb  Display.o [11]
func_NFC_Check_Dispose     0x2'07dd    0x92  Code  Gb  Mainloop.o [9]
func_NoSensor_View_Show
                           0x2'8c1d    0x4a  Code  Gb  Display.o [11]
func_Not_Certified_View_Show
                           0x2'841d    0x7c  Code  Gb  Display.o [11]
func_OLED_PowerDown_DeInit
                           0x2'6565    0x64  Code  Gb  OLED.o [11]
func_OLED_PowerUp_Init     0x2'6451   0x114  Code  Gb  OLED.o [11]
func_OTS_Temperature_GetValue
                           0x2'c31d    0x14  Code  Gb  drv_OTS_Temperature.o [23]
func_PowerOn_View_Show     0x2'9911    0x60  Code  Gb  Display.o [11]
func_RF_NFC_PowerDown_DeInit
                           0x2'6f11    0x66  Code  Gb  RF_NFC.o [13]
func_RXNTTL518_Init        0x2'717d    0x34  Code  Gb  RXNTTL518.o [14]
func_ReadPhoto_XYC_ALS_Data
                           0x2'7511    0x58  Code  Gb  Photosensitive_XYC_ALS.o [12]
func_Read_RXNTTL518_Version
                           0x2'70cb     0xe  Code  Gb  RXNTTL518.o [14]
func_Rts_Control_And_SendData
                           0x2'9ebd    0xde  Code  Gb  ModbusRTU.o [10]
func_Save_Device_MeasData
                           0x1'9fdd    0x14  Code  Gb  drv_Storage_W25Q128.o [16]
func_Save_Device_MeasRecord_Dispose
                           0x2'0c09   0x58e  Code  Gb  Mainloop.o [9]
func_Save_Device_MeasRecord_Dispose::ucRecordFlag
                        0x1fff'a125     0x1  Data  Lc  Mainloop.o [9]
func_Save_Device_MeasRecord_Dispose::ucSaveRecordFlag
                        0x1fff'a126     0x1  Data  Lc  Mainloop.o [9]
func_Save_Device_Parameter
                           0x1'8fdd  0x1000  Code  Gb  drv_Storage_W25Q128.o [16]
func_Search_Card           0x2'70d9    0xa4  Code  Gb  RXNTTL518.o [14]
func_Send_CMD              0x2'6fdf    0xec  Code  Gb  RXNTTL518.o [14]
func_Set_BlackLight_Move_AT_CMD
                           0x2'b8eb    0xb2  Code  Gb  ModbusRTU.o [10]
func_Set_Camera_Photo_CMD
                           0x2'ba37    0xe4  Code  Gb  ModbusRTU.o [10]
func_Set_HX_Radar_Level_Addr
                           0x2'afc1    0xd8  Code  Gb  ModbusRTU.o [10]
func_SystemPara_Init       0x1'b921    0x16  Code  Gb  User_Data.o [17]
func_System_Mainloop_Dispose
                           0x2'1641   0x320  Code  Gb  Mainloop.o [9]
func_System_Soft_Reset     0x2'0549     0xe  Code  Gb  Mainloop.o [9]
func_WatchDog_Refresh      0x1'a633    0x1e  Code  Gb  WatchDog.o [18]
func_WaterLevel_View_Show
                           0x2'8511   0x250  Code  Gb  Display.o [11]
func_diplay_NFCCheck_Menu
                           0x2'7ed1    0x7a  Code  Gb  Display.o [11]
func_display_Authorize_Menu
                           0x2'7e41    0x90  Code  Gb  Display.o [11]
func_display_ConnectPhone_Menu
                           0x2'7f4b    0xb0  Code  Gb  Display.o [11]
func_display_PowerOn_Menu
                           0x2'7e31    0x10  Code  Gb  Display.o [11]
func_display_string        0x2'6755   0x7a8  Code  Gb  OLED.o [11]
func_sprintf_metricsystem
                           0x2'7845   0x426  Code  Gb  Display.o [11]
gE_4G_Module_Init_CMD   0x1fff'a131     0x1  Data  Gb  User_Data.o [17]
gSt_DevMeasRecordData   0x1fff'9fcc    0x2c  Data  Gb  User_Data.o [17]
gSt_systemPara          0x2001'0000  0xff10  Data  Lc  User_Data.o [17]
g_ATE_CMD               0x1fff'8394     0x8  Data  Lc  BT_TB05.o [2]
g_AT_CMD                0x1fff'839c     0x4  Data  Lc  BT_TB05.o [2]
g_AT_RESET_CMD          0x1fff'8360    0x20  Data  Lc  BT_TB05.o [2]
g_AT_SSID_CMD           0x1fff'833c    0x24  Data  Lc  BT_TB05.o [2]
g_Ble_SSID              0x1fff'8380    0x14  Data  Gb  BT_TB05.o [2]
g_data_buffer           0x1fff'93b0   0x400  Data  Gb  drv_Storage_W25Q128.o [16]
g_sSKLogo_New              0x3'76b0   0x400  Data  Gb  Font.o [11]
g_sint8_Font_16x10_12864
                           0x3'67c4   0x5a0  Data  Gb  Font.o [11]
g_sint8_Font_16x12_12864
                           0x3'4e5c   0x780  Data  Gb  Font.o [11]
g_sint8_Font_6x12_AsciiDot
                           0x3'6d64   0x4c8  Data  Gb  Font.o [11]
gc_SystemPosi           0x1fff'a130     0x1  Data  Gb  User_Data.o [17]
gfunc_DateString_process
                           0x2'7c75   0x1bc  Code  Gb  Display.o [11]
gfunc_Modbus_Matching      0x3'0c15   0x188  Code  Gb  ModbusRTU_Device_BT.o [10]
gs_DeviceDefaultPara    0x1fff'8000   0x1b0  Data  Gb  User_Data.o [17]
guc_ERR13DelayCnt       0x1fff'a10d     0x1  Data  Gb  BT_TB05.o [2]
guc_HX_RadarLevel_Addr  0x1fff'a128     0x1  Data  Gb  ModbusRTU.o [10]
guc_LcdDipRevesAttr     0x1fff'a12e     0x1  Data  Gb  User_Data.o [17]
guc_NFCPWRInitFlag      0x1fff'a12c     0x1  Data  Gb  User_Data.o [17]
guc_NFC_Card_Flag       0x1fff'a12f     0x1  Data  Gb  User_Data.o [17]
guc_NFC_Card_ID         0x1fff'81b0    0x8c  Data  Gb  RXNTTL518.o [14]
guc_OLED_Buf            0x1fff'97b0   0x400  Data  Gb  User_Data.o [17]
guc_RTURecvArr          0x1fff'9f68    0x64  Data  Gb  User_Data.o [17]
guc_SystemPowerInitFlag
                        0x1fff'a12d     0x1  Data  Gb  User_Data.o [17]
guc_TextBDData          0x1fff'a070    0x14  Data  Gb  User_Data.o [17]
guc_W25Q128_Buf         0x1fff'83b0  0x1000  Data  Gb  drv_Storage_W25Q128.o [16]
hex_to_str                 0x1'487f    0x60  Code  Gb  4G_EC200U.o [1]
isalpha                    0x2'3ea9    0x14  Code  Gb  isalpha.o [29]
isspace                    0x2'3e95    0x14  Code  Gb  isspace.o [29]
lcd_address                0x2'65c9    0x28  Code  Gb  OLED.o [11]
ldexp                      0x2'426d          Code  Gb  ldexp.o [30]
ldexpl                     0x2'426d          Code  Gb  ldexp.o [30]
lmos                       0x1'f65c    0x18  Data  Lc  xDaysTo64.o [29]
lnbias                     0x3'7290   0x420  Data  Lc  pow64.o [30]
localeconv                 0x2'3efd     0x4  Code  Gb  xlocale_c.o [29]
m_au16Adc1Value         0x1fff'a024    0x24  Data  Lc  drv_ADC.o [21]
m_au16Adc2Value         0x1fff'a048    0x14  Data  Lc  drv_ADC.o [21]
m_f32OffsetM            0x1fff'a0c0     0x4  Data  Lc  hc32f460_ots.o [20]
m_f32SlopeK             0x1fff'a0bc     0x4  Data  Lc  hc32f460_ots.o [20]
m_stcSysclkCfg          0x1fff'a090     0x8  Data  Lc  main.o [28]
main                       0x3'57f5   0x4ec  Code  Gb  main.o [28]
main::ucMonitorFlag     0x1fff'a121     0x1  Data  Lc  main.o [28]
main::ucRetryCnt        0x1fff'a122     0x1  Data  Lc  main.o [28]
memchr                     0x2'4645          Code  Gb  memchr.o [31]
memcmp                     0x2'3ba1          Code  Gb  memcmp.o [31]
mktime                     0x1'8725    0xe0  Code  Gb  mktime64.o [29]
mos                        0x1'f674    0x18  Data  Lc  xDaysTo64.o [29]
nackFlag                0x1fff'a10e     0x1  Data  Gb  drv_IIC.o [22]
ndigs                      0x3'869c    0x28  Data  Lc  iar_Stoulx.o [29]
ndigs                      0x3'86ec    0x28  Data  Lc  iar_Stoullx.o [29]
now                     0x1fff'a088     0x8  Data  Gb  4G_EC200U.o [1]
pfnNmiCallback          0x1fff'a0b8     0x4  Data  Lc  hc32f460_exint_nmi_swi.o [20]
pow                        0x3'4279   0x68c  Code  Gb  pow64.o [30]
powl                       0x3'4279   0x68c  Code  Gb  pow64.o [30]
pows                       0x3'8b90    0x48  Data  Lc  strto64.o [30]
prveMBError2Exception      0x2'f1f5    0x26  Code  Gb  ModbusRTU_Device_BT.o [10]
pst_BDSystemPara        0x1fff'a0c4     0x4  Data  Lc  LC86L_BD.o [3]
pst_BTSystemPara        0x1fff'a0a0     0x4  Data  Lc  BT_TB05.o [2]
pst_EC200USystemPara    0x1fff'a084     0x4  Data  Lc  4G_EC200U.o [1]
pst_LoraSystemPara      0x1fff'a0c8     0x4  Data  Lc  Lora_TP1109.o [6]
pst_MBSystemPara        0x1fff'a0d8     0x4  Data  Gb  ModbusRTU.o [10]
pst_MQTTSystemPara      0x1fff'a0e4     0x4  Data  Lc  MQTT_SK.o [7]
pst_MagSystemPara       0x1fff'a0cc     0x4  Data  Lc  Magnetic_Bar.o [8]
pst_MainSystemPara      0x1fff'a0d0     0x4  Data  Lc  main.o [28]
pst_MainloopSystemPara  0x1fff'a0d4     0x4  Data  Lc  Mainloop.o [9]
pst_OLEDSystemPara      0x1fff'a0e8     0x4  Data  Gb  OLED.o [11]
pst_PhotoSystemPara     0x1fff'a0ec     0x4  Data  Lc  Photosensitive_XYC_ALS.o [12]
pst_RTCSystemPara       0x1fff'a0a4     0x4  Data  Lc  drv_RTC.o [24]
pst_RXNTTLSystemPara    0x1fff'a0f0     0x4  Data  Lc  RXNTTL518.o [14]
pst_SC7A20SystemPara    0x1fff'a0a8     0x4  Data  Lc  drv_SC7A20H.o [15]
pst_TimerSystemPara     0x1fff'a0b0     0x4  Data  Lc  drv_Timer.o [26]
pst_UsartSystemPara     0x1fff'a0b4     0x4  Data  Lc  drv_USART.o [27]
pst_W25Q128SystemPara   0x1fff'a0ac     0x4  Data  Gb  drv_Storage_W25Q128.o [16]
pucSndBufferCur         0x1fff'a0dc     0x4  Data  Lc  ModbusRTU_Device_BT.o [10]
ranmatch                   0x1'f36f    0x46  Code  Lc  xscanffull_nomb.o [29]
scalbln                    0x2'426d          Code  Gb  ldexp.o [30]
scalblnl                   0x2'426d          Code  Gb  ldexp.o [30]
scalbn                     0x2'426d          Code  Gb  ldexp.o [30]
scalbnl                    0x2'426d          Code  Gb  ldexp.o [30]
scale                      0x2'0413    0x46  Code  Lc  xprintflarge_nomb.o [29]
sec_hand                0x1fff'a0f8     0x4  Data  Lc  xfail_s.o [29]
sprintf                    0x1'8805    0x40  Code  Gb  sprintf.o [29]
sqrt                       0x3'3249          Code  Gb  sqrt.o [30]
sqrtl                      0x3'3249          Code  Gb  sqrt.o [30]
sscanf                     0x1'86fd    0x28  Code  Gb  sscanf.o [29]
st_TempValue            0x1fff'9db0   0x1b8  Data  Gb  4G_EC200U.o [1]
strcat                     0x1'887b    0x1e  Code  Gb  strcat.o [29]
strchr                     0x1'e82d          Code  Gb  strchr.o [31]
strcmp                     0x2'0509          Code  Gb  strcmp.o [31]
strcpy                     0x1'a5ed          Code  Gb  strcpy.o [31]
strcspn                    0x3'4927    0x22  Code  Gb  strcspn.o [29]
strlen                     0x1'8845          Code  Gb  strlen.o [31]
strncmp                    0x3'320d    0x2a  Code  Gb  strncmp.o [29]
strspn                     0x3'4905    0x22  Code  Gb  strspn.o [29]
strstr                     0x2'c365    0x2c  Code  Gb  strstr.o [29]
strtok                     0x3'3569    0x4c  Code  Gb  strtok.o [29]
strtoll                    0x2'45fd     0x2  Code  Gb  iar_Stollx.o [29]
strtoull                   0x2'4555     0x2  Code  Gb  iar_Stoullx.o [29]
tolower                    0x3'1615    0x14  Code  Gb  tolower.o [29]
u32ICG                        0x400    0x20  Data  Gb  hc32f460_icg.o [20]
u8HrcState              0x1fff'a11d     0x1  Data  Gb  hc32f460_pwc.o [20]
u8MrcState              0x1fff'a11e     0x1  Data  Gb  hc32f460_pwc.o [20]
u8StopFlag              0x1fff'a120     0x1  Data  Gb  hc32f460_pwc.o [20]
u8SysClkSrc             0x1fff'83ac     0x1  Data  Gb  hc32f460_pwc.o [20]
u8WkupIntCnt            0x1fff'a11f     0x1  Data  Gb  hc32f460_pwc.o [20]
ucMeasSensorExistFlag   0x1fff'a109     0x1  Data  Gb  4G_EC200U.o [1]
ucMeasWaterVolumeFlag   0x1fff'a108     0x1  Data  Gb  4G_EC200U.o [1]
ucRecordCnt             0x1fff'a104     0x1  Data  Gb  4G_EC200U.o [1]
ucWaterLevel_Radar_Flag
                        0x1fff'a105     0x1  Data  Gb  4G_EC200U.o [1]
ucWaterQuality_COD_Flag
                        0x1fff'a106     0x1  Data  Gb  4G_EC200U.o [1]
ucWaterQuality_COND_Flag
                        0x1fff'a107     0x1  Data  Gb  4G_EC200U.o [1]
ulRecordCnt             0x1fff'a09c     0x4  Data  Gb  4G_EC200U.o [1]
ulTime                  0x1fff'a098     0x4  Data  Gb  4G_EC200U.o [1]
usRcvBufferPos          0x1fff'a100     0x2  Data  Lc  ModbusRTU_Device_BT.o [10]
xFuncHandlers           0x1fff'823c    0x80  Data  Lc  ModbusRTU_Device_BT.o [10]


[1] = D:\Myself\WorkProcess\SK\HC32F460_WorkProcess\example\Source\Pipe_Monitor\Pipe_Monitor_App\EWARM\output\debug\Obj\4G_EC200U_8582873453978518366.dir
[2] = D:\Myself\WorkProcess\SK\HC32F460_WorkProcess\example\Source\Pipe_Monitor\Pipe_Monitor_App\EWARM\output\debug\Obj\BT_TB05_12041724360499981866.dir
[3] = D:\Myself\WorkProcess\SK\HC32F460_WorkProcess\example\Source\Pipe_Monitor\Pipe_Monitor_App\EWARM\output\debug\Obj\LC86L_BD_9822625824417385734.dir
[4] = D:\Myself\WorkProcess\SK\HC32F460_WorkProcess\example\Source\Pipe_Monitor\Pipe_Monitor_App\EWARM\output\debug\Obj\LKT4202_1925765440156868983.dir
[5] = D:\Myself\WorkProcess\SK\HC32F460_WorkProcess\example\Source\Pipe_Monitor\Pipe_Monitor_App\EWARM\output\debug\Obj\LoRa_RA02_5139138412578801246.dir
[6] = D:\Myself\WorkProcess\SK\HC32F460_WorkProcess\example\Source\Pipe_Monitor\Pipe_Monitor_App\EWARM\output\debug\Obj\Lora_TP1109_151720617378073083.dir
[7] = D:\Myself\WorkProcess\SK\HC32F460_WorkProcess\example\Source\Pipe_Monitor\Pipe_Monitor_App\EWARM\output\debug\Obj\MQTT_SK_4724149239023757000.dir
[8] = D:\Myself\WorkProcess\SK\HC32F460_WorkProcess\example\Source\Pipe_Monitor\Pipe_Monitor_App\EWARM\output\debug\Obj\Magnetic_Bar_17520218520042908049.dir
[9] = D:\Myself\WorkProcess\SK\HC32F460_WorkProcess\example\Source\Pipe_Monitor\Pipe_Monitor_App\EWARM\output\debug\Obj\Mainloop_18272944273632151421.dir
[10] = D:\Myself\WorkProcess\SK\HC32F460_WorkProcess\example\Source\Pipe_Monitor\Pipe_Monitor_App\EWARM\output\debug\Obj\ModbusRTU_17682219295068567368.dir
[11] = D:\Myself\WorkProcess\SK\HC32F460_WorkProcess\example\Source\Pipe_Monitor\Pipe_Monitor_App\EWARM\output\debug\Obj\OLED_13473777563621607307.dir
[12] = D:\Myself\WorkProcess\SK\HC32F460_WorkProcess\example\Source\Pipe_Monitor\Pipe_Monitor_App\EWARM\output\debug\Obj\Photosensitive_XYC_ALS_28064708180949255.dir
[13] = D:\Myself\WorkProcess\SK\HC32F460_WorkProcess\example\Source\Pipe_Monitor\Pipe_Monitor_App\EWARM\output\debug\Obj\RF_NFC_10628150809568064830.dir
[14] = D:\Myself\WorkProcess\SK\HC32F460_WorkProcess\example\Source\Pipe_Monitor\Pipe_Monitor_App\EWARM\output\debug\Obj\RXNTTL518_17808510930951076202.dir
[15] = D:\Myself\WorkProcess\SK\HC32F460_WorkProcess\example\Source\Pipe_Monitor\Pipe_Monitor_App\EWARM\output\debug\Obj\SC7A20H_13085057635104233901.dir
[16] = D:\Myself\WorkProcess\SK\HC32F460_WorkProcess\example\Source\Pipe_Monitor\Pipe_Monitor_App\EWARM\output\debug\Obj\Storage_W25Q128_4738127093883701884.dir
[17] = D:\Myself\WorkProcess\SK\HC32F460_WorkProcess\example\Source\Pipe_Monitor\Pipe_Monitor_App\EWARM\output\debug\Obj\User_Data_5391006662705040797.dir
[18] = D:\Myself\WorkProcess\SK\HC32F460_WorkProcess\example\Source\Pipe_Monitor\Pipe_Monitor_App\EWARM\output\debug\Obj\WatchDog_9188475617120297074.dir
[19] = D:\Myself\WorkProcess\SK\HC32F460_WorkProcess\example\Source\Pipe_Monitor\Pipe_Monitor_App\EWARM\output\debug\Obj\common_14919461937644757070.dir
[20] = D:\Myself\WorkProcess\SK\HC32F460_WorkProcess\example\Source\Pipe_Monitor\Pipe_Monitor_App\EWARM\output\debug\Obj\driver_11944700488488147666.dir
[21] = D:\Myself\WorkProcess\SK\HC32F460_WorkProcess\example\Source\Pipe_Monitor\Pipe_Monitor_App\EWARM\output\debug\Obj\drv_ADC_15186207816091091275.dir
[22] = D:\Myself\WorkProcess\SK\HC32F460_WorkProcess\example\Source\Pipe_Monitor\Pipe_Monitor_App\EWARM\output\debug\Obj\drv_IIC_18060258103304213159.dir
[23] = D:\Myself\WorkProcess\SK\HC32F460_WorkProcess\example\Source\Pipe_Monitor\Pipe_Monitor_App\EWARM\output\debug\Obj\drv_OTS_Temperature_13039655784802445445.dir
[24] = D:\Myself\WorkProcess\SK\HC32F460_WorkProcess\example\Source\Pipe_Monitor\Pipe_Monitor_App\EWARM\output\debug\Obj\drv_RTC_2577979922006117733.dir
[25] = D:\Myself\WorkProcess\SK\HC32F460_WorkProcess\example\Source\Pipe_Monitor\Pipe_Monitor_App\EWARM\output\debug\Obj\drv_SPI_4333388098947449637.dir
[26] = D:\Myself\WorkProcess\SK\HC32F460_WorkProcess\example\Source\Pipe_Monitor\Pipe_Monitor_App\EWARM\output\debug\Obj\drv_Timer_6973001687617930806.dir
[27] = D:\Myself\WorkProcess\SK\HC32F460_WorkProcess\example\Source\Pipe_Monitor\Pipe_Monitor_App\EWARM\output\debug\Obj\drv_USART_14144334009435087269.dir
[28] = D:\Myself\WorkProcess\SK\HC32F460_WorkProcess\example\Source\Pipe_Monitor\Pipe_Monitor_App\EWARM\output\debug\Obj\source_5634686896477721948.dir
[29] = dl7M_tlf.a
[30] = m7M_tls.a
[31] = rt7M_tl.a
[32] = shb_l.a

  139'825 bytes of readonly  code memory
   16'176 bytes of readonly  data memory (+ 32 absolute)
   81'985 bytes of readwrite data memory

Errors: none
Warnings: none
