###############################################################################
#
# IAR ELF Linker V9.40.1.364/W64 for ARM                  20/Nov/2025  15:46:30
# Copyright 2007-2023 IAR Systems AB.
#
#    Output file  =
#        D:\Myself\WorkProcess\SK\HC32F460_WorkProcess\example\Source\Pipe_Monitor\Pipe_Monitor_App\EWARM\output\debug\Exe\Pipe_Monitor_App.out
#    Map file     =
#        D:\Myself\WorkProcess\SK\HC32F460_WorkProcess\example\Source\Pipe_Monitor\Pipe_Monitor_App\EWARM\output\debug\List\Pipe_Monitor_App.map
#    Command line =
#        -f
#        D:\Myself\WorkProcess\SK\HC32F460_WorkProcess\example\Source\Pipe_Monitor\Pipe_Monitor_App\EWARM\output\debug\Exe\Pipe_Monitor_App.out.rsp
#        (D:\Myself\WorkProcess\SK\HC32F460_WorkProcess\example\Source\Pipe_Monitor\Pipe_Monitor_App\EWARM\output\debug\Obj\4G_EC200U_8582873453978518366.dir\4G_EC200U.o
#        D:\Myself\WorkProcess\SK\HC32F460_WorkProcess\example\Source\Pipe_Monitor\Pipe_Monitor_App\EWARM\output\debug\Obj\BT_TB05_12041724360499981866.dir\BT_TB05.o
#        D:\Myself\WorkProcess\SK\HC32F460_WorkProcess\example\Source\Pipe_Monitor\Pipe_Monitor_App\EWARM\output\debug\Obj\OLED_13473777563621607307.dir\Display.o
#        D:\Myself\WorkProcess\SK\HC32F460_WorkProcess\example\Source\Pipe_Monitor\Pipe_Monitor_App\EWARM\output\debug\Obj\drv_ADC_15186207816091091275.dir\drv_ADC.o
#        D:\Myself\WorkProcess\SK\HC32F460_WorkProcess\example\Source\Pipe_Monitor\Pipe_Monitor_App\EWARM\output\debug\Obj\drv_IIC_18060258103304213159.dir\drv_IIC.o
#        D:\Myself\WorkProcess\SK\HC32F460_WorkProcess\example\Source\Pipe_Monitor\Pipe_Monitor_App\EWARM\output\debug\Obj\LKT4202_1925765440156868983.dir\drv_LKT4202.o
#        D:\Myself\WorkProcess\SK\HC32F460_WorkProcess\example\Source\Pipe_Monitor\Pipe_Monitor_App\EWARM\output\debug\Obj\drv_OTS_Temperature_13039655784802445445.dir\drv_OTS_Temperature.o
#        D:\Myself\WorkProcess\SK\HC32F460_WorkProcess\example\Source\Pipe_Monitor\Pipe_Monitor_App\EWARM\output\debug\Obj\drv_RTC_2577979922006117733.dir\drv_RTC.o
#        D:\Myself\WorkProcess\SK\HC32F460_WorkProcess\example\Source\Pipe_Monitor\Pipe_Monitor_App\EWARM\output\debug\Obj\SC7A20H_13085057635104233901.dir\drv_SC7A20H.o
#        D:\Myself\WorkProcess\SK\HC32F460_WorkProcess\example\Source\Pipe_Monitor\Pipe_Monitor_App\EWARM\output\debug\Obj\drv_SPI_4333388098947449637.dir\drv_SPI.o
#        D:\Myself\WorkProcess\SK\HC32F460_WorkProcess\example\Source\Pipe_Monitor\Pipe_Monitor_App\EWARM\output\debug\Obj\Storage_W25Q128_4738127093883701884.dir\drv_Storage_W25Q128.o
#        D:\Myself\WorkProcess\SK\HC32F460_WorkProcess\example\Source\Pipe_Monitor\Pipe_Monitor_App\EWARM\output\debug\Obj\drv_Timer_6973001687617930806.dir\drv_Timer.o
#        D:\Myself\WorkProcess\SK\HC32F460_WorkProcess\example\Source\Pipe_Monitor\Pipe_Monitor_App\EWARM\output\debug\Obj\drv_USART_14144334009435087269.dir\drv_USART.o
#        D:\Myself\WorkProcess\SK\HC32F460_WorkProcess\example\Source\Pipe_Monitor\Pipe_Monitor_App\EWARM\output\debug\Obj\RF_NFC_10628150809568064830.dir\fm175xx.o
#        D:\Myself\WorkProcess\SK\HC32F460_WorkProcess\example\Source\Pipe_Monitor\Pipe_Monitor_App\EWARM\output\debug\Obj\OLED_13473777563621607307.dir\Font.o
#        D:\Myself\WorkProcess\SK\HC32F460_WorkProcess\example\Source\Pipe_Monitor\Pipe_Monitor_App\EWARM\output\debug\Obj\driver_11944700488488147666.dir\hc32f460_adc.o
#        D:\Myself\WorkProcess\SK\HC32F460_WorkProcess\example\Source\Pipe_Monitor\Pipe_Monitor_App\EWARM\output\debug\Obj\driver_11944700488488147666.dir\hc32f460_clk.o
#        D:\Myself\WorkProcess\SK\HC32F460_WorkProcess\example\Source\Pipe_Monitor\Pipe_Monitor_App\EWARM\output\debug\Obj\driver_11944700488488147666.dir\hc32f460_dmac.o
#        D:\Myself\WorkProcess\SK\HC32F460_WorkProcess\example\Source\Pipe_Monitor\Pipe_Monitor_App\EWARM\output\debug\Obj\driver_11944700488488147666.dir\hc32f460_efm.o
#        D:\Myself\WorkProcess\SK\HC32F460_WorkProcess\example\Source\Pipe_Monitor\Pipe_Monitor_App\EWARM\output\debug\Obj\driver_11944700488488147666.dir\hc32f460_event_port.o
#        D:\Myself\WorkProcess\SK\HC32F460_WorkProcess\example\Source\Pipe_Monitor\Pipe_Monitor_App\EWARM\output\debug\Obj\driver_11944700488488147666.dir\hc32f460_exint_nmi_swi.o
#        D:\Myself\WorkProcess\SK\HC32F460_WorkProcess\example\Source\Pipe_Monitor\Pipe_Monitor_App\EWARM\output\debug\Obj\driver_11944700488488147666.dir\hc32f460_gpio.o
#        D:\Myself\WorkProcess\SK\HC32F460_WorkProcess\example\Source\Pipe_Monitor\Pipe_Monitor_App\EWARM\output\debug\Obj\driver_11944700488488147666.dir\hc32f460_i2c.o
#        D:\Myself\WorkProcess\SK\HC32F460_WorkProcess\example\Source\Pipe_Monitor\Pipe_Monitor_App\EWARM\output\debug\Obj\driver_11944700488488147666.dir\hc32f460_icg.o
#        D:\Myself\WorkProcess\SK\HC32F460_WorkProcess\example\Source\Pipe_Monitor\Pipe_Monitor_App\EWARM\output\debug\Obj\driver_11944700488488147666.dir\hc32f460_interrupts.o
#        D:\Myself\WorkProcess\SK\HC32F460_WorkProcess\example\Source\Pipe_Monitor\Pipe_Monitor_App\EWARM\output\debug\Obj\driver_11944700488488147666.dir\hc32f460_keyscan.o
#        D:\Myself\WorkProcess\SK\HC32F460_WorkProcess\example\Source\Pipe_Monitor\Pipe_Monitor_App\EWARM\output\debug\Obj\driver_11944700488488147666.dir\hc32f460_ots.o
#        D:\Myself\WorkProcess\SK\HC32F460_WorkProcess\example\Source\Pipe_Monitor\Pipe_Monitor_App\EWARM\output\debug\Obj\driver_11944700488488147666.dir\hc32f460_pwc.o
#        D:\Myself\WorkProcess\SK\HC32F460_WorkProcess\example\Source\Pipe_Monitor\Pipe_Monitor_App\EWARM\output\debug\Obj\driver_11944700488488147666.dir\hc32f460_rtc.o
#        D:\Myself\WorkProcess\SK\HC32F460_WorkProcess\example\Source\Pipe_Monitor\Pipe_Monitor_App\EWARM\output\debug\Obj\driver_11944700488488147666.dir\hc32f460_spi.o
#        D:\Myself\WorkProcess\SK\HC32F460_WorkProcess\example\Source\Pipe_Monitor\Pipe_Monitor_App\EWARM\output\debug\Obj\driver_11944700488488147666.dir\hc32f460_sram.o
#        D:\Myself\WorkProcess\SK\HC32F460_WorkProcess\example\Source\Pipe_Monitor\Pipe_Monitor_App\EWARM\output\debug\Obj\driver_11944700488488147666.dir\hc32f460_timer0.o
#        D:\Myself\WorkProcess\SK\HC32F460_WorkProcess\example\Source\Pipe_Monitor\Pipe_Monitor_App\EWARM\output\debug\Obj\driver_11944700488488147666.dir\hc32f460_timer4_cnt.o
#        D:\Myself\WorkProcess\SK\HC32F460_WorkProcess\example\Source\Pipe_Monitor\Pipe_Monitor_App\EWARM\output\debug\Obj\driver_11944700488488147666.dir\hc32f460_timer4_oco.o
#        D:\Myself\WorkProcess\SK\HC32F460_WorkProcess\example\Source\Pipe_Monitor\Pipe_Monitor_App\EWARM\output\debug\Obj\driver_11944700488488147666.dir\hc32f460_usart.o
#        D:\Myself\WorkProcess\SK\HC32F460_WorkProcess\example\Source\Pipe_Monitor\Pipe_Monitor_App\EWARM\output\debug\Obj\driver_11944700488488147666.dir\hc32f460_utility.o
#        D:\Myself\WorkProcess\SK\HC32F460_WorkProcess\example\Source\Pipe_Monitor\Pipe_Monitor_App\EWARM\output\debug\Obj\driver_11944700488488147666.dir\hc32f460_wdt.o
#        D:\Myself\WorkProcess\SK\HC32F460_WorkProcess\example\Source\Pipe_Monitor\Pipe_Monitor_App\EWARM\output\debug\Obj\LC86L_BD_9822625824417385734.dir\LC86L_BD.o
#        D:\Myself\WorkProcess\SK\HC32F460_WorkProcess\example\Source\Pipe_Monitor\Pipe_Monitor_App\EWARM\output\debug\Obj\LoRa_RA02_5139138412578801246.dir\LoRa_RA02.o
#        D:\Myself\WorkProcess\SK\HC32F460_WorkProcess\example\Source\Pipe_Monitor\Pipe_Monitor_App\EWARM\output\debug\Obj\Lora_TP1109_151720617378073083.dir\Lora_TP1109.o
#        D:\Myself\WorkProcess\SK\HC32F460_WorkProcess\example\Source\Pipe_Monitor\Pipe_Monitor_App\EWARM\output\debug\Obj\Magnetic_Bar_17520218520042908049.dir\Magnetic_Bar.o
#        D:\Myself\WorkProcess\SK\HC32F460_WorkProcess\example\Source\Pipe_Monitor\Pipe_Monitor_App\EWARM\output\debug\Obj\source_5634686896477721948.dir\main.o
#        D:\Myself\WorkProcess\SK\HC32F460_WorkProcess\example\Source\Pipe_Monitor\Pipe_Monitor_App\EWARM\output\debug\Obj\Mainloop_18272944273632151421.dir\Mainloop.o
#        D:\Myself\WorkProcess\SK\HC32F460_WorkProcess\example\Source\Pipe_Monitor\Pipe_Monitor_App\EWARM\output\debug\Obj\RF_NFC_10628150809568064830.dir\mifare_card.o
#        D:\Myself\WorkProcess\SK\HC32F460_WorkProcess\example\Source\Pipe_Monitor\Pipe_Monitor_App\EWARM\output\debug\Obj\ModbusRTU_17682219295068567368.dir\ModbusRTU.o
#        D:\Myself\WorkProcess\SK\HC32F460_WorkProcess\example\Source\Pipe_Monitor\Pipe_Monitor_App\EWARM\output\debug\Obj\ModbusRTU_17682219295068567368.dir\ModbusRTU_Device_BT.o
#        D:\Myself\WorkProcess\SK\HC32F460_WorkProcess\example\Source\Pipe_Monitor\Pipe_Monitor_App\EWARM\output\debug\Obj\MQTT_SK_4724149239023757000.dir\MQTT_SK.o
#        D:\Myself\WorkProcess\SK\HC32F460_WorkProcess\example\Source\Pipe_Monitor\Pipe_Monitor_App\EWARM\output\debug\Obj\OLED_13473777563621607307.dir\OLED.o
#        D:\Myself\WorkProcess\SK\HC32F460_WorkProcess\example\Source\Pipe_Monitor\Pipe_Monitor_App\EWARM\output\debug\Obj\Photosensitive_XYC_ALS_28064708180949255.dir\Photosensitive_XYC_ALS.o
#        D:\Myself\WorkProcess\SK\HC32F460_WorkProcess\example\Source\Pipe_Monitor\Pipe_Monitor_App\EWARM\output\debug\Obj\RF_NFC_10628150809568064830.dir\RF_NFC.o
#        D:\Myself\WorkProcess\SK\HC32F460_WorkProcess\example\Source\Pipe_Monitor\Pipe_Monitor_App\EWARM\output\debug\Obj\RXNTTL518_17808510930951076202.dir\RXNTTL518.o
#        D:\Myself\WorkProcess\SK\HC32F460_WorkProcess\example\Source\Pipe_Monitor\Pipe_Monitor_App\EWARM\output\debug\Obj\common_14919461937644757070.dir\startup_hc32f460.o
#        D:\Myself\WorkProcess\SK\HC32F460_WorkProcess\example\Source\Pipe_Monitor\Pipe_Monitor_App\EWARM\output\debug\Obj\common_14919461937644757070.dir\system_hc32f460.o
#        D:\Myself\WorkProcess\SK\HC32F460_WorkProcess\example\Source\Pipe_Monitor\Pipe_Monitor_App\EWARM\output\debug\Obj\RF_NFC_10628150809568064830.dir\type_a.o
#        D:\Myself\WorkProcess\SK\HC32F460_WorkProcess\example\Source\Pipe_Monitor\Pipe_Monitor_App\EWARM\output\debug\Obj\RF_NFC_10628150809568064830.dir\type_b.o
#        D:\Myself\WorkProcess\SK\HC32F460_WorkProcess\example\Source\Pipe_Monitor\Pipe_Monitor_App\EWARM\output\debug\Obj\User_Data_5391006662705040797.dir\User_Data.o
#        D:\Myself\WorkProcess\SK\HC32F460_WorkProcess\example\Source\Pipe_Monitor\Pipe_Monitor_App\EWARM\output\debug\Obj\WatchDog_9188475617120297074.dir\WatchDog.o
#        --no_out_extension -o
#        D:\Myself\WorkProcess\SK\HC32F460_WorkProcess\example\Source\Pipe_Monitor\Pipe_Monitor_App\EWARM\output\debug\Exe\Pipe_Monitor_App.out
#        --map
#        D:\Myself\WorkProcess\SK\HC32F460_WorkProcess\example\Source\Pipe_Monitor\Pipe_Monitor_App\EWARM\output\debug\List\Pipe_Monitor_App.map
#        --config
#        D:\Myself\WorkProcess\SK\HC32F460_WorkProcess\example\Source\Pipe_Monitor\Pipe_Monitor_App\EWARM\HC32F460xE.icf
#        --semihosting --entry __iar_program_start --redirect
#        __write=__write_buffered --vfe --text_out locale --cpu=Cortex-M4
#        --fpu=VFPv4_sp) --dependencies=n
#        D:\Myself\WorkProcess\SK\HC32F460_WorkProcess\example\Source\Pipe_Monitor\Pipe_Monitor_App\EWARM\output\debug\Exe\Pipe_Monitor_App.out.iar_deps
#
###############################################################################

*******************************************************************************
*** RUNTIME MODEL ATTRIBUTES
***

CppFlavor       = *
__CPP_Runtime   = 1
__SystemLibrary = DLib
__dlib_version  = 6


*******************************************************************************
*** HEAP SELECTION
***

The basic heap was selected because --advanced_heap
was not specified and the application did not appear to
be primarily optimized for speed.


*******************************************************************************
*** PLACEMENT SUMMARY
***

"A0":  place at address 0x1'4000 { ro section .intvec };
"P1":  place in [from 0x1'4000 to 0x7'ffff] |
                [from 0x300'0c00 to 0x300'0ffb] { ro };
define block CSTACK with size = 8K, alignment = 8 { };
define block HEAP with size = 8K, alignment = 8 { };
"P2":  place in [from 0x1fff'8000 to 0x1fff'ffff] |
                [from 0x2000'0000 to 0x2000'ffff repeat 2] |
                [from 0x2002'0000 to 0x2002'6fff] |
                [from 0x200f'0000 to 0x200f'0fff] {
          rw, block CSTACK, block HEAP };
initialize by copy { rw };

  Section            Kind         Address      Size  Object
  -------            ----         -------      ----  ------
Absolute sections:                             0x20
  .rodata            const          0x400      0x20  hc32f460_icg.o [20]
                                  - 0x420      0x20

"A0":                                         0x280
  .intvec            ro code     0x1'4000     0x280  startup_hc32f460.o [19]
                               - 0x1'4280     0x280

"P1":                                      0x2'3622
  .text              ro code     0x1'4280    0x3764  4G_EC200U.o [1]
  .text              ro code     0x1'79e4      0x66  ABImemset.o [31]
  .text              ro code     0x1'7a4a      0x1e  xsscin.o [29]
  .text              ro code     0x1'7a68     0x4d8  hc32f460_gpio.o [20]
  .text              ro code     0x1'7f40      0x6c  hc32f460_utility.o [20]
  .text              ro code     0x1'7fac     0x708  drv_RTC.o [24]
  .text              ro code     0x1'86b4      0x28  sscanf.o [29]
  .text              ro code     0x1'86dc      0xe0  mktime64.o [29]
  .text              ro code     0x1'87bc      0x40  sprintf.o [29]
  .text              ro code     0x1'87fc      0x36  strlen.o [31]
  .text              ro code     0x1'8832      0x1e  strcat.o [29]
  .text              ro code     0x1'8850      0xa6  ABImemcpy.o [31]
  .text              ro code     0x1'88f6       0xa  xsprout.o [29]
  .text              ro code     0x1'8900    0x104c  drv_Storage_W25Q128.o [16]
  .text              ro code     0x1'994c      0x48  FltToDbl.o [30]
  .text              ro code     0x1'9994     0x25e  DblAddSub.o [30]
  .rodata            const       0x1'9bf2       0x2  drv_LKT4202.o [4]
  .text              ro code     0x1'9bf4      0x1c  U32ToDbl.o [30]
  .text              ro code     0x1'9c10     0x246  DblDiv.o [30]
  .rodata            const       0x1'9e56       0x2  drv_LKT4202.o [4]
  .text              ro code     0x1'9e58      0x18  strcpy.o [31]
  .text              ro code     0x1'9e70      0x4c  WatchDog.o [18]
  .text              ro code     0x1'9ebc    0x12cc  drv_USART.o [27]
  .text              ro code     0x1'b188      0xb6  User_Data.o [17]
  .text              ro code     0x1'b23e       0x2  hc32f460_utility.o [20]
  .text              ro code     0x1'b240     0xa10  hc32f460_pwc.o [20]
  .text              ro code     0x1'bc50     0xffc  hc32f460_clk.o [20]
  .text              ro code     0x1'cc4c      0x68  DblToFlt.o [30]
  .text              ro code     0x1'ccb4     0x8a4  hc32f460_rtc.o [20]
  .text              ro code     0x1'd558     0xb40  hc32f460_interrupts.o [20]
  .text              ro code     0x1'e098      0x16  strchr.o [31]
  .rodata            const       0x1'e0ae       0x2  drv_LKT4202.o [4]
  .text              ro code     0x1'e0b0     0xd7c  xscanffull_nomb.o [29]
  .text              ro code     0x1'ee2c      0xcc  xDaysTo64.o [29]
  .text              ro code     0x1'eef8     0x15c  xttotm64.o [29]
  .text              ro code     0x1'f054       0x4  xTzoff_nop.o [29]
  .text              ro code     0x1'f058     0xd1a  xprintflarge_nomb.o [29]
  .rodata            const       0x1'fd72       0x2  drv_LKT4202.o [4]
  .text              ro code     0x1'fd74     0x7b4  hc32f460_spi.o [20]
  .text              ro code     0x2'0528    0x1350  Mainloop.o [9]
  .text              ro code     0x2'1878      0x12  strcmp.o [31]
  .rodata            const       0x2'188a       0x2  drv_LKT4202.o [4]
  .text              ro code     0x2'188c     0xa48  hc32f460_usart.o [20]
  .text              ro code     0x2'22d4     0xac0  hc32f460_dmac.o [20]
  .text              ro code     0x2'2d94     0x934  hc32f460_timer0.o [20]
  .text              ro code     0x2'36c8     0x3c8  BT_TB05.o [2]
  .text              ro code     0x2'3a90      0x68  memcmp.o [31]
  .text              ro code     0x2'3af8     0x110  system_hc32f460.o [19]
  .text              ro code     0x2'3c08     0x17c  hc32f460_exint_nmi_swi.o [20]
  .text              ro code     0x2'3d84      0x14  isspace.o [29]
  .text              ro code     0x2'3d98      0x14  isalpha.o [29]
  .text              ro code     0x2'3dac      0x4c  xlocale_c.o [29]
  .text              ro code     0x2'3df8     0x362  strto64.o [30]
  .rodata            const       0x2'415a       0x2  drv_LKT4202.o [4]
  .text              ro code     0x2'415c     0x13a  ldexp.o [30]
  .rodata            const       0x2'4296       0x2  xlocale_c.o [29]
  .text              ro code     0x2'4298     0x1b2  iar_Stoullx.o [29]
  .rodata            const       0x2'444a       0x2  xlocale_c.o [29]
  .text              ro code     0x2'444c      0xa6  iar_Stollx.o [29]
  .rodata            const       0x2'44f2       0x1  xlocale_c.o [29]
  .text              ro code     0x2'44f4      0x40  xfail_s.o [29]
  .text              ro code     0x2'4534      0x58  memchr.o [31]
  .text              ro code     0x2'458c     0x274  I64DivMod.o [31]
  .text              ro code     0x2'4800       0x6  xisdst_nop64.o [29]
  .text              ro code     0x2'4808      0x70  frexp.o [30]
  .text              ro code     0x2'4878      0x22  DblToU32.o [30]
  .text              ro code     0x2'489c     0x1aa  DblMul.o [30]
  .text              ro code     0x2'4a48     0x560  LC86L_BD.o [3]
  .text              ro code     0x2'4fa8     0xaa0  drv_Timer.o [26]
  .text              ro code     0x2'5a48     0x454  drv_ADC.o [21]
  .text              ro code     0x2'5e9c     0xc9c  OLED.o [11]
  .text              ro code     0x2'6b38      0x66  RF_NFC.o [13]
  .text              ro code     0x2'6ba0     0x244  RXNTTL518.o [14]
  .text              ro code     0x2'6de4     0x3ac  Photosensitive_XYC_ALS.o [12]
  .text              ro code     0x2'7190     0x2da  drv_SC7A20H.o [15]
  .text              ro code     0x2'746c    0x1f10  Display.o [11]
  .text              ro code     0x2'937c      0x34  DblCmpLe.o [30]
  .text              ro code     0x2'93b0    0x226c  ModbusRTU.o [10]
  .text              ro code     0x2'b61c      0x74  drv_OTS_Temperature.o [23]
  .text              ro code     0x2'b690      0x34  DblCmpGe.o [30]
  .text              ro code     0x2'b6c4      0x2c  strstr.o [29]
  .text              ro code     0x2'b6f0    0x1d0c  MQTT_SK.o [7]
  .text              ro code     0x2'd3fc    0x1688  ModbusRTU_Device_BT.o [10]
  .text              ro code     0x2'ea84     0x122  iar_Stopfx.o [29]
  .text              ro code     0x2'eba8     0x1b8  iar_Stoflt.o [29]
  .text              ro code     0x2'ed60      0x22  S32ToDbl.o [30]
  .text              ro code     0x2'ed84     0x208  iar_Stoxflt.o [29]
  .text              ro code     0x2'ef8c      0x14  tolower.o [29]
  .text              ro code     0x2'efa0       0x6  abort.o [29]
  .text              ro code     0x2'efa8       0x2  I64DivZer.o [31]
  .text              ro code     0x2'efac     0x9d0  hc32f460_timer4_oco.o [20]
  .text              ro code     0x2'f97c     0x368  hc32f460_timer4_cnt.o [20]
  .text              ro code     0x2'fce4     0x578  hc32f460_adc.o [20]
  .text              ro code     0x3'025c     0x928  drv_IIC.o [22]
  .text              ro code     0x3'0b84      0x2a  strncmp.o [29]
  .text              ro code     0x3'0bb0     0x102  sqrt.o [30]
  .text              ro code     0x3'0cb4      0x2a  math_wrappers64.o [30]
  .text              ro code     0x3'0ce0      0x36  DblToS32.o [30]
  .text              ro code     0x3'0d18      0x46  U64ToDbl.o [30]
  .text              ro code     0x3'0d60     0x180  hc32f460_ots.o [20]
  .text              ro code     0x3'0ee0      0x4c  strtok.o [29]
  .text              ro code     0x3'0f2c     0x152  iar_Stoulx.o [29]
  .text              ro code     0x3'1080      0x14  exit.o [32]
  .text              ro code     0x3'1094     0xaa0  hc32f460_i2c.o [20]
  .text              ro code     0x3'1b34      0xbc  atan64.o [30]
  .text              ro code     0x3'1bf0     0x68c  pow64.o [30]
  .text              ro code     0x3'227c      0x22  strspn.o [29]
  .text              ro code     0x3'229e      0x22  strcspn.o [29]
  .text              ro code     0x3'22c0     0x1c8  iar_Atan64.o [30]
  .text              ro code     0x3'2488      0x20  DblCmpEq.o [30]
  .text              ro code     0x3'24a8     0x32c  iar_Exp64.o [30]
  .rodata            const       0x3'27d4     0x780  Font.o [11]
  .text              ro code     0x3'2f54     0x644  drv_LKT4202.o [4]
  .text              ro code     0x3'3598     0x644  main.o [28]
  .text              ro code     0x3'3bdc      0x90  hc32f460_efm.o [20]
  .text              ro code     0x3'3c6c     0x188  hc32f460_sram.o [20]
  .text              ro code     0x3'3df4      0xdc  drv_SPI.o [25]
  .text              ro code     0x3'3ed0     0x198  Lora_TP1109.o [6]
  .text              ro code     0x3'4068     0x204  Magnetic_Bar.o [8]
  .rodata            const       0x3'426c     0x5a0  Font.o [11]
  .rodata            const       0x3'480c     0x4c8  Font.o [11]
  .rodata            const       0x3'4cd4      0x64  4G_EC200U.o [1]
  .rodata            const       0x3'4d38     0x420  pow64.o [30]
  .rodata            const       0x3'5158     0x400  Font.o [11]
  .rodata            const       0x3'5558     0x230  ModbusRTU_Device_BT.o [10]
  .rodata            const       0x3'5788     0x200  ModbusRTU.o [10]
  .rodata            const       0x3'5988     0x200  RXNTTL518.o [14]
  .rodata            const       0x3'5b88     0x100  ModbusRTU.o [10]
  .rodata            const       0x3'5c88     0x100  ModbusRTU.o [10]
  .text              ro code     0x3'5d88      0xa2  packbits_init.o [31]
  .rodata            const       0x3'5e2c      0x68  4G_EC200U.o [1]
  .rodata            const       0x3'5e94      0x54  hc32f460_exint_nmi_swi.o [20]
  .rodata            const       0x3'5ee8      0x54  MQTT_SK.o [7]
  .rodata            const       0x3'5f3c      0x50  hc32f460_interrupts.o [20]
  .rodata            const       0x3'5f8c      0x50  hc32f460_timer4_cnt.o [20]
  .rodata            const       0x3'5fdc      0x50  hc32f460_timer4_oco.o [20]
  .rodata            const       0x3'602c      0x50  iar_Stoulx.o [29]
  .rodata            const       0x3'607c      0x50  iar_Stoullx.o [29]
  .rodata            const       0x3'60cc      0x4c  4G_EC200U.o [1]
  .rodata            const       0x3'6118      0x4c  4G_EC200U.o [1]
  .rodata            const       0x3'6164      0x4c  hc32f460_dmac.o [20]
  .rodata            const       0x3'61b0      0x4c  hc32f460_gpio.o [20]
  .rodata            const       0x3'61fc      0x4c  hc32f460_sram.o [20]
  .rodata            const       0x3'6248      0x4c  hc32f460_timer0.o [20]
  .rodata            const       0x3'6294      0x4c  hc32f460_usart.o [20]
  .rodata            const       0x3'62e0      0x48  hc32f460_adc.o [20]
  .rodata            const       0x3'6328      0x48  hc32f460_clk.o [20]
  .rodata            const       0x3'6370      0x48  hc32f460_efm.o [20]
  .rodata            const       0x3'63b8      0x48  hc32f460_i2c.o [20]
  .rodata            const       0x3'6400      0x48  hc32f460_ots.o [20]
  .rodata            const       0x3'6448      0x48  hc32f460_pwc.o [20]
  .rodata            const       0x3'6490      0x48  hc32f460_rtc.o [20]
  .rodata            const       0x3'64d8      0x48  hc32f460_spi.o [20]
  .rodata            const       0x3'6520      0x48  MQTT_SK.o [7]
  .rodata            const       0x3'6568      0x48  strto64.o [30]
  .text              ro code     0x3'65b0      0x44  startup_hc32f460.o [19]
  .rodata            const       0x3'65f4      0x3c  4G_EC200U.o [1]
  .rodata            const       0x3'6630      0x40  iar_Atan64.o [30]
  .rodata            const       0x3'6670      0x3c  4G_EC200U.o [1]
  .rodata            const       0x3'66ac      0x3c  MQTT_SK.o [7]
  .rodata            const       0x3'66e8      0x3c  MQTT_SK.o [7]
  .rodata            const       0x3'6724      0x38  4G_EC200U.o [1]
  .rodata            const       0x3'675c      0x38  4G_EC200U.o [1]
  .rodata            const       0x3'6794      0x38  4G_EC200U.o [1]
  .rodata            const       0x3'67cc      0x38  4G_EC200U.o [1]
  .rodata            const       0x3'6804      0x38  4G_EC200U.o [1]
  .rodata            const       0x3'683c      0x38  MQTT_SK.o [7]
  .text              ro code     0x3'6874      0x38  zero_init3.o [31]
  .rodata            const       0x3'68ac      0x34  4G_EC200U.o [1]
  .rodata            const       0x3'68e0      0x34  MQTT_SK.o [7]
  .rodata            const       0x3'6914      0x34  MQTT_SK.o [7]
  .rodata            const       0x3'6948      0x34  MQTT_SK.o [7]
  .rodata            const       0x3'697c      0x34  MQTT_SK.o [7]
  .rodata            const       0x3'69b0      0x28  4G_EC200U.o [1]
  .rodata            const       0x3'69d8      0x28  4G_EC200U.o [1]
  .rodata            const       0x3'6a00      0x28  xscanffull_nomb.o [29]
  .text              ro code     0x3'6a28      0x28  data_init.o [31]
  .rodata            const       0x3'6a50      0x24  4G_EC200U.o [1]
  .rodata            const       0x3'6a74      0x24  xscanffull_nomb.o [29]
  .text              ro code     0x3'6a98      0x22  fpinit_M.o [30]
  .iar.init_table    const       0x3'6abc      0x34  - Linker created -
  .rodata            const       0x3'6af0      0x20  4G_EC200U.o [1]
  .rodata            const       0x3'6b10      0x20  4G_EC200U.o [1]
  .rodata            const       0x3'6b30      0x20  4G_EC200U.o [1]
  .rodata            const       0x3'6b50      0x20  drv_LKT4202.o [4]
  .rodata            const       0x3'6b70      0x20  drv_LKT4202.o [4]
  .rodata            const       0x3'6b90      0x20  drv_RTC.o [24]
  .text              ro code     0x3'6bb0      0x1e  cmain.o [31]
  .text              ro code     0x3'6bce       0x4  low_level_init.o [29]
  .text              ro code     0x3'6bd2       0x4  exit.o [29]
  .text              ro code     0x3'6bd8       0xa  cexit.o [31]
  .rodata            const       0x3'6be4      0x1c  4G_EC200U.o [1]
  .rodata            const       0x3'6c00      0x1c  MQTT_SK.o [7]
  .rodata            const       0x3'6c1c      0x1c  MQTT_SK.o [7]
  .text              ro code     0x3'6c38      0x1c  cstartup_M.o [31]
  .rodata            const       0x3'6c54      0x18  4G_EC200U.o [1]
  .rodata            const       0x3'6c6c      0x18  MQTT_SK.o [7]
  .rodata            const       0x3'6c84      0x18  MQTT_SK.o [7]
  .rodata            const       0x3'6c9c      0x18  MQTT_SK.o [7]
  .rodata            const       0x3'6cb4      0x18  MQTT_SK.o [7]
  .rodata            const       0x3'6ccc      0x18  MQTT_SK.o [7]
  .rodata            const       0x3'6ce4      0x18  MQTT_SK.o [7]
  .rodata            const       0x3'6cfc      0x18  MQTT_SK.o [7]
  .rodata            const       0x3'6d14      0x18  MQTT_SK.o [7]
  .rodata            const       0x3'6d2c      0x18  MQTT_SK.o [7]
  .rodata            const       0x3'6d44      0x18  MQTT_SK.o [7]
  .rodata            const       0x3'6d5c      0x18  MQTT_SK.o [7]
  .rodata            const       0x3'6d74      0x14  4G_EC200U.o [1]
  .rodata            const       0x3'6d88      0x14  4G_EC200U.o [1]
  .rodata            const       0x3'6d9c      0x14  4G_EC200U.o [1]
  .rodata            const       0x3'6db0      0x14  4G_EC200U.o [1]
  .rodata            const       0x3'6dc4      0x14  4G_EC200U.o [1]
  .rodata            const       0x3'6dd8      0x14  4G_EC200U.o [1]
  .rodata            const       0x3'6dec      0x14  4G_EC200U.o [1]
  .rodata            const       0x3'6e00      0x14  4G_EC200U.o [1]
  .rodata            const       0x3'6e14      0x14  4G_EC200U.o [1]
  .rodata            const       0x3'6e28      0x14  4G_EC200U.o [1]
  .rodata            const       0x3'6e3c      0x14  4G_EC200U.o [1]
  .rodata            const       0x3'6e50      0x14  4G_EC200U.o [1]
  .rodata            const       0x3'6e64      0x14  4G_EC200U.o [1]
  .rodata            const       0x3'6e78      0x14  4G_EC200U.o [1]
  .rodata            const       0x3'6e8c      0x14  4G_EC200U.o [1]
  .rodata            const       0x3'6ea0      0x14  4G_EC200U.o [1]
  .rodata            const       0x3'6eb4      0x14  4G_EC200U.o [1]
  .rodata            const       0x3'6ec8      0x14  4G_EC200U.o [1]
  .rodata            const       0x3'6edc      0x14  4G_EC200U.o [1]
  .rodata            const       0x3'6ef0      0x14  4G_EC200U.o [1]
  .rodata            const       0x3'6f04      0x14  4G_EC200U.o [1]
  .rodata            const       0x3'6f18      0x14  4G_EC200U.o [1]
  .rodata            const       0x3'6f2c      0x14  BT_TB05.o [2]
  .rodata            const       0x3'6f40      0x14  Mainloop.o [9]
  .rodata            const       0x3'6f54      0x14  ModbusRTU.o [10]
  .rodata            const       0x3'6f68      0x14  MQTT_SK.o [7]
  .rodata            const       0x3'6f7c      0x14  MQTT_SK.o [7]
  .rodata            const       0x3'6f90      0x14  MQTT_SK.o [7]
  .rodata            const       0x3'6fa4      0x14  MQTT_SK.o [7]
  .rodata            const       0x3'6fb8      0x14  MQTT_SK.o [7]
  .rodata            const       0x3'6fcc      0x14  MQTT_SK.o [7]
  .rodata            const       0x3'6fe0      0x14  MQTT_SK.o [7]
  .rodata            const       0x3'6ff4      0x14  MQTT_SK.o [7]
  .rodata            const       0x3'7008      0x14  MQTT_SK.o [7]
  .rodata            const       0x3'701c      0x14  MQTT_SK.o [7]
  .rodata            const       0x3'7030      0x14  MQTT_SK.o [7]
  .rodata            const       0x3'7044      0x14  MQTT_SK.o [7]
  .rodata            const       0x3'7058      0x14  MQTT_SK.o [7]
  .rodata            const       0x3'706c      0x14  MQTT_SK.o [7]
  .rodata            const       0x3'7080      0x14  MQTT_SK.o [7]
  .rodata            const       0x3'7094      0x14  MQTT_SK.o [7]
  .rodata            const       0x3'70a8      0x14  MQTT_SK.o [7]
  .rodata            const       0x3'70bc      0x14  MQTT_SK.o [7]
  .rodata            const       0x3'70d0      0x14  MQTT_SK.o [7]
  .rodata            const       0x3'70e4      0x14  MQTT_SK.o [7]
  .rodata            const       0x3'70f8      0x14  MQTT_SK.o [7]
  .rodata            const       0x3'710c      0x14  MQTT_SK.o [7]
  .rodata            const       0x3'7120      0x14  MQTT_SK.o [7]
  .rodata            const       0x3'7134      0x14  MQTT_SK.o [7]
  .rodata            const       0x3'7148      0x14  MQTT_SK.o [7]
  .rodata            const       0x3'715c      0x14  MQTT_SK.o [7]
  .rodata            const       0x3'7170      0x14  MQTT_SK.o [7]
  .rodata            const       0x3'7184      0x14  MQTT_SK.o [7]
  .rodata            const       0x3'7198      0x14  MQTT_SK.o [7]
  .rodata            const       0x3'71ac      0x14  MQTT_SK.o [7]
  .rodata            const       0x3'71c0      0x14  MQTT_SK.o [7]
  .rodata            const       0x3'71d4      0x14  MQTT_SK.o [7]
  .rodata            const       0x3'71e8      0x14  MQTT_SK.o [7]
  .rodata            const       0x3'71fc      0x14  MQTT_SK.o [7]
  .rodata            const       0x3'7210      0x14  MQTT_SK.o [7]
  .rodata            const       0x3'7224      0x14  MQTT_SK.o [7]
  .rodata            const       0x3'7238      0x10  4G_EC200U.o [1]
  .rodata            const       0x3'7248      0x10  4G_EC200U.o [1]
  .rodata            const       0x3'7258      0x10  4G_EC200U.o [1]
  .rodata            const       0x3'7268      0x10  4G_EC200U.o [1]
  .rodata            const       0x3'7278      0x10  4G_EC200U.o [1]
  .rodata            const       0x3'7288      0x10  4G_EC200U.o [1]
  .rodata            const       0x3'7298      0x10  4G_EC200U.o [1]
  .rodata            const       0x3'72a8      0x10  4G_EC200U.o [1]
  .rodata            const       0x3'72b8      0x10  4G_EC200U.o [1]
  .rodata            const       0x3'72c8      0x10  4G_EC200U.o [1]
  .rodata            const       0x3'72d8      0x10  4G_EC200U.o [1]
  .rodata            const       0x3'72e8      0x10  4G_EC200U.o [1]
  .rodata            const       0x3'72f8      0x10  4G_EC200U.o [1]
  .rodata            const       0x3'7308      0x10  BT_TB05.o [2]
  .rodata            const       0x3'7318      0x10  hc32f460_usart.o [20]
  .rodata            const       0x3'7328      0x10  main.o [28]
  .rodata            const       0x3'7338      0x10  ModbusRTU.o [10]
  .rodata            const       0x3'7348      0x10  MQTT_SK.o [7]
  .rodata            const       0x3'7358      0x10  MQTT_SK.o [7]
  .rodata            const       0x3'7368      0x10  MQTT_SK.o [7]
  .rodata            const       0x3'7378      0x10  MQTT_SK.o [7]
  .rodata            const       0x3'7388      0x10  MQTT_SK.o [7]
  .rodata            const       0x3'7398      0x10  MQTT_SK.o [7]
  .rodata            const       0x3'73a8      0x10  MQTT_SK.o [7]
  .rodata            const       0x3'73b8      0x10  MQTT_SK.o [7]
  .rodata            const       0x3'73c8      0x10  MQTT_SK.o [7]
  .rodata            const       0x3'73d8      0x10  MQTT_SK.o [7]
  .rodata            const       0x3'73e8      0x10  MQTT_SK.o [7]
  .rodata            const       0x3'73f8      0x10  MQTT_SK.o [7]
  .rodata            const       0x3'7408      0x10  MQTT_SK.o [7]
  .rodata            const       0x3'7418      0x10  MQTT_SK.o [7]
  .rodata            const       0x3'7428      0x10  MQTT_SK.o [7]
  .rodata            const       0x3'7438      0x10  MQTT_SK.o [7]
  .rodata            const       0x3'7448      0x10  MQTT_SK.o [7]
  .rodata            const       0x3'7458      0x10  MQTT_SK.o [7]
  .rodata            const       0x3'7468      0x10  MQTT_SK.o [7]
  .rodata            const       0x3'7478      0x10  MQTT_SK.o [7]
  .rodata            const       0x3'7488      0x10  MQTT_SK.o [7]
  .rodata            const       0x3'7498       0xc  4G_EC200U.o [1]
  .rodata            const       0x3'74a4       0xc  4G_EC200U.o [1]
  .rodata            const       0x3'74b0       0xc  4G_EC200U.o [1]
  .rodata            const       0x3'74bc       0xc  4G_EC200U.o [1]
  .rodata            const       0x3'74c8       0xc  4G_EC200U.o [1]
  .rodata            const       0x3'74d4       0xc  4G_EC200U.o [1]
  .rodata            const       0x3'74e0       0xc  4G_EC200U.o [1]
  .rodata            const       0x3'74ec       0xc  4G_EC200U.o [1]
  .rodata            const       0x3'74f8       0xc  4G_EC200U.o [1]
  .rodata            const       0x3'7504       0xc  4G_EC200U.o [1]
  .rodata            const       0x3'7510       0xc  4G_EC200U.o [1]
  .rodata            const       0x3'751c       0xc  4G_EC200U.o [1]
  .rodata            const       0x3'7528       0xc  4G_EC200U.o [1]
  .rodata            const       0x3'7534       0xc  4G_EC200U.o [1]
  .rodata            const       0x3'7540       0xc  4G_EC200U.o [1]
  .rodata            const       0x3'754c       0xc  4G_EC200U.o [1]
  .rodata            const       0x3'7558       0xc  4G_EC200U.o [1]
  .rodata            const       0x3'7564       0xc  4G_EC200U.o [1]
  .rodata            const       0x3'7570       0xc  4G_EC200U.o [1]
  .rodata            const       0x3'757c       0xc  4G_EC200U.o [1]
  .rodata            const       0x3'7588       0xc  BT_TB05.o [2]
  .rodata            const       0x3'7594       0xc  drv_LKT4202.o [4]
  .rodata            const       0x3'75a0       0xc  drv_LKT4202.o [4]
  .rodata            const       0x3'75ac       0xc  drv_USART.o [27]
  .rodata            const       0x3'75b8       0xc  drv_USART.o [27]
  .rodata            const       0x3'75c4       0xc  drv_USART.o [27]
  .rodata            const       0x3'75d0       0xc  Mainloop.o [9]
  .rodata            const       0x3'75dc       0xc  Mainloop.o [9]
  .rodata            const       0x3'75e8       0xc  ModbusRTU.o [10]
  .rodata            const       0x3'75f4       0xc  ModbusRTU.o [10]
  .rodata            const       0x3'7600       0xc  MQTT_SK.o [7]
  .rodata            const       0x3'760c       0xc  MQTT_SK.o [7]
  .rodata            const       0x3'7618       0xc  MQTT_SK.o [7]
  .rodata            const       0x3'7624       0xc  MQTT_SK.o [7]
  .rodata            const       0x3'7630       0x8  4G_EC200U.o [1]
  .rodata            const       0x3'7638       0x8  4G_EC200U.o [1]
  .rodata            const       0x3'7640       0x8  4G_EC200U.o [1]
  .rodata            const       0x3'7648       0x8  4G_EC200U.o [1]
  .rodata            const       0x3'7650       0x8  4G_EC200U.o [1]
  .rodata            const       0x3'7658       0x8  4G_EC200U.o [1]
  .rodata            const       0x3'7660       0x8  4G_EC200U.o [1]
  .rodata            const       0x3'7668       0x8  4G_EC200U.o [1]
  .rodata            const       0x3'7670       0x8  4G_EC200U.o [1]
  .rodata            const       0x3'7678       0x8  4G_EC200U.o [1]
  .rodata            const       0x3'7680       0x8  4G_EC200U.o [1]
  .rodata            const       0x3'7688       0x8  4G_EC200U.o [1]
  .rodata            const       0x3'7690       0x8  4G_EC200U.o [1]
  .rodata            const       0x3'7698       0x8  4G_EC200U.o [1]
  .rodata            const       0x3'76a0       0x8  4G_EC200U.o [1]
  .rodata            const       0x3'76a8       0x8  4G_EC200U.o [1]
  .rodata            const       0x3'76b0       0x8  4G_EC200U.o [1]
  .rodata            const       0x3'76b8       0x8  4G_EC200U.o [1]
  .rodata            const       0x3'76c0       0x8  4G_EC200U.o [1]
  .rodata            const       0x3'76c8       0x8  Display.o [11]
  .rodata            const       0x3'76d0       0x8  drv_LKT4202.o [4]
  .rodata            const       0x3'76d8       0x8  drv_LKT4202.o [4]
  .rodata            const       0x3'76e0       0x8  drv_SC7A20H.o [15]
  .rodata            const       0x3'76e8       0x8  LC86L_BD.o [3]
  .rodata            const       0x3'76f0       0x8  LC86L_BD.o [3]
  .rodata            const       0x3'76f8       0x8  Mainloop.o [9]
  .rodata            const       0x3'7700       0x8  Mainloop.o [9]
  .rodata            const       0x3'7708       0x8  MQTT_SK.o [7]
  .rodata            const       0x3'7710       0x8  MQTT_SK.o [7]
  .rodata            const       0x3'7718       0x8  MQTT_SK.o [7]
  .rodata            const       0x3'7720       0x8  MQTT_SK.o [7]
  .rodata            const       0x3'7728       0x4  drv_RTC.o [24]
  .text              ro code     0x3'772c       0x4  startup_hc32f460.o [19]
  .text              ro code     0x3'7730       0x4  startup_hc32f460.o [19]
  .text              ro code     0x3'7734       0x4  startup_hc32f460.o [19]
  .text              ro code     0x3'7738       0x4  startup_hc32f460.o [19]
  .text              ro code     0x3'773c       0x4  startup_hc32f460.o [19]
  .text              ro code     0x3'7740       0x4  startup_hc32f460.o [19]
  .text              ro code     0x3'7744       0x4  startup_hc32f460.o [19]
  .text              ro code     0x3'7748       0x4  startup_hc32f460.o [19]
  .text              ro code     0x3'774c       0x4  startup_hc32f460.o [19]
  .text              ro code     0x3'7750       0x4  startup_hc32f460.o [19]
  .text              ro code     0x3'7754       0x4  startup_hc32f460.o [19]
  .text              ro code     0x3'7758       0x4  startup_hc32f460.o [19]
  .text              ro code     0x3'775c       0x4  startup_hc32f460.o [19]
  .text              ro code     0x3'7760       0x4  startup_hc32f460.o [19]
  .text              ro code     0x3'7764       0x4  startup_hc32f460.o [19]
  .text              ro code     0x3'7768       0x4  startup_hc32f460.o [19]
  .rodata            const       0x3'776c       0x0  zero_init3.o [31]
  .rodata            const       0x3'776c       0x0  packbits_init.o [31]
  Initializer bytes  const       0x3'776c     0x136  <for P2 s0>
                               - 0x3'78a2  0x2'3622

"P2", part 1 of 4:                            0x307
  P2 s0                       0x1fff'8000     0x307  <Init block>
    .data            inited   0x1fff'8000     0x108  User_Data.o [17]
    .data            inited   0x1fff'8108      0x8c  RXNTTL518.o [14]
    .data            inited   0x1fff'8194      0x80  ModbusRTU_Device_BT.o [10]
    .data            inited   0x1fff'8214      0x48  xlocale_c.o [29]
    .data            inited   0x1fff'825c      0x38  xlocale_c.o [29]
    .data            inited   0x1fff'8294      0x24  BT_TB05.o [2]
    .data            inited   0x1fff'82b8      0x20  BT_TB05.o [2]
    .data            inited   0x1fff'82d8      0x14  BT_TB05.o [2]
    .data            inited   0x1fff'82ec       0x8  BT_TB05.o [2]
    .data            inited   0x1fff'82f4       0x4  BT_TB05.o [2]
    .data            inited   0x1fff'82f8       0x4  system_hc32f460.o [19]
    .data            inited   0x1fff'82fc       0x4  system_hc32f460.o [19]
    .data            inited   0x1fff'8300       0x1  drv_IIC.o [22]
    .data            inited   0x1fff'8301       0x1  drv_IIC.o [22]
    .data            inited   0x1fff'8302       0x1  drv_IIC.o [22]
    .data            inited   0x1fff'8303       0x1  drv_IIC.o [22]
    .data            inited   0x1fff'8304       0x1  hc32f460_pwc.o [20]
    .data            inited   0x1fff'8305       0x1  ModbusRTU.o [10]
    .data            inited   0x1fff'8306       0x1  ModbusRTU.o [10]
                            - 0x1fff'8307     0x307

"P2", part 2 of 4:                           0x1984
  .bss               zero     0x1fff'8308    0x1000  drv_Storage_W25Q128.o [16]
  .bss               zero     0x1fff'9308     0x400  User_Data.o [17]
  .bss               zero     0x1fff'9708     0x200  hc32f460_interrupts.o [20]
  .bss               zero     0x1fff'9908     0x1b8  4G_EC200U.o [1]
  .bss               zero     0x1fff'9ac0      0x64  User_Data.o [17]
  .bss               zero     0x1fff'9b24      0x2c  User_Data.o [17]
  .bss               zero     0x1fff'9b50      0x2c  xttotm64.o [29]
  .bss               zero     0x1fff'9b7c      0x24  drv_ADC.o [21]
  .bss               zero     0x1fff'9ba0      0x14  drv_ADC.o [21]
  .bss               zero     0x1fff'9bb4      0x14  hc32f460_pwc.o [20]
  .bss               zero     0x1fff'9bc8      0x14  User_Data.o [17]
  .bss               zero     0x1fff'9bdc       0x4  4G_EC200U.o [1]
  .bss               zero     0x1fff'9be0       0x8  4G_EC200U.o [1]
  .bss               zero     0x1fff'9be8       0x8  main.o [28]
  .bss               zero     0x1fff'9bf0       0x4  4G_EC200U.o [1]
  .bss               zero     0x1fff'9bf4       0x4  4G_EC200U.o [1]
  .bss               zero     0x1fff'9bf8       0x4  BT_TB05.o [2]
  .bss               zero     0x1fff'9bfc       0x4  drv_RTC.o [24]
  .bss               zero     0x1fff'9c00       0x4  drv_SC7A20H.o [15]
  .bss               zero     0x1fff'9c04       0x4  drv_Storage_W25Q128.o [16]
  .bss               zero     0x1fff'9c08       0x4  drv_Timer.o [26]
  .bss               zero     0x1fff'9c0c       0x4  drv_USART.o [27]
  .bss               zero     0x1fff'9c10       0x4  hc32f460_exint_nmi_swi.o [20]
  .bss               zero     0x1fff'9c14       0x4  hc32f460_ots.o [20]
  .bss               zero     0x1fff'9c18       0x4  hc32f460_ots.o [20]
  .bss               zero     0x1fff'9c1c       0x4  LC86L_BD.o [3]
  .bss               zero     0x1fff'9c20       0x4  Lora_TP1109.o [6]
  .bss               zero     0x1fff'9c24       0x4  Magnetic_Bar.o [8]
  .bss               zero     0x1fff'9c28       0x4  main.o [28]
  .bss               zero     0x1fff'9c2c       0x4  Mainloop.o [9]
  .bss               zero     0x1fff'9c30       0x4  ModbusRTU.o [10]
  .bss               zero     0x1fff'9c34       0x4  ModbusRTU_Device_BT.o [10]
  .bss               zero     0x1fff'9c38       0x4  ModbusRTU_Device_BT.o [10]
  .bss               zero     0x1fff'9c3c       0x4  MQTT_SK.o [7]
  .bss               zero     0x1fff'9c40       0x4  OLED.o [11]
  .bss               zero     0x1fff'9c44       0x4  Photosensitive_XYC_ALS.o [12]
  .bss               zero     0x1fff'9c48       0x4  RXNTTL518.o [14]
  .bss               zero     0x1fff'9c4c       0x4  strtok.o [29]
  .bss               zero     0x1fff'9c50       0x4  xfail_s.o [29]
  .bss               zero     0x1fff'9c54       0x2  BT_TB05.o [2]
  .bss               zero     0x1fff'9c56       0x2  drv_Timer.o [26]
  .bss               zero     0x1fff'9c58       0x2  ModbusRTU_Device_BT.o [10]
  .bss               zero     0x1fff'9c5a       0x2  ModbusRTU_Device_BT.o [10]
  .bss               zero     0x1fff'9c5c       0x1  4G_EC200U.o [1]
  .bss               zero     0x1fff'9c5d       0x1  4G_EC200U.o [1]
  .bss               zero     0x1fff'9c5e       0x1  4G_EC200U.o [1]
  .bss               zero     0x1fff'9c5f       0x1  4G_EC200U.o [1]
  .bss               zero     0x1fff'9c60       0x1  4G_EC200U.o [1]
  .bss               zero     0x1fff'9c61       0x1  4G_EC200U.o [1]
  .bss               zero     0x1fff'9c62       0x1  4G_EC200U.o [1]
  .bss               zero     0x1fff'9c63       0x1  4G_EC200U.o [1]
  .bss               zero     0x1fff'9c64       0x1  4G_EC200U.o [1]
  .bss               zero     0x1fff'9c65       0x1  BT_TB05.o [2]
  .bss               zero     0x1fff'9c66       0x1  drv_IIC.o [22]
  .bss               zero     0x1fff'9c67       0x1  drv_RTC.o [24]
  .bss               zero     0x1fff'9c68       0x1  drv_Timer.o [26]
  .bss               zero     0x1fff'9c69       0x1  drv_Timer.o [26]
  .bss               zero     0x1fff'9c6a       0x1  drv_Timer.o [26]
  .bss               zero     0x1fff'9c6b       0x1  drv_Timer.o [26]
  .bss               zero     0x1fff'9c6c       0x1  drv_Timer.o [26]
  .bss               zero     0x1fff'9c6d       0x1  drv_Timer.o [26]
  .bss               zero     0x1fff'9c6e       0x1  drv_Timer.o [26]
  .bss               zero     0x1fff'9c6f       0x1  drv_Timer.o [26]
  .bss               zero     0x1fff'9c70       0x1  drv_Timer.o [26]
  .bss               zero     0x1fff'9c71       0x1  drv_Timer.o [26]
  .bss               zero     0x1fff'9c72       0x1  drv_Timer.o [26]
  .bss               zero     0x1fff'9c73       0x1  drv_Timer.o [26]
  .bss               zero     0x1fff'9c74       0x1  hc32f460_dmac.o [20]
  .bss               zero     0x1fff'9c75       0x1  hc32f460_pwc.o [20]
  .bss               zero     0x1fff'9c76       0x1  hc32f460_pwc.o [20]
  .bss               zero     0x1fff'9c77       0x1  hc32f460_pwc.o [20]
  .bss               zero     0x1fff'9c78       0x1  hc32f460_pwc.o [20]
  .bss               zero     0x1fff'9c79       0x1  main.o [28]
  .bss               zero     0x1fff'9c7a       0x1  main.o [28]
  .bss               zero     0x1fff'9c7b       0x1  Mainloop.o [9]
  .bss               zero     0x1fff'9c7c       0x1  Mainloop.o [9]
  .bss               zero     0x1fff'9c7d       0x1  Mainloop.o [9]
  .bss               zero     0x1fff'9c7e       0x1  Mainloop.o [9]
  .bss               zero     0x1fff'9c7f       0x1  Mainloop.o [9]
  .bss               zero     0x1fff'9c80       0x1  ModbusRTU_Device_BT.o [10]
  .bss               zero     0x1fff'9c81       0x1  ModbusRTU_Device_BT.o [10]
  .bss               zero     0x1fff'9c82       0x1  ModbusRTU_Device_BT.o [10]
  .bss               zero     0x1fff'9c83       0x1  User_Data.o [17]
  .bss               zero     0x1fff'9c84       0x1  User_Data.o [17]
  .bss               zero     0x1fff'9c85       0x1  User_Data.o [17]
  .bss               zero     0x1fff'9c86       0x1  User_Data.o [17]
  .bss               zero     0x1fff'9c87       0x1  User_Data.o [17]
  .bss               zero     0x1fff'9c88       0x1  User_Data.o [17]
                            - 0x1fff'9c89    0x1981

"P2", part 3 of 4:                           0x2000
  CSTACK                      0x1fff'9c90    0x2000  <Block>
    CSTACK           uninit   0x1fff'9c90    0x2000  <Block tail>
                            - 0x1fff'bc90    0x2000

"P2", part 4 of 4:                           0xfe50
  .bss               zero     0x2001'0000    0xfe50  User_Data.o [17]
                            - 0x2001'fe50    0xfe50

Unused ranges:

         From           To      Size
         ----           --      ----
     0x3'78a2     0x7'ffff  0x4'875e
   0x300'0c00   0x300'0ffb     0x3fc
  0x1fff'8307  0x1fff'8307       0x1
  0x1fff'9c8c  0x1fff'9c8f       0x4
  0x1fff'bc90  0x1fff'ffff    0x4370
  0x2000'0000  0x2000'ffff  0x1'0000
  0x2001'fe50  0x2001'ffff     0x1b0
  0x2002'0000  0x2002'6fff    0x7000
  0x200f'0000  0x200f'0fff    0x1000


*******************************************************************************
*** INIT TABLE
***

          Address      Size
          -------      ----
Zero (__iar_zero_init3)
    2 destination ranges, total size 0x1'17d1:
          0x1fff'8308  0x1981
          0x2001'0000  0xfe50

Copy/packbits (__iar_packbits_init3)
    1 source range, total size 0x136 (40% of destination):
             0x3'776c   0x136
    1 destination range, total size 0x307:
          0x1fff'8000   0x307



*******************************************************************************
*** MODULE SUMMARY
***

    Module                    ro code  ro data  rw data  ro data
                                                          (abs)
    ------                    -------  -------  -------  -------
command line/config:
    ------------------------------------------------------------
    Total:

D:\Myself\WorkProcess\SK\HC32F460_WorkProcess\example\Source\Pipe_Monitor\Pipe_Monitor_App\EWARM\output\debug\Obj\4G_EC200U_8582873453978518366.dir: [1]
    4G_EC200U.o                14'180    2'112      469
    ------------------------------------------------------------
    Total:                     14'180    2'112      469

D:\Myself\WorkProcess\SK\HC32F460_WorkProcess\example\Source\Pipe_Monitor\Pipe_Monitor_App\EWARM\output\debug\Obj\BT_TB05_12041724360499981866.dir: [2]
    BT_TB05.o                     968       88      107
    ------------------------------------------------------------
    Total:                        968       88      107

D:\Myself\WorkProcess\SK\HC32F460_WorkProcess\example\Source\Pipe_Monitor\Pipe_Monitor_App\EWARM\output\debug\Obj\LC86L_BD_9822625824417385734.dir: [3]
    LC86L_BD.o                  1'376       16        4
    ------------------------------------------------------------
    Total:                      1'376       16        4

D:\Myself\WorkProcess\SK\HC32F460_WorkProcess\example\Source\Pipe_Monitor\Pipe_Monitor_App\EWARM\output\debug\Obj\LKT4202_1925765440156868983.dir: [4]
    drv_LKT4202.o               1'604      116
    ------------------------------------------------------------
    Total:                      1'604      116

D:\Myself\WorkProcess\SK\HC32F460_WorkProcess\example\Source\Pipe_Monitor\Pipe_Monitor_App\EWARM\output\debug\Obj\LoRa_RA02_5139138412578801246.dir: [5]
    ------------------------------------------------------------
    Total:

D:\Myself\WorkProcess\SK\HC32F460_WorkProcess\example\Source\Pipe_Monitor\Pipe_Monitor_App\EWARM\output\debug\Obj\Lora_TP1109_151720617378073083.dir: [6]
    Lora_TP1109.o                 408                 4
    ------------------------------------------------------------
    Total:                        408                 4

D:\Myself\WorkProcess\SK\HC32F460_WorkProcess\example\Source\Pipe_Monitor\Pipe_Monitor_App\EWARM\output\debug\Obj\MQTT_SK_4724149239023757000.dir: [7]
    MQTT_SK.o                   7'436    1'996        4
    ------------------------------------------------------------
    Total:                      7'436    1'996        4

D:\Myself\WorkProcess\SK\HC32F460_WorkProcess\example\Source\Pipe_Monitor\Pipe_Monitor_App\EWARM\output\debug\Obj\Magnetic_Bar_17520218520042908049.dir: [8]
    Magnetic_Bar.o                516                 4
    ------------------------------------------------------------
    Total:                        516                 4

D:\Myself\WorkProcess\SK\HC32F460_WorkProcess\example\Source\Pipe_Monitor\Pipe_Monitor_App\EWARM\output\debug\Obj\Mainloop_18272944273632151421.dir: [9]
    Mainloop.o                  4'944       60        9
    ------------------------------------------------------------
    Total:                      4'944       60        9

D:\Myself\WorkProcess\SK\HC32F460_WorkProcess\example\Source\Pipe_Monitor\Pipe_Monitor_App\EWARM\output\debug\Obj\ModbusRTU_17682219295068567368.dir: [10]
    ModbusRTU.o                 8'812    1'085        6
    ModbusRTU_Device_BT.o       5'768      611      143
    ------------------------------------------------------------
    Total:                     14'580    1'696      149

D:\Myself\WorkProcess\SK\HC32F460_WorkProcess\example\Source\Pipe_Monitor\Pipe_Monitor_App\EWARM\output\debug\Obj\OLED_13473777563621607307.dir: [11]
    Display.o                   7'952        8
    Font.o                               5'608
    OLED.o                      3'228                 4
    ------------------------------------------------------------
    Total:                     11'180    5'616        4

D:\Myself\WorkProcess\SK\HC32F460_WorkProcess\example\Source\Pipe_Monitor\Pipe_Monitor_App\EWARM\output\debug\Obj\Photosensitive_XYC_ALS_28064708180949255.dir: [12]
    Photosensitive_XYC_ALS.o      940                 4
    ------------------------------------------------------------
    Total:                        940                 4

D:\Myself\WorkProcess\SK\HC32F460_WorkProcess\example\Source\Pipe_Monitor\Pipe_Monitor_App\EWARM\output\debug\Obj\RF_NFC_10628150809568064830.dir: [13]
    RF_NFC.o                      102
    ------------------------------------------------------------
    Total:                        102

D:\Myself\WorkProcess\SK\HC32F460_WorkProcess\example\Source\Pipe_Monitor\Pipe_Monitor_App\EWARM\output\debug\Obj\RXNTTL518_17808510930951076202.dir: [14]
    RXNTTL518.o                   580      568      144
    ------------------------------------------------------------
    Total:                        580      568      144

D:\Myself\WorkProcess\SK\HC32F460_WorkProcess\example\Source\Pipe_Monitor\Pipe_Monitor_App\EWARM\output\debug\Obj\SC7A20H_13085057635104233901.dir: [15]
    drv_SC7A20H.o                 730        8        4
    ------------------------------------------------------------
    Total:                        730        8        4

D:\Myself\WorkProcess\SK\HC32F460_WorkProcess\example\Source\Pipe_Monitor\Pipe_Monitor_App\EWARM\output\debug\Obj\Storage_W25Q128_4738127093883701884.dir: [16]
    drv_Storage_W25Q128.o       4'172             4'100
    ------------------------------------------------------------
    Total:                      4'172             4'100

D:\Myself\WorkProcess\SK\HC32F460_WorkProcess\example\Source\Pipe_Monitor\Pipe_Monitor_App\EWARM\output\debug\Obj\User_Data_5391006662705040797.dir: [17]
    User_Data.o                   182      105   66'562
    ------------------------------------------------------------
    Total:                        182      105   66'562

D:\Myself\WorkProcess\SK\HC32F460_WorkProcess\example\Source\Pipe_Monitor\Pipe_Monitor_App\EWARM\output\debug\Obj\WatchDog_9188475617120297074.dir: [18]
    WatchDog.o                     76
    ------------------------------------------------------------
    Total:                         76

D:\Myself\WorkProcess\SK\HC32F460_WorkProcess\example\Source\Pipe_Monitor\Pipe_Monitor_App\EWARM\output\debug\Obj\common_14919461937644757070.dir: [19]
    startup_hc32f460.o            772
    system_hc32f460.o             272        3        8
    ------------------------------------------------------------
    Total:                      1'044        3        8

D:\Myself\WorkProcess\SK\HC32F460_WorkProcess\example\Source\Pipe_Monitor\Pipe_Monitor_App\EWARM\output\debug\Obj\driver_11944700488488147666.dir: [20]
    hc32f460_adc.o              1'400       72
    hc32f460_clk.o              4'092       72
    hc32f460_dmac.o             2'752       76        1
    hc32f460_efm.o                144       72
    hc32f460_exint_nmi_swi.o      380       84        4
    hc32f460_gpio.o             1'240       76
    hc32f460_i2c.o              2'720       72
    hc32f460_icg.o                                            32
    hc32f460_interrupts.o       2'880       80      512
    hc32f460_ots.o                384       72        8
    hc32f460_pwc.o              2'576       73       25
    hc32f460_rtc.o              2'212       72
    hc32f460_spi.o              1'972       72
    hc32f460_sram.o               392       76
    hc32f460_timer0.o           2'356       76
    hc32f460_timer4_cnt.o         872       80
    hc32f460_timer4_oco.o       2'512       80
    hc32f460_usart.o            2'632       92
    hc32f460_utility.o            110
    ------------------------------------------------------------
    Total:                     31'626    1'297      550       32

D:\Myself\WorkProcess\SK\HC32F460_WorkProcess\example\Source\Pipe_Monitor\Pipe_Monitor_App\EWARM\output\debug\Obj\drv_ADC_15186207816091091275.dir: [21]
    drv_ADC.o                   1'108                56
    ------------------------------------------------------------
    Total:                      1'108                56

D:\Myself\WorkProcess\SK\HC32F460_WorkProcess\example\Source\Pipe_Monitor\Pipe_Monitor_App\EWARM\output\debug\Obj\drv_IIC_18060258103304213159.dir: [22]
    drv_IIC.o                   2'344        1        5
    ------------------------------------------------------------
    Total:                      2'344        1        5

D:\Myself\WorkProcess\SK\HC32F460_WorkProcess\example\Source\Pipe_Monitor\Pipe_Monitor_App\EWARM\output\debug\Obj\drv_OTS_Temperature_13039655784802445445.dir: [23]
    drv_OTS_Temperature.o         116
    ------------------------------------------------------------
    Total:                        116

D:\Myself\WorkProcess\SK\HC32F460_WorkProcess\example\Source\Pipe_Monitor\Pipe_Monitor_App\EWARM\output\debug\Obj\drv_RTC_2577979922006117733.dir: [24]
    drv_RTC.o                   1'800       36        5
    ------------------------------------------------------------
    Total:                      1'800       36        5

D:\Myself\WorkProcess\SK\HC32F460_WorkProcess\example\Source\Pipe_Monitor\Pipe_Monitor_App\EWARM\output\debug\Obj\drv_SPI_4333388098947449637.dir: [25]
    drv_SPI.o                     220
    ------------------------------------------------------------
    Total:                        220

D:\Myself\WorkProcess\SK\HC32F460_WorkProcess\example\Source\Pipe_Monitor\Pipe_Monitor_App\EWARM\output\debug\Obj\drv_Timer_6973001687617930806.dir: [26]
    drv_Timer.o                 2'720                18
    ------------------------------------------------------------
    Total:                      2'720                18

D:\Myself\WorkProcess\SK\HC32F460_WorkProcess\example\Source\Pipe_Monitor\Pipe_Monitor_App\EWARM\output\debug\Obj\drv_USART_14144334009435087269.dir: [27]
    drv_USART.o                 4'812       36        4
    ------------------------------------------------------------
    Total:                      4'812       36        4

D:\Myself\WorkProcess\SK\HC32F460_WorkProcess\example\Source\Pipe_Monitor\Pipe_Monitor_App\EWARM\output\debug\Obj\source_5634686896477721948.dir: [28]
    main.o                      1'604       16       14
    ------------------------------------------------------------
    Total:                      1'604       16       14

dl7M_tlf.a: [29]
    abort.o                         6
    exit.o                          4
    iar_Stoflt.o                  440
    iar_Stollx.o                  166
    iar_Stopfx.o                  290
    iar_Stoullx.o                 434       80
    iar_Stoulx.o                  338       80
    iar_Stoxflt.o                 520
    isalpha.o                      20
    isspace.o                      20
    low_level_init.o                4
    mktime64.o                    224
    sprintf.o                      64
    sscanf.o                       40
    strcat.o                       30
    strcspn.o                      34
    strncmp.o                      42
    strspn.o                       34
    strstr.o                       44
    strtok.o                       76                 4
    tolower.o                      20
    xDaysTo64.o                   204
    xTzoff_nop.o                    4
    xfail_s.o                      64                 4
    xisdst_nop64.o                  6
    xlocale_c.o                    76       57      128
    xprintflarge_nomb.o         3'354
    xscanffull_nomb.o           3'452       76
    xsprout.o                      10
    xsscin.o                       30
    xttotm64.o                    348                44
    ------------------------------------------------------------
    Total:                     10'398      293      180

m7M_tls.a: [30]
    DblAddSub.o                   606
    DblCmpEq.o                     32
    DblCmpGe.o                     52
    DblCmpLe.o                     52
    DblDiv.o                      582
    DblMul.o                      426
    DblToFlt.o                    104
    DblToS32.o                     54
    DblToU32.o                     34
    FltToDbl.o                     72
    S32ToDbl.o                     34
    U32ToDbl.o                     28
    U64ToDbl.o                     70
    atan64.o                      188
    fpinit_M.o                     34
    frexp.o                       112
    iar_Atan64.o                  456       64
    iar_Exp64.o                   812
    ldexp.o                       314
    math_wrappers64.o              42
    pow64.o                     1'676    1'056
    sqrt.o                        258
    strto64.o                     866       72
    ------------------------------------------------------------
    Total:                      6'904    1'192

rt7M_tl.a: [31]
    ABImemcpy.o                   166
    ABImemset.o                   102
    I64DivMod.o                   628
    I64DivZer.o                     2
    cexit.o                        10
    cmain.o                        30
    cstartup_M.o                   28
    data_init.o                    40
    memchr.o                       88
    memcmp.o                      104
    packbits_init.o               162
    strchr.o                       22
    strcmp.o                       18
    strcpy.o                       24
    strlen.o                       54
    zero_init3.o                   56
    ------------------------------------------------------------
    Total:                      1'534

shb_l.a: [32]
    exit.o                         20
    ------------------------------------------------------------
    Total:                         20

    Gaps                           33        6
    Linker created                          52    8'192
----------------------------------------------------------------
    Grand Total:              130'257   15'313   80'600       32


*******************************************************************************
*** ENTRY LIST
***

Entry                       Address    Size  Type      Object
-----                       -------    ----  ----      ------
.iar.init_table$$Base      0x3'6abc           --   Gb  - Linker created -
.iar.init_table$$Limit     0x3'6af0           --   Gb  - Linker created -
?main                      0x3'6bb1          Code  Gb  cmain.o [31]
ADC_AddAdcChannel          0x2'fef9    0xbe  Code  Gb  hc32f460_adc.o [20]
ADC_AddAvgChannel          0x3'0029    0x66  Code  Gb  hc32f460_adc.o [20]
ADC_ConfigAvg              0x2'ffc1    0x64  Code  Gb  hc32f460_adc.o [20]
ADC_DeInit                 0x2'fdf9   0x100  Code  Gb  hc32f460_adc.o [20]
ADC_GetChData              0x3'0185    0x98  Code  Gb  hc32f460_adc.o [20]
ADC_Init                   0x2'fce5   0x114  Code  Gb  hc32f460_adc.o [20]
ADC_PollingSa              0x3'008f    0xf6  Code  Gb  hc32f460_adc.o [20]
ADC_ReadAllData            0x3'0231    0x2c  Code  Lc  hc32f460_adc.o [20]
AdcChannelConfig           0x2'5b19    0x70  Code  Lc  drv_ADC.o [21]
AdcClockConfig             0x2'5a49    0x78  Code  Lc  drv_ADC.o [21]
AdcInitConfig              0x2'5ac1    0x58  Code  Lc  drv_ADC.o [21]
AsyncDelay                 0x2'2dfd    0x76  Code  Lc  hc32f460_timer0.o [20]
BusFault_Handler           0x1'd635     0x8  Code  Gb  hc32f460_interrupts.o [20]
CLK_ClearFcmFlag           0x1'cbb9    0x5c  Code  Gb  hc32f460_clk.o [20]
CLK_FcmCmd                 0x1'cb0f    0x28  Code  Gb  hc32f460_clk.o [20]
CLK_FcmConfig              0x1'c85d   0x2b2  Code  Gb  hc32f460_clk.o [20]
CLK_GetClockFreq           0x1'c615   0x116  Code  Gb  hc32f460_clk.o [20]
CLK_GetFcmCounter          0x1'cb37     0x8  Code  Gb  hc32f460_clk.o [20]
CLK_GetFcmFlag             0x1'cb51    0x62  Code  Gb  hc32f460_clk.o [20]
CLK_GetFlagStatus          0x1'c7ad    0x8a  Code  Gb  hc32f460_clk.o [20]
CLK_LrcCmd                 0x1'be87    0x98  Code  Gb  hc32f460_clk.o [20]
CLK_MpllCmd                0x1'c0cb    0xb0  Code  Gb  hc32f460_clk.o [20]
CLK_MpllConfig             0x1'bf6f   0x15c  Code  Gb  hc32f460_clk.o [20]
CLK_SetPeriClkSource       0x1'c739    0x58  Code  Gb  hc32f460_clk.o [20]
CLK_SetPllSource           0x1'bf1f    0x50  Code  Gb  hc32f460_clk.o [20]
CLK_SetSysClkSource        0x1'c36d   0x104  Code  Gb  hc32f460_clk.o [20]
CLK_SysClkConfig           0x1'c485   0x188  Code  Gb  hc32f460_clk.o [20]
CLK_UpllCmd                0x1'c2c9    0xa4  Code  Gb  hc32f460_clk.o [20]
CLK_UpllConfig             0x1'c17b   0x14e  Code  Gb  hc32f460_clk.o [20]
CLK_Xtal32Cmd              0x1'bdef    0x98  Code  Gb  hc32f460_clk.o [20]
CLK_Xtal32Config           0x1'bd9f    0x50  Code  Gb  hc32f460_clk.o [20]
CLK_XtalCmd                0x1'bcab    0xf4  Code  Gb  hc32f460_clk.o [20]
CLK_XtalConfig             0x1'bc51    0x5a  Code  Gb  hc32f460_clk.o [20]
CSTACK$$Base            0x1fff'9c90           --   Gb  - Linker created -
CSTACK$$Limit           0x1fff'bc90           --   Gb  - Linker created -
Clock_MeasureConfig        0x1'81c9    0xcc  Code  Lc  drv_RTC.o [24]
Crc16                      0x2'93f1    0x38  Code  Gb  ModbusRTU.o [10]
DMA_ChannelCfg             0x2'28b1   0x2ce  Code  Gb  hc32f460_dmac.o [20]
DMA_ChannelCmd             0x2'241d   0x252  Code  Gb  hc32f460_dmac.o [20]
DMA_ClearIrqFlag           0x2'2323    0xfa  Code  Gb  hc32f460_dmac.o [20]
DMA_Cmd                    0x2'22d5    0x4e  Code  Gb  hc32f460_dmac.o [20]
DMA_GetTransferCnt         0x2'27e5    0x60  Code  Gb  hc32f460_dmac.o [20]
DMA_InitChannel            0x2'2b7f   0x202  Code  Gb  hc32f460_dmac.o [20]
DMA_SetDesAddress          0x2'267d    0xa0  Code  Gb  hc32f460_dmac.o [20]
DMA_SetTransferCnt         0x2'271d    0xc8  Code  Gb  hc32f460_dmac.o [20]
DMA_SetTriggerSrc          0x2'2855    0x56  Code  Gb  hc32f460_dmac.o [20]
Ddl_AssertHandler          0x1'b23f     0x2  Code  Wk  hc32f460_utility.o [20]
Ddl_Delay1ms               0x1'7f41    0x28  Code  Gb  hc32f460_utility.o [20]
Ddl_Delay1us               0x1'7f69    0x38  Code  Gb  hc32f460_utility.o [20]
DebugMon_Handler           0x1'd64d     0x8  Code  Gb  hc32f460_interrupts.o [20]
Dma1Btc0IrqCallback        0x1'9f55    0x1c  Code  Lc  drv_USART.o [27]
Dma1Btc1IrqCallback        0x1'9f71    0x1c  Code  Lc  drv_USART.o [27]
Dma1Btc2IrqCallback        0x1'9f8d    0x1c  Code  Lc  drv_USART.o [27]
Dma1Btc3IrqCallback        0x1'9fa9    0x1c  Code  Lc  drv_USART.o [27]
Dma1Init                   0x1'9fc5   0x200  Code  Lc  drv_USART.o [27]
DmaChEnState            0x1fff'9c74     0x1  Data  Lc  hc32f460_dmac.o [20]
Dtentox                    0x2'3df9   0x1d8  Code  Lc  strto64.o [30]
EC200U_4G_Module_Configuration_Init
                           0x1'6c19   0xcc0  Code  Gb  4G_EC200U.o [1]
EC200U_4G_Module_Configuration_Init::ucRetryCnt
                        0x1fff'9c62     0x1  Data  Lc  4G_EC200U.o [1]
EC200U_4G_Module_GPIO_Init
                           0x1'42dd    0x70  Code  Gb  4G_EC200U.o [1]
EFM_Lock                   0x3'3bef    0x14  Code  Gb  hc32f460_efm.o [20]
EFM_SetLatency             0x3'3c03    0x5c  Code  Gb  hc32f460_efm.o [20]
EFM_Unlock                 0x3'3bdd    0x12  Code  Gb  hc32f460_efm.o [20]
EPSINON                    0x3'7728     0x4  Data  Lc  drv_RTC.o [24]
EXINT_Init                 0x2'3c09    0xa0  Code  Gb  hc32f460_exint_nmi_swi.o [20]
EXINT_IrqFlgClr            0x2'3d43    0x12  Code  Gb  hc32f460_exint_nmi_swi.o [20]
EXINT_IrqFlgGet            0x2'3ca9    0x9a  Code  Gb  hc32f460_exint_nmi_swi.o [20]
ExtInt01_Callback          0x2'6e4d    0xa6  Code  Gb  Photosensitive_XYC_ALS.o [12]
ExtInt07_Callback          0x3'40d1    0xbc  Code  Gb  Magnetic_Bar.o [8]
ExtInt13_Callback          0x3'3f39    0x12  Code  Gb  Lora_TP1109.o [6]
Float_reg_rw_mode          0x2'96d9    0x94  Code  Gb  ModbusRTU.o [10]
GetSystemPara              0x1'b189     0x4  Code  Gb  User_Data.o [17]
HRC_VALUE               0x1fff'82f8     0x4  Data  Gb  system_hc32f460.o [19]
HardFault_Handler          0x1'd625     0x8  Code  Gb  hc32f460_interrupts.o [20]
I2C_AckConfig              0x3'1785    0x56  Code  Gb  hc32f460_i2c.o [20]
I2C_BaudrateConfig         0x3'11cd   0x228  Code  Gb  hc32f460_i2c.o [20]
I2C_BusWaitCmd             0x3'1573    0x6a  Code  Gb  hc32f460_i2c.o [20]
I2C_ClearStatus            0x3'1689    0x36  Code  Gb  hc32f460_i2c.o [20]
I2C_Cmd                    0x3'151d    0x56  Code  Gb  hc32f460_i2c.o [20]
I2C_DeInit                 0x3'13f5    0x40  Code  Gb  hc32f460_i2c.o [20]
I2C_GenerateReStart        0x3'1127    0x52  Code  Gb  hc32f460_i2c.o [20]
I2C_GenerateStart          0x3'10d5    0x52  Code  Gb  hc32f460_i2c.o [20]
I2C_GenerateStop           0x3'1179    0x52  Code  Gb  hc32f460_i2c.o [20]
I2C_GetStatus              0x3'15dd    0xa0  Code  Gb  hc32f460_i2c.o [20]
I2C_Init                   0x3'143d    0xd6  Code  Gb  hc32f460_i2c.o [20]
I2C_MasterDataReceiveAndStop
                           0x3'19f1    0xd4  Code  Gb  hc32f460_i2c.o [20]
I2C_ReadData               0x3'174d    0x2e  Code  Gb  hc32f460_i2c.o [20]
I2C_Restart                0x3'183b    0x4c  Code  Gb  hc32f460_i2c.o [20]
I2C_SoftwareResetCmd       0x3'16bf    0x56  Code  Gb  hc32f460_i2c.o [20]
I2C_Start                  0x3'17db    0x60  Code  Gb  hc32f460_i2c.o [20]
I2C_Stop                   0x3'1ac5    0x56  Code  Gb  hc32f460_i2c.o [20]
I2C_TransAddr              0x3'1887    0xcc  Code  Gb  hc32f460_i2c.o [20]
I2C_TransData              0x3'1953    0x9e  Code  Gb  hc32f460_i2c.o [20]
I2C_WaitStatus             0x3'1095    0x40  Code  Gb  hc32f460_i2c.o [20]
I2C_WriteData              0x3'1715    0x30  Code  Gb  hc32f460_i2c.o [20]
I2C_XYC_ALS_Master_Receive
                           0x3'0a31    0xd4  Code  Gb  drv_IIC.o [22]
I2C_XYC_ALS_Master_Transmit
                           0x3'09ad    0x78  Code  Gb  drv_IIC.o [22]
IRQ000_Handler             0x1'd665    0x12  Code  Gb  hc32f460_interrupts.o [20]
IRQ001_Handler             0x1'd677    0x12  Code  Gb  hc32f460_interrupts.o [20]
IRQ002_Handler             0x1'd689    0x12  Code  Gb  hc32f460_interrupts.o [20]
IRQ003_Handler             0x1'd69b    0x12  Code  Gb  hc32f460_interrupts.o [20]
IRQ004_Handler             0x1'd6ad    0x12  Code  Gb  hc32f460_interrupts.o [20]
IRQ005_Handler             0x1'd6bf    0x12  Code  Gb  hc32f460_interrupts.o [20]
IRQ006_Handler             0x1'd6d1    0x12  Code  Gb  hc32f460_interrupts.o [20]
IRQ007_Handler             0x1'd6e3    0x12  Code  Gb  hc32f460_interrupts.o [20]
IRQ008_Handler             0x1'd6f5    0x12  Code  Gb  hc32f460_interrupts.o [20]
IRQ009_Handler             0x1'd707    0x12  Code  Gb  hc32f460_interrupts.o [20]
IRQ010_Handler             0x1'd719    0x12  Code  Gb  hc32f460_interrupts.o [20]
IRQ011_Handler             0x1'd72b    0x12  Code  Gb  hc32f460_interrupts.o [20]
IRQ012_Handler             0x1'd73d    0x12  Code  Gb  hc32f460_interrupts.o [20]
IRQ013_Handler             0x1'd74f    0x12  Code  Gb  hc32f460_interrupts.o [20]
IRQ014_Handler             0x1'd761    0x12  Code  Gb  hc32f460_interrupts.o [20]
IRQ015_Handler             0x1'd773    0x12  Code  Gb  hc32f460_interrupts.o [20]
IRQ016_Handler             0x1'd785    0x12  Code  Gb  hc32f460_interrupts.o [20]
IRQ017_Handler             0x1'd797    0x12  Code  Gb  hc32f460_interrupts.o [20]
IRQ018_Handler             0x1'd7a9    0x12  Code  Gb  hc32f460_interrupts.o [20]
IRQ019_Handler             0x1'd7bb    0x12  Code  Gb  hc32f460_interrupts.o [20]
IRQ020_Handler             0x1'd7cd    0x12  Code  Gb  hc32f460_interrupts.o [20]
IRQ021_Handler             0x1'd7df    0x12  Code  Gb  hc32f460_interrupts.o [20]
IRQ022_Handler             0x1'd7f1    0x12  Code  Gb  hc32f460_interrupts.o [20]
IRQ023_Handler             0x1'd803    0x12  Code  Gb  hc32f460_interrupts.o [20]
IRQ024_Handler             0x1'd815    0x12  Code  Gb  hc32f460_interrupts.o [20]
IRQ025_Handler             0x1'd827    0x12  Code  Gb  hc32f460_interrupts.o [20]
IRQ026_Handler             0x1'd839    0x12  Code  Gb  hc32f460_interrupts.o [20]
IRQ027_Handler             0x1'd84b    0x12  Code  Gb  hc32f460_interrupts.o [20]
IRQ028_Handler             0x1'd85d    0x12  Code  Gb  hc32f460_interrupts.o [20]
IRQ029_Handler             0x1'd86f    0x12  Code  Gb  hc32f460_interrupts.o [20]
IRQ030_Handler             0x1'd881    0x12  Code  Gb  hc32f460_interrupts.o [20]
IRQ031_Handler             0x1'd893    0x12  Code  Gb  hc32f460_interrupts.o [20]
IRQ032_Handler             0x1'd8a5    0x16  Code  Gb  hc32f460_interrupts.o [20]
IRQ033_Handler             0x1'd8bb    0x16  Code  Gb  hc32f460_interrupts.o [20]
IRQ034_Handler             0x1'd8d1    0x16  Code  Gb  hc32f460_interrupts.o [20]
IRQ035_Handler             0x1'd8e7    0x16  Code  Gb  hc32f460_interrupts.o [20]
IRQ036_Handler             0x1'd8fd    0x16  Code  Gb  hc32f460_interrupts.o [20]
IRQ037_Handler             0x1'd913    0x16  Code  Gb  hc32f460_interrupts.o [20]
IRQ038_Handler             0x1'd929    0x16  Code  Gb  hc32f460_interrupts.o [20]
IRQ039_Handler             0x1'd93f    0x16  Code  Gb  hc32f460_interrupts.o [20]
IRQ040_Handler             0x1'd955    0x16  Code  Gb  hc32f460_interrupts.o [20]
IRQ041_Handler             0x1'd96b    0x16  Code  Gb  hc32f460_interrupts.o [20]
IRQ042_Handler             0x1'd981    0x16  Code  Gb  hc32f460_interrupts.o [20]
IRQ043_Handler             0x1'd997    0x16  Code  Gb  hc32f460_interrupts.o [20]
IRQ044_Handler             0x1'd9ad    0x16  Code  Gb  hc32f460_interrupts.o [20]
IRQ045_Handler             0x1'd9c3    0x16  Code  Gb  hc32f460_interrupts.o [20]
IRQ046_Handler             0x1'd9d9    0x16  Code  Gb  hc32f460_interrupts.o [20]
IRQ047_Handler             0x1'd9ef    0x16  Code  Gb  hc32f460_interrupts.o [20]
IRQ048_Handler             0x1'da05    0x16  Code  Gb  hc32f460_interrupts.o [20]
IRQ049_Handler             0x1'da1b    0x16  Code  Gb  hc32f460_interrupts.o [20]
IRQ050_Handler             0x1'da31    0x16  Code  Gb  hc32f460_interrupts.o [20]
IRQ051_Handler             0x1'da47    0x16  Code  Gb  hc32f460_interrupts.o [20]
IRQ052_Handler             0x1'da5d    0x16  Code  Gb  hc32f460_interrupts.o [20]
IRQ053_Handler             0x1'da73    0x16  Code  Gb  hc32f460_interrupts.o [20]
IRQ054_Handler             0x1'da89    0x16  Code  Gb  hc32f460_interrupts.o [20]
IRQ055_Handler             0x1'da9f    0x16  Code  Gb  hc32f460_interrupts.o [20]
IRQ056_Handler             0x1'dab5    0x16  Code  Gb  hc32f460_interrupts.o [20]
IRQ057_Handler             0x1'dacb    0x16  Code  Gb  hc32f460_interrupts.o [20]
IRQ058_Handler             0x1'dae1    0x16  Code  Gb  hc32f460_interrupts.o [20]
IRQ059_Handler             0x1'daf7    0x16  Code  Gb  hc32f460_interrupts.o [20]
IRQ060_Handler             0x1'db0d    0x16  Code  Gb  hc32f460_interrupts.o [20]
IRQ061_Handler             0x1'db23    0x16  Code  Gb  hc32f460_interrupts.o [20]
IRQ062_Handler             0x1'db39    0x16  Code  Gb  hc32f460_interrupts.o [20]
IRQ063_Handler             0x1'db4f    0x16  Code  Gb  hc32f460_interrupts.o [20]
IRQ064_Handler             0x1'db65    0x16  Code  Gb  hc32f460_interrupts.o [20]
IRQ065_Handler             0x1'db7b    0x16  Code  Gb  hc32f460_interrupts.o [20]
IRQ066_Handler             0x1'db91    0x16  Code  Gb  hc32f460_interrupts.o [20]
IRQ067_Handler             0x1'dba7    0x16  Code  Gb  hc32f460_interrupts.o [20]
IRQ068_Handler             0x1'dbbd    0x16  Code  Gb  hc32f460_interrupts.o [20]
IRQ069_Handler             0x1'dbd3    0x16  Code  Gb  hc32f460_interrupts.o [20]
IRQ070_Handler             0x1'dbe9    0x16  Code  Gb  hc32f460_interrupts.o [20]
IRQ071_Handler             0x1'dbff    0x16  Code  Gb  hc32f460_interrupts.o [20]
IRQ072_Handler             0x1'dc15    0x16  Code  Gb  hc32f460_interrupts.o [20]
IRQ073_Handler             0x1'dc2b    0x16  Code  Gb  hc32f460_interrupts.o [20]
IRQ074_Handler             0x1'dc41    0x16  Code  Gb  hc32f460_interrupts.o [20]
IRQ075_Handler             0x1'dc57    0x16  Code  Gb  hc32f460_interrupts.o [20]
IRQ076_Handler             0x1'dc6d    0x16  Code  Gb  hc32f460_interrupts.o [20]
IRQ077_Handler             0x1'dc83    0x16  Code  Gb  hc32f460_interrupts.o [20]
IRQ078_Handler             0x1'dc99    0x14  Code  Gb  hc32f460_interrupts.o [20]
IRQ079_Handler             0x1'dcad    0x14  Code  Gb  hc32f460_interrupts.o [20]
IRQ080_Handler             0x1'dcc1    0x14  Code  Gb  hc32f460_interrupts.o [20]
IRQ081_Handler             0x1'dcd5    0x14  Code  Gb  hc32f460_interrupts.o [20]
IRQ082_Handler             0x1'dce9    0x14  Code  Gb  hc32f460_interrupts.o [20]
IRQ083_Handler             0x1'dcfd    0x14  Code  Gb  hc32f460_interrupts.o [20]
IRQ084_Handler             0x1'dd11    0x14  Code  Gb  hc32f460_interrupts.o [20]
IRQ085_Handler             0x1'dd25    0x14  Code  Gb  hc32f460_interrupts.o [20]
IRQ086_Handler             0x1'dd39    0x14  Code  Gb  hc32f460_interrupts.o [20]
IRQ087_Handler             0x1'dd4d    0x14  Code  Gb  hc32f460_interrupts.o [20]
IRQ088_Handler             0x1'dd61    0x14  Code  Gb  hc32f460_interrupts.o [20]
IRQ089_Handler             0x1'dd75    0x14  Code  Gb  hc32f460_interrupts.o [20]
IRQ090_Handler             0x1'dd89    0x14  Code  Gb  hc32f460_interrupts.o [20]
IRQ091_Handler             0x1'dd9d    0x14  Code  Gb  hc32f460_interrupts.o [20]
IRQ092_Handler             0x1'ddb1    0x14  Code  Gb  hc32f460_interrupts.o [20]
IRQ093_Handler             0x1'ddc5    0x14  Code  Gb  hc32f460_interrupts.o [20]
IRQ094_Handler             0x1'ddd9    0x14  Code  Gb  hc32f460_interrupts.o [20]
IRQ095_Handler             0x1'dded    0x14  Code  Gb  hc32f460_interrupts.o [20]
IRQ096_Handler             0x1'de01    0x14  Code  Gb  hc32f460_interrupts.o [20]
IRQ097_Handler             0x1'de15    0x14  Code  Gb  hc32f460_interrupts.o [20]
IRQ098_Handler             0x1'de29    0x14  Code  Gb  hc32f460_interrupts.o [20]
IRQ099_Handler             0x1'de3d    0x14  Code  Gb  hc32f460_interrupts.o [20]
IRQ100_Handler             0x1'de51    0x14  Code  Gb  hc32f460_interrupts.o [20]
IRQ101_Handler             0x1'de65    0x14  Code  Gb  hc32f460_interrupts.o [20]
IRQ102_Handler             0x1'de79    0x14  Code  Gb  hc32f460_interrupts.o [20]
IRQ103_Handler             0x1'de8d    0x14  Code  Gb  hc32f460_interrupts.o [20]
[...]
func_Device_SW_HW_View_Show
                           0x2'9265    0xaa  Code  Gb  Display.o [11]
func_Device_Status_View_Show
                           0x2'7e51   0x1e2  Code  Gb  Display.o [11]
func_Display_128x64        0x2'62ed    0x88  Code  Gb  OLED.o [11]
func_EC200U_4G_PownDown_Deinit
                           0x1'4281    0x5c  Code  Gb  4G_EC200U.o [1]
func_Enter_LowPower_Stop_Mode
                           0x2'0563   0x10a  Code  Gb  Mainloop.o [9]
func_Flow_View_Show        0x2'82f9   0x1a2  Code  Gb  Display.o [11]
func_GPSData_View_Show     0x2'9075   0x10e  Code  Gb  Display.o [11]
func_Get_BlackLightDataUploadCMD_Data
                           0x1'48d3   0x186  Code  Gb  4G_EC200U.o [1]
func_Get_DataUploadCMD_Data
                           0x1'4ae5  0x14a6  Code  Gb  4G_EC200U.o [1]
func_Get_DevRegCMD_Data
                           0x1'434d   0x526  Code  Gb  4G_EC200U.o [1]
func_Get_DevStatusCMD_Data
                           0x1'6829   0x37a  Code  Gb  4G_EC200U.o [1]
func_Get_DevStatusData     0x1'66bd   0x166  Code  Gb  4G_EC200U.o [1]
func_Get_Device_MeasData_Record
                           0x1'974f    0x1a  Code  Gb  drv_Storage_W25Q128.o [16]
func_Get_Device_Sensors_Value
                           0x2'0885   0x2fa  Code  Gb  Mainloop.o [9]
func_Get_Device_Sensors_Value::ucChangeCnt
                        0x1fff'9c7c     0x1  Data  Lc  Mainloop.o [9]
func_Get_Device_Sensors_Value::ucRetryCnt
                        0x1fff'9c7b     0x1  Data  Lc  Mainloop.o [9]
func_Get_GetConfigResult_CMD
                           0x2'c7bd   0x64a  Code  Gb  MQTT_SK.o [7]
func_Get_MBCRC16           0x2'93b1    0x40  Code  Gb  ModbusRTU.o [10]
func_Get_Meas_BY_Integrated_Conductivity_Sensor_Value
                           0x2'99a7   0x216  Code  Gb  ModbusRTU.o [10]
func_Get_Meas_BY_Pressure_Level_Sensor_Value
                           0x2'9d21   0x118  Code  Gb  ModbusRTU.o [10]
func_Get_Meas_BY_Radar_Level_Sensor_Value
                           0x2'9bc1   0x160  Code  Gb  ModbusRTU.o [10]
func_Get_Meas_HX_Flow_Sensor_Value
                           0x2'a7df   0x28c  Code  Gb  ModbusRTU.o [10]
func_Get_Meas_HX_Radar_Ultrasonic_Flow_Sensor_Value
                           0x2'a571   0x26e  Code  Gb  ModbusRTU.o [10]
func_Get_Meas_HX_WaterQuality_COD_Sensor_Value
                           0x2'aa79   0x22e  Code  Gb  ModbusRTU.o [10]
func_Get_Meas_HZ_Radar_Level_Sensor_Value
                           0x2'a31d   0x24e  Code  Gb  ModbusRTU.o [10]
func_Get_Meas_HZ_Radar_Ultrasonic_Flow_Sensor_Value
                           0x2'9e4d   0x4c4  Code  Gb  ModbusRTU.o [10]
func_Get_Photo_Data        0x2'aed7   0x11e  Code  Gb  ModbusRTU.o [10]
func_Get_Server_MQTT_Dispose
                           0x2'1491    0xa0  Code  Gb  Mainloop.o [9]
func_Get_SetConfigResult_CMD
                           0x2'b6f1    0x62  Code  Gb  MQTT_SK.o [7]
func_Get_StatusUploadCMD_Data
                           0x1'5f95   0x70c  Code  Gb  4G_EC200U.o [1]
func_LowPower_Stop_Mode_Init
                           0x2'066d    0x4c  Code  Gb  Mainloop.o [9]
func_MQTT_SK_Init          0x2'd321     0xc  Code  Gb  MQTT_SK.o [7]
func_Mainloop_Init         0x2'0547     0xe  Code  Gb  Mainloop.o [9]
func_Meas_Sensor_Dispose
                           0x2'affd   0x2f2  Code  Gb  ModbusRTU.o [10]
func_Meas_Sensor_PowerDown_DeInit
                           0x2'073d    0x8c  Code  Gb  Mainloop.o [9]
func_Meas_Sensor_PowerOn_Init
                           0x2'06b9    0x84  Code  Gb  Mainloop.o [9]
func_Meas_Sensor_Value_View_Show
                           0x2'8fb5    0xba  Code  Gb  Display.o [11]
func_Measure_Data_View_Show
                           0x2'87cf   0x1f6  Code  Gb  Display.o [11]
func_Measure_WaterLevel_View_Show
                           0x2'89c9   0x32a  Code  Gb  Display.o [11]
func_Measure_Water_Quality_View_Show
                           0x2'8cfd   0x2b8  Code  Gb  Display.o [11]
func_NFC_Check_Dispose     0x2'07c9    0x92  Code  Gb  Mainloop.o [9]
func_NoSensor_View_Show
                           0x2'8785    0x4a  Code  Gb  Display.o [11]
func_Not_Certified_View_Show
                           0x2'8045    0x7c  Code  Gb  Display.o [11]
func_OLED_PowerDown_DeInit
                           0x2'618d    0x64  Code  Gb  OLED.o [11]
func_OLED_PowerUp_Init     0x2'6079   0x114  Code  Gb  OLED.o [11]
func_OTS_Temperature_GetValue
                           0x2'b67d    0x14  Code  Gb  drv_OTS_Temperature.o [23]
func_PowerOn_View_Show     0x2'931d    0x60  Code  Gb  Display.o [11]
func_RF_NFC_PowerDown_DeInit
                           0x2'6b39    0x66  Code  Gb  RF_NFC.o [13]
func_RXNTTL518_Init        0x2'6da5    0x34  Code  Gb  RXNTTL518.o [14]
func_ReadPhoto_XYC_ALS_Data
                           0x2'7139    0x58  Code  Gb  Photosensitive_XYC_ALS.o [12]
func_Read_RXNTTL518_Version
                           0x2'6cf3     0xe  Code  Gb  RXNTTL518.o [14]
func_Rts_Control_And_SendData
                           0x2'98c9    0xde  Code  Gb  ModbusRTU.o [10]
func_Save_Device_MeasData
                           0x1'9731    0x1e  Code  Gb  drv_Storage_W25Q128.o [16]
func_Save_Device_MeasRecord_Dispose
                           0x2'0ba9   0x4ea  Code  Gb  Mainloop.o [9]
func_Save_Device_MeasRecord_Dispose::ucRecordFlag
                        0x1fff'9c7d     0x1  Data  Lc  Mainloop.o [9]
func_Save_Device_MeasRecord_Dispose::ucSaveRecordFlag
                        0x1fff'9c7e     0x1  Data  Lc  Mainloop.o [9]
func_Save_Device_Parameter
                           0x1'8c31   0xb00  Code  Gb  drv_Storage_W25Q128.o [16]
func_Search_Card           0x2'6d01    0xa4  Code  Gb  RXNTTL518.o [14]
func_Send_CMD              0x2'6c07    0xec  Code  Gb  RXNTTL518.o [14]
func_Set_BlackLight_Move_AT_CMD
                           0x2'aca7    0xb2  Code  Gb  ModbusRTU.o [10]
func_Set_Camera_Photo_CMD
                           0x2'adf3    0xe4  Code  Gb  ModbusRTU.o [10]
func_SystemPara_Init       0x1'b18d    0x16  Code  Gb  User_Data.o [17]
func_System_Mainloop_Dispose
                           0x2'1539   0x2fe  Code  Gb  Mainloop.o [9]
func_System_Soft_Reset     0x2'0555     0xe  Code  Gb  Mainloop.o [9]
func_WatchDog_Refresh      0x1'9e9f    0x1e  Code  Gb  WatchDog.o [18]
func_WaterLevel_View_Show
                           0x2'8139   0x1c0  Code  Gb  Display.o [11]
func_diplay_NFCCheck_Menu
                           0x2'7af9    0x7a  Code  Gb  Display.o [11]
func_display_Authorize_Menu
                           0x2'7a69    0x90  Code  Gb  Display.o [11]
func_display_ConnectPhone_Menu
                           0x2'7b73    0xb0  Code  Gb  Display.o [11]
func_display_PowerOn_Menu
                           0x2'7a59    0x10  Code  Gb  Display.o [11]
func_display_string        0x2'637d   0x7a8  Code  Gb  OLED.o [11]
func_sprintf_metricsystem
                           0x2'746d   0x426  Code  Gb  Display.o [11]
gE_4G_Module_Init_CMD   0x1fff'9c88     0x1  Data  Gb  User_Data.o [17]
gSt_DevMeasRecordData   0x1fff'9b24    0x2c  Data  Gb  User_Data.o [17]
gSt_systemPara          0x2001'0000  0xfe50  Data  Lc  User_Data.o [17]
g_ATE_CMD               0x1fff'82ec     0x8  Data  Lc  BT_TB05.o [2]
g_AT_CMD                0x1fff'82f4     0x4  Data  Lc  BT_TB05.o [2]
g_AT_RESET_CMD          0x1fff'82b8    0x20  Data  Lc  BT_TB05.o [2]
g_AT_SSID_CMD           0x1fff'8294    0x24  Data  Lc  BT_TB05.o [2]
g_Ble_SSID              0x1fff'82d8    0x14  Data  Gb  BT_TB05.o [2]
g_sSKLogo_New              0x3'5158   0x400  Data  Gb  Font.o [11]
g_sint8_Font_16x10_12864
                           0x3'426c   0x5a0  Data  Gb  Font.o [11]
g_sint8_Font_16x12_12864
                           0x3'27d4   0x780  Data  Gb  Font.o [11]
g_sint8_Font_6x12_AsciiDot
                           0x3'480c   0x4c8  Data  Gb  Font.o [11]
gc_SystemPosi           0x1fff'9c87     0x1  Data  Gb  User_Data.o [17]
gfunc_DateString_process
                           0x2'789d   0x1bc  Code  Gb  Display.o [11]
gfunc_Modbus_Matching      0x2'e58d   0x188  Code  Gb  ModbusRTU_Device_BT.o [10]
gs_DeviceDefaultPara    0x1fff'8000   0x108  Data  Gb  User_Data.o [17]
guc_ERR13DelayCnt       0x1fff'9c65     0x1  Data  Gb  BT_TB05.o [2]
guc_LcdDipRevesAttr     0x1fff'9c85     0x1  Data  Gb  User_Data.o [17]
guc_NFCPWRInitFlag      0x1fff'9c83     0x1  Data  Gb  User_Data.o [17]
guc_NFC_Card_Flag       0x1fff'9c86     0x1  Data  Gb  User_Data.o [17]
guc_NFC_Card_ID         0x1fff'8108    0x8c  Data  Gb  RXNTTL518.o [14]
guc_OLED_Buf            0x1fff'9308   0x400  Data  Gb  User_Data.o [17]
guc_RTURecvArr          0x1fff'9ac0    0x64  Data  Gb  User_Data.o [17]
guc_SystemPowerInitFlag
                        0x1fff'9c84     0x1  Data  Gb  User_Data.o [17]
guc_TextBDData          0x1fff'9bc8    0x14  Data  Gb  User_Data.o [17]
guc_W25Q128_Buf         0x1fff'8308  0x1000  Data  Gb  drv_Storage_W25Q128.o [16]
hex_to_str                 0x1'4873    0x60  Code  Gb  4G_EC200U.o [1]
isalpha                    0x2'3d99    0x14  Code  Gb  isalpha.o [29]
isspace                    0x2'3d85    0x14  Code  Gb  isspace.o [29]
lcd_address                0x2'61f1    0x28  Code  Gb  OLED.o [11]
ldexp                      0x2'415d          Code  Gb  ldexp.o [30]
ldexpl                     0x2'415d          Code  Gb  ldexp.o [30]
lmos                       0x1'eec8    0x18  Data  Lc  xDaysTo64.o [29]
lnbias                     0x3'4d38   0x420  Data  Lc  pow64.o [30]
localeconv                 0x2'3ded     0x4  Code  Gb  xlocale_c.o [29]
m_au16Adc1Value         0x1fff'9b7c    0x24  Data  Lc  drv_ADC.o [21]
m_au16Adc2Value         0x1fff'9ba0    0x14  Data  Lc  drv_ADC.o [21]
m_f32OffsetM            0x1fff'9c18     0x4  Data  Lc  hc32f460_ots.o [20]
m_f32SlopeK             0x1fff'9c14     0x4  Data  Lc  hc32f460_ots.o [20]
m_stcSysclkCfg          0x1fff'9be8     0x8  Data  Lc  main.o [28]
main                       0x3'37b1   0x410  Code  Gb  main.o [28]
main::ucMonitorFlag     0x1fff'9c79     0x1  Data  Lc  main.o [28]
main::ucRetryCnt        0x1fff'9c7a     0x1  Data  Lc  main.o [28]
memchr                     0x2'4535          Code  Gb  memchr.o [31]
memcmp                     0x2'3a91          Code  Gb  memcmp.o [31]
mktime                     0x1'86dd    0xe0  Code  Gb  mktime64.o [29]
mos                        0x1'eee0    0x18  Data  Lc  xDaysTo64.o [29]
nackFlag                0x1fff'9c66     0x1  Data  Gb  drv_IIC.o [22]
ndigs                      0x3'602c    0x28  Data  Lc  iar_Stoulx.o [29]
ndigs                      0x3'607c    0x28  Data  Lc  iar_Stoullx.o [29]
now                     0x1fff'9be0     0x8  Data  Gb  4G_EC200U.o [1]
pfnNmiCallback          0x1fff'9c10     0x4  Data  Lc  hc32f460_exint_nmi_swi.o [20]
pow                        0x3'1bf1   0x68c  Code  Gb  pow64.o [30]
powl                       0x3'1bf1   0x68c  Code  Gb  pow64.o [30]
pows                       0x3'6568    0x48  Data  Lc  strto64.o [30]
prveMBError2Exception      0x2'd3fd    0x26  Code  Gb  ModbusRTU_Device_BT.o [10]
pst_BDSystemPara        0x1fff'9c1c     0x4  Data  Lc  LC86L_BD.o [3]
pst_BTSystemPara        0x1fff'9bf8     0x4  Data  Lc  BT_TB05.o [2]
pst_EC200USystemPara    0x1fff'9bdc     0x4  Data  Lc  4G_EC200U.o [1]
pst_LoraSystemPara      0x1fff'9c20     0x4  Data  Lc  Lora_TP1109.o [6]
pst_MBSystemPara        0x1fff'9c30     0x4  Data  Gb  ModbusRTU.o [10]
pst_MQTTSystemPara      0x1fff'9c3c     0x4  Data  Lc  MQTT_SK.o [7]
pst_MagSystemPara       0x1fff'9c24     0x4  Data  Lc  Magnetic_Bar.o [8]
pst_MainSystemPara      0x1fff'9c28     0x4  Data  Lc  main.o [28]
pst_MainloopSystemPara  0x1fff'9c2c     0x4  Data  Lc  Mainloop.o [9]
pst_OLEDSystemPara      0x1fff'9c40     0x4  Data  Gb  OLED.o [11]
pst_PhotoSystemPara     0x1fff'9c44     0x4  Data  Lc  Photosensitive_XYC_ALS.o [12]
pst_RTCSystemPara       0x1fff'9bfc     0x4  Data  Lc  drv_RTC.o [24]
pst_RXNTTLSystemPara    0x1fff'9c48     0x4  Data  Lc  RXNTTL518.o [14]
pst_SC7A20SystemPara    0x1fff'9c00     0x4  Data  Lc  drv_SC7A20H.o [15]
pst_TimerSystemPara     0x1fff'9c08     0x4  Data  Lc  drv_Timer.o [26]
pst_UsartSystemPara     0x1fff'9c0c     0x4  Data  Lc  drv_USART.o [27]
pst_W25Q128SystemPara   0x1fff'9c04     0x4  Data  Gb  drv_Storage_W25Q128.o [16]
pucSndBufferCur         0x1fff'9c34     0x4  Data  Lc  ModbusRTU_Device_BT.o [10]
ranmatch                   0x1'ebdb    0x46  Code  Lc  xscanffull_nomb.o [29]
scalbln                    0x2'415d          Code  Gb  ldexp.o [30]
scalblnl                   0x2'415d          Code  Gb  ldexp.o [30]
scalbn                     0x2'415d          Code  Gb  ldexp.o [30]
scalbnl                    0x2'415d          Code  Gb  ldexp.o [30]
scale                      0x1'fc7f    0x46  Code  Lc  xprintflarge_nomb.o [29]
sec_hand                0x1fff'9c50     0x4  Data  Lc  xfail_s.o [29]
sprintf                    0x1'87bd    0x40  Code  Gb  sprintf.o [29]
sqrt                       0x3'0bc1          Code  Gb  sqrt.o [30]
sqrtl                      0x3'0bc1          Code  Gb  sqrt.o [30]
sscanf                     0x1'86b5    0x28  Code  Gb  sscanf.o [29]
st_TempValue            0x1fff'9908   0x1b8  Data  Gb  4G_EC200U.o [1]
strcat                     0x1'8833    0x1e  Code  Gb  strcat.o [29]
strchr                     0x1'e099          Code  Gb  strchr.o [31]
strcmp                     0x2'1879          Code  Gb  strcmp.o [31]
strcpy                     0x1'9e59          Code  Gb  strcpy.o [31]
strcspn                    0x3'229f    0x22  Code  Gb  strcspn.o [29]
strlen                     0x1'87fd          Code  Gb  strlen.o [31]
strncmp                    0x3'0b85    0x2a  Code  Gb  strncmp.o [29]
strspn                     0x3'227d    0x22  Code  Gb  strspn.o [29]
strstr                     0x2'b6c5    0x2c  Code  Gb  strstr.o [29]
strtok                     0x3'0ee1    0x4c  Code  Gb  strtok.o [29]
strtoll                    0x2'44ed     0x2  Code  Gb  iar_Stollx.o [29]
strtoull                   0x2'4445     0x2  Code  Gb  iar_Stoullx.o [29]
tolower                    0x2'ef8d    0x14  Code  Gb  tolower.o [29]
u32ICG                        0x400    0x20  Data  Gb  hc32f460_icg.o [20]
u8HrcState              0x1fff'9c75     0x1  Data  Gb  hc32f460_pwc.o [20]
u8MrcState              0x1fff'9c76     0x1  Data  Gb  hc32f460_pwc.o [20]
u8StopFlag              0x1fff'9c78     0x1  Data  Gb  hc32f460_pwc.o [20]
u8SysClkSrc             0x1fff'8304     0x1  Data  Gb  hc32f460_pwc.o [20]
u8WkupIntCnt            0x1fff'9c77     0x1  Data  Gb  hc32f460_pwc.o [20]
ucMeasSensorExistFlag   0x1fff'9c61     0x1  Data  Gb  4G_EC200U.o [1]
ucMeasWaterVolumeFlag   0x1fff'9c60     0x1  Data  Gb  4G_EC200U.o [1]
ucRecordCnt             0x1fff'9c5c     0x1  Data  Gb  4G_EC200U.o [1]
ucWaterLevel_Radar_Flag
                        0x1fff'9c5d     0x1  Data  Gb  4G_EC200U.o [1]
ucWaterQuality_COD_Flag
                        0x1fff'9c5e     0x1  Data  Gb  4G_EC200U.o [1]
ucWaterQuality_COND_Flag
                        0x1fff'9c5f     0x1  Data  Gb  4G_EC200U.o [1]
ulRecordCnt             0x1fff'9bf4     0x4  Data  Gb  4G_EC200U.o [1]
ulTime                  0x1fff'9bf0     0x4  Data  Gb  4G_EC200U.o [1]
usRcvBufferPos          0x1fff'9c58     0x2  Data  Lc  ModbusRTU_Device_BT.o [10]
xFuncHandlers           0x1fff'8194    0x80  Data  Lc  ModbusRTU_Device_BT.o [10]


[1] = D:\Myself\WorkProcess\SK\HC32F460_WorkProcess\example\Source\Pipe_Monitor\Pipe_Monitor_App\EWARM\output\debug\Obj\4G_EC200U_8582873453978518366.dir
[2] = D:\Myself\WorkProcess\SK\HC32F460_WorkProcess\example\Source\Pipe_Monitor\Pipe_Monitor_App\EWARM\output\debug\Obj\BT_TB05_12041724360499981866.dir
[3] = D:\Myself\WorkProcess\SK\HC32F460_WorkProcess\example\Source\Pipe_Monitor\Pipe_Monitor_App\EWARM\output\debug\Obj\LC86L_BD_9822625824417385734.dir
[4] = D:\Myself\WorkProcess\SK\HC32F460_WorkProcess\example\Source\Pipe_Monitor\Pipe_Monitor_App\EWARM\output\debug\Obj\LKT4202_1925765440156868983.dir
[5] = D:\Myself\WorkProcess\SK\HC32F460_WorkProcess\example\Source\Pipe_Monitor\Pipe_Monitor_App\EWARM\output\debug\Obj\LoRa_RA02_5139138412578801246.dir
[6] = D:\Myself\WorkProcess\SK\HC32F460_WorkProcess\example\Source\Pipe_Monitor\Pipe_Monitor_App\EWARM\output\debug\Obj\Lora_TP1109_151720617378073083.dir
[7] = D:\Myself\WorkProcess\SK\HC32F460_WorkProcess\example\Source\Pipe_Monitor\Pipe_Monitor_App\EWARM\output\debug\Obj\MQTT_SK_4724149239023757000.dir
[8] = D:\Myself\WorkProcess\SK\HC32F460_WorkProcess\example\Source\Pipe_Monitor\Pipe_Monitor_App\EWARM\output\debug\Obj\Magnetic_Bar_17520218520042908049.dir
[9] = D:\Myself\WorkProcess\SK\HC32F460_WorkProcess\example\Source\Pipe_Monitor\Pipe_Monitor_App\EWARM\output\debug\Obj\Mainloop_18272944273632151421.dir
[10] = D:\Myself\WorkProcess\SK\HC32F460_WorkProcess\example\Source\Pipe_Monitor\Pipe_Monitor_App\EWARM\output\debug\Obj\ModbusRTU_17682219295068567368.dir
[11] = D:\Myself\WorkProcess\SK\HC32F460_WorkProcess\example\Source\Pipe_Monitor\Pipe_Monitor_App\EWARM\output\debug\Obj\OLED_13473777563621607307.dir
[12] = D:\Myself\WorkProcess\SK\HC32F460_WorkProcess\example\Source\Pipe_Monitor\Pipe_Monitor_App\EWARM\output\debug\Obj\Photosensitive_XYC_ALS_28064708180949255.dir
[13] = D:\Myself\WorkProcess\SK\HC32F460_WorkProcess\example\Source\Pipe_Monitor\Pipe_Monitor_App\EWARM\output\debug\Obj\RF_NFC_10628150809568064830.dir
[14] = D:\Myself\WorkProcess\SK\HC32F460_WorkProcess\example\Source\Pipe_Monitor\Pipe_Monitor_App\EWARM\output\debug\Obj\RXNTTL518_17808510930951076202.dir
[15] = D:\Myself\WorkProcess\SK\HC32F460_WorkProcess\example\Source\Pipe_Monitor\Pipe_Monitor_App\EWARM\output\debug\Obj\SC7A20H_13085057635104233901.dir
[16] = D:\Myself\WorkProcess\SK\HC32F460_WorkProcess\example\Source\Pipe_Monitor\Pipe_Monitor_App\EWARM\output\debug\Obj\Storage_W25Q128_4738127093883701884.dir
[17] = D:\Myself\WorkProcess\SK\HC32F460_WorkProcess\example\Source\Pipe_Monitor\Pipe_Monitor_App\EWARM\output\debug\Obj\User_Data_5391006662705040797.dir
[18] = D:\Myself\WorkProcess\SK\HC32F460_WorkProcess\example\Source\Pipe_Monitor\Pipe_Monitor_App\EWARM\output\debug\Obj\WatchDog_9188475617120297074.dir
[19] = D:\Myself\WorkProcess\SK\HC32F460_WorkProcess\example\Source\Pipe_Monitor\Pipe_Monitor_App\EWARM\output\debug\Obj\common_14919461937644757070.dir
[20] = D:\Myself\WorkProcess\SK\HC32F460_WorkProcess\example\Source\Pipe_Monitor\Pipe_Monitor_App\EWARM\output\debug\Obj\driver_11944700488488147666.dir
[21] = D:\Myself\WorkProcess\SK\HC32F460_WorkProcess\example\Source\Pipe_Monitor\Pipe_Monitor_App\EWARM\output\debug\Obj\drv_ADC_15186207816091091275.dir
[22] = D:\Myself\WorkProcess\SK\HC32F460_WorkProcess\example\Source\Pipe_Monitor\Pipe_Monitor_App\EWARM\output\debug\Obj\drv_IIC_18060258103304213159.dir
[23] = D:\Myself\WorkProcess\SK\HC32F460_WorkProcess\example\Source\Pipe_Monitor\Pipe_Monitor_App\EWARM\output\debug\Obj\drv_OTS_Temperature_13039655784802445445.dir
[24] = D:\Myself\WorkProcess\SK\HC32F460_WorkProcess\example\Source\Pipe_Monitor\Pipe_Monitor_App\EWARM\output\debug\Obj\drv_RTC_2577979922006117733.dir
[25] = D:\Myself\WorkProcess\SK\HC32F460_WorkProcess\example\Source\Pipe_Monitor\Pipe_Monitor_App\EWARM\output\debug\Obj\drv_SPI_4333388098947449637.dir
[26] = D:\Myself\WorkProcess\SK\HC32F460_WorkProcess\example\Source\Pipe_Monitor\Pipe_Monitor_App\EWARM\output\debug\Obj\drv_Timer_6973001687617930806.dir
[27] = D:\Myself\WorkProcess\SK\HC32F460_WorkProcess\example\Source\Pipe_Monitor\Pipe_Monitor_App\EWARM\output\debug\Obj\drv_USART_14144334009435087269.dir
[28] = D:\Myself\WorkProcess\SK\HC32F460_WorkProcess\example\Source\Pipe_Monitor\Pipe_Monitor_App\EWARM\output\debug\Obj\source_5634686896477721948.dir
[29] = dl7M_tlf.a
[30] = m7M_tls.a
[31] = rt7M_tl.a
[32] = shb_l.a

  130'257 bytes of readonly  code memory
   15'313 bytes of readonly  data memory (+ 32 absolute)
   80'600 bytes of readwrite data memory

Errors: none
Warnings: none
