###############################################################################
#
# IAR ELF Linker V9.40.1.364/W64 for ARM                  24/Dec/2025  14:25:45
# Copyright 2007-2023 IAR Systems AB.
#
#    Output file  =
#        D:\Myself\WorkProcess\SK\HC32F460_WorkProcess\example\Source\Pipe_Monitor\Pipe_Monitor_App\EWARM\output\debug\Exe\Pipe_Monitor_App.out
#    Map file     =
#        D:\Myself\WorkProcess\SK\HC32F460_WorkProcess\example\Source\Pipe_Monitor\Pipe_Monitor_App\EWARM\output\debug\List\Pipe_Monitor_App.map
#    Command line =
#        -f
#        D:\Myself\WorkProcess\SK\HC32F460_WorkProcess\example\Source\Pipe_Monitor\Pipe_Monitor_App\EWARM\output\debug\Exe\Pipe_Monitor_App.out.rsp
#        (D:\Myself\WorkProcess\SK\HC32F460_WorkProcess\example\Source\Pipe_Monitor\Pipe_Monitor_App\EWARM\output\debug\Obj\4G_EC200U_8582873453978518366.dir\4G_EC200U.o
#        D:\Myself\WorkProcess\SK\HC32F460_WorkProcess\example\Source\Pipe_Monitor\Pipe_Monitor_App\EWARM\output\debug\Obj\BT_TB05_12041724360499981866.dir\BT_TB05.o
#        D:\Myself\WorkProcess\SK\HC32F460_WorkProcess\example\Source\Pipe_Monitor\Pipe_Monitor_App\EWARM\output\debug\Obj\OLED_13473777563621607307.dir\Display.o
#        D:\Myself\WorkProcess\SK\HC32F460_WorkProcess\example\Source\Pipe_Monitor\Pipe_Monitor_App\EWARM\output\debug\Obj\drv_ADC_15186207816091091275.dir\drv_ADC.o
#        D:\Myself\WorkProcess\SK\HC32F460_WorkProcess\example\Source\Pipe_Monitor\Pipe_Monitor_App\EWARM\output\debug\Obj\drv_IIC_18060258103304213159.dir\drv_IIC.o
#        D:\Myself\WorkProcess\SK\HC32F460_WorkProcess\example\Source\Pipe_Monitor\Pipe_Monitor_App\EWARM\output\debug\Obj\LKT4202_1925765440156868983.dir\drv_LKT4202.o
#        D:\Myself\WorkProcess\SK\HC32F460_WorkProcess\example\Source\Pipe_Monitor\Pipe_Monitor_App\EWARM\output\debug\Obj\drv_OTS_Temperature_13039655784802445445.dir\drv_OTS_Temperature.o
#        D:\Myself\WorkProcess\SK\HC32F460_WorkProcess\example\Source\Pipe_Monitor\Pipe_Monitor_App\EWARM\output\debug\Obj\drv_RTC_2577979922006117733.dir\drv_RTC.o
#        D:\Myself\WorkProcess\SK\HC32F460_WorkProcess\example\Source\Pipe_Monitor\Pipe_Monitor_App\EWARM\output\debug\Obj\SC7A20H_13085057635104233901.dir\drv_SC7A20H.o
#        D:\Myself\WorkProcess\SK\HC32F460_WorkProcess\example\Source\Pipe_Monitor\Pipe_Monitor_App\EWARM\output\debug\Obj\drv_SPI_4333388098947449637.dir\drv_SPI.o
#        D:\Myself\WorkProcess\SK\HC32F460_WorkProcess\example\Source\Pipe_Monitor\Pipe_Monitor_App\EWARM\output\debug\Obj\Storage_W25Q128_4738127093883701884.dir\drv_Storage_W25Q128.o
#        D:\Myself\WorkProcess\SK\HC32F460_WorkProcess\example\Source\Pipe_Monitor\Pipe_Monitor_App\EWARM\output\debug\Obj\drv_Timer_6973001687617930806.dir\drv_Timer.o
#        D:\Myself\WorkProcess\SK\HC32F460_WorkProcess\example\Source\Pipe_Monitor\Pipe_Monitor_App\EWARM\output\debug\Obj\drv_USART_14144334009435087269.dir\drv_USART.o
#        D:\Myself\WorkProcess\SK\HC32F460_WorkProcess\example\Source\Pipe_Monitor\Pipe_Monitor_App\EWARM\output\debug\Obj\RF_NFC_10628150809568064830.dir\fm175xx.o
#        D:\Myself\WorkProcess\SK\HC32F460_WorkProcess\example\Source\Pipe_Monitor\Pipe_Monitor_App\EWARM\output\debug\Obj\OLED_13473777563621607307.dir\Font.o
#        D:\Myself\WorkProcess\SK\HC32F460_WorkProcess\example\Source\Pipe_Monitor\Pipe_Monitor_App\EWARM\output\debug\Obj\driver_11944700488488147666.dir\hc32f460_adc.o
#        D:\Myself\WorkProcess\SK\HC32F460_WorkProcess\example\Source\Pipe_Monitor\Pipe_Monitor_App\EWARM\output\debug\Obj\driver_11944700488488147666.dir\hc32f460_clk.o
#        D:\Myself\WorkProcess\SK\HC32F460_WorkProcess\example\Source\Pipe_Monitor\Pipe_Monitor_App\EWARM\output\debug\Obj\driver_11944700488488147666.dir\hc32f460_dmac.o
#        D:\Myself\WorkProcess\SK\HC32F460_WorkProcess\example\Source\Pipe_Monitor\Pipe_Monitor_App\EWARM\output\debug\Obj\driver_11944700488488147666.dir\hc32f460_efm.o
#        D:\Myself\WorkProcess\SK\HC32F460_WorkProcess\example\Source\Pipe_Monitor\Pipe_Monitor_App\EWARM\output\debug\Obj\driver_11944700488488147666.dir\hc32f460_event_port.o
#        D:\Myself\WorkProcess\SK\HC32F460_WorkProcess\example\Source\Pipe_Monitor\Pipe_Monitor_App\EWARM\output\debug\Obj\driver_11944700488488147666.dir\hc32f460_exint_nmi_swi.o
#        D:\Myself\WorkProcess\SK\HC32F460_WorkProcess\example\Source\Pipe_Monitor\Pipe_Monitor_App\EWARM\output\debug\Obj\driver_11944700488488147666.dir\hc32f460_gpio.o
#        D:\Myself\WorkProcess\SK\HC32F460_WorkProcess\example\Source\Pipe_Monitor\Pipe_Monitor_App\EWARM\output\debug\Obj\driver_11944700488488147666.dir\hc32f460_i2c.o
#        D:\Myself\WorkProcess\SK\HC32F460_WorkProcess\example\Source\Pipe_Monitor\Pipe_Monitor_App\EWARM\output\debug\Obj\driver_11944700488488147666.dir\hc32f460_icg.o
#        D:\Myself\WorkProcess\SK\HC32F460_WorkProcess\example\Source\Pipe_Monitor\Pipe_Monitor_App\EWARM\output\debug\Obj\driver_11944700488488147666.dir\hc32f460_interrupts.o
#        D:\Myself\WorkProcess\SK\HC32F460_WorkProcess\example\Source\Pipe_Monitor\Pipe_Monitor_App\EWARM\output\debug\Obj\driver_11944700488488147666.dir\hc32f460_keyscan.o
#        D:\Myself\WorkProcess\SK\HC32F460_WorkProcess\example\Source\Pipe_Monitor\Pipe_Monitor_App\EWARM\output\debug\Obj\driver_11944700488488147666.dir\hc32f460_ots.o
#        D:\Myself\WorkProcess\SK\HC32F460_WorkProcess\example\Source\Pipe_Monitor\Pipe_Monitor_App\EWARM\output\debug\Obj\driver_11944700488488147666.dir\hc32f460_pwc.o
#        D:\Myself\WorkProcess\SK\HC32F460_WorkProcess\example\Source\Pipe_Monitor\Pipe_Monitor_App\EWARM\output\debug\Obj\driver_11944700488488147666.dir\hc32f460_rtc.o
#        D:\Myself\WorkProcess\SK\HC32F460_WorkProcess\example\Source\Pipe_Monitor\Pipe_Monitor_App\EWARM\output\debug\Obj\driver_11944700488488147666.dir\hc32f460_spi.o
#        D:\Myself\WorkProcess\SK\HC32F460_WorkProcess\example\Source\Pipe_Monitor\Pipe_Monitor_App\EWARM\output\debug\Obj\driver_11944700488488147666.dir\hc32f460_sram.o
#        D:\Myself\WorkProcess\SK\HC32F460_WorkProcess\example\Source\Pipe_Monitor\Pipe_Monitor_App\EWARM\output\debug\Obj\driver_11944700488488147666.dir\hc32f460_timer0.o
#        D:\Myself\WorkProcess\SK\HC32F460_WorkProcess\example\Source\Pipe_Monitor\Pipe_Monitor_App\EWARM\output\debug\Obj\driver_11944700488488147666.dir\hc32f460_timer4_cnt.o
#        D:\Myself\WorkProcess\SK\HC32F460_WorkProcess\example\Source\Pipe_Monitor\Pipe_Monitor_App\EWARM\output\debug\Obj\driver_11944700488488147666.dir\hc32f460_timer4_oco.o
#        D:\Myself\WorkProcess\SK\HC32F460_WorkProcess\example\Source\Pipe_Monitor\Pipe_Monitor_App\EWARM\output\debug\Obj\driver_11944700488488147666.dir\hc32f460_usart.o
#        D:\Myself\WorkProcess\SK\HC32F460_WorkProcess\example\Source\Pipe_Monitor\Pipe_Monitor_App\EWARM\output\debug\Obj\driver_11944700488488147666.dir\hc32f460_utility.o
#        D:\Myself\WorkProcess\SK\HC32F460_WorkProcess\example\Source\Pipe_Monitor\Pipe_Monitor_App\EWARM\output\debug\Obj\driver_11944700488488147666.dir\hc32f460_wdt.o
#        D:\Myself\WorkProcess\SK\HC32F460_WorkProcess\example\Source\Pipe_Monitor\Pipe_Monitor_App\EWARM\output\debug\Obj\LC86L_BD_9822625824417385734.dir\LC86L_BD.o
#        D:\Myself\WorkProcess\SK\HC32F460_WorkProcess\example\Source\Pipe_Monitor\Pipe_Monitor_App\EWARM\output\debug\Obj\LoRa_RA02_5139138412578801246.dir\LoRa_RA02.o
#        D:\Myself\WorkProcess\SK\HC32F460_WorkProcess\example\Source\Pipe_Monitor\Pipe_Monitor_App\EWARM\output\debug\Obj\Lora_TP1109_151720617378073083.dir\Lora_TP1109.o
#        D:\Myself\WorkProcess\SK\HC32F460_WorkProcess\example\Source\Pipe_Monitor\Pipe_Monitor_App\EWARM\output\debug\Obj\Magnetic_Bar_17520218520042908049.dir\Magnetic_Bar.o
#        D:\Myself\WorkProcess\SK\HC32F460_WorkProcess\example\Source\Pipe_Monitor\Pipe_Monitor_App\EWARM\output\debug\Obj\source_5634686896477721948.dir\main.o
#        D:\Myself\WorkProcess\SK\HC32F460_WorkProcess\example\Source\Pipe_Monitor\Pipe_Monitor_App\EWARM\output\debug\Obj\Mainloop_18272944273632151421.dir\Mainloop.o
#        D:\Myself\WorkProcess\SK\HC32F460_WorkProcess\example\Source\Pipe_Monitor\Pipe_Monitor_App\EWARM\output\debug\Obj\RF_NFC_10628150809568064830.dir\mifare_card.o
#        D:\Myself\WorkProcess\SK\HC32F460_WorkProcess\example\Source\Pipe_Monitor\Pipe_Monitor_App\EWARM\output\debug\Obj\ModbusRTU_17682219295068567368.dir\ModbusRTU.o
#        D:\Myself\WorkProcess\SK\HC32F460_WorkProcess\example\Source\Pipe_Monitor\Pipe_Monitor_App\EWARM\output\debug\Obj\ModbusRTU_17682219295068567368.dir\ModbusRTU_Device_BT.o
#        D:\Myself\WorkProcess\SK\HC32F460_WorkProcess\example\Source\Pipe_Monitor\Pipe_Monitor_App\EWARM\output\debug\Obj\MQTT_SK_4724149239023757000.dir\MQTT_SK.o
#        D:\Myself\WorkProcess\SK\HC32F460_WorkProcess\example\Source\Pipe_Monitor\Pipe_Monitor_App\EWARM\output\debug\Obj\OLED_13473777563621607307.dir\OLED.o
#        D:\Myself\WorkProcess\SK\HC32F460_WorkProcess\example\Source\Pipe_Monitor\Pipe_Monitor_App\EWARM\output\debug\Obj\Photosensitive_XYC_ALS_28064708180949255.dir\Photosensitive_XYC_ALS.o
#        D:\Myself\WorkProcess\SK\HC32F460_WorkProcess\example\Source\Pipe_Monitor\Pipe_Monitor_App\EWARM\output\debug\Obj\RF_NFC_10628150809568064830.dir\RF_NFC.o
#        D:\Myself\WorkProcess\SK\HC32F460_WorkProcess\example\Source\Pipe_Monitor\Pipe_Monitor_App\EWARM\output\debug\Obj\RXNTTL518_17808510930951076202.dir\RXNTTL518.o
#        D:\Myself\WorkProcess\SK\HC32F460_WorkProcess\example\Source\Pipe_Monitor\Pipe_Monitor_App\EWARM\output\debug\Obj\common_14919461937644757070.dir\startup_hc32f460.o
#        D:\Myself\WorkProcess\SK\HC32F460_WorkProcess\example\Source\Pipe_Monitor\Pipe_Monitor_App\EWARM\output\debug\Obj\common_14919461937644757070.dir\system_hc32f460.o
#        D:\Myself\WorkProcess\SK\HC32F460_WorkProcess\example\Source\Pipe_Monitor\Pipe_Monitor_App\EWARM\output\debug\Obj\RF_NFC_10628150809568064830.dir\type_a.o
#        D:\Myself\WorkProcess\SK\HC32F460_WorkProcess\example\Source\Pipe_Monitor\Pipe_Monitor_App\EWARM\output\debug\Obj\RF_NFC_10628150809568064830.dir\type_b.o
#        D:\Myself\WorkProcess\SK\HC32F460_WorkProcess\example\Source\Pipe_Monitor\Pipe_Monitor_App\EWARM\output\debug\Obj\User_Data_5391006662705040797.dir\User_Data.o
#        D:\Myself\WorkProcess\SK\HC32F460_WorkProcess\example\Source\Pipe_Monitor\Pipe_Monitor_App\EWARM\output\debug\Obj\WatchDog_9188475617120297074.dir\WatchDog.o
#        --no_out_extension -o
#        D:\Myself\WorkProcess\SK\HC32F460_WorkProcess\example\Source\Pipe_Monitor\Pipe_Monitor_App\EWARM\output\debug\Exe\Pipe_Monitor_App.out
#        --map
#        D:\Myself\WorkProcess\SK\HC32F460_WorkProcess\example\Source\Pipe_Monitor\Pipe_Monitor_App\EWARM\output\debug\List\Pipe_Monitor_App.map
#        --config
#        D:\Myself\WorkProcess\SK\HC32F460_WorkProcess\example\Source\Pipe_Monitor\Pipe_Monitor_App\EWARM\HC32F460xE.icf
#        --semihosting --entry __iar_program_start --redirect
#        __write=__write_buffered --vfe --text_out locale --cpu=Cortex-M4
#        --fpu=VFPv4_sp) --dependencies=n
#        D:\Myself\WorkProcess\SK\HC32F460_WorkProcess\example\Source\Pipe_Monitor\Pipe_Monitor_App\EWARM\output\debug\Exe\Pipe_Monitor_App.out.iar_deps
#
###############################################################################

*******************************************************************************
*** RUNTIME MODEL ATTRIBUTES
***

CppFlavor       = *
__CPP_Runtime   = 1
__SystemLibrary = DLib
__dlib_version  = 6


*******************************************************************************
*** HEAP SELECTION
***

The basic heap was selected because --advanced_heap
was not specified and the application did not appear to
be primarily optimized for speed.


*******************************************************************************
*** PLACEMENT SUMMARY
***

"A0":  place at address 0x1'4000 { ro section .intvec };
"P1":  place in [from 0x1'4000 to 0x7'ffff] |
                [from 0x300'0c00 to 0x300'0ffb] { ro };
define block CSTACK with size = 8K, alignment = 8 { };
define block HEAP with size = 8K, alignment = 8 { };
"P2":  place in [from 0x1fff'8000 to 0x1fff'ffff] |
                [from 0x2000'0000 to 0x2000'ffff repeat 2] |
                [from 0x2002'0000 to 0x2002'6fff] |
                [from 0x200f'0000 to 0x200f'0fff] {
          rw, block CSTACK, block HEAP };
initialize by copy { rw };

  Section            Kind         Address      Size  Object
  -------            ----         -------      ----  ------
Absolute sections:                             0x20
  .rodata            const          0x400      0x20  hc32f460_icg.o [20]
                                  - 0x420      0x20

"A0":                                         0x280
  .intvec            ro code     0x1'4000     0x280  startup_hc32f460.o [19]
                               - 0x1'4280     0x280

"P1":                                      0x2'448e
  .text              ro code     0x1'4280    0x3798  4G_EC200U.o [1]
  .text              ro code     0x1'7a18      0x66  ABImemset.o [31]
  .text              ro code     0x1'7a7e      0x1e  xsscin.o [29]
  .text              ro code     0x1'7a9c     0x4d8  hc32f460_gpio.o [20]
  .text              ro code     0x1'7f74      0x6c  hc32f460_utility.o [20]
  .text              ro code     0x1'7fe0     0x708  drv_RTC.o [24]
  .text              ro code     0x1'86e8      0x28  sscanf.o [29]
  .text              ro code     0x1'8710      0xe0  mktime64.o [29]
  .text              ro code     0x1'87f0      0x40  sprintf.o [29]
  .text              ro code     0x1'8830      0x36  strlen.o [31]
  .text              ro code     0x1'8866      0x1e  strcat.o [29]
  .text              ro code     0x1'8884      0xa6  ABImemcpy.o [31]
  .text              ro code     0x1'892a       0xa  xsprout.o [29]
  .text              ro code     0x1'8934    0x11a8  drv_Storage_W25Q128.o [16]
  .text              ro code     0x1'9adc      0x48  FltToDbl.o [30]
  .text              ro code     0x1'9b24     0x25e  DblAddSub.o [30]
  .rodata            const       0x1'9d82       0x2  drv_LKT4202.o [4]
  .text              ro code     0x1'9d84      0x1c  U32ToDbl.o [30]
  .text              ro code     0x1'9da0     0x246  DblDiv.o [30]
  .rodata            const       0x1'9fe6       0x2  drv_LKT4202.o [4]
  .text              ro code     0x1'9fe8      0x18  strcpy.o [31]
  .text              ro code     0x1'a000      0x4c  WatchDog.o [18]
  .text              ro code     0x1'a04c    0x12cc  drv_USART.o [27]
  .text              ro code     0x1'b318      0xb6  User_Data.o [17]
  .text              ro code     0x1'b3ce       0x2  hc32f460_utility.o [20]
  .text              ro code     0x1'b3d0     0xa10  hc32f460_pwc.o [20]
  .text              ro code     0x1'bde0     0xffc  hc32f460_clk.o [20]
  .text              ro code     0x1'cddc      0x68  DblToFlt.o [30]
  .text              ro code     0x1'ce44     0x8a4  hc32f460_rtc.o [20]
  .text              ro code     0x1'd6e8     0xb40  hc32f460_interrupts.o [20]
  .text              ro code     0x1'e228      0x16  strchr.o [31]
  .rodata            const       0x1'e23e       0x2  drv_LKT4202.o [4]
  .text              ro code     0x1'e240     0xd7c  xscanffull_nomb.o [29]
  .text              ro code     0x1'efbc      0xcc  xDaysTo64.o [29]
  .text              ro code     0x1'f088     0x15c  xttotm64.o [29]
  .text              ro code     0x1'f1e4       0x4  xTzoff_nop.o [29]
  .text              ro code     0x1'f1e8     0xd1a  xprintflarge_nomb.o [29]
  .rodata            const       0x1'ff02       0x2  drv_LKT4202.o [4]
  .text              ro code     0x1'ff04     0x7b4  hc32f460_spi.o [20]
  .text              ro code     0x2'06b8    0x1458  Mainloop.o [9]
  .text              ro code     0x2'1b10      0x12  strcmp.o [31]
  .rodata            const       0x2'1b22       0x2  drv_LKT4202.o [4]
  .text              ro code     0x2'1b24     0xa48  hc32f460_usart.o [20]
  .text              ro code     0x2'256c     0xac0  hc32f460_dmac.o [20]
  .text              ro code     0x2'302c     0x934  hc32f460_timer0.o [20]
  .text              ro code     0x2'3960     0x3c8  BT_TB05.o [2]
  .text              ro code     0x2'3d28      0x68  memcmp.o [31]
  .text              ro code     0x2'3d90     0x110  system_hc32f460.o [19]
  .text              ro code     0x2'3ea0     0x17c  hc32f460_exint_nmi_swi.o [20]
  .text              ro code     0x2'401c      0x14  isspace.o [29]
  .text              ro code     0x2'4030      0x14  isalpha.o [29]
  .text              ro code     0x2'4044      0x4c  xlocale_c.o [29]
  .text              ro code     0x2'4090     0x362  strto64.o [30]
  .rodata            const       0x2'43f2       0x2  drv_LKT4202.o [4]
  .text              ro code     0x2'43f4     0x13a  ldexp.o [30]
  .rodata            const       0x2'452e       0x2  xlocale_c.o [29]
  .text              ro code     0x2'4530     0x1b2  iar_Stoullx.o [29]
  .rodata            const       0x2'46e2       0x2  xlocale_c.o [29]
  .text              ro code     0x2'46e4      0xa6  iar_Stollx.o [29]
  .rodata            const       0x2'478a       0x1  xlocale_c.o [29]
  .text              ro code     0x2'478c      0x40  xfail_s.o [29]
  .text              ro code     0x2'47cc      0x58  memchr.o [31]
  .text              ro code     0x2'4824     0x274  I64DivMod.o [31]
  .text              ro code     0x2'4a98       0x6  xisdst_nop64.o [29]
  .text              ro code     0x2'4aa0      0x70  frexp.o [30]
  .text              ro code     0x2'4b10      0x22  DblToU32.o [30]
  .text              ro code     0x2'4b34     0x1aa  DblMul.o [30]
  .text              ro code     0x2'4ce0     0x560  LC86L_BD.o [3]
  .text              ro code     0x2'5240     0xaa0  drv_Timer.o [26]
  .text              ro code     0x2'5ce0     0x1c4  Lora_TP1109.o [6]
  .text              ro code     0x2'5ea4     0x558  drv_ADC.o [21]
  .text              ro code     0x2'63fc     0xc9c  OLED.o [11]
  .text              ro code     0x2'7098      0x66  RF_NFC.o [13]
  .text              ro code     0x2'7100     0x244  RXNTTL518.o [14]
  .text              ro code     0x2'7344     0x3ac  Photosensitive_XYC_ALS.o [12]
  .text              ro code     0x2'76f0     0x2da  drv_SC7A20H.o [15]
  .text              ro code     0x2'79cc    0x2130  Display.o [11]
  .text              ro code     0x2'9afc      0x34  DblCmpLe.o [30]
  .text              ro code     0x2'9b30    0x291c  ModbusRTU.o [10]
  .text              ro code     0x2'c44c      0x74  drv_OTS_Temperature.o [23]
  .text              ro code     0x2'c4c0      0x34  DblCmpGe.o [30]
  .text              ro code     0x2'c4f4      0x2c  strstr.o [29]
  .text              ro code     0x2'c520    0x1d98  MQTT_SK.o [7]
  .text              ro code     0x2'e2b8    0x16cc  ModbusRTU_Device_BT.o [10]
  .text              ro code     0x2'f984     0x122  iar_Stopfx.o [29]
  .text              ro code     0x2'faa8     0x1b8  iar_Stoflt.o [29]
  .text              ro code     0x2'fc60      0x22  S32ToDbl.o [30]
  .text              ro code     0x2'fc84     0x208  iar_Stoxflt.o [29]
  .text              ro code     0x2'fe8c      0x14  tolower.o [29]
  .text              ro code     0x2'fea0       0x6  abort.o [29]
  .text              ro code     0x2'fea8       0x2  I64DivZer.o [31]
  .text              ro code     0x2'feac     0x9d0  hc32f460_timer4_oco.o [20]
  .text              ro code     0x3'087c     0x368  hc32f460_timer4_cnt.o [20]
  .text              ro code     0x3'0be4     0x578  hc32f460_adc.o [20]
  .text              ro code     0x3'115c     0x928  drv_IIC.o [22]
  .text              ro code     0x3'1a84      0x2a  strncmp.o [29]
  .text              ro code     0x3'1ab0     0x102  sqrt.o [30]
  .text              ro code     0x3'1bb4      0x2a  math_wrappers64.o [30]
  .text              ro code     0x3'1be0      0x36  DblToS32.o [30]
  .text              ro code     0x3'1c18      0x46  U64ToDbl.o [30]
  .text              ro code     0x3'1c60     0x180  hc32f460_ots.o [20]
  .text              ro code     0x3'1de0      0x4c  strtok.o [29]
  .text              ro code     0x3'1e2c     0x152  iar_Stoulx.o [29]
  .text              ro code     0x3'1f80      0x14  exit.o [32]
  .text              ro code     0x3'1f94     0xaa0  hc32f460_i2c.o [20]
  .text              ro code     0x3'2a34      0xbc  atan64.o [30]
  .text              ro code     0x3'2af0     0x68c  pow64.o [30]
  .text              ro code     0x3'317c      0x22  strspn.o [29]
  .text              ro code     0x3'319e      0x22  strcspn.o [29]
  .text              ro code     0x3'31c0     0x1c8  iar_Atan64.o [30]
  .text              ro code     0x3'3388      0x20  DblCmpEq.o [30]
  .text              ro code     0x3'33a8     0x32c  iar_Exp64.o [30]
  .rodata            const       0x3'36d4     0x780  Font.o [11]
  .text              ro code     0x3'3e54     0x720  main.o [28]
  .text              ro code     0x3'4574      0x90  hc32f460_efm.o [20]
  .text              ro code     0x3'4604     0x188  hc32f460_sram.o [20]
  .text              ro code     0x3'478c      0xdc  drv_SPI.o [25]
  .text              ro code     0x3'4868     0x204  Magnetic_Bar.o [8]
  .text              ro code     0x3'4a6c     0x644  drv_LKT4202.o [4]
  .rodata            const       0x3'50b0     0x5a0  Font.o [11]
  .rodata            const       0x3'5650     0x4c8  Font.o [11]
  .rodata            const       0x3'5b18     0x420  pow64.o [30]
  .rodata            const       0x3'5f38     0x400  Font.o [11]
  .rodata            const       0x3'6338     0x230  ModbusRTU_Device_BT.o [10]
  .rodata            const       0x3'6568     0x200  ModbusRTU.o [10]
  .rodata            const       0x3'6768     0x200  RXNTTL518.o [14]
  .rodata            const       0x3'6968     0x100  ModbusRTU.o [10]
  .rodata            const       0x3'6a68     0x100  ModbusRTU.o [10]
  .text              ro code     0x3'6b68      0xa2  packbits_init.o [31]
  .rodata            const       0x3'6c0c      0x68  4G_EC200U.o [1]
  .rodata            const       0x3'6c74      0x64  4G_EC200U.o [1]
  .rodata            const       0x3'6cd8      0x54  hc32f460_exint_nmi_swi.o [20]
  .rodata            const       0x3'6d2c      0x54  MQTT_SK.o [7]
  .rodata            const       0x3'6d80      0x50  hc32f460_interrupts.o [20]
  .rodata            const       0x3'6dd0      0x50  hc32f460_timer4_cnt.o [20]
  .rodata            const       0x3'6e20      0x50  hc32f460_timer4_oco.o [20]
  .rodata            const       0x3'6e70      0x50  iar_Stoulx.o [29]
  .rodata            const       0x3'6ec0      0x50  iar_Stoullx.o [29]
  .rodata            const       0x3'6f10      0x4c  4G_EC200U.o [1]
  .rodata            const       0x3'6f5c      0x4c  4G_EC200U.o [1]
  .rodata            const       0x3'6fa8      0x4c  hc32f460_dmac.o [20]
  .rodata            const       0x3'6ff4      0x4c  hc32f460_gpio.o [20]
  .rodata            const       0x3'7040      0x4c  hc32f460_sram.o [20]
  .rodata            const       0x3'708c      0x4c  hc32f460_timer0.o [20]
  .rodata            const       0x3'70d8      0x4c  hc32f460_usart.o [20]
  .rodata            const       0x3'7124      0x48  hc32f460_adc.o [20]
  .rodata            const       0x3'716c      0x48  hc32f460_clk.o [20]
  .rodata            const       0x3'71b4      0x48  hc32f460_efm.o [20]
  .rodata            const       0x3'71fc      0x48  hc32f460_i2c.o [20]
  .rodata            const       0x3'7244      0x48  hc32f460_ots.o [20]
  .rodata            const       0x3'728c      0x48  hc32f460_pwc.o [20]
  .rodata            const       0x3'72d4      0x48  hc32f460_rtc.o [20]
  .rodata            const       0x3'731c      0x48  hc32f460_spi.o [20]
  .rodata            const       0x3'7364      0x48  MQTT_SK.o [7]
  .rodata            const       0x3'73ac      0x3c  4G_EC200U.o [1]
  .rodata            const       0x3'73e8      0x48  strto64.o [30]
  .text              ro code     0x3'7430      0x44  startup_hc32f460.o [19]
  .rodata            const       0x3'7474      0x3c  4G_EC200U.o [1]
  .rodata            const       0x3'74b0      0x40  iar_Atan64.o [30]
  .rodata            const       0x3'74f0      0x3c  MQTT_SK.o [7]
  .rodata            const       0x3'752c      0x3c  MQTT_SK.o [7]
  .rodata            const       0x3'7568      0x38  4G_EC200U.o [1]
  .rodata            const       0x3'75a0      0x38  4G_EC200U.o [1]
  .rodata            const       0x3'75d8      0x38  4G_EC200U.o [1]
  .rodata            const       0x3'7610      0x38  4G_EC200U.o [1]
  .rodata            const       0x3'7648      0x38  4G_EC200U.o [1]
  .rodata            const       0x3'7680      0x38  MQTT_SK.o [7]
  .text              ro code     0x3'76b8      0x38  zero_init3.o [31]
  .rodata            const       0x3'76f0      0x34  4G_EC200U.o [1]
  .rodata            const       0x3'7724      0x34  MQTT_SK.o [7]
  .rodata            const       0x3'7758      0x34  MQTT_SK.o [7]
  .rodata            const       0x3'778c      0x34  MQTT_SK.o [7]
  .rodata            const       0x3'77c0      0x34  MQTT_SK.o [7]
  .rodata            const       0x3'77f4      0x28  4G_EC200U.o [1]
  .rodata            const       0x3'781c      0x28  4G_EC200U.o [1]
  .rodata            const       0x3'7844      0x28  xscanffull_nomb.o [29]
  .text              ro code     0x3'786c      0x28  data_init.o [31]
  .rodata            const       0x3'7894      0x24  4G_EC200U.o [1]
  .rodata            const       0x3'78b8      0x24  xscanffull_nomb.o [29]
  .text              ro code     0x3'78dc      0x22  fpinit_M.o [30]
  .iar.init_table    const       0x3'7900      0x34  - Linker created -
  .rodata            const       0x3'7934      0x20  4G_EC200U.o [1]
  .rodata            const       0x3'7954      0x20  4G_EC200U.o [1]
  .rodata            const       0x3'7974      0x20  4G_EC200U.o [1]
  .rodata            const       0x3'7994      0x20  drv_LKT4202.o [4]
  .rodata            const       0x3'79b4      0x20  drv_LKT4202.o [4]
  .rodata            const       0x3'79d4      0x20  drv_RTC.o [24]
  .text              ro code     0x3'79f4      0x1e  cmain.o [31]
  .text              ro code     0x3'7a12       0x4  low_level_init.o [29]
  .text              ro code     0x3'7a16       0x4  exit.o [29]
  .text              ro code     0x3'7a1c       0xa  cexit.o [31]
  .rodata            const       0x3'7a28      0x1c  4G_EC200U.o [1]
  .rodata            const       0x3'7a44      0x1c  MQTT_SK.o [7]
  .rodata            const       0x3'7a60      0x1c  MQTT_SK.o [7]
  .text              ro code     0x3'7a7c      0x1c  cstartup_M.o [31]
  .rodata            const       0x3'7a98      0x18  4G_EC200U.o [1]
  .rodata            const       0x3'7ab0      0x18  MQTT_SK.o [7]
  .rodata            const       0x3'7ac8      0x18  MQTT_SK.o [7]
  .rodata            const       0x3'7ae0      0x18  MQTT_SK.o [7]
  .rodata            const       0x3'7af8      0x18  MQTT_SK.o [7]
  .rodata            const       0x3'7b10      0x18  MQTT_SK.o [7]
  .rodata            const       0x3'7b28      0x18  MQTT_SK.o [7]
  .rodata            const       0x3'7b40      0x18  MQTT_SK.o [7]
  .rodata            const       0x3'7b58      0x18  MQTT_SK.o [7]
  .rodata            const       0x3'7b70      0x18  MQTT_SK.o [7]
  .rodata            const       0x3'7b88      0x18  MQTT_SK.o [7]
  .rodata            const       0x3'7ba0      0x18  MQTT_SK.o [7]
  .rodata            const       0x3'7bb8      0x18  MQTT_SK.o [7]
  .rodata            const       0x3'7bd0      0x14  4G_EC200U.o [1]
  .rodata            const       0x3'7be4      0x14  4G_EC200U.o [1]
  .rodata            const       0x3'7bf8      0x14  4G_EC200U.o [1]
  .rodata            const       0x3'7c0c      0x14  4G_EC200U.o [1]
  .rodata            const       0x3'7c20      0x14  4G_EC200U.o [1]
  .rodata            const       0x3'7c34      0x14  4G_EC200U.o [1]
  .rodata            const       0x3'7c48      0x14  4G_EC200U.o [1]
  .rodata            const       0x3'7c5c      0x14  4G_EC200U.o [1]
  .rodata            const       0x3'7c70      0x14  4G_EC200U.o [1]
  .rodata            const       0x3'7c84      0x14  4G_EC200U.o [1]
  .rodata            const       0x3'7c98      0x14  4G_EC200U.o [1]
  .rodata            const       0x3'7cac      0x14  4G_EC200U.o [1]
  .rodata            const       0x3'7cc0      0x14  4G_EC200U.o [1]
  .rodata            const       0x3'7cd4      0x14  4G_EC200U.o [1]
  .rodata            const       0x3'7ce8      0x14  4G_EC200U.o [1]
  .rodata            const       0x3'7cfc      0x14  4G_EC200U.o [1]
  .rodata            const       0x3'7d10      0x14  4G_EC200U.o [1]
  .rodata            const       0x3'7d24      0x14  4G_EC200U.o [1]
  .rodata            const       0x3'7d38      0x14  4G_EC200U.o [1]
  .rodata            const       0x3'7d4c      0x14  4G_EC200U.o [1]
  .rodata            const       0x3'7d60      0x14  4G_EC200U.o [1]
  .rodata            const       0x3'7d74      0x14  4G_EC200U.o [1]
  .rodata            const       0x3'7d88      0x14  BT_TB05.o [2]
  .rodata            const       0x3'7d9c      0x14  Mainloop.o [9]
  .rodata            const       0x3'7db0      0x14  ModbusRTU.o [10]
  .rodata            const       0x3'7dc4      0x14  MQTT_SK.o [7]
  .rodata            const       0x3'7dd8      0x14  MQTT_SK.o [7]
  .rodata            const       0x3'7dec      0x14  MQTT_SK.o [7]
  .rodata            const       0x3'7e00      0x14  MQTT_SK.o [7]
  .rodata            const       0x3'7e14      0x14  MQTT_SK.o [7]
  .rodata            const       0x3'7e28      0x14  MQTT_SK.o [7]
  .rodata            const       0x3'7e3c      0x14  MQTT_SK.o [7]
  .rodata            const       0x3'7e50      0x14  MQTT_SK.o [7]
  .rodata            const       0x3'7e64      0x14  MQTT_SK.o [7]
  .rodata            const       0x3'7e78      0x14  MQTT_SK.o [7]
  .rodata            const       0x3'7e8c      0x14  MQTT_SK.o [7]
  .rodata            const       0x3'7ea0      0x14  MQTT_SK.o [7]
  .rodata            const       0x3'7eb4      0x14  MQTT_SK.o [7]
  .rodata            const       0x3'7ec8      0x14  MQTT_SK.o [7]
  .rodata            const       0x3'7edc      0x14  MQTT_SK.o [7]
  .rodata            const       0x3'7ef0      0x14  MQTT_SK.o [7]
  .rodata            const       0x3'7f04      0x14  MQTT_SK.o [7]
  .rodata            const       0x3'7f18      0x14  MQTT_SK.o [7]
  .rodata            const       0x3'7f2c      0x14  MQTT_SK.o [7]
  .rodata            const       0x3'7f40      0x14  MQTT_SK.o [7]
  .rodata            const       0x3'7f54      0x14  MQTT_SK.o [7]
  .rodata            const       0x3'7f68      0x14  MQTT_SK.o [7]
  .rodata            const       0x3'7f7c      0x14  MQTT_SK.o [7]
  .rodata            const       0x3'7f90      0x14  MQTT_SK.o [7]
  .rodata            const       0x3'7fa4      0x14  MQTT_SK.o [7]
  .rodata            const       0x3'7fb8      0x14  MQTT_SK.o [7]
  .rodata            const       0x3'7fcc      0x14  MQTT_SK.o [7]
  .rodata            const       0x3'7fe0      0x14  MQTT_SK.o [7]
  .rodata            const       0x3'7ff4      0x14  MQTT_SK.o [7]
  .rodata            const       0x3'8008      0x14  MQTT_SK.o [7]
  .rodata            const       0x3'801c      0x14  MQTT_SK.o [7]
  .rodata            const       0x3'8030      0x14  MQTT_SK.o [7]
  .rodata            const       0x3'8044      0x14  MQTT_SK.o [7]
  .rodata            const       0x3'8058      0x14  MQTT_SK.o [7]
  .rodata            const       0x3'806c      0x14  MQTT_SK.o [7]
  .rodata            const       0x3'8080      0x14  MQTT_SK.o [7]
  .rodata            const       0x3'8094      0x10  4G_EC200U.o [1]
  .rodata            const       0x3'80a4      0x10  4G_EC200U.o [1]
  .rodata            const       0x3'80b4      0x10  4G_EC200U.o [1]
  .rodata            const       0x3'80c4      0x10  4G_EC200U.o [1]
  .rodata            const       0x3'80d4      0x10  4G_EC200U.o [1]
  .rodata            const       0x3'80e4      0x10  4G_EC200U.o [1]
  .rodata            const       0x3'80f4      0x10  4G_EC200U.o [1]
  .rodata            const       0x3'8104      0x10  4G_EC200U.o [1]
  .rodata            const       0x3'8114      0x10  4G_EC200U.o [1]
  .rodata            const       0x3'8124      0x10  4G_EC200U.o [1]
  .rodata            const       0x3'8134      0x10  4G_EC200U.o [1]
  .rodata            const       0x3'8144      0x10  4G_EC200U.o [1]
  .rodata            const       0x3'8154      0x10  4G_EC200U.o [1]
  .rodata            const       0x3'8164      0x10  BT_TB05.o [2]
  .rodata            const       0x3'8174      0x10  hc32f460_usart.o [20]
  .rodata            const       0x3'8184      0x10  main.o [28]
  .rodata            const       0x3'8194      0x10  ModbusRTU.o [10]
  .rodata            const       0x3'81a4      0x10  MQTT_SK.o [7]
  .rodata            const       0x3'81b4      0x10  MQTT_SK.o [7]
  .rodata            const       0x3'81c4      0x10  MQTT_SK.o [7]
  .rodata            const       0x3'81d4      0x10  MQTT_SK.o [7]
  .rodata            const       0x3'81e4      0x10  MQTT_SK.o [7]
  .rodata            const       0x3'81f4      0x10  MQTT_SK.o [7]
  .rodata            const       0x3'8204      0x10  MQTT_SK.o [7]
  .rodata            const       0x3'8214      0x10  MQTT_SK.o [7]
  .rodata            const       0x3'8224      0x10  MQTT_SK.o [7]
  .rodata            const       0x3'8234      0x10  MQTT_SK.o [7]
  .rodata            const       0x3'8244      0x10  MQTT_SK.o [7]
  .rodata            const       0x3'8254      0x10  MQTT_SK.o [7]
  .rodata            const       0x3'8264      0x10  MQTT_SK.o [7]
  .rodata            const       0x3'8274      0x10  MQTT_SK.o [7]
  .rodata            const       0x3'8284      0x10  MQTT_SK.o [7]
  .rodata            const       0x3'8294      0x10  MQTT_SK.o [7]
  .rodata            const       0x3'82a4      0x10  MQTT_SK.o [7]
  .rodata            const       0x3'82b4      0x10  MQTT_SK.o [7]
  .rodata            const       0x3'82c4      0x10  MQTT_SK.o [7]
  .rodata            const       0x3'82d4      0x10  MQTT_SK.o [7]
  .rodata            const       0x3'82e4      0x10  MQTT_SK.o [7]
  .rodata            const       0x3'82f4      0x10  MQTT_SK.o [7]
  .rodata            const       0x3'8304       0xc  4G_EC200U.o [1]
  .rodata            const       0x3'8310       0xc  4G_EC200U.o [1]
  .rodata            const       0x3'831c       0xc  4G_EC200U.o [1]
  .rodata            const       0x3'8328       0xc  4G_EC200U.o [1]
  .rodata            const       0x3'8334       0xc  4G_EC200U.o [1]
  .rodata            const       0x3'8340       0xc  4G_EC200U.o [1]
  .rodata            const       0x3'834c       0xc  4G_EC200U.o [1]
  .rodata            const       0x3'8358       0xc  4G_EC200U.o [1]
  .rodata            const       0x3'8364       0xc  4G_EC200U.o [1]
  .rodata            const       0x3'8370       0xc  4G_EC200U.o [1]
  .rodata            const       0x3'837c       0xc  4G_EC200U.o [1]
  .rodata            const       0x3'8388       0xc  4G_EC200U.o [1]
  .rodata            const       0x3'8394       0xc  4G_EC200U.o [1]
  .rodata            const       0x3'83a0       0xc  4G_EC200U.o [1]
  .rodata            const       0x3'83ac       0xc  4G_EC200U.o [1]
  .rodata            const       0x3'83b8       0xc  4G_EC200U.o [1]
  .rodata            const       0x3'83c4       0xc  4G_EC200U.o [1]
  .rodata            const       0x3'83d0       0xc  4G_EC200U.o [1]
  .rodata            const       0x3'83dc       0xc  4G_EC200U.o [1]
  .rodata            const       0x3'83e8       0xc  4G_EC200U.o [1]
  .rodata            const       0x3'83f4       0xc  BT_TB05.o [2]
  .rodata            const       0x3'8400       0xc  drv_LKT4202.o [4]
  .rodata            const       0x3'840c       0xc  drv_LKT4202.o [4]
  .rodata            const       0x3'8418       0xc  drv_USART.o [27]
  .rodata            const       0x3'8424       0xc  drv_USART.o [27]
  .rodata            const       0x3'8430       0xc  drv_USART.o [27]
  .rodata            const       0x3'843c       0xc  Mainloop.o [9]
  .rodata            const       0x3'8448       0xc  Mainloop.o [9]
  .rodata            const       0x3'8454       0xc  ModbusRTU.o [10]
  .rodata            const       0x3'8460       0xc  ModbusRTU.o [10]
  .rodata            const       0x3'846c       0xc  MQTT_SK.o [7]
  .rodata            const       0x3'8478       0xc  MQTT_SK.o [7]
  .rodata            const       0x3'8484       0xc  MQTT_SK.o [7]
  .rodata            const       0x3'8490       0xc  MQTT_SK.o [7]
  .rodata            const       0x3'849c       0x8  4G_EC200U.o [1]
  .rodata            const       0x3'84a4       0x8  4G_EC200U.o [1]
  .rodata            const       0x3'84ac       0x8  4G_EC200U.o [1]
  .rodata            const       0x3'84b4       0x8  4G_EC200U.o [1]
  .rodata            const       0x3'84bc       0x8  4G_EC200U.o [1]
  .rodata            const       0x3'84c4       0x8  4G_EC200U.o [1]
  .rodata            const       0x3'84cc       0x8  4G_EC200U.o [1]
  .rodata            const       0x3'84d4       0x8  4G_EC200U.o [1]
  .rodata            const       0x3'84dc       0x8  4G_EC200U.o [1]
  .rodata            const       0x3'84e4       0x8  4G_EC200U.o [1]
  .rodata            const       0x3'84ec       0x8  4G_EC200U.o [1]
  .rodata            const       0x3'84f4       0x8  4G_EC200U.o [1]
  .rodata            const       0x3'84fc       0x8  4G_EC200U.o [1]
  .rodata            const       0x3'8504       0x8  4G_EC200U.o [1]
  .rodata            const       0x3'850c       0x8  4G_EC200U.o [1]
  .rodata            const       0x3'8514       0x8  4G_EC200U.o [1]
  .rodata            const       0x3'851c       0x8  4G_EC200U.o [1]
  .rodata            const       0x3'8524       0x8  4G_EC200U.o [1]
  .rodata            const       0x3'852c       0x8  4G_EC200U.o [1]
  .rodata            const       0x3'8534       0x8  Display.o [11]
  .rodata            const       0x3'853c       0x8  drv_LKT4202.o [4]
  .rodata            const       0x3'8544       0x8  drv_LKT4202.o [4]
  .rodata            const       0x3'854c       0x8  drv_SC7A20H.o [15]
  .rodata            const       0x3'8554       0x8  LC86L_BD.o [3]
  .rodata            const       0x3'855c       0x8  LC86L_BD.o [3]
  .rodata            const       0x3'8564       0x8  Mainloop.o [9]
  .rodata            const       0x3'856c       0x8  Mainloop.o [9]
  .rodata            const       0x3'8574       0x8  MQTT_SK.o [7]
  .rodata            const       0x3'857c       0x8  MQTT_SK.o [7]
  .rodata            const       0x3'8584       0x8  MQTT_SK.o [7]
  .rodata            const       0x3'858c       0x8  MQTT_SK.o [7]
  .rodata            const       0x3'8594       0x4  drv_RTC.o [24]
  .text              ro code     0x3'8598       0x4  startup_hc32f460.o [19]
  .text              ro code     0x3'859c       0x4  startup_hc32f460.o [19]
  .text              ro code     0x3'85a0       0x4  startup_hc32f460.o [19]
  .text              ro code     0x3'85a4       0x4  startup_hc32f460.o [19]
  .text              ro code     0x3'85a8       0x4  startup_hc32f460.o [19]
  .text              ro code     0x3'85ac       0x4  startup_hc32f460.o [19]
  .text              ro code     0x3'85b0       0x4  startup_hc32f460.o [19]
  .text              ro code     0x3'85b4       0x4  startup_hc32f460.o [19]
  .text              ro code     0x3'85b8       0x4  startup_hc32f460.o [19]
  .text              ro code     0x3'85bc       0x4  startup_hc32f460.o [19]
  .text              ro code     0x3'85c0       0x4  startup_hc32f460.o [19]
  .text              ro code     0x3'85c4       0x4  startup_hc32f460.o [19]
  .text              ro code     0x3'85c8       0x4  startup_hc32f460.o [19]
  .text              ro code     0x3'85cc       0x4  startup_hc32f460.o [19]
  .text              ro code     0x3'85d0       0x4  startup_hc32f460.o [19]
  .text              ro code     0x3'85d4       0x4  startup_hc32f460.o [19]
  .rodata            const       0x3'85d8       0x0  zero_init3.o [31]
  .rodata            const       0x3'85d8       0x0  packbits_init.o [31]
  Initializer bytes  const       0x3'85d8     0x136  <for P2 s0>
                               - 0x3'870e  0x2'448e

"P2", part 1 of 4:                            0x307
  P2 s0                       0x1fff'8000     0x307  <Init block>
    .data            inited   0x1fff'8000     0x108  User_Data.o [17]
    .data            inited   0x1fff'8108      0x8c  RXNTTL518.o [14]
    .data            inited   0x1fff'8194      0x80  ModbusRTU_Device_BT.o [10]
    .data            inited   0x1fff'8214      0x48  xlocale_c.o [29]
    .data            inited   0x1fff'825c      0x38  xlocale_c.o [29]
    .data            inited   0x1fff'8294      0x24  BT_TB05.o [2]
    .data            inited   0x1fff'82b8      0x20  BT_TB05.o [2]
    .data            inited   0x1fff'82d8      0x14  BT_TB05.o [2]
    .data            inited   0x1fff'82ec       0x8  BT_TB05.o [2]
    .data            inited   0x1fff'82f4       0x4  BT_TB05.o [2]
    .data            inited   0x1fff'82f8       0x4  system_hc32f460.o [19]
    .data            inited   0x1fff'82fc       0x4  system_hc32f460.o [19]
    .data            inited   0x1fff'8300       0x1  drv_IIC.o [22]
    .data            inited   0x1fff'8301       0x1  drv_IIC.o [22]
    .data            inited   0x1fff'8302       0x1  drv_IIC.o [22]
    .data            inited   0x1fff'8303       0x1  drv_IIC.o [22]
    .data            inited   0x1fff'8304       0x1  hc32f460_pwc.o [20]
    .data            inited   0x1fff'8305       0x1  ModbusRTU.o [10]
    .data            inited   0x1fff'8306       0x1  ModbusRTU.o [10]
                            - 0x1fff'8307     0x307

"P2", part 2 of 4:                           0x1984
  .bss               zero     0x1fff'8308    0x1000  drv_Storage_W25Q128.o [16]
  .bss               zero     0x1fff'9308     0x400  User_Data.o [17]
  .bss               zero     0x1fff'9708     0x200  hc32f460_interrupts.o [20]
  .bss               zero     0x1fff'9908     0x1b8  4G_EC200U.o [1]
  .bss               zero     0x1fff'9ac0      0x64  User_Data.o [17]
  .bss               zero     0x1fff'9b24      0x2c  User_Data.o [17]
  .bss               zero     0x1fff'9b50      0x2c  xttotm64.o [29]
  .bss               zero     0x1fff'9b7c      0x24  drv_ADC.o [21]
  .bss               zero     0x1fff'9ba0      0x14  drv_ADC.o [21]
  .bss               zero     0x1fff'9bb4      0x14  hc32f460_pwc.o [20]
  .bss               zero     0x1fff'9bc8      0x14  User_Data.o [17]
  .bss               zero     0x1fff'9bdc       0x4  4G_EC200U.o [1]
  .bss               zero     0x1fff'9be0       0x8  4G_EC200U.o [1]
  .bss               zero     0x1fff'9be8       0x8  main.o [28]
  .bss               zero     0x1fff'9bf0       0x4  4G_EC200U.o [1]
  .bss               zero     0x1fff'9bf4       0x4  4G_EC200U.o [1]
  .bss               zero     0x1fff'9bf8       0x4  BT_TB05.o [2]
  .bss               zero     0x1fff'9bfc       0x4  drv_RTC.o [24]
  .bss               zero     0x1fff'9c00       0x4  drv_SC7A20H.o [15]
  .bss               zero     0x1fff'9c04       0x4  drv_Storage_W25Q128.o [16]
  .bss               zero     0x1fff'9c08       0x4  drv_Timer.o [26]
  .bss               zero     0x1fff'9c0c       0x4  drv_USART.o [27]
  .bss               zero     0x1fff'9c10       0x4  hc32f460_exint_nmi_swi.o [20]
  .bss               zero     0x1fff'9c14       0x4  hc32f460_ots.o [20]
  .bss               zero     0x1fff'9c18       0x4  hc32f460_ots.o [20]
  .bss               zero     0x1fff'9c1c       0x4  LC86L_BD.o [3]
  .bss               zero     0x1fff'9c20       0x4  Lora_TP1109.o [6]
  .bss               zero     0x1fff'9c24       0x4  Magnetic_Bar.o [8]
  .bss               zero     0x1fff'9c28       0x4  main.o [28]
  .bss               zero     0x1fff'9c2c       0x4  Mainloop.o [9]
  .bss               zero     0x1fff'9c30       0x4  ModbusRTU.o [10]
  .bss               zero     0x1fff'9c34       0x4  ModbusRTU_Device_BT.o [10]
  .bss               zero     0x1fff'9c38       0x4  ModbusRTU_Device_BT.o [10]
  .bss               zero     0x1fff'9c3c       0x4  MQTT_SK.o [7]
  .bss               zero     0x1fff'9c40       0x4  OLED.o [11]
  .bss               zero     0x1fff'9c44       0x4  Photosensitive_XYC_ALS.o [12]
  .bss               zero     0x1fff'9c48       0x4  RXNTTL518.o [14]
  .bss               zero     0x1fff'9c4c       0x4  strtok.o [29]
  .bss               zero     0x1fff'9c50       0x4  xfail_s.o [29]
  .bss               zero     0x1fff'9c54       0x2  BT_TB05.o [2]
  .bss               zero     0x1fff'9c56       0x2  drv_Timer.o [26]
  .bss               zero     0x1fff'9c58       0x2  ModbusRTU_Device_BT.o [10]
  .bss               zero     0x1fff'9c5a       0x2  ModbusRTU_Device_BT.o [10]
  .bss               zero     0x1fff'9c5c       0x1  4G_EC200U.o [1]
  .bss               zero     0x1fff'9c5d       0x1  4G_EC200U.o [1]
  .bss               zero     0x1fff'9c5e       0x1  4G_EC200U.o [1]
  .bss               zero     0x1fff'9c5f       0x1  4G_EC200U.o [1]
  .bss               zero     0x1fff'9c60       0x1  4G_EC200U.o [1]
  .bss               zero     0x1fff'9c61       0x1  4G_EC200U.o [1]
  .bss               zero     0x1fff'9c62       0x1  4G_EC200U.o [1]
  .bss               zero     0x1fff'9c63       0x1  4G_EC200U.o [1]
  .bss               zero     0x1fff'9c64       0x1  4G_EC200U.o [1]
  .bss               zero     0x1fff'9c65       0x1  BT_TB05.o [2]
  .bss               zero     0x1fff'9c66       0x1  drv_IIC.o [22]
  .bss               zero     0x1fff'9c67       0x1  drv_RTC.o [24]
  .bss               zero     0x1fff'9c68       0x1  drv_Timer.o [26]
  .bss               zero     0x1fff'9c69       0x1  drv_Timer.o [26]
  .bss               zero     0x1fff'9c6a       0x1  drv_Timer.o [26]
  .bss               zero     0x1fff'9c6b       0x1  drv_Timer.o [26]
  .bss               zero     0x1fff'9c6c       0x1  drv_Timer.o [26]
  .bss               zero     0x1fff'9c6d       0x1  drv_Timer.o [26]
  .bss               zero     0x1fff'9c6e       0x1  drv_Timer.o [26]
  .bss               zero     0x1fff'9c6f       0x1  drv_Timer.o [26]
  .bss               zero     0x1fff'9c70       0x1  drv_Timer.o [26]
  .bss               zero     0x1fff'9c71       0x1  drv_Timer.o [26]
  .bss               zero     0x1fff'9c72       0x1  drv_Timer.o [26]
  .bss               zero     0x1fff'9c73       0x1  drv_Timer.o [26]
  .bss               zero     0x1fff'9c74       0x1  hc32f460_dmac.o [20]
  .bss               zero     0x1fff'9c75       0x1  hc32f460_pwc.o [20]
  .bss               zero     0x1fff'9c76       0x1  hc32f460_pwc.o [20]
  .bss               zero     0x1fff'9c77       0x1  hc32f460_pwc.o [20]
  .bss               zero     0x1fff'9c78       0x1  hc32f460_pwc.o [20]
  .bss               zero     0x1fff'9c79       0x1  main.o [28]
  .bss               zero     0x1fff'9c7a       0x1  main.o [28]
  .bss               zero     0x1fff'9c7b       0x1  Mainloop.o [9]
  .bss               zero     0x1fff'9c7c       0x1  Mainloop.o [9]
  .bss               zero     0x1fff'9c7d       0x1  Mainloop.o [9]
  .bss               zero     0x1fff'9c7e       0x1  Mainloop.o [9]
  .bss               zero     0x1fff'9c7f       0x1  Mainloop.o [9]
  .bss               zero     0x1fff'9c80       0x1  ModbusRTU.o [10]
  .bss               zero     0x1fff'9c81       0x1  ModbusRTU_Device_BT.o [10]
  .bss               zero     0x1fff'9c82       0x1  ModbusRTU_Device_BT.o [10]
  .bss               zero     0x1fff'9c83       0x1  ModbusRTU_Device_BT.o [10]
  .bss               zero     0x1fff'9c84       0x1  User_Data.o [17]
  .bss               zero     0x1fff'9c85       0x1  User_Data.o [17]
  .bss               zero     0x1fff'9c86       0x1  User_Data.o [17]
  .bss               zero     0x1fff'9c87       0x1  User_Data.o [17]
  .bss               zero     0x1fff'9c88       0x1  User_Data.o [17]
  .bss               zero     0x1fff'9c89       0x1  User_Data.o [17]
                            - 0x1fff'9c8a    0x1982

"P2", part 3 of 4:                           0x2000
  CSTACK                      0x1fff'9c90    0x2000  <Block>
    CSTACK           uninit   0x1fff'9c90    0x2000  <Block tail>
                            - 0x1fff'bc90    0x2000

"P2", part 4 of 4:                           0xfe60
  .bss               zero     0x2001'0000    0xfe60  User_Data.o [17]
                            - 0x2001'fe60    0xfe60

Unused ranges:

         From           To      Size
         ----           --      ----
     0x3'870e     0x7'ffff  0x4'78f2
   0x300'0c00   0x300'0ffb     0x3fc
  0x1fff'8307  0x1fff'8307       0x1
  0x1fff'9c8c  0x1fff'9c8f       0x4
  0x1fff'bc90  0x1fff'ffff    0x4370
  0x2000'0000  0x2000'ffff  0x1'0000
  0x2001'fe60  0x2001'ffff     0x1a0
  0x2002'0000  0x2002'6fff    0x7000
  0x200f'0000  0x200f'0fff    0x1000


*******************************************************************************
*** INIT TABLE
***

          Address      Size
          -------      ----
Zero (__iar_zero_init3)
    2 destination ranges, total size 0x1'17e2:
          0x1fff'8308  0x1982
          0x2001'0000  0xfe60

Copy/packbits (__iar_packbits_init3)
    1 source range, total size 0x136 (40% of destination):
             0x3'85d8   0x136
    1 destination range, total size 0x307:
          0x1fff'8000   0x307



*******************************************************************************
*** MODULE SUMMARY
***

    Module                    ro code  ro data  rw data  ro data
                                                          (abs)
    ------                    -------  -------  -------  -------
command line/config:
    ------------------------------------------------------------
    Total:

D:\Myself\WorkProcess\SK\HC32F460_WorkProcess\example\Source\Pipe_Monitor\Pipe_Monitor_App\EWARM\output\debug\Obj\4G_EC200U_8582873453978518366.dir: [1]
    4G_EC200U.o                14'232    2'112      469
    ------------------------------------------------------------
    Total:                     14'232    2'112      469

D:\Myself\WorkProcess\SK\HC32F460_WorkProcess\example\Source\Pipe_Monitor\Pipe_Monitor_App\EWARM\output\debug\Obj\BT_TB05_12041724360499981866.dir: [2]
    BT_TB05.o                     968       88      107
    ------------------------------------------------------------
    Total:                        968       88      107

D:\Myself\WorkProcess\SK\HC32F460_WorkProcess\example\Source\Pipe_Monitor\Pipe_Monitor_App\EWARM\output\debug\Obj\LC86L_BD_9822625824417385734.dir: [3]
    LC86L_BD.o                  1'376       16        4
    ------------------------------------------------------------
    Total:                      1'376       16        4

D:\Myself\WorkProcess\SK\HC32F460_WorkProcess\example\Source\Pipe_Monitor\Pipe_Monitor_App\EWARM\output\debug\Obj\LKT4202_1925765440156868983.dir: [4]
    drv_LKT4202.o               1'604      116
    ------------------------------------------------------------
    Total:                      1'604      116

D:\Myself\WorkProcess\SK\HC32F460_WorkProcess\example\Source\Pipe_Monitor\Pipe_Monitor_App\EWARM\output\debug\Obj\LoRa_RA02_5139138412578801246.dir: [5]
    ------------------------------------------------------------
    Total:

D:\Myself\WorkProcess\SK\HC32F460_WorkProcess\example\Source\Pipe_Monitor\Pipe_Monitor_App\EWARM\output\debug\Obj\Lora_TP1109_151720617378073083.dir: [6]
    Lora_TP1109.o                 452                 4
    ------------------------------------------------------------
    Total:                        452                 4

D:\Myself\WorkProcess\SK\HC32F460_WorkProcess\example\Source\Pipe_Monitor\Pipe_Monitor_App\EWARM\output\debug\Obj\MQTT_SK_4724149239023757000.dir: [7]
    MQTT_SK.o                   7'576    2'036        4
    ------------------------------------------------------------
    Total:                      7'576    2'036        4

D:\Myself\WorkProcess\SK\HC32F460_WorkProcess\example\Source\Pipe_Monitor\Pipe_Monitor_App\EWARM\output\debug\Obj\Magnetic_Bar_17520218520042908049.dir: [8]
    Magnetic_Bar.o                516                 4
    ------------------------------------------------------------
    Total:                        516                 4

D:\Myself\WorkProcess\SK\HC32F460_WorkProcess\example\Source\Pipe_Monitor\Pipe_Monitor_App\EWARM\output\debug\Obj\Mainloop_18272944273632151421.dir: [9]
    Mainloop.o                  5'208       60        9
    ------------------------------------------------------------
    Total:                      5'208       60        9

D:\Myself\WorkProcess\SK\HC32F460_WorkProcess\example\Source\Pipe_Monitor\Pipe_Monitor_App\EWARM\output\debug\Obj\ModbusRTU_17682219295068567368.dir: [10]
    ModbusRTU.o                10'524    1'085        7
    ModbusRTU_Device_BT.o       5'836      611      143
    ------------------------------------------------------------
    Total:                     16'360    1'696      150

D:\Myself\WorkProcess\SK\HC32F460_WorkProcess\example\Source\Pipe_Monitor\Pipe_Monitor_App\EWARM\output\debug\Obj\OLED_13473777563621607307.dir: [11]
    Display.o                   8'496        8
    Font.o                               5'608
    OLED.o                      3'228                 4
    ------------------------------------------------------------
    Total:                     11'724    5'616        4

D:\Myself\WorkProcess\SK\HC32F460_WorkProcess\example\Source\Pipe_Monitor\Pipe_Monitor_App\EWARM\output\debug\Obj\Photosensitive_XYC_ALS_28064708180949255.dir: [12]
    Photosensitive_XYC_ALS.o      940                 4
    ------------------------------------------------------------
    Total:                        940                 4

D:\Myself\WorkProcess\SK\HC32F460_WorkProcess\example\Source\Pipe_Monitor\Pipe_Monitor_App\EWARM\output\debug\Obj\RF_NFC_10628150809568064830.dir: [13]
    RF_NFC.o                      102
    ------------------------------------------------------------
    Total:                        102

D:\Myself\WorkProcess\SK\HC32F460_WorkProcess\example\Source\Pipe_Monitor\Pipe_Monitor_App\EWARM\output\debug\Obj\RXNTTL518_17808510930951076202.dir: [14]
    RXNTTL518.o                   580      568      144
    ------------------------------------------------------------
    Total:                        580      568      144

D:\Myself\WorkProcess\SK\HC32F460_WorkProcess\example\Source\Pipe_Monitor\Pipe_Monitor_App\EWARM\output\debug\Obj\SC7A20H_13085057635104233901.dir: [15]
    drv_SC7A20H.o                 730        8        4
    ------------------------------------------------------------
    Total:                        730        8        4

D:\Myself\WorkProcess\SK\HC32F460_WorkProcess\example\Source\Pipe_Monitor\Pipe_Monitor_App\EWARM\output\debug\Obj\Storage_W25Q128_4738127093883701884.dir: [16]
    drv_Storage_W25Q128.o       4'520             4'100
    ------------------------------------------------------------
    Total:                      4'520             4'100

D:\Myself\WorkProcess\SK\HC32F460_WorkProcess\example\Source\Pipe_Monitor\Pipe_Monitor_App\EWARM\output\debug\Obj\User_Data_5391006662705040797.dir: [17]
    User_Data.o                   182      105   66'578
    ------------------------------------------------------------
    Total:                        182      105   66'578

D:\Myself\WorkProcess\SK\HC32F460_WorkProcess\example\Source\Pipe_Monitor\Pipe_Monitor_App\EWARM\output\debug\Obj\WatchDog_9188475617120297074.dir: [18]
    WatchDog.o                     76
    ------------------------------------------------------------
    Total:                         76

D:\Myself\WorkProcess\SK\HC32F460_WorkProcess\example\Source\Pipe_Monitor\Pipe_Monitor_App\EWARM\output\debug\Obj\common_14919461937644757070.dir: [19]
    startup_hc32f460.o            772
    system_hc32f460.o             272        3        8
    ------------------------------------------------------------
    Total:                      1'044        3        8

D:\Myself\WorkProcess\SK\HC32F460_WorkProcess\example\Source\Pipe_Monitor\Pipe_Monitor_App\EWARM\output\debug\Obj\driver_11944700488488147666.dir: [20]
    hc32f460_adc.o              1'400       72
    hc32f460_clk.o              4'092       72
    hc32f460_dmac.o             2'752       76        1
    hc32f460_efm.o                144       72
    hc32f460_exint_nmi_swi.o      380       84        4
    hc32f460_gpio.o             1'240       76
    hc32f460_i2c.o              2'720       72
    hc32f460_icg.o                                            32
    hc32f460_interrupts.o       2'880       80      512
    hc32f460_ots.o                384       72        8
    hc32f460_pwc.o              2'576       73       25
    hc32f460_rtc.o              2'212       72
    hc32f460_spi.o              1'972       72
    hc32f460_sram.o               392       76
    hc32f460_timer0.o           2'356       76
    hc32f460_timer4_cnt.o         872       80
    hc32f460_timer4_oco.o       2'512       80
    hc32f460_usart.o            2'632       92
    hc32f460_utility.o            110
    ------------------------------------------------------------
    Total:                     31'626    1'297      550       32

D:\Myself\WorkProcess\SK\HC32F460_WorkProcess\example\Source\Pipe_Monitor\Pipe_Monitor_App\EWARM\output\debug\Obj\drv_ADC_15186207816091091275.dir: [21]
    drv_ADC.o                   1'368                56
    ------------------------------------------------------------
    Total:                      1'368                56

D:\Myself\WorkProcess\SK\HC32F460_WorkProcess\example\Source\Pipe_Monitor\Pipe_Monitor_App\EWARM\output\debug\Obj\drv_IIC_18060258103304213159.dir: [22]
    drv_IIC.o                   2'344        1        5
    ------------------------------------------------------------
    Total:                      2'344        1        5

D:\Myself\WorkProcess\SK\HC32F460_WorkProcess\example\Source\Pipe_Monitor\Pipe_Monitor_App\EWARM\output\debug\Obj\drv_OTS_Temperature_13039655784802445445.dir: [23]
    drv_OTS_Temperature.o         116
    ------------------------------------------------------------
    Total:                        116

D:\Myself\WorkProcess\SK\HC32F460_WorkProcess\example\Source\Pipe_Monitor\Pipe_Monitor_App\EWARM\output\debug\Obj\drv_RTC_2577979922006117733.dir: [24]
    drv_RTC.o                   1'800       36        5
    ------------------------------------------------------------
    Total:                      1'800       36        5

D:\Myself\WorkProcess\SK\HC32F460_WorkProcess\example\Source\Pipe_Monitor\Pipe_Monitor_App\EWARM\output\debug\Obj\drv_SPI_4333388098947449637.dir: [25]
    drv_SPI.o                     220
    ------------------------------------------------------------
    Total:                        220

D:\Myself\WorkProcess\SK\HC32F460_WorkProcess\example\Source\Pipe_Monitor\Pipe_Monitor_App\EWARM\output\debug\Obj\drv_Timer_6973001687617930806.dir: [26]
    drv_Timer.o                 2'720                18
    ------------------------------------------------------------
    Total:                      2'720                18

D:\Myself\WorkProcess\SK\HC32F460_WorkProcess\example\Source\Pipe_Monitor\Pipe_Monitor_App\EWARM\output\debug\Obj\drv_USART_14144334009435087269.dir: [27]
    drv_USART.o                 4'812       36        4
    ------------------------------------------------------------
    Total:                      4'812       36        4

D:\Myself\WorkProcess\SK\HC32F460_WorkProcess\example\Source\Pipe_Monitor\Pipe_Monitor_App\EWARM\output\debug\Obj\source_5634686896477721948.dir: [28]
    main.o                      1'824       16       14
    ------------------------------------------------------------
    Total:                      1'824       16       14

dl7M_tlf.a: [29]
    abort.o                         6
    exit.o                          4
    iar_Stoflt.o                  440
    iar_Stollx.o                  166
    iar_Stopfx.o                  290
    iar_Stoullx.o                 434       80
    iar_Stoulx.o                  338       80
    iar_Stoxflt.o                 520
    isalpha.o                      20
    isspace.o                      20
    low_level_init.o                4
    mktime64.o                    224
    sprintf.o                      64
    sscanf.o                       40
    strcat.o                       30
    strcspn.o                      34
    strncmp.o                      42
    strspn.o                       34
    strstr.o                       44
    strtok.o                       76                 4
    tolower.o                      20
    xDaysTo64.o                   204
    xTzoff_nop.o                    4
    xfail_s.o                      64                 4
    xisdst_nop64.o                  6
    xlocale_c.o                    76       57      128
    xprintflarge_nomb.o         3'354
    xscanffull_nomb.o           3'452       76
    xsprout.o                      10
    xsscin.o                       30
    xttotm64.o                    348                44
    ------------------------------------------------------------
    Total:                     10'398      293      180

m7M_tls.a: [30]
    DblAddSub.o                   606
    DblCmpEq.o                     32
    DblCmpGe.o                     52
    DblCmpLe.o                     52
    DblDiv.o                      582
    DblMul.o                      426
    DblToFlt.o                    104
    DblToS32.o                     54
    DblToU32.o                     34
    FltToDbl.o                     72
    S32ToDbl.o                     34
    U32ToDbl.o                     28
    U64ToDbl.o                     70
    atan64.o                      188
    fpinit_M.o                     34
    frexp.o                       112
    iar_Atan64.o                  456       64
    iar_Exp64.o                   812
    ldexp.o                       314
    math_wrappers64.o              42
    pow64.o                     1'676    1'056
    sqrt.o                        258
    strto64.o                     866       72
    ------------------------------------------------------------
    Total:                      6'904    1'192

rt7M_tl.a: [31]
    ABImemcpy.o                   166
    ABImemset.o                   102
    I64DivMod.o                   628
    I64DivZer.o                     2
    cexit.o                        10
    cmain.o                        30
    cstartup_M.o                   28
    data_init.o                    40
    memchr.o                       88
    memcmp.o                      104
    packbits_init.o               162
    strchr.o                       22
    strcmp.o                       18
    strcpy.o                       24
    strlen.o                       54
    zero_init3.o                   56
    ------------------------------------------------------------
    Total:                      1'534

shb_l.a: [32]
    exit.o                         20
    ------------------------------------------------------------
    Total:                         20

    Gaps                           33        6
    Linker created                          52    8'192
----------------------------------------------------------------
    Grand Total:              133'909   15'353   80'617       32


*******************************************************************************
*** ENTRY LIST
***

Entry                       Address    Size  Type      Object
-----                       -------    ----  ----      ------
.iar.init_table$$Base      0x3'7900           --   Gb  - Linker created -
.iar.init_table$$Limit     0x3'7934           --   Gb  - Linker created -
?main                      0x3'79f5          Code  Gb  cmain.o [31]
ADC_AddAdcChannel          0x3'0df9    0xbe  Code  Gb  hc32f460_adc.o [20]
ADC_AddAvgChannel          0x3'0f29    0x66  Code  Gb  hc32f460_adc.o [20]
ADC_ConfigAvg              0x3'0ec1    0x64  Code  Gb  hc32f460_adc.o [20]
ADC_DeInit                 0x3'0cf9   0x100  Code  Gb  hc32f460_adc.o [20]
ADC_GetChData              0x3'1085    0x98  Code  Gb  hc32f460_adc.o [20]
ADC_Init                   0x3'0be5   0x114  Code  Gb  hc32f460_adc.o [20]
ADC_PollingSa              0x3'0f8f    0xf6  Code  Gb  hc32f460_adc.o [20]
ADC_ReadAllData            0x3'1131    0x2c  Code  Lc  hc32f460_adc.o [20]
AdcChannelConfig           0x2'5f79    0x74  Code  Lc  drv_ADC.o [21]
AdcClockConfig             0x2'5ea5    0x78  Code  Lc  drv_ADC.o [21]
AdcInitConfig              0x2'5f1d    0x5c  Code  Lc  drv_ADC.o [21]
AsyncDelay                 0x2'3095    0x76  Code  Lc  hc32f460_timer0.o [20]
BusFault_Handler           0x1'd7c5     0x8  Code  Gb  hc32f460_interrupts.o [20]
CLK_ClearFcmFlag           0x1'cd49    0x5c  Code  Gb  hc32f460_clk.o [20]
CLK_FcmCmd                 0x1'cc9f    0x28  Code  Gb  hc32f460_clk.o [20]
CLK_FcmConfig              0x1'c9ed   0x2b2  Code  Gb  hc32f460_clk.o [20]
CLK_GetClockFreq           0x1'c7a5   0x116  Code  Gb  hc32f460_clk.o [20]
CLK_GetFcmCounter          0x1'ccc7     0x8  Code  Gb  hc32f460_clk.o [20]
CLK_GetFcmFlag             0x1'cce1    0x62  Code  Gb  hc32f460_clk.o [20]
CLK_GetFlagStatus          0x1'c93d    0x8a  Code  Gb  hc32f460_clk.o [20]
CLK_LrcCmd                 0x1'c017    0x98  Code  Gb  hc32f460_clk.o [20]
CLK_MpllCmd                0x1'c25b    0xb0  Code  Gb  hc32f460_clk.o [20]
CLK_MpllConfig             0x1'c0ff   0x15c  Code  Gb  hc32f460_clk.o [20]
CLK_SetPeriClkSource       0x1'c8c9    0x58  Code  Gb  hc32f460_clk.o [20]
CLK_SetPllSource           0x1'c0af    0x50  Code  Gb  hc32f460_clk.o [20]
CLK_SetSysClkSource        0x1'c4fd   0x104  Code  Gb  hc32f460_clk.o [20]
CLK_SysClkConfig           0x1'c615   0x188  Code  Gb  hc32f460_clk.o [20]
CLK_UpllCmd                0x1'c459    0xa4  Code  Gb  hc32f460_clk.o [20]
CLK_UpllConfig             0x1'c30b   0x14e  Code  Gb  hc32f460_clk.o [20]
CLK_Xtal32Cmd              0x1'bf7f    0x98  Code  Gb  hc32f460_clk.o [20]
CLK_Xtal32Config           0x1'bf2f    0x50  Code  Gb  hc32f460_clk.o [20]
CLK_XtalCmd                0x1'be3b    0xf4  Code  Gb  hc32f460_clk.o [20]
CLK_XtalConfig             0x1'bde1    0x5a  Code  Gb  hc32f460_clk.o [20]
CSTACK$$Base            0x1fff'9c90           --   Gb  - Linker created -
CSTACK$$Limit           0x1fff'bc90           --   Gb  - Linker created -
Clock_MeasureConfig        0x1'81fd    0xcc  Code  Lc  drv_RTC.o [24]
Crc16                      0x2'9b71    0x38  Code  Gb  ModbusRTU.o [10]
DMA_ChannelCfg             0x2'2b49   0x2ce  Code  Gb  hc32f460_dmac.o [20]
DMA_ChannelCmd             0x2'26b5   0x252  Code  Gb  hc32f460_dmac.o [20]
DMA_ClearIrqFlag           0x2'25bb    0xfa  Code  Gb  hc32f460_dmac.o [20]
DMA_Cmd                    0x2'256d    0x4e  Code  Gb  hc32f460_dmac.o [20]
DMA_GetTransferCnt         0x2'2a7d    0x60  Code  Gb  hc32f460_dmac.o [20]
DMA_InitChannel            0x2'2e17   0x202  Code  Gb  hc32f460_dmac.o [20]
DMA_SetDesAddress          0x2'2915    0xa0  Code  Gb  hc32f460_dmac.o [20]
DMA_SetTransferCnt         0x2'29b5    0xc8  Code  Gb  hc32f460_dmac.o [20]
DMA_SetTriggerSrc          0x2'2aed    0x56  Code  Gb  hc32f460_dmac.o [20]
Ddl_AssertHandler          0x1'b3cf     0x2  Code  Wk  hc32f460_utility.o [20]
Ddl_Delay1ms               0x1'7f75    0x28  Code  Gb  hc32f460_utility.o [20]
Ddl_Delay1us               0x1'7f9d    0x38  Code  Gb  hc32f460_utility.o [20]
DebugMon_Handler           0x1'd7dd     0x8  Code  Gb  hc32f460_interrupts.o [20]
Dma1Btc0IrqCallback        0x1'a0e5    0x1c  Code  Lc  drv_USART.o [27]
Dma1Btc1IrqCallback        0x1'a101    0x1c  Code  Lc  drv_USART.o [27]
Dma1Btc2IrqCallback        0x1'a11d    0x1c  Code  Lc  drv_USART.o [27]
Dma1Btc3IrqCallback        0x1'a139    0x1c  Code  Lc  drv_USART.o [27]
Dma1Init                   0x1'a155   0x200  Code  Lc  drv_USART.o [27]
DmaChEnState            0x1fff'9c74     0x1  Data  Lc  hc32f460_dmac.o [20]
Dtentox                    0x2'4091   0x1d8  Code  Lc  strto64.o [30]
EC200U_4G_Module_Configuration_Init
                           0x1'6c4d   0xcc0  Code  Gb  4G_EC200U.o [1]
EC200U_4G_Module_Configuration_Init::ucRetryCnt
                        0x1fff'9c62     0x1  Data  Lc  4G_EC200U.o [1]
EC200U_4G_Module_GPIO_Init
                           0x1'42dd    0x70  Code  Gb  4G_EC200U.o [1]
EFM_Lock                   0x3'4587    0x14  Code  Gb  hc32f460_efm.o [20]
EFM_SetLatency             0x3'459b    0x5c  Code  Gb  hc32f460_efm.o [20]
EFM_Unlock                 0x3'4575    0x12  Code  Gb  hc32f460_efm.o [20]
EPSINON                    0x3'8594     0x4  Data  Lc  drv_RTC.o [24]
EXINT_Init                 0x2'3ea1    0xa0  Code  Gb  hc32f460_exint_nmi_swi.o [20]
EXINT_IrqFlgClr            0x2'3fdb    0x12  Code  Gb  hc32f460_exint_nmi_swi.o [20]
EXINT_IrqFlgGet            0x2'3f41    0x9a  Code  Gb  hc32f460_exint_nmi_swi.o [20]
ExtInt01_Callback          0x2'73ad    0xa6  Code  Gb  Photosensitive_XYC_ALS.o [12]
ExtInt07_Callback          0x3'48d1    0xbc  Code  Gb  Magnetic_Bar.o [8]
ExtInt13_Callback          0x2'5d49    0x12  Code  Gb  Lora_TP1109.o [6]
Float_reg_rw_mode          0x2'9e59    0x94  Code  Gb  ModbusRTU.o [10]
GetSystemPara              0x1'b319     0x4  Code  Gb  User_Data.o [17]
HRC_VALUE               0x1fff'82f8     0x4  Data  Gb  system_hc32f460.o [19]
HardFault_Handler          0x1'd7b5     0x8  Code  Gb  hc32f460_interrupts.o [20]
I2C_AckConfig              0x3'2685    0x56  Code  Gb  hc32f460_i2c.o [20]
I2C_BaudrateConfig         0x3'20cd   0x228  Code  Gb  hc32f460_i2c.o [20]
I2C_BusWaitCmd             0x3'2473    0x6a  Code  Gb  hc32f460_i2c.o [20]
I2C_ClearStatus            0x3'2589    0x36  Code  Gb  hc32f460_i2c.o [20]
I2C_Cmd                    0x3'241d    0x56  Code  Gb  hc32f460_i2c.o [20]
I2C_DeInit                 0x3'22f5    0x40  Code  Gb  hc32f460_i2c.o [20]
I2C_GenerateReStart        0x3'2027    0x52  Code  Gb  hc32f460_i2c.o [20]
I2C_GenerateStart          0x3'1fd5    0x52  Code  Gb  hc32f460_i2c.o [20]
I2C_GenerateStop           0x3'2079    0x52  Code  Gb  hc32f460_i2c.o [20]
I2C_GetStatus              0x3'24dd    0xa0  Code  Gb  hc32f460_i2c.o [20]
I2C_Init                   0x3'233d    0xd6  Code  Gb  hc32f460_i2c.o [20]
I2C_MasterDataReceiveAndStop
                           0x3'28f1    0xd4  Code  Gb  hc32f460_i2c.o [20]
I2C_ReadData               0x3'264d    0x2e  Code  Gb  hc32f460_i2c.o [20]
I2C_Restart                0x3'273b    0x4c  Code  Gb  hc32f460_i2c.o [20]
I2C_SoftwareResetCmd       0x3'25bf    0x56  Code  Gb  hc32f460_i2c.o [20]
I2C_Start                  0x3'26db    0x60  Code  Gb  hc32f460_i2c.o [20]
I2C_Stop                   0x3'29c5    0x56  Code  Gb  hc32f460_i2c.o [20]
I2C_TransAddr              0x3'2787    0xcc  Code  Gb  hc32f460_i2c.o [20]
I2C_TransData              0x3'2853    0x9e  Code  Gb  hc32f460_i2c.o [20]
I2C_WaitStatus             0x3'1f95    0x40  Code  Gb  hc32f460_i2c.o [20]
I2C_WriteData              0x3'2615    0x30  Code  Gb  hc32f460_i2c.o [20]
I2C_XYC_ALS_Master_Receive
                           0x3'1931    0xd4  Code  Gb  drv_IIC.o [22]
I2C_XYC_ALS_Master_Transmit
                           0x3'18ad    0x78  Code  Gb  drv_IIC.o [22]
IRQ000_Handler             0x1'd7f5    0x12  Code  Gb  hc32f460_interrupts.o [20]
IRQ001_Handler             0x1'd807    0x12  Code  Gb  hc32f460_interrupts.o [20]
IRQ002_Handler             0x1'd819    0x12  Code  Gb  hc32f460_interrupts.o [20]
IRQ003_Handler             0x1'd82b    0x12  Code  Gb  hc32f460_interrupts.o [20]
IRQ004_Handler             0x1'd83d    0x12  Code  Gb  hc32f460_interrupts.o [20]
IRQ005_Handler             0x1'd84f    0x12  Code  Gb  hc32f460_interrupts.o [20]
IRQ006_Handler             0x1'd861    0x12  Code  Gb  hc32f460_interrupts.o [20]
IRQ007_Handler             0x1'd873    0x12  Code  Gb  hc32f460_interrupts.o [20]
IRQ008_Handler             0x1'd885    0x12  Code  Gb  hc32f460_interrupts.o [20]
IRQ009_Handler             0x1'd897    0x12  Code  Gb  hc32f460_interrupts.o [20]
IRQ010_Handler             0x1'd8a9    0x12  Code  Gb  hc32f460_interrupts.o [20]
IRQ011_Handler             0x1'd8bb    0x12  Code  Gb  hc32f460_interrupts.o [20]
IRQ012_Handler             0x1'd8cd    0x12  Code  Gb  hc32f460_interrupts.o [20]
IRQ013_Handler             0x1'd8df    0x12  Code  Gb  hc32f460_interrupts.o [20]
IRQ014_Handler             0x1'd8f1    0x12  Code  Gb  hc32f460_interrupts.o [20]
IRQ015_Handler             0x1'd903    0x12  Code  Gb  hc32f460_interrupts.o [20]
IRQ016_Handler             0x1'd915    0x12  Code  Gb  hc32f460_interrupts.o [20]
IRQ017_Handler             0x1'd927    0x12  Code  Gb  hc32f460_interrupts.o [20]
IRQ018_Handler             0x1'd939    0x12  Code  Gb  hc32f460_interrupts.o [20]
IRQ019_Handler             0x1'd94b    0x12  Code  Gb  hc32f460_interrupts.o [20]
IRQ020_Handler             0x1'd95d    0x12  Code  Gb  hc32f460_interrupts.o [20]
IRQ021_Handler             0x1'd96f    0x12  Code  Gb  hc32f460_interrupts.o [20]
IRQ022_Handler             0x1'd981    0x12  Code  Gb  hc32f460_interrupts.o [20]
IRQ023_Handler             0x1'd993    0x12  Code  Gb  hc32f460_interrupts.o [20]
IRQ024_Handler             0x1'd9a5    0x12  Code  Gb  hc32f460_interrupts.o [20]
IRQ025_Handler             0x1'd9b7    0x12  Code  Gb  hc32f460_interrupts.o [20]
IRQ026_Handler             0x1'd9c9    0x12  Code  Gb  hc32f460_interrupts.o [20]
IRQ027_Handler             0x1'd9db    0x12  Code  Gb  hc32f460_interrupts.o [20]
IRQ028_Handler             0x1'd9ed    0x12  Code  Gb  hc32f460_interrupts.o [20]
IRQ029_Handler             0x1'd9ff    0x12  Code  Gb  hc32f460_interrupts.o [20]
IRQ030_Handler             0x1'da11    0x12  Code  Gb  hc32f460_interrupts.o [20]
IRQ031_Handler             0x1'da23    0x12  Code  Gb  hc32f460_interrupts.o [20]
IRQ032_Handler             0x1'da35    0x16  Code  Gb  hc32f460_interrupts.o [20]
IRQ033_Handler             0x1'da4b    0x16  Code  Gb  hc32f460_interrupts.o [20]
IRQ034_Handler             0x1'da61    0x16  Code  Gb  hc32f460_interrupts.o [20]
IRQ035_Handler             0x1'da77    0x16  Code  Gb  hc32f460_interrupts.o [20]
IRQ036_Handler             0x1'da8d    0x16  Code  Gb  hc32f460_interrupts.o [20]
IRQ037_Handler             0x1'daa3    0x16  Code  Gb  hc32f460_interrupts.o [20]
IRQ038_Handler             0x1'dab9    0x16  Code  Gb  hc32f460_interrupts.o [20]
IRQ039_Handler             0x1'dacf    0x16  Code  Gb  hc32f460_interrupts.o [20]
IRQ040_Handler             0x1'dae5    0x16  Code  Gb  hc32f460_interrupts.o [20]
IRQ041_Handler             0x1'dafb    0x16  Code  Gb  hc32f460_interrupts.o [20]
IRQ042_Handler             0x1'db11    0x16  Code  Gb  hc32f460_interrupts.o [20]
IRQ043_Handler             0x1'db27    0x16  Code  Gb  hc32f460_interrupts.o [20]
IRQ044_Handler             0x1'db3d    0x16  Code  Gb  hc32f460_interrupts.o [20]
IRQ045_Handler             0x1'db53    0x16  Code  Gb  hc32f460_interrupts.o [20]
IRQ046_Handler             0x1'db69    0x16  Code  Gb  hc32f460_interrupts.o [20]
IRQ047_Handler             0x1'db7f    0x16  Code  Gb  hc32f460_interrupts.o [20]
IRQ048_Handler             0x1'db95    0x16  Code  Gb  hc32f460_interrupts.o [20]
IRQ049_Handler             0x1'dbab    0x16  Code  Gb  hc32f460_interrupts.o [20]
IRQ050_Handler             0x1'dbc1    0x16  Code  Gb  hc32f460_interrupts.o [20]
IRQ051_Handler             0x1'dbd7    0x16  Code  Gb  hc32f460_interrupts.o [20]
IRQ052_Handler             0x1'dbed    0x16  Code  Gb  hc32f460_interrupts.o [20]
IRQ053_Handler             0x1'dc03    0x16  Code  Gb  hc32f460_interrupts.o [20]
IRQ054_Handler             0x1'dc19    0x16  Code  Gb  hc32f460_interrupts.o [20]
IRQ055_Handler             0x1'dc2f    0x16  Code  Gb  hc32f460_interrupts.o [20]
IRQ056_Handler             0x1'dc45    0x16  Code  Gb  hc32f460_interrupts.o [20]
IRQ057_Handler             0x1'dc5b    0x16  Code  Gb  hc32f460_interrupts.o [20]
IRQ058_Handler             0x1'dc71    0x16  Code  Gb  hc32f460_interrupts.o [20]
IRQ059_Handler             0x1'dc87    0x16  Code  Gb  hc32f460_interrupts.o [20]
IRQ060_Handler             0x1'dc9d    0x16  Code  Gb  hc32f460_interrupts.o [20]
IRQ061_Handler             0x1'dcb3    0x16  Code  Gb  hc32f460_interrupts.o [20]
IRQ062_Handler             0x1'dcc9    0x16  Code  Gb  hc32f460_interrupts.o [20]
IRQ063_Handler             0x1'dcdf    0x16  Code  Gb  hc32f460_interrupts.o [20]
IRQ064_Handler             0x1'dcf5    0x16  Code  Gb  hc32f460_interrupts.o [20]
IRQ065_Handler             0x1'dd0b    0x16  Code  Gb  hc32f460_interrupts.o [20]
IRQ066_Handler             0x1'dd21    0x16  Code  Gb  hc32f460_interrupts.o [20]
IRQ067_Handler             0x1'dd37    0x16  Code  Gb  hc32f460_interrupts.o [20]
IRQ068_Handler             0x1'dd4d    0x16  Code  Gb  hc32f460_interrupts.o [20]
IRQ069_Handler             0x1'dd63    0x16  Code  Gb  hc32f460_interrupts.o [20]
IRQ070_Handler             0x1'dd79    0x16  Code  Gb  hc32f460_interrupts.o [20]
IRQ071_Handler             0x1'dd8f    0x16  Code  Gb  hc32f460_interrupts.o [20]
IRQ072_Handler             0x1'dda5    0x16  Code  Gb  hc32f460_interrupts.o [20]
IRQ073_Handler             0x1'ddbb    0x16  Code  Gb  hc32f460_interrupts.o [20]
IRQ074_Handler             0x1'ddd1    0x16  Code  Gb  hc32f460_interrupts.o [20]
IRQ075_Handler             0x1'dde7    0x16  Code  Gb  hc32f460_interrupts.o [20]
IRQ076_Handler             0x1'ddfd    0x16  Code  Gb  hc32f460_interrupts.o [20]
IRQ077_Handler             0x1'de13    0x16  Code  Gb  hc32f460_interrupts.o [20]
IRQ078_Handler             0x1'de29    0x14  Code  Gb  hc32f460_interrupts.o [20]
IRQ079_Handler             0x1'de3d    0x14  Code  Gb  hc32f460_interrupts.o [20]
IRQ080_Handler             0x1'de51    0x14  Code  Gb  hc32f460_interrupts.o [20]
IRQ081_Handler             0x1'de65    0x14  Code  Gb  hc32f460_interrupts.o [20]
IRQ082_Handler             0x1'de79    0x14  Code  Gb  hc32f460_interrupts.o [20]
IRQ083_Handler             0x1'de8d    0x14  Code  Gb  hc32f460_interrupts.o [20]
IRQ084_Handler             0x1'dea1    0x14  Code  Gb  hc32f460_interrupts.o [20]
IRQ085_Handler             0x1'deb5    0x14  Code  Gb  hc32f460_interrupts.o [20]
IRQ086_Handler             0x1'dec9    0x14  Code  Gb  hc32f460_interrupts.o [20]
IRQ087_Handler             0x1'dedd    0x14  Code  Gb  hc32f460_interrupts.o [20]
IRQ088_Handler             0x1'def1    0x14  Code  Gb  hc32f460_interrupts.o [20]
IRQ089_Handler             0x1'df05    0x14  Code  Gb  hc32f460_interrupts.o [20]
IRQ090_Handler             0x1'df19    0x14  Code  Gb  hc32f460_interrupts.o [20]
IRQ091_Handler             0x1'df2d    0x14  Code  Gb  hc32f460_interrupts.o [20]
IRQ092_Handler             0x1'df41    0x14  Code  Gb  hc32f460_interrupts.o [20]
IRQ093_Handler             0x1'df55    0x14  Code  Gb  hc32f460_interrupts.o [20]
IRQ094_Handler             0x1'df69    0x14  Code  Gb  hc32f460_interrupts.o [20]
IRQ095_Handler             0x1'df7d    0x14  Code  Gb  hc32f460_interrupts.o [20]
IRQ096_Handler             0x1'df91    0x14  Code  Gb  hc32f460_interrupts.o [20]
IRQ097_Handler             0x1'dfa5    0x14  Code  Gb  hc32f460_interrupts.o [20]
IRQ098_Handler             0x1'dfb9    0x14  Code  Gb  hc32f460_interrupts.o [20]
IRQ099_Handler             0x1'dfcd    0x14  Code  Gb  hc32f460_interrupts.o [20]
IRQ100_Handler             0x1'dfe1    0x14  Code  Gb  hc32f460_interrupts.o [20]
[...]
func_Enter_LowPower_Stop_Mode
                           0x2'06f3   0x11a  Code  Gb  Mainloop.o [9]
func_Flow_View_Show        0x2'88f1   0x1a2  Code  Gb  Display.o [11]
func_GPSData_View_Show     0x2'97cd   0x138  Code  Gb  Display.o [11]
func_Get_BlackLightDataUploadCMD_Data
                           0x1'48df   0x186  Code  Gb  4G_EC200U.o [1]
func_Get_DataUploadCMD_Data
                           0x1'4af1  0x14ce  Code  Gb  4G_EC200U.o [1]
func_Get_DevRegCMD_Data
                           0x1'434d   0x532  Code  Gb  4G_EC200U.o [1]
func_Get_DevStatusCMD_Data
                           0x1'685d   0x37a  Code  Gb  4G_EC200U.o [1]
func_Get_DevStatusData     0x1'66f1   0x166  Code  Gb  4G_EC200U.o [1]
func_Get_Device_MeasData_Record
                           0x1'98e3    0x1a  Code  Gb  drv_Storage_W25Q128.o [16]
func_Get_Device_Sensors_Value
                           0x2'0a31   0x348  Code  Gb  Mainloop.o [9]
func_Get_Device_Sensors_Value::ucChangeCnt
                        0x1fff'9c7c     0x1  Data  Lc  Mainloop.o [9]
func_Get_Device_Sensors_Value::ucRetryCnt
                        0x1fff'9c7b     0x1  Data  Lc  Mainloop.o [9]
func_Get_GetConfigResult_CMD
                           0x2'd645   0x67c  Code  Gb  MQTT_SK.o [7]
func_Get_HX_Radar_Level_Addr
                           0x2'b065    0xe8  Code  Gb  ModbusRTU.o [10]
func_Get_MBCRC16           0x2'9b31    0x40  Code  Gb  ModbusRTU.o [10]
func_Get_Meas_BY_HX_Integrated_Conductivity_Sensor_Value
                           0x2'a127   0x200  Code  Gb  ModbusRTU.o [10]
func_Get_Meas_BY_HX_Radar_Level_Sensor_Value
                           0x2'a5fd   0x1a2  Code  Gb  ModbusRTU.o [10]
func_Get_Meas_HX_Flow_Sensor_Value
                           0x2'b5bd   0x28a  Code  Gb  ModbusRTU.o [10]
func_Get_Meas_HX_Radar_Ultrasonic_Flow_Sensor_Value
                           0x2'b22d   0x382  Code  Gb  ModbusRTU.o [10]
func_Get_Meas_HX_WaterQuality_COD_Sensor_Value
                           0x2'b84d   0x22e  Code  Gb  ModbusRTU.o [10]
func_Get_Meas_HZ_Integrated_Conductivity_Sensor_Value
                           0x2'a327   0x2d2  Code  Gb  ModbusRTU.o [10]
func_Get_Meas_HZ_Radar_Level_Sensor_Value
                           0x2'ae11   0x24e  Code  Gb  ModbusRTU.o [10]
func_Get_Meas_HZ_Radar_Ultrasonic_Flow_Sensor_Value
                           0x2'a93d   0x4ce  Code  Gb  ModbusRTU.o [10]
func_Get_Meas_Pressure_Level_Sensor_Value
                           0x2'a7b1   0x17e  Code  Gb  ModbusRTU.o [10]
func_Get_Photo_Data        0x2'bcb1   0x11e  Code  Gb  ModbusRTU.o [10]
func_Get_Server_MQTT_Dispose
                           0x2'1725    0x9e  Code  Gb  Mainloop.o [9]
func_Get_SetConfigResult_CMD
                           0x2'c521    0x62  Code  Gb  MQTT_SK.o [7]
func_Get_StatusUploadCMD_Data
                           0x1'5fc9   0x70c  Code  Gb  4G_EC200U.o [1]
func_LowPower_Stop_Mode_Init
                           0x2'080d    0x4c  Code  Gb  Mainloop.o [9]
func_MQTT_SK_Init          0x2'e1dd     0xc  Code  Gb  MQTT_SK.o [7]
func_Mainloop_Init         0x2'06d7     0xe  Code  Gb  Mainloop.o [9]
func_Meas_Sensor_Dispose
                           0x2'bdd9   0x346  Code  Gb  ModbusRTU.o [10]
func_Meas_Sensor_PowerDown_DeInit
                           0x2'08ed    0x8c  Code  Gb  Mainloop.o [9]
func_Meas_Sensor_PowerOn_Init
                           0x2'0859    0x94  Code  Gb  Mainloop.o [9]
func_Meas_Sensor_Value_View_Show
                           0x2'9711    0xba  Code  Gb  Display.o [11]
func_Measure_Data_View_Show
                           0x2'8def   0x264  Code  Gb  Display.o [11]
func_Measure_WaterLevel_View_Show
                           0x2'9055   0x3be  Code  Gb  Display.o [11]
func_Measure_Water_Quality_View_Show
                           0x2'9419   0x2f2  Code  Gb  Display.o [11]
func_NFC_Check_Dispose     0x2'0979    0x92  Code  Gb  Mainloop.o [9]
func_NoSensor_View_Show
                           0x2'8da5    0x4a  Code  Gb  Display.o [11]
func_Not_Certified_View_Show
                           0x2'85a5    0x7c  Code  Gb  Display.o [11]
func_OLED_PowerDown_DeInit
                           0x2'66ed    0x64  Code  Gb  OLED.o [11]
func_OLED_PowerUp_Init     0x2'65d9   0x114  Code  Gb  OLED.o [11]
func_OTS_Temperature_GetValue
                           0x2'c4ad    0x14  Code  Gb  drv_OTS_Temperature.o [23]
func_PowerOn_View_Show     0x2'9a9d    0x60  Code  Gb  Display.o [11]
func_RF_NFC_PowerDown_DeInit
                           0x2'7099    0x66  Code  Gb  RF_NFC.o [13]
func_RXNTTL518_Init        0x2'7305    0x34  Code  Gb  RXNTTL518.o [14]
func_ReadPhoto_XYC_ALS_Data
                           0x2'7699    0x58  Code  Gb  Photosensitive_XYC_ALS.o [12]
func_Read_RXNTTL518_Version
                           0x2'7253     0xe  Code  Gb  RXNTTL518.o [14]
func_Rts_Control_And_SendData
                           0x2'a049    0xde  Code  Gb  ModbusRTU.o [10]
func_Save_Device_MeasData
                           0x1'98c5    0x1e  Code  Gb  drv_Storage_W25Q128.o [16]
func_Save_Device_MeasRecord_Dispose
                           0x2'0da1   0x58c  Code  Gb  Mainloop.o [9]
func_Save_Device_MeasRecord_Dispose::ucRecordFlag
                        0x1fff'9c7d     0x1  Data  Lc  Mainloop.o [9]
func_Save_Device_MeasRecord_Dispose::ucSaveRecordFlag
                        0x1fff'9c7e     0x1  Data  Lc  Mainloop.o [9]
func_Save_Device_Parameter
                           0x1'8c65   0xc5a  Code  Gb  drv_Storage_W25Q128.o [16]
func_Search_Card           0x2'7261    0xa4  Code  Gb  RXNTTL518.o [14]
func_Send_CMD              0x2'7167    0xec  Code  Gb  RXNTTL518.o [14]
func_Set_BlackLight_Move_AT_CMD
                           0x2'ba7b    0xb2  Code  Gb  ModbusRTU.o [10]
func_Set_Camera_Photo_CMD
                           0x2'bbc7    0xe4  Code  Gb  ModbusRTU.o [10]
func_Set_HX_Radar_Level_Addr
                           0x2'b151    0xd8  Code  Gb  ModbusRTU.o [10]
func_SystemPara_Init       0x1'b31d    0x16  Code  Gb  User_Data.o [17]
func_System_Mainloop_Dispose
                           0x2'17d5   0x2fe  Code  Gb  Mainloop.o [9]
func_System_Soft_Reset     0x2'06e5     0xe  Code  Gb  Mainloop.o [9]
func_WatchDog_Refresh      0x1'a02f    0x1e  Code  Gb  WatchDog.o [18]
func_WaterLevel_View_Show
                           0x2'8699   0x24e  Code  Gb  Display.o [11]
func_diplay_NFCCheck_Menu
                           0x2'8059    0x7a  Code  Gb  Display.o [11]
func_display_Authorize_Menu
                           0x2'7fc9    0x90  Code  Gb  Display.o [11]
func_display_ConnectPhone_Menu
                           0x2'80d3    0xb0  Code  Gb  Display.o [11]
func_display_PowerOn_Menu
                           0x2'7fb9    0x10  Code  Gb  Display.o [11]
func_display_string        0x2'68dd   0x7a8  Code  Gb  OLED.o [11]
func_sprintf_metricsystem
                           0x2'79cd   0x426  Code  Gb  Display.o [11]
gE_4G_Module_Init_CMD   0x1fff'9c89     0x1  Data  Gb  User_Data.o [17]
gSt_DevMeasRecordData   0x1fff'9b24    0x2c  Data  Gb  User_Data.o [17]
gSt_systemPara          0x2001'0000  0xfe60  Data  Lc  User_Data.o [17]
g_ATE_CMD               0x1fff'82ec     0x8  Data  Lc  BT_TB05.o [2]
g_AT_CMD                0x1fff'82f4     0x4  Data  Lc  BT_TB05.o [2]
g_AT_RESET_CMD          0x1fff'82b8    0x20  Data  Lc  BT_TB05.o [2]
g_AT_SSID_CMD           0x1fff'8294    0x24  Data  Lc  BT_TB05.o [2]
g_Ble_SSID              0x1fff'82d8    0x14  Data  Gb  BT_TB05.o [2]
g_sSKLogo_New              0x3'5f38   0x400  Data  Gb  Font.o [11]
g_sint8_Font_16x10_12864
                           0x3'50b0   0x5a0  Data  Gb  Font.o [11]
g_sint8_Font_16x12_12864
                           0x3'36d4   0x780  Data  Gb  Font.o [11]
g_sint8_Font_6x12_AsciiDot
                           0x3'5650   0x4c8  Data  Gb  Font.o [11]
gc_SystemPosi           0x1fff'9c88     0x1  Data  Gb  User_Data.o [17]
gfunc_DateString_process
                           0x2'7dfd   0x1bc  Code  Gb  Display.o [11]
gfunc_Modbus_Matching      0x2'f48b   0x188  Code  Gb  ModbusRTU_Device_BT.o [10]
gs_DeviceDefaultPara    0x1fff'8000   0x108  Data  Gb  User_Data.o [17]
guc_ERR13DelayCnt       0x1fff'9c65     0x1  Data  Gb  BT_TB05.o [2]
guc_HX_RadarLevel_Addr  0x1fff'9c80     0x1  Data  Gb  ModbusRTU.o [10]
guc_LcdDipRevesAttr     0x1fff'9c86     0x1  Data  Gb  User_Data.o [17]
guc_NFCPWRInitFlag      0x1fff'9c84     0x1  Data  Gb  User_Data.o [17]
guc_NFC_Card_Flag       0x1fff'9c87     0x1  Data  Gb  User_Data.o [17]
guc_NFC_Card_ID         0x1fff'8108    0x8c  Data  Gb  RXNTTL518.o [14]
guc_OLED_Buf            0x1fff'9308   0x400  Data  Gb  User_Data.o [17]
guc_RTURecvArr          0x1fff'9ac0    0x64  Data  Gb  User_Data.o [17]
guc_SystemPowerInitFlag
                        0x1fff'9c85     0x1  Data  Gb  User_Data.o [17]
guc_TextBDData          0x1fff'9bc8    0x14  Data  Gb  User_Data.o [17]
guc_W25Q128_Buf         0x1fff'8308  0x1000  Data  Gb  drv_Storage_W25Q128.o [16]
hex_to_str                 0x1'487f    0x60  Code  Gb  4G_EC200U.o [1]
isalpha                    0x2'4031    0x14  Code  Gb  isalpha.o [29]
isspace                    0x2'401d    0x14  Code  Gb  isspace.o [29]
lcd_address                0x2'6751    0x28  Code  Gb  OLED.o [11]
ldexp                      0x2'43f5          Code  Gb  ldexp.o [30]
ldexpl                     0x2'43f5          Code  Gb  ldexp.o [30]
lmos                       0x1'f058    0x18  Data  Lc  xDaysTo64.o [29]
lnbias                     0x3'5b18   0x420  Data  Lc  pow64.o [30]
localeconv                 0x2'4085     0x4  Code  Gb  xlocale_c.o [29]
m_au16Adc1Value         0x1fff'9b7c    0x24  Data  Lc  drv_ADC.o [21]
m_au16Adc2Value         0x1fff'9ba0    0x14  Data  Lc  drv_ADC.o [21]
m_f32OffsetM            0x1fff'9c18     0x4  Data  Lc  hc32f460_ots.o [20]
m_f32SlopeK             0x1fff'9c14     0x4  Data  Lc  hc32f460_ots.o [20]
m_stcSysclkCfg          0x1fff'9be8     0x8  Data  Lc  main.o [28]
main                       0x3'406d   0x4ec  Code  Gb  main.o [28]
main::ucMonitorFlag     0x1fff'9c79     0x1  Data  Lc  main.o [28]
main::ucRetryCnt        0x1fff'9c7a     0x1  Data  Lc  main.o [28]
memchr                     0x2'47cd          Code  Gb  memchr.o [31]
memcmp                     0x2'3d29          Code  Gb  memcmp.o [31]
mktime                     0x1'8711    0xe0  Code  Gb  mktime64.o [29]
mos                        0x1'f070    0x18  Data  Lc  xDaysTo64.o [29]
nackFlag                0x1fff'9c66     0x1  Data  Gb  drv_IIC.o [22]
ndigs                      0x3'6e70    0x28  Data  Lc  iar_Stoulx.o [29]
ndigs                      0x3'6ec0    0x28  Data  Lc  iar_Stoullx.o [29]
now                     0x1fff'9be0     0x8  Data  Gb  4G_EC200U.o [1]
pfnNmiCallback          0x1fff'9c10     0x4  Data  Lc  hc32f460_exint_nmi_swi.o [20]
pow                        0x3'2af1   0x68c  Code  Gb  pow64.o [30]
powl                       0x3'2af1   0x68c  Code  Gb  pow64.o [30]
pows                       0x3'73e8    0x48  Data  Lc  strto64.o [30]
prveMBError2Exception      0x2'e2b9    0x26  Code  Gb  ModbusRTU_Device_BT.o [10]
pst_BDSystemPara        0x1fff'9c1c     0x4  Data  Lc  LC86L_BD.o [3]
pst_BTSystemPara        0x1fff'9bf8     0x4  Data  Lc  BT_TB05.o [2]
pst_EC200USystemPara    0x1fff'9bdc     0x4  Data  Lc  4G_EC200U.o [1]
pst_LoraSystemPara      0x1fff'9c20     0x4  Data  Lc  Lora_TP1109.o [6]
pst_MBSystemPara        0x1fff'9c30     0x4  Data  Gb  ModbusRTU.o [10]
pst_MQTTSystemPara      0x1fff'9c3c     0x4  Data  Lc  MQTT_SK.o [7]
pst_MagSystemPara       0x1fff'9c24     0x4  Data  Lc  Magnetic_Bar.o [8]
pst_MainSystemPara      0x1fff'9c28     0x4  Data  Lc  main.o [28]
pst_MainloopSystemPara  0x1fff'9c2c     0x4  Data  Lc  Mainloop.o [9]
pst_OLEDSystemPara      0x1fff'9c40     0x4  Data  Gb  OLED.o [11]
pst_PhotoSystemPara     0x1fff'9c44     0x4  Data  Lc  Photosensitive_XYC_ALS.o [12]
pst_RTCSystemPara       0x1fff'9bfc     0x4  Data  Lc  drv_RTC.o [24]
pst_RXNTTLSystemPara    0x1fff'9c48     0x4  Data  Lc  RXNTTL518.o [14]
pst_SC7A20SystemPara    0x1fff'9c00     0x4  Data  Lc  drv_SC7A20H.o [15]
pst_TimerSystemPara     0x1fff'9c08     0x4  Data  Lc  drv_Timer.o [26]
pst_UsartSystemPara     0x1fff'9c0c     0x4  Data  Lc  drv_USART.o [27]
pst_W25Q128SystemPara   0x1fff'9c04     0x4  Data  Gb  drv_Storage_W25Q128.o [16]
pucSndBufferCur         0x1fff'9c34     0x4  Data  Lc  ModbusRTU_Device_BT.o [10]
ranmatch                   0x1'ed6b    0x46  Code  Lc  xscanffull_nomb.o [29]
scalbln                    0x2'43f5          Code  Gb  ldexp.o [30]
scalblnl                   0x2'43f5          Code  Gb  ldexp.o [30]
scalbn                     0x2'43f5          Code  Gb  ldexp.o [30]
scalbnl                    0x2'43f5          Code  Gb  ldexp.o [30]
scale                      0x1'fe0f    0x46  Code  Lc  xprintflarge_nomb.o [29]
sec_hand                0x1fff'9c50     0x4  Data  Lc  xfail_s.o [29]
sprintf                    0x1'87f1    0x40  Code  Gb  sprintf.o [29]
sqrt                       0x3'1ac1          Code  Gb  sqrt.o [30]
sqrtl                      0x3'1ac1          Code  Gb  sqrt.o [30]
sscanf                     0x1'86e9    0x28  Code  Gb  sscanf.o [29]
st_TempValue            0x1fff'9908   0x1b8  Data  Gb  4G_EC200U.o [1]
strcat                     0x1'8867    0x1e  Code  Gb  strcat.o [29]
strchr                     0x1'e229          Code  Gb  strchr.o [31]
strcmp                     0x2'1b11          Code  Gb  strcmp.o [31]
strcpy                     0x1'9fe9          Code  Gb  strcpy.o [31]
strcspn                    0x3'319f    0x22  Code  Gb  strcspn.o [29]
strlen                     0x1'8831          Code  Gb  strlen.o [31]
strncmp                    0x3'1a85    0x2a  Code  Gb  strncmp.o [29]
strspn                     0x3'317d    0x22  Code  Gb  strspn.o [29]
strstr                     0x2'c4f5    0x2c  Code  Gb  strstr.o [29]
strtok                     0x3'1de1    0x4c  Code  Gb  strtok.o [29]
strtoll                    0x2'4785     0x2  Code  Gb  iar_Stollx.o [29]
strtoull                   0x2'46dd     0x2  Code  Gb  iar_Stoullx.o [29]
tolower                    0x2'fe8d    0x14  Code  Gb  tolower.o [29]
u32ICG                        0x400    0x20  Data  Gb  hc32f460_icg.o [20]
u8HrcState              0x1fff'9c75     0x1  Data  Gb  hc32f460_pwc.o [20]
u8MrcState              0x1fff'9c76     0x1  Data  Gb  hc32f460_pwc.o [20]
u8StopFlag              0x1fff'9c78     0x1  Data  Gb  hc32f460_pwc.o [20]
u8SysClkSrc             0x1fff'8304     0x1  Data  Gb  hc32f460_pwc.o [20]
u8WkupIntCnt            0x1fff'9c77     0x1  Data  Gb  hc32f460_pwc.o [20]
ucMeasSensorExistFlag   0x1fff'9c61     0x1  Data  Gb  4G_EC200U.o [1]
ucMeasWaterVolumeFlag   0x1fff'9c60     0x1  Data  Gb  4G_EC200U.o [1]
ucRecordCnt             0x1fff'9c5c     0x1  Data  Gb  4G_EC200U.o [1]
ucWaterLevel_Radar_Flag
                        0x1fff'9c5d     0x1  Data  Gb  4G_EC200U.o [1]
ucWaterQuality_COD_Flag
                        0x1fff'9c5e     0x1  Data  Gb  4G_EC200U.o [1]
ucWaterQuality_COND_Flag
                        0x1fff'9c5f     0x1  Data  Gb  4G_EC200U.o [1]
ulRecordCnt             0x1fff'9bf4     0x4  Data  Gb  4G_EC200U.o [1]
ulTime                  0x1fff'9bf0     0x4  Data  Gb  4G_EC200U.o [1]
usRcvBufferPos          0x1fff'9c58     0x2  Data  Lc  ModbusRTU_Device_BT.o [10]
xFuncHandlers           0x1fff'8194    0x80  Data  Lc  ModbusRTU_Device_BT.o [10]


[1] = D:\Myself\WorkProcess\SK\HC32F460_WorkProcess\example\Source\Pipe_Monitor\Pipe_Monitor_App\EWARM\output\debug\Obj\4G_EC200U_8582873453978518366.dir
[2] = D:\Myself\WorkProcess\SK\HC32F460_WorkProcess\example\Source\Pipe_Monitor\Pipe_Monitor_App\EWARM\output\debug\Obj\BT_TB05_12041724360499981866.dir
[3] = D:\Myself\WorkProcess\SK\HC32F460_WorkProcess\example\Source\Pipe_Monitor\Pipe_Monitor_App\EWARM\output\debug\Obj\LC86L_BD_9822625824417385734.dir
[4] = D:\Myself\WorkProcess\SK\HC32F460_WorkProcess\example\Source\Pipe_Monitor\Pipe_Monitor_App\EWARM\output\debug\Obj\LKT4202_1925765440156868983.dir
[5] = D:\Myself\WorkProcess\SK\HC32F460_WorkProcess\example\Source\Pipe_Monitor\Pipe_Monitor_App\EWARM\output\debug\Obj\LoRa_RA02_5139138412578801246.dir
[6] = D:\Myself\WorkProcess\SK\HC32F460_WorkProcess\example\Source\Pipe_Monitor\Pipe_Monitor_App\EWARM\output\debug\Obj\Lora_TP1109_151720617378073083.dir
[7] = D:\Myself\WorkProcess\SK\HC32F460_WorkProcess\example\Source\Pipe_Monitor\Pipe_Monitor_App\EWARM\output\debug\Obj\MQTT_SK_4724149239023757000.dir
[8] = D:\Myself\WorkProcess\SK\HC32F460_WorkProcess\example\Source\Pipe_Monitor\Pipe_Monitor_App\EWARM\output\debug\Obj\Magnetic_Bar_17520218520042908049.dir
[9] = D:\Myself\WorkProcess\SK\HC32F460_WorkProcess\example\Source\Pipe_Monitor\Pipe_Monitor_App\EWARM\output\debug\Obj\Mainloop_18272944273632151421.dir
[10] = D:\Myself\WorkProcess\SK\HC32F460_WorkProcess\example\Source\Pipe_Monitor\Pipe_Monitor_App\EWARM\output\debug\Obj\ModbusRTU_17682219295068567368.dir
[11] = D:\Myself\WorkProcess\SK\HC32F460_WorkProcess\example\Source\Pipe_Monitor\Pipe_Monitor_App\EWARM\output\debug\Obj\OLED_13473777563621607307.dir
[12] = D:\Myself\WorkProcess\SK\HC32F460_WorkProcess\example\Source\Pipe_Monitor\Pipe_Monitor_App\EWARM\output\debug\Obj\Photosensitive_XYC_ALS_28064708180949255.dir
[13] = D:\Myself\WorkProcess\SK\HC32F460_WorkProcess\example\Source\Pipe_Monitor\Pipe_Monitor_App\EWARM\output\debug\Obj\RF_NFC_10628150809568064830.dir
[14] = D:\Myself\WorkProcess\SK\HC32F460_WorkProcess\example\Source\Pipe_Monitor\Pipe_Monitor_App\EWARM\output\debug\Obj\RXNTTL518_17808510930951076202.dir
[15] = D:\Myself\WorkProcess\SK\HC32F460_WorkProcess\example\Source\Pipe_Monitor\Pipe_Monitor_App\EWARM\output\debug\Obj\SC7A20H_13085057635104233901.dir
[16] = D:\Myself\WorkProcess\SK\HC32F460_WorkProcess\example\Source\Pipe_Monitor\Pipe_Monitor_App\EWARM\output\debug\Obj\Storage_W25Q128_4738127093883701884.dir
[17] = D:\Myself\WorkProcess\SK\HC32F460_WorkProcess\example\Source\Pipe_Monitor\Pipe_Monitor_App\EWARM\output\debug\Obj\User_Data_5391006662705040797.dir
[18] = D:\Myself\WorkProcess\SK\HC32F460_WorkProcess\example\Source\Pipe_Monitor\Pipe_Monitor_App\EWARM\output\debug\Obj\WatchDog_9188475617120297074.dir
[19] = D:\Myself\WorkProcess\SK\HC32F460_WorkProcess\example\Source\Pipe_Monitor\Pipe_Monitor_App\EWARM\output\debug\Obj\common_14919461937644757070.dir
[20] = D:\Myself\WorkProcess\SK\HC32F460_WorkProcess\example\Source\Pipe_Monitor\Pipe_Monitor_App\EWARM\output\debug\Obj\driver_11944700488488147666.dir
[21] = D:\Myself\WorkProcess\SK\HC32F460_WorkProcess\example\Source\Pipe_Monitor\Pipe_Monitor_App\EWARM\output\debug\Obj\drv_ADC_15186207816091091275.dir
[22] = D:\Myself\WorkProcess\SK\HC32F460_WorkProcess\example\Source\Pipe_Monitor\Pipe_Monitor_App\EWARM\output\debug\Obj\drv_IIC_18060258103304213159.dir
[23] = D:\Myself\WorkProcess\SK\HC32F460_WorkProcess\example\Source\Pipe_Monitor\Pipe_Monitor_App\EWARM\output\debug\Obj\drv_OTS_Temperature_13039655784802445445.dir
[24] = D:\Myself\WorkProcess\SK\HC32F460_WorkProcess\example\Source\Pipe_Monitor\Pipe_Monitor_App\EWARM\output\debug\Obj\drv_RTC_2577979922006117733.dir
[25] = D:\Myself\WorkProcess\SK\HC32F460_WorkProcess\example\Source\Pipe_Monitor\Pipe_Monitor_App\EWARM\output\debug\Obj\drv_SPI_4333388098947449637.dir
[26] = D:\Myself\WorkProcess\SK\HC32F460_WorkProcess\example\Source\Pipe_Monitor\Pipe_Monitor_App\EWARM\output\debug\Obj\drv_Timer_6973001687617930806.dir
[27] = D:\Myself\WorkProcess\SK\HC32F460_WorkProcess\example\Source\Pipe_Monitor\Pipe_Monitor_App\EWARM\output\debug\Obj\drv_USART_14144334009435087269.dir
[28] = D:\Myself\WorkProcess\SK\HC32F460_WorkProcess\example\Source\Pipe_Monitor\Pipe_Monitor_App\EWARM\output\debug\Obj\source_5634686896477721948.dir
[29] = dl7M_tlf.a
[30] = m7M_tls.a
[31] = rt7M_tl.a
[32] = shb_l.a

  133'909 bytes of readonly  code memory
   15'353 bytes of readonly  data memory (+ 32 absolute)
   80'617 bytes of readwrite data memory

Errors: none
Warnings: none
