###############################################################################
#
# IAR ELF Linker V9.40.1.364/W64 for ARM                  11/Sep/2025  13:52:54
# Copyright 2007-2023 IAR Systems AB.
#
#    Output file  =
#        D:\Myself\WorkProcess\SK\HC32F460_WorkProcess\example\Source\Pipe_Monitor\Pipe_Monitor_App\EWARM\output\debug\Exe\Pipe_Monitor_App.out
#    Map file     =
#        D:\Myself\WorkProcess\SK\HC32F460_WorkProcess\example\Source\Pipe_Monitor\Pipe_Monitor_App\EWARM\output\debug\List\Pipe_Monitor_App.map
#    Command line =
#        -f
#        D:\Myself\WorkProcess\SK\HC32F460_WorkProcess\example\Source\Pipe_Monitor\Pipe_Monitor_App\EWARM\output\debug\Exe\Pipe_Monitor_App.out.rsp
#        (D:\Myself\WorkProcess\SK\HC32F460_WorkProcess\example\Source\Pipe_Monitor\Pipe_Monitor_App\EWARM\output\debug\Obj\4G_EC200U_8582873453978518366.dir\4G_EC200U.o
#        D:\Myself\WorkProcess\SK\HC32F460_WorkProcess\example\Source\Pipe_Monitor\Pipe_Monitor_App\EWARM\output\debug\Obj\BT_TB05_12041724360499981866.dir\BT_TB05.o
#        D:\Myself\WorkProcess\SK\HC32F460_WorkProcess\example\Source\Pipe_Monitor\Pipe_Monitor_App\EWARM\output\debug\Obj\OLED_13473777563621607307.dir\Display.o
#        D:\Myself\WorkProcess\SK\HC32F460_WorkProcess\example\Source\Pipe_Monitor\Pipe_Monitor_App\EWARM\output\debug\Obj\drv_ADC_15186207816091091275.dir\drv_ADC.o
#        D:\Myself\WorkProcess\SK\HC32F460_WorkProcess\example\Source\Pipe_Monitor\Pipe_Monitor_App\EWARM\output\debug\Obj\drv_IIC_18060258103304213159.dir\drv_IIC.o
#        D:\Myself\WorkProcess\SK\HC32F460_WorkProcess\example\Source\Pipe_Monitor\Pipe_Monitor_App\EWARM\output\debug\Obj\LKT4202_1925765440156868983.dir\drv_LKT4202.o
#        D:\Myself\WorkProcess\SK\HC32F460_WorkProcess\example\Source\Pipe_Monitor\Pipe_Monitor_App\EWARM\output\debug\Obj\drv_RTC_2577979922006117733.dir\drv_RTC.o
#        D:\Myself\WorkProcess\SK\HC32F460_WorkProcess\example\Source\Pipe_Monitor\Pipe_Monitor_App\EWARM\output\debug\Obj\SC7A20H_13085057635104233901.dir\drv_SC7A20H.o
#        D:\Myself\WorkProcess\SK\HC32F460_WorkProcess\example\Source\Pipe_Monitor\Pipe_Monitor_App\EWARM\output\debug\Obj\drv_SPI_4333388098947449637.dir\drv_SPI.o
#        D:\Myself\WorkProcess\SK\HC32F460_WorkProcess\example\Source\Pipe_Monitor\Pipe_Monitor_App\EWARM\output\debug\Obj\Storage_W25Q128_4738127093883701884.dir\drv_Storage_W25Q128.o
#        D:\Myself\WorkProcess\SK\HC32F460_WorkProcess\example\Source\Pipe_Monitor\Pipe_Monitor_App\EWARM\output\debug\Obj\drv_Timer_6973001687617930806.dir\drv_Timer.o
#        D:\Myself\WorkProcess\SK\HC32F460_WorkProcess\example\Source\Pipe_Monitor\Pipe_Monitor_App\EWARM\output\debug\Obj\drv_USART_14144334009435087269.dir\drv_USART.o
#        D:\Myself\WorkProcess\SK\HC32F460_WorkProcess\example\Source\Pipe_Monitor\Pipe_Monitor_App\EWARM\output\debug\Obj\RF_NFC_10628150809568064830.dir\fm175xx.o
#        D:\Myself\WorkProcess\SK\HC32F460_WorkProcess\example\Source\Pipe_Monitor\Pipe_Monitor_App\EWARM\output\debug\Obj\OLED_13473777563621607307.dir\Font.o
#        D:\Myself\WorkProcess\SK\HC32F460_WorkProcess\example\Source\Pipe_Monitor\Pipe_Monitor_App\EWARM\output\debug\Obj\driver_11944700488488147666.dir\hc32f460_adc.o
#        D:\Myself\WorkProcess\SK\HC32F460_WorkProcess\example\Source\Pipe_Monitor\Pipe_Monitor_App\EWARM\output\debug\Obj\driver_11944700488488147666.dir\hc32f460_clk.o
#        D:\Myself\WorkProcess\SK\HC32F460_WorkProcess\example\Source\Pipe_Monitor\Pipe_Monitor_App\EWARM\output\debug\Obj\driver_11944700488488147666.dir\hc32f460_dmac.o
#        D:\Myself\WorkProcess\SK\HC32F460_WorkProcess\example\Source\Pipe_Monitor\Pipe_Monitor_App\EWARM\output\debug\Obj\driver_11944700488488147666.dir\hc32f460_efm.o
#        D:\Myself\WorkProcess\SK\HC32F460_WorkProcess\example\Source\Pipe_Monitor\Pipe_Monitor_App\EWARM\output\debug\Obj\driver_11944700488488147666.dir\hc32f460_event_port.o
#        D:\Myself\WorkProcess\SK\HC32F460_WorkProcess\example\Source\Pipe_Monitor\Pipe_Monitor_App\EWARM\output\debug\Obj\driver_11944700488488147666.dir\hc32f460_exint_nmi_swi.o
#        D:\Myself\WorkProcess\SK\HC32F460_WorkProcess\example\Source\Pipe_Monitor\Pipe_Monitor_App\EWARM\output\debug\Obj\driver_11944700488488147666.dir\hc32f460_gpio.o
#        D:\Myself\WorkProcess\SK\HC32F460_WorkProcess\example\Source\Pipe_Monitor\Pipe_Monitor_App\EWARM\output\debug\Obj\driver_11944700488488147666.dir\hc32f460_i2c.o
#        D:\Myself\WorkProcess\SK\HC32F460_WorkProcess\example\Source\Pipe_Monitor\Pipe_Monitor_App\EWARM\output\debug\Obj\driver_11944700488488147666.dir\hc32f460_icg.o
#        D:\Myself\WorkProcess\SK\HC32F460_WorkProcess\example\Source\Pipe_Monitor\Pipe_Monitor_App\EWARM\output\debug\Obj\driver_11944700488488147666.dir\hc32f460_interrupts.o
#        D:\Myself\WorkProcess\SK\HC32F460_WorkProcess\example\Source\Pipe_Monitor\Pipe_Monitor_App\EWARM\output\debug\Obj\driver_11944700488488147666.dir\hc32f460_keyscan.o
#        D:\Myself\WorkProcess\SK\HC32F460_WorkProcess\example\Source\Pipe_Monitor\Pipe_Monitor_App\EWARM\output\debug\Obj\driver_11944700488488147666.dir\hc32f460_pwc.o
#        D:\Myself\WorkProcess\SK\HC32F460_WorkProcess\example\Source\Pipe_Monitor\Pipe_Monitor_App\EWARM\output\debug\Obj\driver_11944700488488147666.dir\hc32f460_rtc.o
#        D:\Myself\WorkProcess\SK\HC32F460_WorkProcess\example\Source\Pipe_Monitor\Pipe_Monitor_App\EWARM\output\debug\Obj\driver_11944700488488147666.dir\hc32f460_spi.o
#        D:\Myself\WorkProcess\SK\HC32F460_WorkProcess\example\Source\Pipe_Monitor\Pipe_Monitor_App\EWARM\output\debug\Obj\driver_11944700488488147666.dir\hc32f460_sram.o
#        D:\Myself\WorkProcess\SK\HC32F460_WorkProcess\example\Source\Pipe_Monitor\Pipe_Monitor_App\EWARM\output\debug\Obj\driver_11944700488488147666.dir\hc32f460_timer0.o
#        D:\Myself\WorkProcess\SK\HC32F460_WorkProcess\example\Source\Pipe_Monitor\Pipe_Monitor_App\EWARM\output\debug\Obj\driver_11944700488488147666.dir\hc32f460_timer4_cnt.o
#        D:\Myself\WorkProcess\SK\HC32F460_WorkProcess\example\Source\Pipe_Monitor\Pipe_Monitor_App\EWARM\output\debug\Obj\driver_11944700488488147666.dir\hc32f460_timer4_oco.o
#        D:\Myself\WorkProcess\SK\HC32F460_WorkProcess\example\Source\Pipe_Monitor\Pipe_Monitor_App\EWARM\output\debug\Obj\driver_11944700488488147666.dir\hc32f460_usart.o
#        D:\Myself\WorkProcess\SK\HC32F460_WorkProcess\example\Source\Pipe_Monitor\Pipe_Monitor_App\EWARM\output\debug\Obj\driver_11944700488488147666.dir\hc32f460_utility.o
#        D:\Myself\WorkProcess\SK\HC32F460_WorkProcess\example\Source\Pipe_Monitor\Pipe_Monitor_App\EWARM\output\debug\Obj\driver_11944700488488147666.dir\hc32f460_wdt.o
#        D:\Myself\WorkProcess\SK\HC32F460_WorkProcess\example\Source\Pipe_Monitor\Pipe_Monitor_App\EWARM\output\debug\Obj\LC86L_BD_9822625824417385734.dir\LC86L_BD.o
#        D:\Myself\WorkProcess\SK\HC32F460_WorkProcess\example\Source\Pipe_Monitor\Pipe_Monitor_App\EWARM\output\debug\Obj\LoRa_RA02_5139138412578801246.dir\LoRa_RA02.o
#        D:\Myself\WorkProcess\SK\HC32F460_WorkProcess\example\Source\Pipe_Monitor\Pipe_Monitor_App\EWARM\output\debug\Obj\Lora_TP1109_151720617378073083.dir\Lora_TP1109.o
#        D:\Myself\WorkProcess\SK\HC32F460_WorkProcess\example\Source\Pipe_Monitor\Pipe_Monitor_App\EWARM\output\debug\Obj\Magnetic_Bar_17520218520042908049.dir\Magnetic_Bar.o
#        D:\Myself\WorkProcess\SK\HC32F460_WorkProcess\example\Source\Pipe_Monitor\Pipe_Monitor_App\EWARM\output\debug\Obj\source_5634686896477721948.dir\main.o
#        D:\Myself\WorkProcess\SK\HC32F460_WorkProcess\example\Source\Pipe_Monitor\Pipe_Monitor_App\EWARM\output\debug\Obj\Mainloop_18272944273632151421.dir\Mainloop.o
#        D:\Myself\WorkProcess\SK\HC32F460_WorkProcess\example\Source\Pipe_Monitor\Pipe_Monitor_App\EWARM\output\debug\Obj\RF_NFC_10628150809568064830.dir\mifare_card.o
#        D:\Myself\WorkProcess\SK\HC32F460_WorkProcess\example\Source\Pipe_Monitor\Pipe_Monitor_App\EWARM\output\debug\Obj\ModbusRTU_17682219295068567368.dir\ModbusRTU.o
#        D:\Myself\WorkProcess\SK\HC32F460_WorkProcess\example\Source\Pipe_Monitor\Pipe_Monitor_App\EWARM\output\debug\Obj\ModbusRTU_17682219295068567368.dir\ModbusRTU_Device_BT.o
#        D:\Myself\WorkProcess\SK\HC32F460_WorkProcess\example\Source\Pipe_Monitor\Pipe_Monitor_App\EWARM\output\debug\Obj\MQTT_SK_4724149239023757000.dir\MQTT_SK.o
#        D:\Myself\WorkProcess\SK\HC32F460_WorkProcess\example\Source\Pipe_Monitor\Pipe_Monitor_App\EWARM\output\debug\Obj\OLED_13473777563621607307.dir\OLED.o
#        D:\Myself\WorkProcess\SK\HC32F460_WorkProcess\example\Source\Pipe_Monitor\Pipe_Monitor_App\EWARM\output\debug\Obj\Photosensitive_XYC_ALS_28064708180949255.dir\Photosensitive_XYC_ALS.o
#        D:\Myself\WorkProcess\SK\HC32F460_WorkProcess\example\Source\Pipe_Monitor\Pipe_Monitor_App\EWARM\output\debug\Obj\RF_NFC_10628150809568064830.dir\RF_NFC.o
#        D:\Myself\WorkProcess\SK\HC32F460_WorkProcess\example\Source\Pipe_Monitor\Pipe_Monitor_App\EWARM\output\debug\Obj\RXNTTL518_17808510930951076202.dir\RXNTTL518.o
#        D:\Myself\WorkProcess\SK\HC32F460_WorkProcess\example\Source\Pipe_Monitor\Pipe_Monitor_App\EWARM\output\debug\Obj\common_14919461937644757070.dir\startup_hc32f460.o
#        D:\Myself\WorkProcess\SK\HC32F460_WorkProcess\example\Source\Pipe_Monitor\Pipe_Monitor_App\EWARM\output\debug\Obj\common_14919461937644757070.dir\system_hc32f460.o
#        D:\Myself\WorkProcess\SK\HC32F460_WorkProcess\example\Source\Pipe_Monitor\Pipe_Monitor_App\EWARM\output\debug\Obj\RF_NFC_10628150809568064830.dir\type_a.o
#        D:\Myself\WorkProcess\SK\HC32F460_WorkProcess\example\Source\Pipe_Monitor\Pipe_Monitor_App\EWARM\output\debug\Obj\RF_NFC_10628150809568064830.dir\type_b.o
#        D:\Myself\WorkProcess\SK\HC32F460_WorkProcess\example\Source\Pipe_Monitor\Pipe_Monitor_App\EWARM\output\debug\Obj\User_Data_5391006662705040797.dir\User_Data.o
#        D:\Myself\WorkProcess\SK\HC32F460_WorkProcess\example\Source\Pipe_Monitor\Pipe_Monitor_App\EWARM\output\debug\Obj\WatchDog_9188475617120297074.dir\WatchDog.o
#        --no_out_extension -o
#        D:\Myself\WorkProcess\SK\HC32F460_WorkProcess\example\Source\Pipe_Monitor\Pipe_Monitor_App\EWARM\output\debug\Exe\Pipe_Monitor_App.out
#        --map
#        D:\Myself\WorkProcess\SK\HC32F460_WorkProcess\example\Source\Pipe_Monitor\Pipe_Monitor_App\EWARM\output\debug\List\Pipe_Monitor_App.map
#        --config
#        D:\Myself\WorkProcess\SK\HC32F460_WorkProcess\example\Source\Pipe_Monitor\Pipe_Monitor_App\EWARM\HC32F460xE.icf
#        --semihosting --entry __iar_program_start --redirect
#        __write=__write_buffered --vfe --text_out locale --cpu=Cortex-M4
#        --fpu=VFPv4_sp) --dependencies=n
#        D:\Myself\WorkProcess\SK\HC32F460_WorkProcess\example\Source\Pipe_Monitor\Pipe_Monitor_App\EWARM\output\debug\Exe\Pipe_Monitor_App.out.iar_deps
#
###############################################################################

*******************************************************************************
*** RUNTIME MODEL ATTRIBUTES
***

CppFlavor       = *
__CPP_Runtime   = 1
__SystemLibrary = DLib
__dlib_version  = 6


*******************************************************************************
*** HEAP SELECTION
***

The basic heap was selected because --advanced_heap
was not specified and the application did not appear to
be primarily optimized for speed.


*******************************************************************************
*** PLACEMENT SUMMARY
***

"A0":  place at address 0x1'4000 { ro section .intvec };
"P1":  place in [from 0x1'4000 to 0x7'ffff] |
                [from 0x300'0c00 to 0x300'0ffb] { ro };
define block CSTACK with size = 8K, alignment = 8 { };
define block HEAP with size = 8K, alignment = 8 { };
"P2":  place in [from 0x1fff'8000 to 0x1fff'ffff] |
                [from 0x2000'0000 to 0x2000'ffff repeat 2] |
                [from 0x2002'0000 to 0x2002'6fff] |
                [from 0x200f'0000 to 0x200f'0fff] {
          rw, block CSTACK, block HEAP };
initialize by copy { rw };

  Section            Kind         Address      Size  Object
  -------            ----         -------      ----  ------
Absolute sections:                             0x20
  .rodata            const          0x400      0x20  hc32f460_icg.o [20]
                                  - 0x420      0x20

"A0":                                         0x280
  .intvec            ro code     0x1'4000     0x280  startup_hc32f460.o [19]
                               - 0x1'4280     0x280

"P1":                                      0x1'f82d
  .text              ro code     0x1'4280    0x1da0  ModbusRTU.o [10]
  .text              ro code     0x1'6020      0xb6  User_Data.o [17]
  .text              ro code     0x1'60d6      0x1e  xsscin.o [28]
  .text              ro code     0x1'60f4      0x66  ABImemset.o [30]
  .text              ro code     0x1'615a       0xa  xsprout.o [28]
  .text              ro code     0x1'6164     0x4d8  hc32f460_gpio.o [20]
  .text              ro code     0x1'663c      0xa6  ABImemcpy.o [30]
  .rodata            const       0x1'66e2       0x2  drv_LKT4202.o [4]
  .text              ro code     0x1'66e4     0xe34  drv_Storage_W25Q128.o [16]
  .text              ro code     0x1'7518      0x6c  hc32f460_utility.o [20]
  .text              ro code     0x1'7584    0x12cc  drv_USART.o [26]
  .text              ro code     0x1'8850      0x1c  U32ToDbl.o [29]
  .text              ro code     0x1'886c     0x246  DblDiv.o [29]
  .rodata            const       0x1'8ab2       0x2  drv_LKT4202.o [4]
  .text              ro code     0x1'8ab4      0x68  DblToFlt.o [29]
  .text              ro code     0x1'8b1c     0x25e  DblAddSub.o [29]
  .rodata            const       0x1'8d7a       0x2  drv_LKT4202.o [4]
  .text              ro code     0x1'8d7c      0x46  U64ToDbl.o [29]
  .rodata            const       0x1'8dc2       0x2  drv_LKT4202.o [4]
  .text              ro code     0x1'8dc4      0x36  strlen.o [30]
  .text              ro code     0x1'8dfa      0x2c  strstr.o [28]
  .rodata            const       0x1'8e26       0x2  drv_LKT4202.o [4]
  .text              ro code     0x1'8e28      0x12  strcmp.o [30]
  .rodata            const       0x1'8e3a       0x2  drv_LKT4202.o [4]
  .text              ro code     0x1'8e3c      0x68  memcmp.o [30]
  .text              ro code     0x1'8ea4       0x2  hc32f460_utility.o [20]
  .rodata            const       0x1'8ea6       0x2  xlocale_c.o [28]
  .text              ro code     0x1'8ea8     0x7b4  hc32f460_spi.o [20]
  .text              ro code     0x1'965c      0x18  strcpy.o [30]
  .text              ro code     0x1'9674     0xf24  Mainloop.o [9]
  .text              ro code     0x1'a598     0xa48  hc32f460_usart.o [20]
  .text              ro code     0x1'afe0     0xac0  hc32f460_dmac.o [20]
  .text              ro code     0x1'baa0     0xa10  hc32f460_pwc.o [20]
  .text              ro code     0x1'c4b0     0xb40  hc32f460_interrupts.o [20]
  .text              ro code     0x1'cff0     0x934  hc32f460_timer0.o [20]
  .text              ro code     0x1'd924     0x3cc  BT_TB05.o [2]
  .text              ro code     0x1'dcf0      0x16  strchr.o [30]
  .rodata            const       0x1'dd06       0x2  xlocale_c.o [28]
  .text              ro code     0x1'dd08     0x454  drv_ADC.o [21]
  .text              ro code     0x1'e15c     0xc90  OLED.o [11]
  .text              ro code     0x1'edec      0x66  RF_NFC.o [13]
  .rodata            const       0x1'ee52       0x1  xlocale_c.o [28]
  .text              ro code     0x1'ee54    0x1c5c  4G_EC200U.o [1]
  .text              ro code     0x2'0ab0     0x244  RXNTTL518.o [14]
  .text              ro code     0x2'0cf4     0x514  LC86L_BD.o [3]
  .text              ro code     0x2'1208     0x3ac  Photosensitive_XYC_ALS.o [12]
  .text              ro code     0x2'15b4     0x2da  drv_SC7A20H.o [15]
  .text              ro code     0x2'1890      0x48  FltToDbl.o [29]
  .text              ro code     0x2'18d8      0x34  DblCmpLe.o [29]
  .text              ro code     0x2'190c      0x34  DblCmpGe.o [29]
  .text              ro code     0x2'1940     0x6d8  drv_RTC.o [23]
  .text              ro code     0x2'2018      0x28  sscanf.o [28]
  .text              ro code     0x2'2040      0xe0  mktime64.o [28]
  .text              ro code     0x2'2120     0x7f4  drv_Timer.o [25]
  .text              ro code     0x2'2914    0x1d04  MQTT_SK.o [7]
  .text              ro code     0x2'4618     0x274  I64DivMod.o [30]
  .text              ro code     0x2'488c     0x110  system_hc32f460.o [19]
  .text              ro code     0x2'499c     0x17c  hc32f460_exint_nmi_swi.o [20]
  .text              ro code     0x2'4b18      0x1e  strcat.o [28]
  .text              ro code     0x2'4b38    0x151c  ModbusRTU_Device_BT.o [10]
  .text              ro code     0x2'6054     0xf60  hc32f460_clk.o [20]
  .text              ro code     0x2'6fb4     0x578  hc32f460_adc.o [20]
  .text              ro code     0x2'752c     0x1aa  DblMul.o [29]
  .text              ro code     0x2'76d8     0x928  drv_IIC.o [22]
  .text              ro code     0x2'8000      0x40  sprintf.o [28]
  .text              ro code     0x2'8040      0x4c  WatchDog.o [18]
  .text              ro code     0x2'808c      0x2a  strncmp.o [28]
  .text              ro code     0x2'80b8      0x22  S32ToDbl.o [29]
  .text              ro code     0x2'80dc     0x102  sqrt.o [29]
  .text              ro code     0x2'81e0      0x2a  math_wrappers64.o [29]
  .text              ro code     0x2'820c      0x36  DblToS32.o [29]
  .text              ro code     0x2'8244     0x8a4  hc32f460_rtc.o [20]
  .text              ro code     0x2'8ae8     0xd7c  xscanffull_nomb.o [28]
  .text              ro code     0x2'9864      0xcc  xDaysTo64.o [28]
  .text              ro code     0x2'9930     0x15c  xttotm64.o [28]
  .text              ro code     0x2'9a8c       0x4  xTzoff_nop.o [28]
  .text              ro code     0x2'9a90     0x9d0  hc32f460_timer4_oco.o [20]
  .text              ro code     0x2'a460    0x15f8  Display.o [11]
  .text              ro code     0x2'ba58     0x368  hc32f460_timer4_cnt.o [20]
  .text              ro code     0x2'bdc0      0x4c  strtok.o [28]
  .text              ro code     0x2'be0c     0x152  iar_Stoulx.o [28]
  .text              ro code     0x2'bf60       0x2  I64DivZer.o [30]
  .text              ro code     0x2'bf64     0xaa0  hc32f460_i2c.o [20]
  .text              ro code     0x2'ca04     0xd1a  xprintflarge_nomb.o [28]
  .text              ro code     0x2'd720     0x362  strto64.o [29]
  .text              ro code     0x2'da84      0xbc  atan64.o [29]
  .text              ro code     0x2'db40     0x68c  pow64.o [29]
  .text              ro code     0x2'e1cc      0x14  isspace.o [28]
  .text              ro code     0x2'e1e0      0x14  isalpha.o [28]
  .text              ro code     0x2'e1f4      0x4c  xlocale_c.o [28]
  .text              ro code     0x2'e240     0x13a  ldexp.o [29]
  .text              ro code     0x2'e37c     0x1b2  iar_Stoullx.o [28]
  .text              ro code     0x2'e530      0xa6  iar_Stollx.o [28]
  .text              ro code     0x2'e5d8      0x40  xfail_s.o [28]
  .text              ro code     0x2'e618      0x58  memchr.o [30]
  .text              ro code     0x2'e670       0x6  xisdst_nop64.o [28]
  .text              ro code     0x2'e676      0x22  strspn.o [28]
  .text              ro code     0x2'e698      0x22  strcspn.o [28]
  .text              ro code     0x2'e6ba      0x14  tolower.o [28]
  .text              ro code     0x2'e6d0      0x70  frexp.o [29]
  .text              ro code     0x2'e740      0x22  DblToU32.o [29]
  .text              ro code     0x2'e762     0x122  iar_Stopfx.o [28]
  .text              ro code     0x2'e884     0x1b8  iar_Stoflt.o [28]
  .text              ro code     0x2'ea3c     0x208  iar_Stoxflt.o [28]
  .text              ro code     0x2'ec44     0x1c8  iar_Atan64.o [29]
  .text              ro code     0x2'ee0c      0x20  DblCmpEq.o [29]
  .text              ro code     0x2'ee2c     0x32c  iar_Exp64.o [29]
  .text              ro code     0x2'f158       0x6  abort.o [28]
  .text              ro code     0x2'f160      0x14  exit.o [31]
  .rodata            const       0x2'f174     0x600  Font.o [11]
  .rodata            const       0x2'f774     0x5a0  Font.o [11]
  .text              ro code     0x2'fd14     0x590  main.o [27]
  .text              ro code     0x3'02a4      0x90  hc32f460_efm.o [20]
  .text              ro code     0x3'0334     0x188  hc32f460_sram.o [20]
  .text              ro code     0x3'04bc      0xdc  drv_SPI.o [24]
  .text              ro code     0x3'0598     0x198  Lora_TP1109.o [6]
  .text              ro code     0x3'0730     0x1c0  Magnetic_Bar.o [8]
  .text              ro code     0x3'08f0     0x458  drv_LKT4202.o [4]
  .rodata            const       0x3'0d48     0x4c8  Font.o [11]
  .rodata            const       0x3'1210     0x420  pow64.o [29]
  .rodata            const       0x3'1630     0x400  Font.o [11]
  .rodata            const       0x3'1a30     0x200  ModbusRTU.o [10]
  .rodata            const       0x3'1c30     0x200  RXNTTL518.o [14]
  .rodata            const       0x3'1e30     0x1e0  ModbusRTU_Device_BT.o [10]
  .rodata            const       0x3'2010     0x100  ModbusRTU.o [10]
  .rodata            const       0x3'2110     0x100  ModbusRTU.o [10]
  .text              ro code     0x3'2210      0xa2  packbits_init.o [30]
  .rodata            const       0x3'22b4      0x64  4G_EC200U.o [1]
  .rodata            const       0x3'2318      0x54  hc32f460_exint_nmi_swi.o [20]
  .rodata            const       0x3'236c      0x54  MQTT_SK.o [7]
  .rodata            const       0x3'23c0      0x50  hc32f460_interrupts.o [20]
  .rodata            const       0x3'2410      0x50  hc32f460_timer4_cnt.o [20]
  .rodata            const       0x3'2460      0x50  hc32f460_timer4_oco.o [20]
  .rodata            const       0x3'24b0      0x50  iar_Stoulx.o [28]
  .rodata            const       0x3'2500      0x50  iar_Stoullx.o [28]
  .rodata            const       0x3'2550      0x4c  4G_EC200U.o [1]
  .rodata            const       0x3'259c      0x4c  4G_EC200U.o [1]
  .rodata            const       0x3'25e8      0x4c  hc32f460_dmac.o [20]
  .rodata            const       0x3'2634      0x4c  hc32f460_gpio.o [20]
  .rodata            const       0x3'2680      0x4c  hc32f460_sram.o [20]
  .rodata            const       0x3'26cc      0x4c  hc32f460_timer0.o [20]
  .rodata            const       0x3'2718      0x4c  hc32f460_usart.o [20]
  .rodata            const       0x3'2764      0x48  hc32f460_adc.o [20]
  .rodata            const       0x3'27ac      0x48  hc32f460_clk.o [20]
  .rodata            const       0x3'27f4      0x48  hc32f460_efm.o [20]
  .rodata            const       0x3'283c      0x48  hc32f460_i2c.o [20]
  .rodata            const       0x3'2884      0x48  hc32f460_pwc.o [20]
  .rodata            const       0x3'28cc      0x48  hc32f460_rtc.o [20]
  .rodata            const       0x3'2914      0x48  hc32f460_spi.o [20]
  .rodata            const       0x3'295c      0x48  MQTT_SK.o [7]
  .rodata            const       0x3'29a4      0x3c  4G_EC200U.o [1]
  .rodata            const       0x3'29e0      0x48  strto64.o [29]
  .text              ro code     0x3'2a30      0x44  startup_hc32f460.o [19]
  .rodata            const       0x3'2a74      0x3c  4G_EC200U.o [1]
  .rodata            const       0x3'2ab0      0x40  iar_Atan64.o [29]
  .rodata            const       0x3'2af0      0x3c  MQTT_SK.o [7]
  .rodata            const       0x3'2b2c      0x3c  MQTT_SK.o [7]
  .rodata            const       0x3'2b68      0x38  4G_EC200U.o [1]
  .rodata            const       0x3'2ba0      0x38  4G_EC200U.o [1]
  .rodata            const       0x3'2bd8      0x38  4G_EC200U.o [1]
  .rodata            const       0x3'2c10      0x38  4G_EC200U.o [1]
  .rodata            const       0x3'2c48      0x38  4G_EC200U.o [1]
  .rodata            const       0x3'2c80      0x38  MQTT_SK.o [7]
  .text              ro code     0x3'2cb8      0x38  zero_init3.o [30]
  .rodata            const       0x3'2cf0      0x34  4G_EC200U.o [1]
  .rodata            const       0x3'2d24      0x34  MQTT_SK.o [7]
  .rodata            const       0x3'2d58      0x34  MQTT_SK.o [7]
  .rodata            const       0x3'2d8c      0x34  MQTT_SK.o [7]
  .rodata            const       0x3'2dc0      0x30  4G_EC200U.o [1]
  .rodata            const       0x3'2df0      0x28  MQTT_SK.o [7]
  .rodata            const       0x3'2e18      0x28  xscanffull_nomb.o [28]
  .text              ro code     0x3'2e40      0x28  data_init.o [30]
  .rodata            const       0x3'2e68      0x24  xscanffull_nomb.o [28]
  .text              ro code     0x3'2e8c      0x22  fpinit_M.o [29]
  .iar.init_table    const       0x3'2eb0      0x2c  - Linker created -
  .rodata            const       0x3'2edc      0x20  4G_EC200U.o [1]
  .rodata            const       0x3'2efc      0x20  4G_EC200U.o [1]
  .rodata            const       0x3'2f1c      0x20  4G_EC200U.o [1]
  .rodata            const       0x3'2f3c      0x20  drv_LKT4202.o [4]
  .rodata            const       0x3'2f5c      0x20  drv_LKT4202.o [4]
  .rodata            const       0x3'2f7c      0x20  drv_RTC.o [23]
  .text              ro code     0x3'2f9c      0x1e  cmain.o [30]
  .text              ro code     0x3'2fba       0x4  low_level_init.o [28]
  .text              ro code     0x3'2fbe       0x4  exit.o [28]
  .text              ro code     0x3'2fc4       0xa  cexit.o [30]
  .rodata            const       0x3'2fd0      0x1c  4G_EC200U.o [1]
  .rodata            const       0x3'2fec      0x1c  MQTT_SK.o [7]
  .rodata            const       0x3'3008      0x1c  MQTT_SK.o [7]
  .text              ro code     0x3'3024      0x1c  cstartup_M.o [30]
  .rodata            const       0x3'3040      0x18  4G_EC200U.o [1]
  .rodata            const       0x3'3058      0x18  MQTT_SK.o [7]
  .rodata            const       0x3'3070      0x18  MQTT_SK.o [7]
  .rodata            const       0x3'3088      0x18  MQTT_SK.o [7]
  .rodata            const       0x3'30a0      0x18  MQTT_SK.o [7]
  .rodata            const       0x3'30b8      0x18  MQTT_SK.o [7]
  .rodata            const       0x3'30d0      0x18  MQTT_SK.o [7]
  .rodata            const       0x3'30e8      0x18  MQTT_SK.o [7]
  .rodata            const       0x3'3100      0x18  MQTT_SK.o [7]
  .rodata            const       0x3'3118      0x14  4G_EC200U.o [1]
  .rodata            const       0x3'312c      0x14  4G_EC200U.o [1]
  .rodata            const       0x3'3140      0x14  4G_EC200U.o [1]
  .rodata            const       0x3'3154      0x14  4G_EC200U.o [1]
  .rodata            const       0x3'3168      0x14  4G_EC200U.o [1]
  .rodata            const       0x3'317c      0x14  4G_EC200U.o [1]
  .rodata            const       0x3'3190      0x14  4G_EC200U.o [1]
  .rodata            const       0x3'31a4      0x14  4G_EC200U.o [1]
  .rodata            const       0x3'31b8      0x14  4G_EC200U.o [1]
  .rodata            const       0x3'31cc      0x14  BT_TB05.o [2]
  .rodata            const       0x3'31e0      0x14  Mainloop.o [9]
  .rodata            const       0x3'31f4      0x14  MQTT_SK.o [7]
  .rodata            const       0x3'3208      0x14  MQTT_SK.o [7]
  .rodata            const       0x3'321c      0x14  MQTT_SK.o [7]
  .rodata            const       0x3'3230      0x14  MQTT_SK.o [7]
  .rodata            const       0x3'3244      0x14  MQTT_SK.o [7]
  .rodata            const       0x3'3258      0x14  MQTT_SK.o [7]
  .rodata            const       0x3'326c      0x14  MQTT_SK.o [7]
  .rodata            const       0x3'3280      0x14  MQTT_SK.o [7]
  .rodata            const       0x3'3294      0x14  MQTT_SK.o [7]
  .rodata            const       0x3'32a8      0x14  MQTT_SK.o [7]
  .rodata            const       0x3'32bc      0x14  MQTT_SK.o [7]
  .rodata            const       0x3'32d0      0x14  MQTT_SK.o [7]
  .rodata            const       0x3'32e4      0x14  MQTT_SK.o [7]
  .rodata            const       0x3'32f8      0x14  MQTT_SK.o [7]
  .rodata            const       0x3'330c      0x14  MQTT_SK.o [7]
  .rodata            const       0x3'3320      0x14  MQTT_SK.o [7]
  .rodata            const       0x3'3334      0x14  MQTT_SK.o [7]
  .rodata            const       0x3'3348      0x14  MQTT_SK.o [7]
  .rodata            const       0x3'335c      0x14  MQTT_SK.o [7]
  .rodata            const       0x3'3370      0x14  MQTT_SK.o [7]
  .rodata            const       0x3'3384      0x14  MQTT_SK.o [7]
  .rodata            const       0x3'3398      0x14  MQTT_SK.o [7]
  .rodata            const       0x3'33ac      0x14  MQTT_SK.o [7]
  .rodata            const       0x3'33c0      0x14  MQTT_SK.o [7]
  .rodata            const       0x3'33d4      0x14  MQTT_SK.o [7]
  .rodata            const       0x3'33e8      0x14  MQTT_SK.o [7]
  .rodata            const       0x3'33fc      0x14  MQTT_SK.o [7]
  .rodata            const       0x3'3410      0x14  MQTT_SK.o [7]
  .rodata            const       0x3'3424      0x14  MQTT_SK.o [7]
  .rodata            const       0x3'3438      0x14  MQTT_SK.o [7]
  .rodata            const       0x3'344c      0x14  MQTT_SK.o [7]
  .rodata            const       0x3'3460      0x14  MQTT_SK.o [7]
  .rodata            const       0x3'3474      0x14  MQTT_SK.o [7]
  .rodata            const       0x3'3488      0x14  MQTT_SK.o [7]
  .rodata            const       0x3'349c      0x14  MQTT_SK.o [7]
  .rodata            const       0x3'34b0      0x14  MQTT_SK.o [7]
  .rodata            const       0x3'34c4      0x10  4G_EC200U.o [1]
  .rodata            const       0x3'34d4      0x10  4G_EC200U.o [1]
  .rodata            const       0x3'34e4      0x10  4G_EC200U.o [1]
  .rodata            const       0x3'34f4      0x10  4G_EC200U.o [1]
  .rodata            const       0x3'3504      0x10  4G_EC200U.o [1]
  .rodata            const       0x3'3514      0x10  4G_EC200U.o [1]
  .rodata            const       0x3'3524      0x10  4G_EC200U.o [1]
  .rodata            const       0x3'3534      0x10  4G_EC200U.o [1]
  .rodata            const       0x3'3544      0x10  BT_TB05.o [2]
  .rodata            const       0x3'3554      0x10  hc32f460_usart.o [20]
  .rodata            const       0x3'3564      0x10  main.o [27]
  .rodata            const       0x3'3574      0x10  ModbusRTU.o [10]
  .rodata            const       0x3'3584      0x10  MQTT_SK.o [7]
  .rodata            const       0x3'3594      0x10  MQTT_SK.o [7]
  .rodata            const       0x3'35a4      0x10  MQTT_SK.o [7]
  .rodata            const       0x3'35b4      0x10  MQTT_SK.o [7]
  .rodata            const       0x3'35c4      0x10  MQTT_SK.o [7]
  .rodata            const       0x3'35d4      0x10  MQTT_SK.o [7]
  .rodata            const       0x3'35e4      0x10  MQTT_SK.o [7]
  .rodata            const       0x3'35f4      0x10  MQTT_SK.o [7]
  .rodata            const       0x3'3604      0x10  MQTT_SK.o [7]
  .rodata            const       0x3'3614      0x10  MQTT_SK.o [7]
  .rodata            const       0x3'3624      0x10  MQTT_SK.o [7]
  .rodata            const       0x3'3634      0x10  MQTT_SK.o [7]
  .rodata            const       0x3'3644      0x10  MQTT_SK.o [7]
  .rodata            const       0x3'3654      0x10  MQTT_SK.o [7]
  .rodata            const       0x3'3664      0x10  MQTT_SK.o [7]
  .rodata            const       0x3'3674      0x10  MQTT_SK.o [7]
  .rodata            const       0x3'3684      0x10  MQTT_SK.o [7]
  .rodata            const       0x3'3694      0x10  MQTT_SK.o [7]
  .rodata            const       0x3'36a4      0x10  MQTT_SK.o [7]
  .rodata            const       0x3'36b4      0x10  MQTT_SK.o [7]
  .rodata            const       0x3'36c4      0x10  MQTT_SK.o [7]
  .rodata            const       0x3'36d4       0xc  4G_EC200U.o [1]
  .rodata            const       0x3'36e0       0xc  4G_EC200U.o [1]
  .rodata            const       0x3'36ec       0xc  4G_EC200U.o [1]
  .rodata            const       0x3'36f8       0xc  4G_EC200U.o [1]
  .rodata            const       0x3'3704       0xc  4G_EC200U.o [1]
  .rodata            const       0x3'3710       0xc  4G_EC200U.o [1]
  .rodata            const       0x3'371c       0xc  4G_EC200U.o [1]
  .rodata            const       0x3'3728       0xc  4G_EC200U.o [1]
  .rodata            const       0x3'3734       0xc  4G_EC200U.o [1]
  .rodata            const       0x3'3740       0xc  4G_EC200U.o [1]
  .rodata            const       0x3'374c       0xc  4G_EC200U.o [1]
  .rodata            const       0x3'3758       0xc  4G_EC200U.o [1]
  .rodata            const       0x3'3764       0xc  4G_EC200U.o [1]
  .rodata            const       0x3'3770       0xc  4G_EC200U.o [1]
  .rodata            const       0x3'377c       0xc  4G_EC200U.o [1]
  .rodata            const       0x3'3788       0xc  4G_EC200U.o [1]
  .rodata            const       0x3'3794       0xc  4G_EC200U.o [1]
  .rodata            const       0x3'37a0       0xc  BT_TB05.o [2]
  .rodata            const       0x3'37ac       0xc  drv_LKT4202.o [4]
  .rodata            const       0x3'37b8       0xc  drv_LKT4202.o [4]
  .rodata            const       0x3'37c4       0xc  drv_USART.o [26]
  .rodata            const       0x3'37d0       0xc  drv_USART.o [26]
  .rodata            const       0x3'37dc       0xc  drv_USART.o [26]
  .rodata            const       0x3'37e8       0xc  Mainloop.o [9]
  .rodata            const       0x3'37f4       0xc  Mainloop.o [9]
  .rodata            const       0x3'3800       0xc  ModbusRTU.o [10]
  .rodata            const       0x3'380c       0xc  ModbusRTU.o [10]
  .rodata            const       0x3'3818       0xc  MQTT_SK.o [7]
  .rodata            const       0x3'3824       0xc  MQTT_SK.o [7]
  .rodata            const       0x3'3830       0xc  MQTT_SK.o [7]
  .rodata            const       0x3'383c       0xc  MQTT_SK.o [7]
  .rodata            const       0x3'3848       0x8  4G_EC200U.o [1]
  .rodata            const       0x3'3850       0x8  4G_EC200U.o [1]
  .rodata            const       0x3'3858       0x8  4G_EC200U.o [1]
  .rodata            const       0x3'3860       0x8  4G_EC200U.o [1]
  .rodata            const       0x3'3868       0x8  4G_EC200U.o [1]
  .rodata            const       0x3'3870       0x8  4G_EC200U.o [1]
  .rodata            const       0x3'3878       0x8  4G_EC200U.o [1]
  .rodata            const       0x3'3880       0x8  4G_EC200U.o [1]
  .rodata            const       0x3'3888       0x8  4G_EC200U.o [1]
  .rodata            const       0x3'3890       0x8  4G_EC200U.o [1]
  .rodata            const       0x3'3898       0x8  4G_EC200U.o [1]
  .rodata            const       0x3'38a0       0x8  4G_EC200U.o [1]
  .rodata            const       0x3'38a8       0x8  4G_EC200U.o [1]
  .rodata            const       0x3'38b0       0x8  4G_EC200U.o [1]
  .rodata            const       0x3'38b8       0x8  4G_EC200U.o [1]
  .rodata            const       0x3'38c0       0x8  4G_EC200U.o [1]
  .rodata            const       0x3'38c8       0x8  4G_EC200U.o [1]
  .rodata            const       0x3'38d0       0x8  Display.o [11]
  .rodata            const       0x3'38d8       0x8  drv_LKT4202.o [4]
  .rodata            const       0x3'38e0       0x8  drv_LKT4202.o [4]
  .rodata            const       0x3'38e8       0x8  drv_SC7A20H.o [15]
  .rodata            const       0x3'38f0       0x8  LC86L_BD.o [3]
  .rodata            const       0x3'38f8       0x8  LC86L_BD.o [3]
  .rodata            const       0x3'3900       0x8  main.o [27]
  .rodata            const       0x3'3908       0x8  Mainloop.o [9]
  .rodata            const       0x3'3910       0x8  Mainloop.o [9]
  .rodata            const       0x3'3918       0x8  MQTT_SK.o [7]
  .rodata            const       0x3'3920       0x8  MQTT_SK.o [7]
  .rodata            const       0x3'3928       0x8  MQTT_SK.o [7]
  .rodata            const       0x3'3930       0x8  MQTT_SK.o [7]
  .rodata            const       0x3'3938       0x4  drv_RTC.o [23]
  .text              ro code     0x3'393c       0x4  startup_hc32f460.o [19]
  .text              ro code     0x3'3940       0x4  startup_hc32f460.o [19]
  .text              ro code     0x3'3944       0x4  startup_hc32f460.o [19]
  .text              ro code     0x3'3948       0x4  startup_hc32f460.o [19]
  .text              ro code     0x3'394c       0x4  startup_hc32f460.o [19]
  .text              ro code     0x3'3950       0x4  startup_hc32f460.o [19]
  .text              ro code     0x3'3954       0x4  startup_hc32f460.o [19]
  .text              ro code     0x3'3958       0x4  startup_hc32f460.o [19]
  .text              ro code     0x3'395c       0x4  startup_hc32f460.o [19]
  .text              ro code     0x3'3960       0x4  startup_hc32f460.o [19]
  .text              ro code     0x3'3964       0x4  startup_hc32f460.o [19]
  .text              ro code     0x3'3968       0x4  startup_hc32f460.o [19]
  .text              ro code     0x3'396c       0x4  startup_hc32f460.o [19]
  .text              ro code     0x3'3970       0x4  startup_hc32f460.o [19]
  .text              ro code     0x3'3974       0x4  startup_hc32f460.o [19]
  .text              ro code     0x3'3978       0x4  startup_hc32f460.o [19]
  .rodata            const       0x3'397c       0x0  zero_init3.o [30]
  .rodata            const       0x3'397c       0x0  packbits_init.o [30]
  Initializer bytes  const       0x3'397c     0x131  <for P2 s0>
                               - 0x3'3aad  0x1'f82d

"P2", part 1 of 3:                            0x307
  P2 s0                       0x2000'0000     0x307  <Init block>
    .data            inited   0x2000'0000     0x108  User_Data.o [17]
    .data            inited   0x2000'0108      0x8c  RXNTTL518.o [14]
    .data            inited   0x2000'0194      0x80  ModbusRTU_Device_BT.o [10]
    .data            inited   0x2000'0214      0x48  xlocale_c.o [28]
    .data            inited   0x2000'025c      0x38  xlocale_c.o [28]
    .data            inited   0x2000'0294      0x24  BT_TB05.o [2]
    .data            inited   0x2000'02b8      0x20  BT_TB05.o [2]
    .data            inited   0x2000'02d8      0x14  BT_TB05.o [2]
    .data            inited   0x2000'02ec       0x8  BT_TB05.o [2]
    .data            inited   0x2000'02f4       0x4  BT_TB05.o [2]
    .data            inited   0x2000'02f8       0x4  system_hc32f460.o [19]
    .data            inited   0x2000'02fc       0x4  system_hc32f460.o [19]
    .data            inited   0x2000'0300       0x1  drv_IIC.o [22]
    .data            inited   0x2000'0301       0x1  drv_IIC.o [22]
    .data            inited   0x2000'0302       0x1  drv_IIC.o [22]
    .data            inited   0x2000'0303       0x1  drv_IIC.o [22]
    .data            inited   0x2000'0304       0x1  hc32f460_pwc.o [20]
    .data            inited   0x2000'0305       0x1  ModbusRTU.o [10]
    .data            inited   0x2000'0306       0x1  ModbusRTU.o [10]
                            - 0x2000'0307     0x307

"P2", part 2 of 3:                           0x650c
  .bss               zero     0x2000'0308    0x4dc8  User_Data.o [17]
  .bss               zero     0x2000'50d0    0x1000  drv_Storage_W25Q128.o [16]
  .bss               zero     0x2000'60d0     0x400  User_Data.o [17]
  .bss               zero     0x2000'64d0     0x200  hc32f460_interrupts.o [20]
  .bss               zero     0x2000'66d0      0x2c  xttotm64.o [28]
  .bss               zero     0x2000'66fc      0x24  drv_ADC.o [21]
  .bss               zero     0x2000'6720      0x1c  User_Data.o [17]
  .bss               zero     0x2000'673c      0x14  drv_ADC.o [21]
  .bss               zero     0x2000'6750      0x14  hc32f460_pwc.o [20]
  .bss               zero     0x2000'6764      0x14  User_Data.o [17]
  .bss               zero     0x2000'6778      0x14  User_Data.o [17]
  .bss               zero     0x2000'678c       0x8  main.o [27]
  .bss               zero     0x2000'6794       0x4  4G_EC200U.o [1]
  .bss               zero     0x2000'6798       0x4  BT_TB05.o [2]
  .bss               zero     0x2000'679c       0x4  drv_RTC.o [23]
  .bss               zero     0x2000'67a0       0x4  drv_SC7A20H.o [15]
  .bss               zero     0x2000'67a4       0x4  drv_Storage_W25Q128.o [16]
  .bss               zero     0x2000'67a8       0x4  drv_Timer.o [25]
  .bss               zero     0x2000'67ac       0x4  drv_USART.o [26]
  .bss               zero     0x2000'67b0       0x4  hc32f460_exint_nmi_swi.o [20]
  .bss               zero     0x2000'67b4       0x4  LC86L_BD.o [3]
  .bss               zero     0x2000'67b8       0x4  Lora_TP1109.o [6]
  .bss               zero     0x2000'67bc       0x4  Magnetic_Bar.o [8]
  .bss               zero     0x2000'67c0       0x4  main.o [27]
  .bss               zero     0x2000'67c4       0x4  Mainloop.o [9]
  .bss               zero     0x2000'67c8       0x4  ModbusRTU.o [10]
  .bss               zero     0x2000'67cc       0x4  ModbusRTU_Device_BT.o [10]
  .bss               zero     0x2000'67d0       0x4  ModbusRTU_Device_BT.o [10]
  .bss               zero     0x2000'67d4       0x4  MQTT_SK.o [7]
  .bss               zero     0x2000'67d8       0x4  OLED.o [11]
  .bss               zero     0x2000'67dc       0x4  Photosensitive_XYC_ALS.o [12]
  .bss               zero     0x2000'67e0       0x4  RXNTTL518.o [14]
  .bss               zero     0x2000'67e4       0x4  strtok.o [28]
  .bss               zero     0x2000'67e8       0x4  xfail_s.o [28]
  .bss               zero     0x2000'67ec       0x2  BT_TB05.o [2]
  .bss               zero     0x2000'67ee       0x2  ModbusRTU_Device_BT.o [10]
  .bss               zero     0x2000'67f0       0x2  ModbusRTU_Device_BT.o [10]
  .bss               zero     0x2000'67f2       0x1  4G_EC200U.o [1]
  .bss               zero     0x2000'67f3       0x1  4G_EC200U.o [1]
  .bss               zero     0x2000'67f4       0x1  4G_EC200U.o [1]
  .bss               zero     0x2000'67f5       0x1  4G_EC200U.o [1]
  .bss               zero     0x2000'67f6       0x1  BT_TB05.o [2]
  .bss               zero     0x2000'67f7       0x1  drv_IIC.o [22]
  .bss               zero     0x2000'67f8       0x1  drv_Timer.o [25]
  .bss               zero     0x2000'67f9       0x1  drv_Timer.o [25]
  .bss               zero     0x2000'67fa       0x1  drv_Timer.o [25]
  .bss               zero     0x2000'67fb       0x1  drv_Timer.o [25]
  .bss               zero     0x2000'67fc       0x1  drv_Timer.o [25]
  .bss               zero     0x2000'67fd       0x1  drv_Timer.o [25]
  .bss               zero     0x2000'67fe       0x1  drv_Timer.o [25]
  .bss               zero     0x2000'67ff       0x1  drv_Timer.o [25]
  .bss               zero     0x2000'6800       0x1  drv_Timer.o [25]
  .bss               zero     0x2000'6801       0x1  hc32f460_dmac.o [20]
  .bss               zero     0x2000'6802       0x1  hc32f460_pwc.o [20]
  .bss               zero     0x2000'6803       0x1  hc32f460_pwc.o [20]
  .bss               zero     0x2000'6804       0x1  hc32f460_pwc.o [20]
  .bss               zero     0x2000'6805       0x1  hc32f460_pwc.o [20]
  .bss               zero     0x2000'6806       0x1  main.o [27]
  .bss               zero     0x2000'6807       0x1  Mainloop.o [9]
  .bss               zero     0x2000'6808       0x1  Mainloop.o [9]
  .bss               zero     0x2000'6809       0x1  Mainloop.o [9]
  .bss               zero     0x2000'680a       0x1  Mainloop.o [9]
  .bss               zero     0x2000'680b       0x1  ModbusRTU_Device_BT.o [10]
  .bss               zero     0x2000'680c       0x1  ModbusRTU_Device_BT.o [10]
  .bss               zero     0x2000'680d       0x1  ModbusRTU_Device_BT.o [10]
  .bss               zero     0x2000'680e       0x1  User_Data.o [17]
  .bss               zero     0x2000'680f       0x1  User_Data.o [17]
  .bss               zero     0x2000'6810       0x1  User_Data.o [17]
  .bss               zero     0x2000'6811       0x1  User_Data.o [17]
  .bss               zero     0x2000'6812       0x1  User_Data.o [17]
                            - 0x2000'6813    0x650b

"P2", part 3 of 3:                           0x2000
  CSTACK                      0x2000'6818    0x2000  <Block>
    CSTACK           uninit   0x2000'6818    0x2000  <Block tail>
                            - 0x2000'8818    0x2000

Unused ranges:

         From           To      Size
         ----           --      ----
     0x3'3aad     0x7'ffff  0x4'c553
   0x300'0c00   0x300'0ffb     0x3fc
  0x1fff'8000  0x1fff'ffff    0x8000
  0x2000'0307  0x2000'0307       0x1
  0x2000'6814  0x2000'6817       0x4
  0x2000'8818  0x2000'ffff    0x77e8
  0x2001'0000  0x2001'ffff  0x1'0000
  0x2002'0000  0x2002'6fff    0x7000
  0x200f'0000  0x200f'0fff    0x1000


*******************************************************************************
*** INIT TABLE
***

          Address      Size
          -------      ----
Zero (__iar_zero_init3)
    1 destination range, total size 0x650b:
          0x2000'0308  0x650b

Copy/packbits (__iar_packbits_init3)
    1 source range, total size 0x131 (39% of destination):
             0x3'397c   0x131
    1 destination range, total size 0x307:
          0x2000'0000   0x307



*******************************************************************************
*** MODULE SUMMARY
***

    Module                    ro code  ro data  rw data  ro data
                                                          (abs)
    ------                    -------  -------  -------  -------
command line/config:
    ------------------------------------------------------------
    Total:

D:\Myself\WorkProcess\SK\HC32F460_WorkProcess\example\Source\Pipe_Monitor\Pipe_Monitor_App\EWARM\output\debug\Obj\4G_EC200U_8582873453978518366.dir: [1]
    4G_EC200U.o                 7'260    1'548        8
    ------------------------------------------------------------
    Total:                      7'260    1'548        8

D:\Myself\WorkProcess\SK\HC32F460_WorkProcess\example\Source\Pipe_Monitor\Pipe_Monitor_App\EWARM\output\debug\Obj\BT_TB05_12041724360499981866.dir: [2]
    BT_TB05.o                     972       88      107
    ------------------------------------------------------------
    Total:                        972       88      107

D:\Myself\WorkProcess\SK\HC32F460_WorkProcess\example\Source\Pipe_Monitor\Pipe_Monitor_App\EWARM\output\debug\Obj\LC86L_BD_9822625824417385734.dir: [3]
    LC86L_BD.o                  1'300       16        4
    ------------------------------------------------------------
    Total:                      1'300       16        4

D:\Myself\WorkProcess\SK\HC32F460_WorkProcess\example\Source\Pipe_Monitor\Pipe_Monitor_App\EWARM\output\debug\Obj\LKT4202_1925765440156868983.dir: [4]
    drv_LKT4202.o               1'112      116
    ------------------------------------------------------------
    Total:                      1'112      116

D:\Myself\WorkProcess\SK\HC32F460_WorkProcess\example\Source\Pipe_Monitor\Pipe_Monitor_App\EWARM\output\debug\Obj\LoRa_RA02_5139138412578801246.dir: [5]
    ------------------------------------------------------------
    Total:

D:\Myself\WorkProcess\SK\HC32F460_WorkProcess\example\Source\Pipe_Monitor\Pipe_Monitor_App\EWARM\output\debug\Obj\Lora_TP1109_151720617378073083.dir: [6]
    Lora_TP1109.o                 408                 4
    ------------------------------------------------------------
    Total:                        408                 4

D:\Myself\WorkProcess\SK\HC32F460_WorkProcess\example\Source\Pipe_Monitor\Pipe_Monitor_App\EWARM\output\debug\Obj\MQTT_SK_4724149239023757000.dir: [7]
    MQTT_SK.o                   7'428    1'912        4
    ------------------------------------------------------------
    Total:                      7'428    1'912        4

D:\Myself\WorkProcess\SK\HC32F460_WorkProcess\example\Source\Pipe_Monitor\Pipe_Monitor_App\EWARM\output\debug\Obj\Magnetic_Bar_17520218520042908049.dir: [8]
    Magnetic_Bar.o                448                 4
    ------------------------------------------------------------
    Total:                        448                 4

D:\Myself\WorkProcess\SK\HC32F460_WorkProcess\example\Source\Pipe_Monitor\Pipe_Monitor_App\EWARM\output\debug\Obj\Mainloop_18272944273632151421.dir: [9]
    Mainloop.o                  3'876       60        8
    ------------------------------------------------------------
    Total:                      3'876       60        8

D:\Myself\WorkProcess\SK\HC32F460_WorkProcess\example\Source\Pipe_Monitor\Pipe_Monitor_App\EWARM\output\debug\Obj\ModbusRTU_17682219295068567368.dir: [10]
    ModbusRTU.o                 7'584    1'065        6
    ModbusRTU_Device_BT.o       5'404      531      143
    ------------------------------------------------------------
    Total:                     12'988    1'596      149

D:\Myself\WorkProcess\SK\HC32F460_WorkProcess\example\Source\Pipe_Monitor\Pipe_Monitor_App\EWARM\output\debug\Obj\OLED_13473777563621607307.dir: [11]
    Display.o                   5'624        8
    Font.o                               5'224
    OLED.o                      3'216                 4
    ------------------------------------------------------------
    Total:                      8'840    5'232        4

D:\Myself\WorkProcess\SK\HC32F460_WorkProcess\example\Source\Pipe_Monitor\Pipe_Monitor_App\EWARM\output\debug\Obj\Photosensitive_XYC_ALS_28064708180949255.dir: [12]
    Photosensitive_XYC_ALS.o      940                 4
    ------------------------------------------------------------
    Total:                        940                 4

D:\Myself\WorkProcess\SK\HC32F460_WorkProcess\example\Source\Pipe_Monitor\Pipe_Monitor_App\EWARM\output\debug\Obj\RF_NFC_10628150809568064830.dir: [13]
    RF_NFC.o                      102
    ------------------------------------------------------------
    Total:                        102

D:\Myself\WorkProcess\SK\HC32F460_WorkProcess\example\Source\Pipe_Monitor\Pipe_Monitor_App\EWARM\output\debug\Obj\RXNTTL518_17808510930951076202.dir: [14]
    RXNTTL518.o                   580      567      144
    ------------------------------------------------------------
    Total:                        580      567      144

D:\Myself\WorkProcess\SK\HC32F460_WorkProcess\example\Source\Pipe_Monitor\Pipe_Monitor_App\EWARM\output\debug\Obj\SC7A20H_13085057635104233901.dir: [15]
    drv_SC7A20H.o                 730        8        4
    ------------------------------------------------------------
    Total:                        730        8        4

D:\Myself\WorkProcess\SK\HC32F460_WorkProcess\example\Source\Pipe_Monitor\Pipe_Monitor_App\EWARM\output\debug\Obj\Storage_W25Q128_4738127093883701884.dir: [16]
    drv_Storage_W25Q128.o       3'636             4'100
    ------------------------------------------------------------
    Total:                      3'636             4'100

D:\Myself\WorkProcess\SK\HC32F460_WorkProcess\example\Source\Pipe_Monitor\Pipe_Monitor_App\EWARM\output\debug\Obj\User_Data_5391006662705040797.dir: [17]
    User_Data.o                   182      103   21'273
    ------------------------------------------------------------
    Total:                        182      103   21'273

D:\Myself\WorkProcess\SK\HC32F460_WorkProcess\example\Source\Pipe_Monitor\Pipe_Monitor_App\EWARM\output\debug\Obj\WatchDog_9188475617120297074.dir: [18]
    WatchDog.o                     76
    ------------------------------------------------------------
    Total:                         76

D:\Myself\WorkProcess\SK\HC32F460_WorkProcess\example\Source\Pipe_Monitor\Pipe_Monitor_App\EWARM\output\debug\Obj\common_14919461937644757070.dir: [19]
    startup_hc32f460.o            772
    system_hc32f460.o             272        3        8
    ------------------------------------------------------------
    Total:                      1'044        3        8

D:\Myself\WorkProcess\SK\HC32F460_WorkProcess\example\Source\Pipe_Monitor\Pipe_Monitor_App\EWARM\output\debug\Obj\driver_11944700488488147666.dir: [20]
    hc32f460_adc.o              1'400       72
    hc32f460_clk.o              3'936       72
    hc32f460_dmac.o             2'752       76        1
    hc32f460_efm.o                144       72
    hc32f460_exint_nmi_swi.o      380       84        4
    hc32f460_gpio.o             1'240       76
    hc32f460_i2c.o              2'720       72
    hc32f460_icg.o                                            32
    hc32f460_interrupts.o       2'880       80      512
    hc32f460_pwc.o              2'576       73       25
    hc32f460_rtc.o              2'212       72
    hc32f460_spi.o              1'972       72
    hc32f460_sram.o               392       76
    hc32f460_timer0.o           2'356       76
    hc32f460_timer4_cnt.o         872       80
    hc32f460_timer4_oco.o       2'512       80
    hc32f460_usart.o            2'632       92
    hc32f460_utility.o            110
    ------------------------------------------------------------
    Total:                     31'086    1'225      542       32

D:\Myself\WorkProcess\SK\HC32F460_WorkProcess\example\Source\Pipe_Monitor\Pipe_Monitor_App\EWARM\output\debug\Obj\drv_ADC_15186207816091091275.dir: [21]
    drv_ADC.o                   1'108                56
    ------------------------------------------------------------
    Total:                      1'108                56

D:\Myself\WorkProcess\SK\HC32F460_WorkProcess\example\Source\Pipe_Monitor\Pipe_Monitor_App\EWARM\output\debug\Obj\drv_IIC_18060258103304213159.dir: [22]
    drv_IIC.o                   2'344        1        5
    ------------------------------------------------------------
    Total:                      2'344        1        5

D:\Myself\WorkProcess\SK\HC32F460_WorkProcess\example\Source\Pipe_Monitor\Pipe_Monitor_App\EWARM\output\debug\Obj\drv_RTC_2577979922006117733.dir: [23]
    drv_RTC.o                   1'752       36        4
    ------------------------------------------------------------
    Total:                      1'752       36        4

D:\Myself\WorkProcess\SK\HC32F460_WorkProcess\example\Source\Pipe_Monitor\Pipe_Monitor_App\EWARM\output\debug\Obj\drv_SPI_4333388098947449637.dir: [24]
    drv_SPI.o                     220
    ------------------------------------------------------------
    Total:                        220

D:\Myself\WorkProcess\SK\HC32F460_WorkProcess\example\Source\Pipe_Monitor\Pipe_Monitor_App\EWARM\output\debug\Obj\drv_Timer_6973001687617930806.dir: [25]
    drv_Timer.o                 2'036                13
    ------------------------------------------------------------
    Total:                      2'036                13

D:\Myself\WorkProcess\SK\HC32F460_WorkProcess\example\Source\Pipe_Monitor\Pipe_Monitor_App\EWARM\output\debug\Obj\drv_USART_14144334009435087269.dir: [26]
    drv_USART.o                 4'812       36        4
    ------------------------------------------------------------
    Total:                      4'812       36        4

D:\Myself\WorkProcess\SK\HC32F460_WorkProcess\example\Source\Pipe_Monitor\Pipe_Monitor_App\EWARM\output\debug\Obj\source_5634686896477721948.dir: [27]
    main.o                      1'424       24       13
    ------------------------------------------------------------
    Total:                      1'424       24       13

dl7M_tlf.a: [28]
    abort.o                         6
    exit.o                          4
    iar_Stoflt.o                  440
    iar_Stollx.o                  166
    iar_Stopfx.o                  290
    iar_Stoullx.o                 434       80
    iar_Stoulx.o                  338       80
    iar_Stoxflt.o                 520
    isalpha.o                      20
    isspace.o                      20
    low_level_init.o                4
    mktime64.o                    224
    sprintf.o                      64
    sscanf.o                       40
    strcat.o                       30
    strcspn.o                      34
    strncmp.o                      42
    strspn.o                       34
    strstr.o                       44
    strtok.o                       76                 4
    tolower.o                      20
    xDaysTo64.o                   204
    xTzoff_nop.o                    4
    xfail_s.o                      64                 4
    xisdst_nop64.o                  6
    xlocale_c.o                    76       55      128
    xprintflarge_nomb.o         3'354
    xscanffull_nomb.o           3'452       76
    xsprout.o                      10
    xsscin.o                       30
    xttotm64.o                    348                44
    ------------------------------------------------------------
    Total:                     10'398      291      180

m7M_tls.a: [29]
    DblAddSub.o                   606
    DblCmpEq.o                     32
    DblCmpGe.o                     52
    DblCmpLe.o                     52
    DblDiv.o                      582
    DblMul.o                      426
    DblToFlt.o                    104
    DblToS32.o                     54
    DblToU32.o                     34
    FltToDbl.o                     72
    S32ToDbl.o                     34
    U32ToDbl.o                     28
    U64ToDbl.o                     70
    atan64.o                      188
    fpinit_M.o                     34
    frexp.o                       112
    iar_Atan64.o                  456       64
    iar_Exp64.o                   812
    ldexp.o                       314
    math_wrappers64.o              42
    pow64.o                     1'676    1'056
    sqrt.o                        258
    strto64.o                     866       72
    ------------------------------------------------------------
    Total:                      6'904    1'192

rt7M_tl.a: [30]
    ABImemcpy.o                   166
    ABImemset.o                   102
    I64DivMod.o                   628
    I64DivZer.o                     2
    cexit.o                        10
    cmain.o                        30
    cstartup_M.o                   28
    data_init.o                    40
    memchr.o                       88
    memcmp.o                      104
    packbits_init.o               162
    strchr.o                       22
    strcmp.o                       18
    strcpy.o                       24
    strlen.o                       54
    zero_init3.o                   56
    ------------------------------------------------------------
    Total:                      1'534

shb_l.a: [31]
    exit.o                         20
    ------------------------------------------------------------
    Total:                         20

    Gaps                           45        6
    Linker created                          44    8'192
----------------------------------------------------------------
    Grand Total:              115'605   14'104   34'834       32


*******************************************************************************
*** ENTRY LIST
***

Entry                       Address    Size  Type      Object
-----                       -------    ----  ----      ------
.iar.init_table$$Base      0x3'2eb0           --   Gb  - Linker created -
.iar.init_table$$Limit     0x3'2edc           --   Gb  - Linker created -
?main                      0x3'2f9d          Code  Gb  cmain.o [30]
ADC_AddAdcChannel          0x2'71c9    0xbe  Code  Gb  hc32f460_adc.o [20]
ADC_AddAvgChannel          0x2'72f9    0x66  Code  Gb  hc32f460_adc.o [20]
ADC_ConfigAvg              0x2'7291    0x64  Code  Gb  hc32f460_adc.o [20]
ADC_DeInit                 0x2'70c9   0x100  Code  Gb  hc32f460_adc.o [20]
ADC_GetChData              0x2'7455    0x98  Code  Gb  hc32f460_adc.o [20]
ADC_Init                   0x2'6fb5   0x114  Code  Gb  hc32f460_adc.o [20]
ADC_PollingSa              0x2'735f    0xf6  Code  Gb  hc32f460_adc.o [20]
ADC_ReadAllData            0x2'7501    0x2c  Code  Lc  hc32f460_adc.o [20]
AdcChannelConfig           0x1'ddd9    0x70  Code  Lc  drv_ADC.o [21]
AdcClockConfig             0x1'dd09    0x78  Code  Lc  drv_ADC.o [21]
AdcInitConfig              0x1'dd81    0x58  Code  Lc  drv_ADC.o [21]
AsyncDelay                 0x1'd059    0x76  Code  Lc  hc32f460_timer0.o [20]
BusFault_Handler           0x1'c58d     0x8  Code  Gb  hc32f460_interrupts.o [20]
CLK_ClearFcmFlag           0x2'6f21    0x5c  Code  Gb  hc32f460_clk.o [20]
CLK_FcmCmd                 0x2'6e77    0x28  Code  Gb  hc32f460_clk.o [20]
CLK_FcmConfig              0x2'6bc5   0x2b2  Code  Gb  hc32f460_clk.o [20]
CLK_GetClockFreq           0x2'6981   0x116  Code  Gb  hc32f460_clk.o [20]
CLK_GetFcmCounter          0x2'6e9f     0x8  Code  Gb  hc32f460_clk.o [20]
CLK_GetFcmFlag             0x2'6eb9    0x62  Code  Gb  hc32f460_clk.o [20]
CLK_GetFlagStatus          0x2'6b15    0x8a  Code  Gb  hc32f460_clk.o [20]
CLK_MpllCmd                0x2'6437    0xb0  Code  Gb  hc32f460_clk.o [20]
CLK_MpllConfig             0x2'62db   0x15c  Code  Gb  hc32f460_clk.o [20]
CLK_SetPeriClkSource       0x2'6aa5    0x58  Code  Gb  hc32f460_clk.o [20]
CLK_SetPllSource           0x2'628b    0x50  Code  Gb  hc32f460_clk.o [20]
CLK_SetSysClkSource        0x2'66d9   0x104  Code  Gb  hc32f460_clk.o [20]
CLK_SysClkConfig           0x2'67f1   0x188  Code  Gb  hc32f460_clk.o [20]
CLK_UpllCmd                0x2'6635    0xa4  Code  Gb  hc32f460_clk.o [20]
CLK_UpllConfig             0x2'64e7   0x14e  Code  Gb  hc32f460_clk.o [20]
CLK_Xtal32Cmd              0x2'61f3    0x98  Code  Gb  hc32f460_clk.o [20]
CLK_Xtal32Config           0x2'61a3    0x50  Code  Gb  hc32f460_clk.o [20]
CLK_XtalCmd                0x2'60af    0xf4  Code  Gb  hc32f460_clk.o [20]
CLK_XtalConfig             0x2'6055    0x5a  Code  Gb  hc32f460_clk.o [20]
CSTACK$$Base            0x2000'6818           --   Gb  - Linker created -
CSTACK$$Limit           0x2000'8818           --   Gb  - Linker created -
Clock_MeasureConfig        0x2'1b15    0xcc  Code  Lc  drv_RTC.o [23]
Crc16                      0x1'42c1    0x38  Code  Gb  ModbusRTU.o [10]
DMA_ChannelCfg             0x1'b5bd   0x2ce  Code  Gb  hc32f460_dmac.o [20]
DMA_ChannelCmd             0x1'b129   0x252  Code  Gb  hc32f460_dmac.o [20]
DMA_ClearIrqFlag           0x1'b02f    0xfa  Code  Gb  hc32f460_dmac.o [20]
DMA_Cmd                    0x1'afe1    0x4e  Code  Gb  hc32f460_dmac.o [20]
DMA_GetTransferCnt         0x1'b4f1    0x60  Code  Gb  hc32f460_dmac.o [20]
DMA_InitChannel            0x1'b88b   0x202  Code  Gb  hc32f460_dmac.o [20]
DMA_SetDesAddress          0x1'b389    0xa0  Code  Gb  hc32f460_dmac.o [20]
DMA_SetTransferCnt         0x1'b429    0xc8  Code  Gb  hc32f460_dmac.o [20]
DMA_SetTriggerSrc          0x1'b561    0x56  Code  Gb  hc32f460_dmac.o [20]
Ddl_AssertHandler          0x1'8ea5     0x2  Code  Wk  hc32f460_utility.o [20]
Ddl_Delay1ms               0x1'7519    0x28  Code  Gb  hc32f460_utility.o [20]
Ddl_Delay1us               0x1'7541    0x38  Code  Gb  hc32f460_utility.o [20]
DebugMon_Handler           0x1'c5a5     0x8  Code  Gb  hc32f460_interrupts.o [20]
Dma1Btc0IrqCallback        0x1'761d    0x1c  Code  Lc  drv_USART.o [26]
Dma1Btc1IrqCallback        0x1'7639    0x1c  Code  Lc  drv_USART.o [26]
Dma1Btc2IrqCallback        0x1'7655    0x1c  Code  Lc  drv_USART.o [26]
Dma1Btc3IrqCallback        0x1'7671    0x1c  Code  Lc  drv_USART.o [26]
Dma1Init                   0x1'768d   0x200  Code  Lc  drv_USART.o [26]
DmaChEnState            0x2000'6801     0x1  Data  Lc  hc32f460_dmac.o [20]
Dtentox                    0x2'd721   0x1d8  Code  Lc  strto64.o [29]
EC200U_4G_Module_Configuration_Init
                           0x1'fe89   0xa0a  Code  Gb  4G_EC200U.o [1]
EC200U_4G_Module_Configuration_Init::ucRetryCnt
                        0x2000'67f3     0x1  Data  Lc  4G_EC200U.o [1]
EC200U_4G_Module_GPIO_Init
                           0x1'ee99    0x58  Code  Gb  4G_EC200U.o [1]
EFM_Lock                   0x3'02b7    0x14  Code  Gb  hc32f460_efm.o [20]
EFM_SetLatency             0x3'02cb    0x5c  Code  Gb  hc32f460_efm.o [20]
EFM_Unlock                 0x3'02a5    0x12  Code  Gb  hc32f460_efm.o [20]
EPSINON                    0x3'3938     0x4  Data  Lc  drv_RTC.o [23]
EXINT_Init                 0x2'499d    0xa0  Code  Gb  hc32f460_exint_nmi_swi.o [20]
EXINT_IrqFlgClr            0x2'4ad7    0x12  Code  Gb  hc32f460_exint_nmi_swi.o [20]
EXINT_IrqFlgGet            0x2'4a3d    0x9a  Code  Gb  hc32f460_exint_nmi_swi.o [20]
ExtInt01_Callback          0x2'1271    0xa6  Code  Gb  Photosensitive_XYC_ALS.o [12]
ExtInt07_Callback          0x3'0799    0x78  Code  Gb  Magnetic_Bar.o [8]
ExtInt13_Callback          0x3'0601    0x12  Code  Gb  Lora_TP1109.o [6]
Float_reg_rw_mode          0x1'4535    0x94  Code  Gb  ModbusRTU.o [10]
GetSystemPara              0x1'6021     0x4  Code  Gb  User_Data.o [17]
HRC_VALUE               0x2000'02f8     0x4  Data  Gb  system_hc32f460.o [19]
HardFault_Handler          0x1'c57d     0x8  Code  Gb  hc32f460_interrupts.o [20]
I2C_AckConfig              0x2'c655    0x56  Code  Gb  hc32f460_i2c.o [20]
I2C_BaudrateConfig         0x2'c09d   0x228  Code  Gb  hc32f460_i2c.o [20]
I2C_BusWaitCmd             0x2'c443    0x6a  Code  Gb  hc32f460_i2c.o [20]
I2C_ClearStatus            0x2'c559    0x36  Code  Gb  hc32f460_i2c.o [20]
I2C_Cmd                    0x2'c3ed    0x56  Code  Gb  hc32f460_i2c.o [20]
I2C_DeInit                 0x2'c2c5    0x40  Code  Gb  hc32f460_i2c.o [20]
I2C_GenerateReStart        0x2'bff7    0x52  Code  Gb  hc32f460_i2c.o [20]
I2C_GenerateStart          0x2'bfa5    0x52  Code  Gb  hc32f460_i2c.o [20]
I2C_GenerateStop           0x2'c049    0x52  Code  Gb  hc32f460_i2c.o [20]
I2C_GetStatus              0x2'c4ad    0xa0  Code  Gb  hc32f460_i2c.o [20]
I2C_Init                   0x2'c30d    0xd6  Code  Gb  hc32f460_i2c.o [20]
I2C_MasterDataReceiveAndStop
                           0x2'c8c1    0xd4  Code  Gb  hc32f460_i2c.o [20]
I2C_ReadData               0x2'c61d    0x2e  Code  Gb  hc32f460_i2c.o [20]
I2C_Restart                0x2'c70b    0x4c  Code  Gb  hc32f460_i2c.o [20]
I2C_SoftwareResetCmd       0x2'c58f    0x56  Code  Gb  hc32f460_i2c.o [20]
I2C_Start                  0x2'c6ab    0x60  Code  Gb  hc32f460_i2c.o [20]
I2C_Stop                   0x2'c995    0x56  Code  Gb  hc32f460_i2c.o [20]
I2C_TransAddr              0x2'c757    0xcc  Code  Gb  hc32f460_i2c.o [20]
I2C_TransData              0x2'c823    0x9e  Code  Gb  hc32f460_i2c.o [20]
I2C_WaitStatus             0x2'bf65    0x40  Code  Gb  hc32f460_i2c.o [20]
I2C_WriteData              0x2'c5e5    0x30  Code  Gb  hc32f460_i2c.o [20]
I2C_XYC_ALS_Master_Receive
                           0x2'7ead    0xd4  Code  Gb  drv_IIC.o [22]
I2C_XYC_ALS_Master_Transmit
                           0x2'7e29    0x78  Code  Gb  drv_IIC.o [22]
IRQ000_Handler             0x1'c5bd    0x12  Code  Gb  hc32f460_interrupts.o [20]
IRQ001_Handler             0x1'c5cf    0x12  Code  Gb  hc32f460_interrupts.o [20]
IRQ002_Handler             0x1'c5e1    0x12  Code  Gb  hc32f460_interrupts.o [20]
IRQ003_Handler             0x1'c5f3    0x12  Code  Gb  hc32f460_interrupts.o [20]
IRQ004_Handler             0x1'c605    0x12  Code  Gb  hc32f460_interrupts.o [20]
IRQ005_Handler             0x1'c617    0x12  Code  Gb  hc32f460_interrupts.o [20]
IRQ006_Handler             0x1'c629    0x12  Code  Gb  hc32f460_interrupts.o [20]
IRQ007_Handler             0x1'c63b    0x12  Code  Gb  hc32f460_interrupts.o [20]
IRQ008_Handler             0x1'c64d    0x12  Code  Gb  hc32f460_interrupts.o [20]
IRQ009_Handler             0x1'c65f    0x12  Code  Gb  hc32f460_interrupts.o [20]
IRQ010_Handler             0x1'c671    0x12  Code  Gb  hc32f460_interrupts.o [20]
IRQ011_Handler             0x1'c683    0x12  Code  Gb  hc32f460_interrupts.o [20]
IRQ012_Handler             0x1'c695    0x12  Code  Gb  hc32f460_interrupts.o [20]
IRQ013_Handler             0x1'c6a7    0x12  Code  Gb  hc32f460_interrupts.o [20]
IRQ014_Handler             0x1'c6b9    0x12  Code  Gb  hc32f460_interrupts.o [20]
IRQ015_Handler             0x1'c6cb    0x12  Code  Gb  hc32f460_interrupts.o [20]
IRQ016_Handler             0x1'c6dd    0x12  Code  Gb  hc32f460_interrupts.o [20]
IRQ017_Handler             0x1'c6ef    0x12  Code  Gb  hc32f460_interrupts.o [20]
IRQ018_Handler             0x1'c701    0x12  Code  Gb  hc32f460_interrupts.o [20]
IRQ019_Handler             0x1'c713    0x12  Code  Gb  hc32f460_interrupts.o [20]
IRQ020_Handler             0x1'c725    0x12  Code  Gb  hc32f460_interrupts.o [20]
IRQ021_Handler             0x1'c737    0x12  Code  Gb  hc32f460_interrupts.o [20]
IRQ022_Handler             0x1'c749    0x12  Code  Gb  hc32f460_interrupts.o [20]
IRQ023_Handler             0x1'c75b    0x12  Code  Gb  hc32f460_interrupts.o [20]
IRQ024_Handler             0x1'c76d    0x12  Code  Gb  hc32f460_interrupts.o [20]
IRQ025_Handler             0x1'c77f    0x12  Code  Gb  hc32f460_interrupts.o [20]
IRQ026_Handler             0x1'c791    0x12  Code  Gb  hc32f460_interrupts.o [20]
IRQ027_Handler             0x1'c7a3    0x12  Code  Gb  hc32f460_interrupts.o [20]
IRQ028_Handler             0x1'c7b5    0x12  Code  Gb  hc32f460_interrupts.o [20]
IRQ029_Handler             0x1'c7c7    0x12  Code  Gb  hc32f460_interrupts.o [20]
IRQ030_Handler             0x1'c7d9    0x12  Code  Gb  hc32f460_interrupts.o [20]
IRQ031_Handler             0x1'c7eb    0x12  Code  Gb  hc32f460_interrupts.o [20]
IRQ032_Handler             0x1'c7fd    0x16  Code  Gb  hc32f460_interrupts.o [20]
IRQ033_Handler             0x1'c813    0x16  Code  Gb  hc32f460_interrupts.o [20]
IRQ034_Handler             0x1'c829    0x16  Code  Gb  hc32f460_interrupts.o [20]
IRQ035_Handler             0x1'c83f    0x16  Code  Gb  hc32f460_interrupts.o [20]
IRQ036_Handler             0x1'c855    0x16  Code  Gb  hc32f460_interrupts.o [20]
IRQ037_Handler             0x1'c86b    0x16  Code  Gb  hc32f460_interrupts.o [20]
IRQ038_Handler             0x1'c881    0x16  Code  Gb  hc32f460_interrupts.o [20]
IRQ039_Handler             0x1'c897    0x16  Code  Gb  hc32f460_interrupts.o [20]
IRQ040_Handler             0x1'c8ad    0x16  Code  Gb  hc32f460_interrupts.o [20]
IRQ041_Handler             0x1'c8c3    0x16  Code  Gb  hc32f460_interrupts.o [20]
IRQ042_Handler             0x1'c8d9    0x16  Code  Gb  hc32f460_interrupts.o [20]
IRQ043_Handler             0x1'c8ef    0x16  Code  Gb  hc32f460_interrupts.o [20]
IRQ044_Handler             0x1'c905    0x16  Code  Gb  hc32f460_interrupts.o [20]
IRQ045_Handler             0x1'c91b    0x16  Code  Gb  hc32f460_interrupts.o [20]
IRQ046_Handler             0x1'c931    0x16  Code  Gb  hc32f460_interrupts.o [20]
IRQ047_Handler             0x1'c947    0x16  Code  Gb  hc32f460_interrupts.o [20]
IRQ048_Handler             0x1'c95d    0x16  Code  Gb  hc32f460_interrupts.o [20]
IRQ049_Handler             0x1'c973    0x16  Code  Gb  hc32f460_interrupts.o [20]
IRQ050_Handler             0x1'c989    0x16  Code  Gb  hc32f460_interrupts.o [20]
IRQ051_Handler             0x1'c99f    0x16  Code  Gb  hc32f460_interrupts.o [20]
IRQ052_Handler             0x1'c9b5    0x16  Code  Gb  hc32f460_interrupts.o [20]
IRQ053_Handler             0x1'c9cb    0x16  Code  Gb  hc32f460_interrupts.o [20]
IRQ054_Handler             0x1'c9e1    0x16  Code  Gb  hc32f460_interrupts.o [20]
IRQ055_Handler             0x1'c9f7    0x16  Code  Gb  hc32f460_interrupts.o [20]
IRQ056_Handler             0x1'ca0d    0x16  Code  Gb  hc32f460_interrupts.o [20]
IRQ057_Handler             0x1'ca23    0x16  Code  Gb  hc32f460_interrupts.o [20]
IRQ058_Handler             0x1'ca39    0x16  Code  Gb  hc32f460_interrupts.o [20]
IRQ059_Handler             0x1'ca4f    0x16  Code  Gb  hc32f460_interrupts.o [20]
IRQ060_Handler             0x1'ca65    0x16  Code  Gb  hc32f460_interrupts.o [20]
IRQ061_Handler             0x1'ca7b    0x16  Code  Gb  hc32f460_interrupts.o [20]
IRQ062_Handler             0x1'ca91    0x16  Code  Gb  hc32f460_interrupts.o [20]
IRQ063_Handler             0x1'caa7    0x16  Code  Gb  hc32f460_interrupts.o [20]
IRQ064_Handler             0x1'cabd    0x16  Code  Gb  hc32f460_interrupts.o [20]
IRQ065_Handler             0x1'cad3    0x16  Code  Gb  hc32f460_interrupts.o [20]
IRQ066_Handler             0x1'cae9    0x16  Code  Gb  hc32f460_interrupts.o [20]
IRQ067_Handler             0x1'caff    0x16  Code  Gb  hc32f460_interrupts.o [20]
IRQ068_Handler             0x1'cb15    0x16  Code  Gb  hc32f460_interrupts.o [20]
IRQ069_Handler             0x1'cb2b    0x16  Code  Gb  hc32f460_interrupts.o [20]
IRQ070_Handler             0x1'cb41    0x16  Code  Gb  hc32f460_interrupts.o [20]
IRQ071_Handler             0x1'cb57    0x16  Code  Gb  hc32f460_interrupts.o [20]
IRQ072_Handler             0x1'cb6d    0x16  Code  Gb  hc32f460_interrupts.o [20]
IRQ073_Handler             0x1'cb83    0x16  Code  Gb  hc32f460_interrupts.o [20]
IRQ074_Handler             0x1'cb99    0x16  Code  Gb  hc32f460_interrupts.o [20]
IRQ075_Handler             0x1'cbaf    0x16  Code  Gb  hc32f460_interrupts.o [20]
IRQ076_Handler             0x1'cbc5    0x16  Code  Gb  hc32f460_interrupts.o [20]
IRQ077_Handler             0x1'cbdb    0x16  Code  Gb  hc32f460_interrupts.o [20]
IRQ078_Handler             0x1'cbf1    0x14  Code  Gb  hc32f460_interrupts.o [20]
IRQ079_Handler             0x1'cc05    0x14  Code  Gb  hc32f460_interrupts.o [20]
IRQ080_Handler             0x1'cc19    0x14  Code  Gb  hc32f460_interrupts.o [20]
IRQ081_Handler             0x1'cc2d    0x14  Code  Gb  hc32f460_interrupts.o [20]
IRQ082_Handler             0x1'cc41    0x14  Code  Gb  hc32f460_interrupts.o [20]
IRQ083_Handler             0x1'cc55    0x14  Code  Gb  hc32f460_interrupts.o [20]
IRQ084_Handler             0x1'cc69    0x14  Code  Gb  hc32f460_interrupts.o [20]
IRQ085_Handler             0x1'cc7d    0x14  Code  Gb  hc32f460_interrupts.o [20]
IRQ086_Handler             0x1'cc91    0x14  Code  Gb  hc32f460_interrupts.o [20]
IRQ087_Handler             0x1'cca5    0x14  Code  Gb  hc32f460_interrupts.o [20]
IRQ088_Handler             0x1'ccb9    0x14  Code  Gb  hc32f460_interrupts.o [20]
IRQ089_Handler             0x1'cccd    0x14  Code  Gb  hc32f460_interrupts.o [20]
IRQ090_Handler             0x1'cce1    0x14  Code  Gb  hc32f460_interrupts.o [20]
IRQ091_Handler             0x1'ccf5    0x14  Code  Gb  hc32f460_interrupts.o [20]
IRQ092_Handler             0x1'cd09    0x14  Code  Gb  hc32f460_interrupts.o [20]
IRQ093_Handler             0x1'cd1d    0x14  Code  Gb  hc32f460_interrupts.o [20]
IRQ094_Handler             0x1'cd31    0x14  Code  Gb  hc32f460_interrupts.o [20]
IRQ095_Handler             0x1'cd45    0x14  Code  Gb  hc32f460_interrupts.o [20]
IRQ096_Handler             0x1'cd59    0x14  Code  Gb  hc32f460_interrupts.o [20]
IRQ097_Handler             0x1'cd6d    0x14  Code  Gb  hc32f460_interrupts.o [20]
IRQ098_Handler             0x1'cd81    0x14  Code  Gb  hc32f460_interrupts.o [20]
IRQ099_Handler             0x1'cd95    0x14  Code  Gb  hc32f460_interrupts.o [20]
IRQ100_Handler             0x1'cda9    0x14  Code  Gb  hc32f460_interrupts.o [20]
IRQ101_Handler             0x1'cdbd    0x14  Code  Gb  hc32f460_interrupts.o [20]
IRQ102_Handler             0x1'cdd1    0x14  Code  Gb  hc32f460_interrupts.o [20]
IRQ103_Handler             0x1'cde5    0x14  Code  Gb  hc32f460_interrupts.o [20]
IRQ104_Handler             0x1'cdf9    0x14  Code  Gb  hc32f460_interrupts.o [20]
IRQ105_Handler             0x1'ce0d    0x14  Code  Gb  hc32f460_interrupts.o [20]
IRQ106_Handler             0x1'ce21    0x14  Code  Gb  hc32f460_interrupts.o [20]
IRQ107_Handler             0x1'ce35    0x14  Code  Gb  hc32f460_interrupts.o [20]
IRQ108_Handler             0x1'ce51    0x14  Code  Gb  hc32f460_interrupts.o [20]
IRQ109_Handler             0x1'ce65    0x14  Code  Gb  hc32f460_interrupts.o [20]
IRQ110_Handler             0x1'ce79    0x14  Code  Gb  hc32f460_interrupts.o [20]
IRQ111_Handler             0x1'ce91    0x14  Code  Gb  hc32f460_interrupts.o [20]
IRQ112_Handler             0x1'cea5    0x14  Code  Gb  hc32f460_interrupts.o [20]
IRQ113_Handler             0x1'cebd    0x14  Code  Gb  hc32f460_interrupts.o [20]
IRQ114_Handler             0x1'ced1    0x14  Code  Gb  hc32f460_interrupts.o [20]
IRQ115_Handler             0x1'cee5    0x14  Code  Gb  hc32f460_interrupts.o [20]
IRQ116_Handler             0x1'cef9    0x14  Code  Gb  hc32f460_interrupts.o [20]
IRQ117_Handler             0x1'cf0d    0x14  Code  Gb  hc32f460_interrupts.o [20]
IRQ118_Handler             0x1'cf21    0x14  Code  Gb  hc32f460_interrupts.o [20]
IRQ119_Handler             0x1'cf35    0x14  Code  Gb  hc32f460_interrupts.o [20]
IRQ120_Handler             0x1'cf49    0x14  Code  Gb  hc32f460_interrupts.o [20]
IRQ121_Handler             0x1'cf61    0x14  Code  Gb  hc32f460_interrupts.o [20]
IRQ122_Handler             0x1'cf75    0x14  Code  Gb  hc32f460_interrupts.o [20]
IRQ123_Handler             0x1'cf89    0x14  Code  Gb  hc32f460_interrupts.o [20]
IRQ124_Handler             0x1'cf9d    0x14  Code  Gb  hc32f460_interrupts.o [20]
IRQ125_Handler             0x1'cfb1    0x14  Code  Gb  hc32f460_interrupts.o [20]
IRQ126_Handler             0x1'cfc5    0x14  Code  Gb  hc32f460_interrupts.o [20]
IRQ127_Handler             0x1'cfd9    0x14  Code  Gb  hc32f460_interrupts.o [20]
IRQ128_Handler             0x3'393d          Code  Wk  startup_hc32f460.o [19]
IRQ129_Handler             0x3'3941          Code  Wk  startup_hc32f460.o [19]
IRQ130_Handler             0x3'3945          Code  Wk  startup_hc32f460.o [19]
IRQ131_Handler             0x3'3949          Code  Wk  startup_hc32f460.o [19]
IRQ132_Handler             0x3'394d          Code  Wk  startup_hc32f460.o [19]
IRQ133_Handler             0x3'3951          Code  Wk  startup_hc32f460.o [19]
IRQ134_Handler             0x3'3955          Code  Wk  startup_hc32f460.o [19]
IRQ135_Handler             0x3'3959          Code  Wk  startup_hc32f460.o [19]
IRQ136_Handler             0x3'395d          Code  Wk  startup_hc32f460.o [19]
IRQ137_Handler             0x3'3961          Code  Wk  startup_hc32f460.o [19]
IRQ138_Handler             0x3'3965          Code  Wk  startup_hc32f460.o [19]
IRQ139_Handler             0x3'3969          Code  Wk  startup_hc32f460.o [19]
IRQ140_Handler             0x3'396d          Code  Wk  startup_hc32f460.o [19]
IRQ141_Handler             0x3'3971          Code  Wk  startup_hc32f460.o [19]
IRQ142_Handler             0x3'3975          Code  Wk  startup_hc32f460.o [19]
IRQ143_Handler             0x3'3979          Code  Wk  startup_hc32f460.o [19]
IrqHandler              0x2000'64d0   0x200  Data  Gb  hc32f460_interrupts.o [20]
MQTT_SK_Data_Pass_Through
                           0x2'453d     0x4  Code  Gb  MQTT_SK.o [7]
MQTT_SK_Get_Config         0x2'4041   0x138  Code  Gb  MQTT_SK.o [7]
MQTT_SK_Get_Data           0x2'41ad   0x390  Code  Gb  MQTT_SK.o [7]
MQTT_SK_Set_Config         0x2'2a81   0xf38  Code  Gb  MQTT_SK.o [7]
MQTT_Send_SetConfig_Result
                           0x2'2979    0xf6  Code  Gb  MQTT_SK.o [7]
MemManage_Handler          0x1'c585     0x8  Code  Gb  hc32f460_interrupts.o [20]
Modbus_Data_Reg_Unit       0x3'1e30   0x1e0  Data  Lc  ModbusRTU_Device_BT.o [10]
NMEA_Comma_Pos             0x2'0cf5    0x36  Code  Gb  LC86L_BD.o [3]
NMEA_GPRMC_Analysis        0x2'0e7b   0x2f6  Code  Gb  LC86L_BD.o [3]
NMEA_Pow                   0x2'0d2b    0x18  Code  Gb  LC86L_BD.o [3]
NMEA_Str2num               0x2'0d43   0x138  Code  Gb  LC86L_BD.o [3]
NMI_Handler                0x1'c575     0x8  Code  Gb  hc32f460_interrupts.o [20]
NMI_IrqHandler             0x2'4ae9    0x1a  Code  Gb  hc32f460_exint_nmi_swi.o [20]
NVIC_ISER_BAK           0x2000'6750    0x14  Data  Gb  hc32f460_pwc.o [20]
OLED_Write_CMD             0x1'e15d    0x54  Code  Gb  OLED.o [11]
[...]
enIrqRegistration          0x1'c4b1    0xa6  Code  Gb  hc32f460_interrupts.o [20]
exit                       0x3'2fbf     0x4  Code  Gb  exit.o [28]
func_4G_Connect_Server_Dispose
                           0x1'a075   0x1aa  Code  Gb  Mainloop.o [9]
func_4G_Connect_Server_Dispose::ucRetryCnt
                        0x2000'680a     0x1  Data  Lc  Mainloop.o [9]
func_ADC_DeInit            0x1'de5b    0x20  Code  Gb  drv_ADC.o [21]
func_Array_Find_Str        0x1'606b    0x6c  Code  Gb  User_Data.o [17]
func_BD_Data_Dispose       0x1'9f69   0x108  Code  Gb  Mainloop.o [9]
func_BD_PowerUp_Init       0x2'118d    0x3a  Code  Gb  LC86L_BD.o [3]
func_BD_PownDown_Deinit
                           0x2'11c7    0x42  Code  Gb  LC86L_BD.o [3]
func_BT05_PowerDown_DeInit
                           0x1'db75    0x38  Code  Gb  BT_TB05.o [2]
func_BT05_PowerUp_Init     0x1'da93    0xe2  Code  Gb  BT_TB05.o [2]
func_BT_Dispose            0x1'dbad   0x118  Code  Gb  BT_TB05.o [2]
func_BT_Dispose::usSendMaxNum
                        0x2000'67ec     0x2  Data  Lc  BT_TB05.o [2]
func_BY_BlackLight_Camera_Test_CMD
                           0x1'58b5    0x9a  Code  Gb  ModbusRTU.o [10]
func_BlackLight_Sensor_Dispose
                           0x1'5e1f   0x1ea  Code  Gb  ModbusRTU.o [10]
func_BlackLight_Sensor_Dispose::enCameraType
                        0x2000'0305     0x1  Data  Lc  ModbusRTU.o [10]
func_BlackLight_Sensor_Dispose::enMoveType
                        0x2000'0306     0x1  Data  Lc  ModbusRTU.o [10]
func_Board_Power_And_Control_GPIO_Init
                           0x2'fdd9   0x154  Code  Gb  main.o [27]
func_Connect_Server_Status_View_Show
                           0x2'b005    0x78  Code  Gb  Display.o [11]
func_DateTime_Battery_Status_View_Show
                           0x2'ab69   0x22c  Code  Gb  Display.o [11]
func_DeviceStart_Sensor_PowerUp_Dispose
                           0x1'9969    0x26  Code  Gb  Mainloop.o [9]
func_Device_ID_PD_View_Show
                           0x2'b855    0xe2  Code  Gb  Display.o [11]
func_Device_Parameter_Init
                           0x1'7483    0x80  Code  Gb  drv_Storage_W25Q128.o [16]
func_Device_SW_HW_View_Show
                           0x2'b93d    0xaa  Code  Gb  Display.o [11]
func_Device_Status_View_Show
                           0x2'ad95   0x1e2  Code  Gb  Display.o [11]
func_Display_128x64        0x1'e59f    0x88  Code  Gb  OLED.o [11]
func_EC200U_4G_PownDown_Deinit
                           0x1'ee55    0x44  Code  Gb  4G_EC200U.o [1]
func_Enter_LowPower_Stop_Mode
                           0x1'96af    0xc2  Code  Gb  Mainloop.o [9]
func_GPSData_View_Show     0x2'b731   0x11a  Code  Gb  Display.o [11]
func_Get_DataUploadCMD_Data
                           0x1'f26f   0x6b8  Code  Gb  4G_EC200U.o [1]
func_Get_DevRegCMD_Data
                           0x1'eef1   0x37e  Code  Gb  4G_EC200U.o [1]
func_Get_DevStatusCMD_Data
                           0x1'fab9   0x350  Code  Gb  4G_EC200U.o [1]
func_Get_DevStatusData     0x1'f92d   0x162  Code  Gb  4G_EC200U.o [1]
func_Get_Device_MeasData_Record
                           0x1'7409    0x1a  Code  Gb  drv_Storage_W25Q128.o [16]
func_Get_Device_Sensors_Value
                           0x1'9991   0x1c6  Code  Gb  Mainloop.o [9]
func_Get_Device_Sensors_Value::ucChangeCnt
                        0x2000'6808     0x1  Data  Lc  Mainloop.o [9]
func_Get_Device_Sensors_Value::ucRetryCnt
                        0x2000'6807     0x1  Data  Lc  Mainloop.o [9]
func_Get_GetConfigResult_CMD
                           0x2'3a0d   0x622  Code  Gb  MQTT_SK.o [7]
func_Get_MBCRC16           0x1'4281    0x40  Code  Gb  ModbusRTU.o [10]
func_Get_Meas_BY_Integrated_Conductivity_Sensor_Value
                           0x1'47c3   0x180  Code  Gb  ModbusRTU.o [10]
func_Get_Meas_BY_Pressure_Level_Sensor_Value
                           0x1'4a9b   0x110  Code  Gb  ModbusRTU.o [10]
func_Get_Meas_BY_Radar_Level_Sensor_Value
                           0x1'4945   0x156  Code  Gb  ModbusRTU.o [10]
func_Get_Meas_HX_Flow_Sensor_Value
                           0x1'546b   0x19c  Code  Gb  ModbusRTU.o [10]
func_Get_Meas_HX_Radar_Ultrasonic_Flow_Sensor_Value
                           0x1'5269   0x202  Code  Gb  ModbusRTU.o [10]
func_Get_Meas_HX_WaterQuality_COD_Sensor_Value
                           0x1'560d   0x1ea  Code  Gb  ModbusRTU.o [10]
func_Get_Meas_HZ_Radar_Level_Sensor_Value
                           0x1'5045   0x216  Code  Gb  ModbusRTU.o [10]
func_Get_Meas_HZ_Radar_Ultrasonic_Flow_Sensor_Value
                           0x1'4bc1   0x480  Code  Gb  ModbusRTU.o [10]
func_Get_Photo_Data        0x1'5a33   0x11a  Code  Gb  ModbusRTU.o [10]
func_Get_Server_MQTT_Dispose
                           0x1'a221    0x9a  Code  Gb  Mainloop.o [9]
func_Get_SetConfigResult_CMD
                           0x2'2915    0x62  Code  Gb  MQTT_SK.o [7]
func_LowPower_Stop_Mode_Init
                           0x1'9771    0x4c  Code  Gb  Mainloop.o [9]
func_MQTT_SK_Init          0x2'4541     0xc  Code  Gb  MQTT_SK.o [7]
func_Mainloop_Init         0x1'9693     0xe  Code  Gb  Mainloop.o [9]
func_Meas_Sensor_Dispose
                           0x1'5b51   0x2ce  Code  Gb  ModbusRTU.o [10]
func_Meas_Sensor_PowerDown_DeInit
                           0x1'9841    0x8c  Code  Gb  Mainloop.o [9]
func_Meas_Sensor_PowerOn_Init
                           0x1'97bd    0x84  Code  Gb  Mainloop.o [9]
func_Meas_Sensor_Value_View_Show
                           0x2'b665    0xc6  Code  Gb  Display.o [11]
func_Measure_WaterLevel_View_Show
                           0x2'b07d   0x328  Code  Gb  Display.o [11]
func_Measure_Water_Quality_View_Show
                           0x2'b3ad   0x2b8  Code  Gb  Display.o [11]
func_NFC_Check_Dispose     0x1'98cd    0x9c  Code  Gb  Mainloop.o [9]
func_Not_Certified_View_Show
                           0x2'af89    0x7c  Code  Gb  Display.o [11]
func_OLED_PowerDown_DeInit
                           0x1'e44d    0x56  Code  Gb  OLED.o [11]
func_OLED_PowerUp_Init     0x1'e339   0x114  Code  Gb  OLED.o [11]
func_PowerOn_View_Show     0x2'b9f9    0x60  Code  Gb  Display.o [11]
func_RF_NFC_PowerDown_DeInit
                           0x1'eded    0x66  Code  Gb  RF_NFC.o [13]
func_RXNTTL518_Init        0x2'0cb5    0x34  Code  Gb  RXNTTL518.o [14]
func_ReadPhoto_XYC_ALS_Data
                           0x2'155d    0x58  Code  Gb  Photosensitive_XYC_ALS.o [12]
func_Read_RXNTTL518_Version
                           0x2'0c03     0xe  Code  Gb  RXNTTL518.o [14]
func_Rts_Control_And_SendData
                           0x1'4701    0xc2  Code  Gb  ModbusRTU.o [10]
func_Save_Device_MeasData
                           0x1'73e7    0x1e  Code  Gb  drv_Storage_W25Q128.o [16]
func_Save_Device_MeasRecord_Dispose
                           0x1'9b65   0x3e8  Code  Gb  Mainloop.o [9]
func_Save_Device_MeasRecord_Dispose::ucSaveRecordFlag
                        0x2000'6809     0x1  Data  Lc  Mainloop.o [9]
func_Save_Device_Parameter
                           0x1'6a11   0x9d6  Code  Gb  drv_Storage_W25Q128.o [16]
func_Search_Card           0x2'0c11    0xa4  Code  Gb  RXNTTL518.o [14]
func_Send_CMD              0x2'0b17    0xec  Code  Gb  RXNTTL518.o [14]
func_Set_BlackLight_Move_AT_CMD
                           0x1'57f7    0xb4  Code  Gb  ModbusRTU.o [10]
func_Set_Camera_Photo_CMD
                           0x1'594f    0xe4  Code  Gb  ModbusRTU.o [10]
func_SystemPara_Init       0x1'6025    0x16  Code  Gb  User_Data.o [17]
func_System_Mainloop_Dispose
                           0x1'a2c5   0x296  Code  Gb  Mainloop.o [9]
func_System_Soft_Reset     0x1'96a1     0xe  Code  Gb  Mainloop.o [9]
func_WatchDog_Refresh      0x2'806f    0x1e  Code  Gb  WatchDog.o [18]
func_diplay_NFCCheck_Menu
                           0x2'aaed    0x7a  Code  Gb  Display.o [11]
func_display_Authorize_Menu
                           0x2'aa5d    0x90  Code  Gb  Display.o [11]
func_display_PowerOn_Menu
                           0x2'aa4d    0x10  Code  Gb  Display.o [11]
func_display_string        0x1'e631   0x7a8  Code  Gb  OLED.o [11]
func_sprintf_metricsystem
                           0x2'a461   0x426  Code  Gb  Display.o [11]
gE_4G_Module_Init_CMD   0x2000'67f2     0x1  Data  Gb  4G_EC200U.o [1]
gSt_DevMeasRecordData   0x2000'6720    0x1c  Data  Gb  User_Data.o [17]
gSt_systemPara          0x2000'0308  0x4dc8  Data  Lc  User_Data.o [17]
g_ATE_CMD               0x2000'02ec     0x8  Data  Lc  BT_TB05.o [2]
g_AT_CMD                0x2000'02f4     0x4  Data  Lc  BT_TB05.o [2]
g_AT_RESET_CMD          0x2000'02b8    0x20  Data  Lc  BT_TB05.o [2]
g_AT_SSID_CMD           0x2000'0294    0x24  Data  Lc  BT_TB05.o [2]
g_Ble_SSID              0x2000'02d8    0x14  Data  Gb  BT_TB05.o [2]
g_sSKLogo_New              0x3'1630   0x400  Data  Gb  Font.o [11]
g_sint8_Font_16x10_12864
                           0x2'f774   0x5a0  Data  Gb  Font.o [11]
g_sint8_Font_16x12_12864
                           0x2'f174   0x600  Data  Gb  Font.o [11]
g_sint8_Font_6x12_AsciiDot
                           0x3'0d48   0x4c8  Data  Gb  Font.o [11]
gc_SystemPosi           0x2000'6812     0x1  Data  Gb  User_Data.o [17]
gfunc_DateString_process
                           0x2'a891   0x1bc  Code  Gb  Display.o [11]
gfunc_Modbus_Matching      0x2'5b61   0x188  Code  Gb  ModbusRTU_Device_BT.o [10]
gs_DeviceDefaultPara    0x2000'0000   0x108  Data  Gb  User_Data.o [17]
guc_ERR13DelayCnt       0x2000'67f6     0x1  Data  Gb  BT_TB05.o [2]
guc_LcdDipRevesAttr     0x2000'6810     0x1  Data  Gb  User_Data.o [17]
guc_NFCPWRInitFlag      0x2000'680e     0x1  Data  Gb  User_Data.o [17]
guc_NFC_Card_Flag       0x2000'6811     0x1  Data  Gb  User_Data.o [17]
guc_NFC_Card_ID         0x2000'0108    0x8c  Data  Gb  RXNTTL518.o [14]
guc_OLED_Buf            0x2000'60d0   0x400  Data  Gb  User_Data.o [17]
guc_RTURecvArr          0x2000'6778    0x14  Data  Gb  User_Data.o [17]
guc_SystemPowerInitFlag
                        0x2000'680f     0x1  Data  Gb  User_Data.o [17]
guc_TextBDData          0x2000'6764    0x14  Data  Gb  User_Data.o [17]
guc_W25Q128_Buf         0x2000'50d0  0x1000  Data  Gb  drv_Storage_W25Q128.o [16]
isalpha                    0x2'e1e1    0x14  Code  Gb  isalpha.o [28]
isspace                    0x2'e1cd    0x14  Code  Gb  isspace.o [28]
lcd_address                0x1'e4a3    0x28  Code  Gb  OLED.o [11]
ldexp                      0x2'e241          Code  Gb  ldexp.o [29]
ldexpl                     0x2'e241          Code  Gb  ldexp.o [29]
lmos                       0x2'9900    0x18  Data  Lc  xDaysTo64.o [28]
lnbias                     0x3'1210   0x420  Data  Lc  pow64.o [29]
localeconv                 0x2'e235     0x4  Code  Gb  xlocale_c.o [28]
m_au16Adc1Value         0x2000'66fc    0x24  Data  Lc  drv_ADC.o [21]
m_au16Adc2Value         0x2000'673c    0x14  Data  Lc  drv_ADC.o [21]
m_stcSysclkCfg          0x2000'678c     0x8  Data  Lc  main.o [27]
main                       0x2'ff2d   0x34a  Code  Gb  main.o [27]
main::ucMonitorFlag     0x2000'6806     0x1  Data  Lc  main.o [27]
memchr                     0x2'e619          Code  Gb  memchr.o [30]
memcmp                     0x1'8e3d          Code  Gb  memcmp.o [30]
mktime                     0x2'2041    0xe0  Code  Gb  mktime64.o [28]
mos                        0x2'9918    0x18  Data  Lc  xDaysTo64.o [28]
nackFlag                0x2000'67f7     0x1  Data  Gb  drv_IIC.o [22]
ndigs                      0x3'24b0    0x28  Data  Lc  iar_Stoulx.o [28]
ndigs                      0x3'2500    0x28  Data  Lc  iar_Stoullx.o [28]
pfnNmiCallback          0x2000'67b0     0x4  Data  Lc  hc32f460_exint_nmi_swi.o [20]
pow                        0x2'db41   0x68c  Code  Gb  pow64.o [29]
powl                       0x2'db41   0x68c  Code  Gb  pow64.o [29]
pows                       0x3'29e0    0x48  Data  Lc  strto64.o [29]
prveMBError2Exception      0x2'4b39    0x26  Code  Gb  ModbusRTU_Device_BT.o [10]
pst_BDSystemPara        0x2000'67b4     0x4  Data  Lc  LC86L_BD.o [3]
pst_BTSystemPara        0x2000'6798     0x4  Data  Lc  BT_TB05.o [2]
pst_EC200USystemPara    0x2000'6794     0x4  Data  Lc  4G_EC200U.o [1]
pst_LoraSystemPara      0x2000'67b8     0x4  Data  Lc  Lora_TP1109.o [6]
pst_MBSystemPara        0x2000'67c8     0x4  Data  Gb  ModbusRTU.o [10]
pst_MQTTSystemPara      0x2000'67d4     0x4  Data  Lc  MQTT_SK.o [7]
pst_MagSystemPara       0x2000'67bc     0x4  Data  Lc  Magnetic_Bar.o [8]
pst_MainSystemPara      0x2000'67c0     0x4  Data  Lc  main.o [27]
pst_MainloopSystemPara  0x2000'67c4     0x4  Data  Lc  Mainloop.o [9]
pst_OLEDSystemPara      0x2000'67d8     0x4  Data  Gb  OLED.o [11]
pst_PhotoSystemPara     0x2000'67dc     0x4  Data  Lc  Photosensitive_XYC_ALS.o [12]
pst_RTCSystemPara       0x2000'679c     0x4  Data  Lc  drv_RTC.o [23]
pst_RXNTTLSystemPara    0x2000'67e0     0x4  Data  Lc  RXNTTL518.o [14]
pst_SC7A20SystemPara    0x2000'67a0     0x4  Data  Lc  drv_SC7A20H.o [15]
pst_TimerSystemPara     0x2000'67a8     0x4  Data  Lc  drv_Timer.o [25]
pst_UsartSystemPara     0x2000'67ac     0x4  Data  Lc  drv_USART.o [26]
pst_W25Q128SystemPara   0x2000'67a4     0x4  Data  Gb  drv_Storage_W25Q128.o [16]
pucSndBufferCur         0x2000'67cc     0x4  Data  Lc  ModbusRTU_Device_BT.o [10]
ranmatch                   0x2'9613    0x46  Code  Lc  xscanffull_nomb.o [28]
scalbln                    0x2'e241          Code  Gb  ldexp.o [29]
scalblnl                   0x2'e241          Code  Gb  ldexp.o [29]
scalbn                     0x2'e241          Code  Gb  ldexp.o [29]
scalbnl                    0x2'e241          Code  Gb  ldexp.o [29]
scale                      0x2'd62b    0x46  Code  Lc  xprintflarge_nomb.o [28]
sec_hand                0x2000'67e8     0x4  Data  Lc  xfail_s.o [28]
sprintf                    0x2'8001    0x40  Code  Gb  sprintf.o [28]
sqrt                       0x2'80ed          Code  Gb  sqrt.o [29]
sqrtl                      0x2'80ed          Code  Gb  sqrt.o [29]
sscanf                     0x2'2019    0x28  Code  Gb  sscanf.o [28]
strcat                     0x2'4b19    0x1e  Code  Gb  strcat.o [28]
strchr                     0x1'dcf1          Code  Gb  strchr.o [30]
strcmp                     0x1'8e29          Code  Gb  strcmp.o [30]
strcpy                     0x1'965d          Code  Gb  strcpy.o [30]
strcspn                    0x2'e699    0x22  Code  Gb  strcspn.o [28]
strlen                     0x1'8dc5          Code  Gb  strlen.o [30]
strncmp                    0x2'808d    0x2a  Code  Gb  strncmp.o [28]
strspn                     0x2'e677    0x22  Code  Gb  strspn.o [28]
strstr                     0x1'8dfb    0x2c  Code  Gb  strstr.o [28]
strtok                     0x2'bdc1    0x4c  Code  Gb  strtok.o [28]
strtoll                    0x2'e5d1     0x2  Code  Gb  iar_Stollx.o [28]
strtoull                   0x2'e529     0x2  Code  Gb  iar_Stoullx.o [28]
tolower                    0x2'e6bb    0x14  Code  Gb  tolower.o [28]
u32ICG                        0x400    0x20  Data  Gb  hc32f460_icg.o [20]
u8HrcState              0x2000'6802     0x1  Data  Gb  hc32f460_pwc.o [20]
u8MrcState              0x2000'6803     0x1  Data  Gb  hc32f460_pwc.o [20]
u8StopFlag              0x2000'6805     0x1  Data  Gb  hc32f460_pwc.o [20]
u8SysClkSrc             0x2000'0304     0x1  Data  Gb  hc32f460_pwc.o [20]
u8WkupIntCnt            0x2000'6804     0x1  Data  Gb  hc32f460_pwc.o [20]
usRcvBufferPos          0x2000'67ee     0x2  Data  Lc  ModbusRTU_Device_BT.o [10]
xFuncHandlers           0x2000'0194    0x80  Data  Lc  ModbusRTU_Device_BT.o [10]


[1] = D:\Myself\WorkProcess\SK\HC32F460_WorkProcess\example\Source\Pipe_Monitor\Pipe_Monitor_App\EWARM\output\debug\Obj\4G_EC200U_8582873453978518366.dir
[2] = D:\Myself\WorkProcess\SK\HC32F460_WorkProcess\example\Source\Pipe_Monitor\Pipe_Monitor_App\EWARM\output\debug\Obj\BT_TB05_12041724360499981866.dir
[3] = D:\Myself\WorkProcess\SK\HC32F460_WorkProcess\example\Source\Pipe_Monitor\Pipe_Monitor_App\EWARM\output\debug\Obj\LC86L_BD_9822625824417385734.dir
[4] = D:\Myself\WorkProcess\SK\HC32F460_WorkProcess\example\Source\Pipe_Monitor\Pipe_Monitor_App\EWARM\output\debug\Obj\LKT4202_1925765440156868983.dir
[5] = D:\Myself\WorkProcess\SK\HC32F460_WorkProcess\example\Source\Pipe_Monitor\Pipe_Monitor_App\EWARM\output\debug\Obj\LoRa_RA02_5139138412578801246.dir
[6] = D:\Myself\WorkProcess\SK\HC32F460_WorkProcess\example\Source\Pipe_Monitor\Pipe_Monitor_App\EWARM\output\debug\Obj\Lora_TP1109_151720617378073083.dir
[7] = D:\Myself\WorkProcess\SK\HC32F460_WorkProcess\example\Source\Pipe_Monitor\Pipe_Monitor_App\EWARM\output\debug\Obj\MQTT_SK_4724149239023757000.dir
[8] = D:\Myself\WorkProcess\SK\HC32F460_WorkProcess\example\Source\Pipe_Monitor\Pipe_Monitor_App\EWARM\output\debug\Obj\Magnetic_Bar_17520218520042908049.dir
[9] = D:\Myself\WorkProcess\SK\HC32F460_WorkProcess\example\Source\Pipe_Monitor\Pipe_Monitor_App\EWARM\output\debug\Obj\Mainloop_18272944273632151421.dir
[10] = D:\Myself\WorkProcess\SK\HC32F460_WorkProcess\example\Source\Pipe_Monitor\Pipe_Monitor_App\EWARM\output\debug\Obj\ModbusRTU_17682219295068567368.dir
[11] = D:\Myself\WorkProcess\SK\HC32F460_WorkProcess\example\Source\Pipe_Monitor\Pipe_Monitor_App\EWARM\output\debug\Obj\OLED_13473777563621607307.dir
[12] = D:\Myself\WorkProcess\SK\HC32F460_WorkProcess\example\Source\Pipe_Monitor\Pipe_Monitor_App\EWARM\output\debug\Obj\Photosensitive_XYC_ALS_28064708180949255.dir
[13] = D:\Myself\WorkProcess\SK\HC32F460_WorkProcess\example\Source\Pipe_Monitor\Pipe_Monitor_App\EWARM\output\debug\Obj\RF_NFC_10628150809568064830.dir
[14] = D:\Myself\WorkProcess\SK\HC32F460_WorkProcess\example\Source\Pipe_Monitor\Pipe_Monitor_App\EWARM\output\debug\Obj\RXNTTL518_17808510930951076202.dir
[15] = D:\Myself\WorkProcess\SK\HC32F460_WorkProcess\example\Source\Pipe_Monitor\Pipe_Monitor_App\EWARM\output\debug\Obj\SC7A20H_13085057635104233901.dir
[16] = D:\Myself\WorkProcess\SK\HC32F460_WorkProcess\example\Source\Pipe_Monitor\Pipe_Monitor_App\EWARM\output\debug\Obj\Storage_W25Q128_4738127093883701884.dir
[17] = D:\Myself\WorkProcess\SK\HC32F460_WorkProcess\example\Source\Pipe_Monitor\Pipe_Monitor_App\EWARM\output\debug\Obj\User_Data_5391006662705040797.dir
[18] = D:\Myself\WorkProcess\SK\HC32F460_WorkProcess\example\Source\Pipe_Monitor\Pipe_Monitor_App\EWARM\output\debug\Obj\WatchDog_9188475617120297074.dir
[19] = D:\Myself\WorkProcess\SK\HC32F460_WorkProcess\example\Source\Pipe_Monitor\Pipe_Monitor_App\EWARM\output\debug\Obj\common_14919461937644757070.dir
[20] = D:\Myself\WorkProcess\SK\HC32F460_WorkProcess\example\Source\Pipe_Monitor\Pipe_Monitor_App\EWARM\output\debug\Obj\driver_11944700488488147666.dir
[21] = D:\Myself\WorkProcess\SK\HC32F460_WorkProcess\example\Source\Pipe_Monitor\Pipe_Monitor_App\EWARM\output\debug\Obj\drv_ADC_15186207816091091275.dir
[22] = D:\Myself\WorkProcess\SK\HC32F460_WorkProcess\example\Source\Pipe_Monitor\Pipe_Monitor_App\EWARM\output\debug\Obj\drv_IIC_18060258103304213159.dir
[23] = D:\Myself\WorkProcess\SK\HC32F460_WorkProcess\example\Source\Pipe_Monitor\Pipe_Monitor_App\EWARM\output\debug\Obj\drv_RTC_2577979922006117733.dir
[24] = D:\Myself\WorkProcess\SK\HC32F460_WorkProcess\example\Source\Pipe_Monitor\Pipe_Monitor_App\EWARM\output\debug\Obj\drv_SPI_4333388098947449637.dir
[25] = D:\Myself\WorkProcess\SK\HC32F460_WorkProcess\example\Source\Pipe_Monitor\Pipe_Monitor_App\EWARM\output\debug\Obj\drv_Timer_6973001687617930806.dir
[26] = D:\Myself\WorkProcess\SK\HC32F460_WorkProcess\example\Source\Pipe_Monitor\Pipe_Monitor_App\EWARM\output\debug\Obj\drv_USART_14144334009435087269.dir
[27] = D:\Myself\WorkProcess\SK\HC32F460_WorkProcess\example\Source\Pipe_Monitor\Pipe_Monitor_App\EWARM\output\debug\Obj\source_5634686896477721948.dir
[28] = dl7M_tlf.a
[29] = m7M_tls.a
[30] = rt7M_tl.a
[31] = shb_l.a

  115'605 bytes of readonly  code memory
   14'104 bytes of readonly  data memory (+ 32 absolute)
   34'834 bytes of readwrite data memory

Errors: none
Warnings: none
