###############################################################################
#
# IAR ELF Linker V9.40.1.364/W64 for ARM                  12/Mar/2026  11:07:16
# Copyright 2007-2023 IAR Systems AB.
#
#    Output file  =
#        D:\Myself\WorkProcess\SK\HC32F460_WorkProcess\example\Source\Pipe_Monitor\Pipe_Monitor_App\EWARM\output\debug\Exe\Pipe_Monitor_App.out
#    Map file     =
#        D:\Myself\WorkProcess\SK\HC32F460_WorkProcess\example\Source\Pipe_Monitor\Pipe_Monitor_App\EWARM\output\debug\List\Pipe_Monitor_App.map
#    Command line =
#        -f
#        D:\Myself\WorkProcess\SK\HC32F460_WorkProcess\example\Source\Pipe_Monitor\Pipe_Monitor_App\EWARM\output\debug\Exe\Pipe_Monitor_App.out.rsp
#        (D:\Myself\WorkProcess\SK\HC32F460_WorkProcess\example\Source\Pipe_Monitor\Pipe_Monitor_App\EWARM\output\debug\Obj\4G_EC200U_8582873453978518366.dir\4G_EC200U.o
#        D:\Myself\WorkProcess\SK\HC32F460_WorkProcess\example\Source\Pipe_Monitor\Pipe_Monitor_App\EWARM\output\debug\Obj\BT_TB05_12041724360499981866.dir\BT_TB05.o
#        D:\Myself\WorkProcess\SK\HC32F460_WorkProcess\example\Source\Pipe_Monitor\Pipe_Monitor_App\EWARM\output\debug\Obj\OLED_13473777563621607307.dir\Display.o
#        D:\Myself\WorkProcess\SK\HC32F460_WorkProcess\example\Source\Pipe_Monitor\Pipe_Monitor_App\EWARM\output\debug\Obj\drv_ADC_15186207816091091275.dir\drv_ADC.o
#        D:\Myself\WorkProcess\SK\HC32F460_WorkProcess\example\Source\Pipe_Monitor\Pipe_Monitor_App\EWARM\output\debug\Obj\drv_IIC_18060258103304213159.dir\drv_IIC.o
#        D:\Myself\WorkProcess\SK\HC32F460_WorkProcess\example\Source\Pipe_Monitor\Pipe_Monitor_App\EWARM\output\debug\Obj\LKT4202_1925765440156868983.dir\drv_LKT4202.o
#        D:\Myself\WorkProcess\SK\HC32F460_WorkProcess\example\Source\Pipe_Monitor\Pipe_Monitor_App\EWARM\output\debug\Obj\drv_OTS_Temperature_13039655784802445445.dir\drv_OTS_Temperature.o
#        D:\Myself\WorkProcess\SK\HC32F460_WorkProcess\example\Source\Pipe_Monitor\Pipe_Monitor_App\EWARM\output\debug\Obj\drv_RTC_2577979922006117733.dir\drv_RTC.o
#        D:\Myself\WorkProcess\SK\HC32F460_WorkProcess\example\Source\Pipe_Monitor\Pipe_Monitor_App\EWARM\output\debug\Obj\SC7A20H_13085057635104233901.dir\drv_SC7A20H.o
#        D:\Myself\WorkProcess\SK\HC32F460_WorkProcess\example\Source\Pipe_Monitor\Pipe_Monitor_App\EWARM\output\debug\Obj\drv_SPI_4333388098947449637.dir\drv_SPI.o
#        D:\Myself\WorkProcess\SK\HC32F460_WorkProcess\example\Source\Pipe_Monitor\Pipe_Monitor_App\EWARM\output\debug\Obj\Storage_W25Q128_4738127093883701884.dir\drv_Storage_W25Q128.o
#        D:\Myself\WorkProcess\SK\HC32F460_WorkProcess\example\Source\Pipe_Monitor\Pipe_Monitor_App\EWARM\output\debug\Obj\drv_Timer_6973001687617930806.dir\drv_Timer.o
#        D:\Myself\WorkProcess\SK\HC32F460_WorkProcess\example\Source\Pipe_Monitor\Pipe_Monitor_App\EWARM\output\debug\Obj\drv_USART_14144334009435087269.dir\drv_USART.o
#        D:\Myself\WorkProcess\SK\HC32F460_WorkProcess\example\Source\Pipe_Monitor\Pipe_Monitor_App\EWARM\output\debug\Obj\RF_NFC_10628150809568064830.dir\fm175xx.o
#        D:\Myself\WorkProcess\SK\HC32F460_WorkProcess\example\Source\Pipe_Monitor\Pipe_Monitor_App\EWARM\output\debug\Obj\OLED_13473777563621607307.dir\Font.o
#        D:\Myself\WorkProcess\SK\HC32F460_WorkProcess\example\Source\Pipe_Monitor\Pipe_Monitor_App\EWARM\output\debug\Obj\driver_11944700488488147666.dir\hc32f460_adc.o
#        D:\Myself\WorkProcess\SK\HC32F460_WorkProcess\example\Source\Pipe_Monitor\Pipe_Monitor_App\EWARM\output\debug\Obj\driver_11944700488488147666.dir\hc32f460_clk.o
#        D:\Myself\WorkProcess\SK\HC32F460_WorkProcess\example\Source\Pipe_Monitor\Pipe_Monitor_App\EWARM\output\debug\Obj\driver_11944700488488147666.dir\hc32f460_dmac.o
#        D:\Myself\WorkProcess\SK\HC32F460_WorkProcess\example\Source\Pipe_Monitor\Pipe_Monitor_App\EWARM\output\debug\Obj\driver_11944700488488147666.dir\hc32f460_efm.o
#        D:\Myself\WorkProcess\SK\HC32F460_WorkProcess\example\Source\Pipe_Monitor\Pipe_Monitor_App\EWARM\output\debug\Obj\driver_11944700488488147666.dir\hc32f460_event_port.o
#        D:\Myself\WorkProcess\SK\HC32F460_WorkProcess\example\Source\Pipe_Monitor\Pipe_Monitor_App\EWARM\output\debug\Obj\driver_11944700488488147666.dir\hc32f460_exint_nmi_swi.o
#        D:\Myself\WorkProcess\SK\HC32F460_WorkProcess\example\Source\Pipe_Monitor\Pipe_Monitor_App\EWARM\output\debug\Obj\driver_11944700488488147666.dir\hc32f460_gpio.o
#        D:\Myself\WorkProcess\SK\HC32F460_WorkProcess\example\Source\Pipe_Monitor\Pipe_Monitor_App\EWARM\output\debug\Obj\driver_11944700488488147666.dir\hc32f460_i2c.o
#        D:\Myself\WorkProcess\SK\HC32F460_WorkProcess\example\Source\Pipe_Monitor\Pipe_Monitor_App\EWARM\output\debug\Obj\driver_11944700488488147666.dir\hc32f460_icg.o
#        D:\Myself\WorkProcess\SK\HC32F460_WorkProcess\example\Source\Pipe_Monitor\Pipe_Monitor_App\EWARM\output\debug\Obj\driver_11944700488488147666.dir\hc32f460_interrupts.o
#        D:\Myself\WorkProcess\SK\HC32F460_WorkProcess\example\Source\Pipe_Monitor\Pipe_Monitor_App\EWARM\output\debug\Obj\driver_11944700488488147666.dir\hc32f460_keyscan.o
#        D:\Myself\WorkProcess\SK\HC32F460_WorkProcess\example\Source\Pipe_Monitor\Pipe_Monitor_App\EWARM\output\debug\Obj\driver_11944700488488147666.dir\hc32f460_ots.o
#        D:\Myself\WorkProcess\SK\HC32F460_WorkProcess\example\Source\Pipe_Monitor\Pipe_Monitor_App\EWARM\output\debug\Obj\driver_11944700488488147666.dir\hc32f460_pwc.o
#        D:\Myself\WorkProcess\SK\HC32F460_WorkProcess\example\Source\Pipe_Monitor\Pipe_Monitor_App\EWARM\output\debug\Obj\driver_11944700488488147666.dir\hc32f460_rtc.o
#        D:\Myself\WorkProcess\SK\HC32F460_WorkProcess\example\Source\Pipe_Monitor\Pipe_Monitor_App\EWARM\output\debug\Obj\driver_11944700488488147666.dir\hc32f460_spi.o
#        D:\Myself\WorkProcess\SK\HC32F460_WorkProcess\example\Source\Pipe_Monitor\Pipe_Monitor_App\EWARM\output\debug\Obj\driver_11944700488488147666.dir\hc32f460_sram.o
#        D:\Myself\WorkProcess\SK\HC32F460_WorkProcess\example\Source\Pipe_Monitor\Pipe_Monitor_App\EWARM\output\debug\Obj\driver_11944700488488147666.dir\hc32f460_timer0.o
#        D:\Myself\WorkProcess\SK\HC32F460_WorkProcess\example\Source\Pipe_Monitor\Pipe_Monitor_App\EWARM\output\debug\Obj\driver_11944700488488147666.dir\hc32f460_timer4_cnt.o
#        D:\Myself\WorkProcess\SK\HC32F460_WorkProcess\example\Source\Pipe_Monitor\Pipe_Monitor_App\EWARM\output\debug\Obj\driver_11944700488488147666.dir\hc32f460_timer4_oco.o
#        D:\Myself\WorkProcess\SK\HC32F460_WorkProcess\example\Source\Pipe_Monitor\Pipe_Monitor_App\EWARM\output\debug\Obj\driver_11944700488488147666.dir\hc32f460_usart.o
#        D:\Myself\WorkProcess\SK\HC32F460_WorkProcess\example\Source\Pipe_Monitor\Pipe_Monitor_App\EWARM\output\debug\Obj\driver_11944700488488147666.dir\hc32f460_utility.o
#        D:\Myself\WorkProcess\SK\HC32F460_WorkProcess\example\Source\Pipe_Monitor\Pipe_Monitor_App\EWARM\output\debug\Obj\driver_11944700488488147666.dir\hc32f460_wdt.o
#        D:\Myself\WorkProcess\SK\HC32F460_WorkProcess\example\Source\Pipe_Monitor\Pipe_Monitor_App\EWARM\output\debug\Obj\LC86L_BD_9822625824417385734.dir\LC86L_BD.o
#        D:\Myself\WorkProcess\SK\HC32F460_WorkProcess\example\Source\Pipe_Monitor\Pipe_Monitor_App\EWARM\output\debug\Obj\LoRa_RA02_5139138412578801246.dir\LoRa_RA02.o
#        D:\Myself\WorkProcess\SK\HC32F460_WorkProcess\example\Source\Pipe_Monitor\Pipe_Monitor_App\EWARM\output\debug\Obj\Lora_TP1109_151720617378073083.dir\Lora_TP1109.o
#        D:\Myself\WorkProcess\SK\HC32F460_WorkProcess\example\Source\Pipe_Monitor\Pipe_Monitor_App\EWARM\output\debug\Obj\Magnetic_Bar_17520218520042908049.dir\Magnetic_Bar.o
#        D:\Myself\WorkProcess\SK\HC32F460_WorkProcess\example\Source\Pipe_Monitor\Pipe_Monitor_App\EWARM\output\debug\Obj\source_5634686896477721948.dir\main.o
#        D:\Myself\WorkProcess\SK\HC32F460_WorkProcess\example\Source\Pipe_Monitor\Pipe_Monitor_App\EWARM\output\debug\Obj\Mainloop_18272944273632151421.dir\Mainloop.o
#        D:\Myself\WorkProcess\SK\HC32F460_WorkProcess\example\Source\Pipe_Monitor\Pipe_Monitor_App\EWARM\output\debug\Obj\RF_NFC_10628150809568064830.dir\mifare_card.o
#        D:\Myself\WorkProcess\SK\HC32F460_WorkProcess\example\Source\Pipe_Monitor\Pipe_Monitor_App\EWARM\output\debug\Obj\ModbusRTU_17682219295068567368.dir\ModbusRTU.o
#        D:\Myself\WorkProcess\SK\HC32F460_WorkProcess\example\Source\Pipe_Monitor\Pipe_Monitor_App\EWARM\output\debug\Obj\ModbusRTU_17682219295068567368.dir\ModbusRTU_Device_BT.o
#        D:\Myself\WorkProcess\SK\HC32F460_WorkProcess\example\Source\Pipe_Monitor\Pipe_Monitor_App\EWARM\output\debug\Obj\MQTT_SK_4724149239023757000.dir\MQTT_SK.o
#        D:\Myself\WorkProcess\SK\HC32F460_WorkProcess\example\Source\Pipe_Monitor\Pipe_Monitor_App\EWARM\output\debug\Obj\OLED_13473777563621607307.dir\OLED.o
#        D:\Myself\WorkProcess\SK\HC32F460_WorkProcess\example\Source\Pipe_Monitor\Pipe_Monitor_App\EWARM\output\debug\Obj\Photosensitive_XYC_ALS_28064708180949255.dir\Photosensitive_XYC_ALS.o
#        D:\Myself\WorkProcess\SK\HC32F460_WorkProcess\example\Source\Pipe_Monitor\Pipe_Monitor_App\EWARM\output\debug\Obj\RF_NFC_10628150809568064830.dir\RF_NFC.o
#        D:\Myself\WorkProcess\SK\HC32F460_WorkProcess\example\Source\Pipe_Monitor\Pipe_Monitor_App\EWARM\output\debug\Obj\RXNTTL518_17808510930951076202.dir\RXNTTL518.o
#        D:\Myself\WorkProcess\SK\HC32F460_WorkProcess\example\Source\Pipe_Monitor\Pipe_Monitor_App\EWARM\output\debug\Obj\common_14919461937644757070.dir\startup_hc32f460.o
#        D:\Myself\WorkProcess\SK\HC32F460_WorkProcess\example\Source\Pipe_Monitor\Pipe_Monitor_App\EWARM\output\debug\Obj\common_14919461937644757070.dir\system_hc32f460.o
#        D:\Myself\WorkProcess\SK\HC32F460_WorkProcess\example\Source\Pipe_Monitor\Pipe_Monitor_App\EWARM\output\debug\Obj\RF_NFC_10628150809568064830.dir\type_a.o
#        D:\Myself\WorkProcess\SK\HC32F460_WorkProcess\example\Source\Pipe_Monitor\Pipe_Monitor_App\EWARM\output\debug\Obj\RF_NFC_10628150809568064830.dir\type_b.o
#        D:\Myself\WorkProcess\SK\HC32F460_WorkProcess\example\Source\Pipe_Monitor\Pipe_Monitor_App\EWARM\output\debug\Obj\User_Data_5391006662705040797.dir\User_Data.o
#        D:\Myself\WorkProcess\SK\HC32F460_WorkProcess\example\Source\Pipe_Monitor\Pipe_Monitor_App\EWARM\output\debug\Obj\WatchDog_9188475617120297074.dir\WatchDog.o
#        --no_out_extension -o
#        D:\Myself\WorkProcess\SK\HC32F460_WorkProcess\example\Source\Pipe_Monitor\Pipe_Monitor_App\EWARM\output\debug\Exe\Pipe_Monitor_App.out
#        --map
#        D:\Myself\WorkProcess\SK\HC32F460_WorkProcess\example\Source\Pipe_Monitor\Pipe_Monitor_App\EWARM\output\debug\List\Pipe_Monitor_App.map
#        --config
#        D:\Myself\WorkProcess\SK\HC32F460_WorkProcess\example\Source\Pipe_Monitor\Pipe_Monitor_App\EWARM\HC32F460xE.icf
#        --semihosting --entry __iar_program_start --redirect
#        __write=__write_buffered --vfe --text_out locale --cpu=Cortex-M4
#        --fpu=VFPv4_sp) --dependencies=n
#        D:\Myself\WorkProcess\SK\HC32F460_WorkProcess\example\Source\Pipe_Monitor\Pipe_Monitor_App\EWARM\output\debug\Exe\Pipe_Monitor_App.out.iar_deps
#
###############################################################################

*******************************************************************************
*** RUNTIME MODEL ATTRIBUTES
***

CppFlavor       = *
__CPP_Runtime   = 1
__SystemLibrary = DLib
__dlib_version  = 6


*******************************************************************************
*** HEAP SELECTION
***

The basic heap was selected because --advanced_heap
was not specified and the application did not appear to
be primarily optimized for speed.


*******************************************************************************
*** PLACEMENT SUMMARY
***

"A0":  place at address 0x1'4000 { ro section .intvec };
"P1":  place in [from 0x1'4000 to 0x7'ffff] |
                [from 0x300'0c00 to 0x300'0ffb] { ro };
define block CSTACK with size = 8K, alignment = 8 { };
define block HEAP with size = 8K, alignment = 8 { };
"P2":  place in [from 0x1fff'8000 to 0x1fff'ffff] |
                [from 0x2000'0000 to 0x2000'ffff repeat 2] |
                [from 0x2002'0000 to 0x2002'6fff] |
                [from 0x200f'0000 to 0x200f'0fff] {
          rw, block CSTACK, block HEAP };
initialize by copy { rw };

  Section            Kind         Address      Size  Object
  -------            ----         -------      ----  ------
Absolute sections:                             0x20
  .rodata            const          0x400      0x20  hc32f460_icg.o [20]
                                  - 0x420      0x20

"A0":                                         0x280
  .intvec            ro code     0x1'4000     0x280  startup_hc32f460.o [19]
                               - 0x1'4280     0x280

"P1":                                      0x2'78f1
  .text              ro code     0x1'4280    0x3b10  4G_EC200U.o [1]
  .text              ro code     0x1'7d90      0x66  ABImemset.o [31]
  .text              ro code     0x1'7df6      0x1e  xsscin.o [29]
  .text              ro code     0x1'7e14     0x4d8  hc32f460_gpio.o [20]
  .text              ro code     0x1'82ec      0x6c  hc32f460_utility.o [20]
  .text              ro code     0x1'8358     0x738  drv_RTC.o [24]
  .text              ro code     0x1'8a90      0x28  sscanf.o [29]
  .text              ro code     0x1'8ab8      0xe0  mktime64.o [29]
  .text              ro code     0x1'8b98      0x40  sprintf.o [29]
  .text              ro code     0x1'8bd8      0x36  strlen.o [31]
  .text              ro code     0x1'8c0e      0x1e  strcat.o [29]
  .text              ro code     0x1'8c2c      0xa6  ABImemcpy.o [31]
  .text              ro code     0x1'8cd2       0xa  xsprout.o [29]
  .text              ro code     0x1'8cdc     0x644  drv_LKT4202.o [4]
  .text              ro code     0x1'9320    0x1ebc  drv_Storage_W25Q128.o [16]
  .text              ro code     0x1'b1dc      0x48  FltToDbl.o [30]
  .text              ro code     0x1'b224     0x25e  DblAddSub.o [30]
  .rodata            const       0x1'b482       0x2  drv_LKT4202.o [4]
  .text              ro code     0x1'b484      0x1c  U32ToDbl.o [30]
  .text              ro code     0x1'b4a0     0x246  DblDiv.o [30]
  .rodata            const       0x1'b6e6       0x2  drv_LKT4202.o [4]
  .text              ro code     0x1'b6e8      0x34  DblCmpLe.o [30]
  .text              ro code     0x1'b71c      0x34  DblCmpGe.o [30]
  .text              ro code     0x1'b750      0x18  strcpy.o [31]
  .text              ro code     0x1'b768      0x4c  WatchDog.o [18]
  .text              ro code     0x1'b7b4    0x12cc  drv_USART.o [27]
  .text              ro code     0x1'ca80      0xb6  User_Data.o [17]
  .text              ro code     0x1'cb36       0x2  hc32f460_utility.o [20]
  .text              ro code     0x1'cb38     0xa10  hc32f460_pwc.o [20]
  .text              ro code     0x1'd548     0xffc  hc32f460_clk.o [20]
  .text              ro code     0x1'e544      0x68  DblToFlt.o [30]
  .text              ro code     0x1'e5ac     0x8a4  hc32f460_rtc.o [20]
  .text              ro code     0x1'ee50     0xb40  hc32f460_interrupts.o [20]
  .text              ro code     0x1'f990      0x16  strchr.o [31]
  .rodata            const       0x1'f9a6       0x2  drv_LKT4202.o [4]
  .text              ro code     0x1'f9a8     0xd7c  xscanffull_nomb.o [29]
  .text              ro code     0x2'0724      0xcc  xDaysTo64.o [29]
  .text              ro code     0x2'07f0     0x15c  xttotm64.o [29]
  .text              ro code     0x2'094c       0x4  xTzoff_nop.o [29]
  .text              ro code     0x2'0950     0xd1a  xprintflarge_nomb.o [29]
  .rodata            const       0x2'166a       0x2  drv_LKT4202.o [4]
  .text              ro code     0x2'166c     0x928  drv_IIC.o [22]
  .text              ro code     0x2'1f94     0x7b4  hc32f460_spi.o [20]
  .text              ro code     0x2'2748    0x14ec  Mainloop.o [9]
  .text              ro code     0x2'3c34      0x12  strcmp.o [31]
  .rodata            const       0x2'3c46       0x2  drv_LKT4202.o [4]
  .text              ro code     0x2'3c48     0xa48  hc32f460_usart.o [20]
  .text              ro code     0x2'4690     0xac0  hc32f460_dmac.o [20]
  .text              ro code     0x2'5150     0x934  hc32f460_timer0.o [20]
  .text              ro code     0x2'5a84     0x458  BT_TB05.o [2]
  .text              ro code     0x2'5edc      0x68  memcmp.o [31]
  .text              ro code     0x2'5f44     0x110  system_hc32f460.o [19]
  .text              ro code     0x2'6054     0x17c  hc32f460_exint_nmi_swi.o [20]
  .text              ro code     0x2'61d0      0x14  isspace.o [29]
  .text              ro code     0x2'61e4      0x14  isalpha.o [29]
  .text              ro code     0x2'61f8      0x4c  xlocale_c.o [29]
  .text              ro code     0x2'6244     0x362  strto64.o [30]
  .rodata            const       0x2'65a6       0x2  drv_LKT4202.o [4]
  .text              ro code     0x2'65a8     0x13a  ldexp.o [30]
  .rodata            const       0x2'66e2       0x2  xlocale_c.o [29]
  .text              ro code     0x2'66e4     0x1b2  iar_Stoullx.o [29]
  .rodata            const       0x2'6896       0x2  xlocale_c.o [29]
  .text              ro code     0x2'6898      0xa6  iar_Stollx.o [29]
  .rodata            const       0x2'693e       0x1  xlocale_c.o [29]
  .text              ro code     0x2'6940      0x40  xfail_s.o [29]
  .text              ro code     0x2'6980      0x58  memchr.o [31]
  .text              ro code     0x2'69d8     0x274  I64DivMod.o [31]
  .text              ro code     0x2'6c4c       0x6  xisdst_nop64.o [29]
  .text              ro code     0x2'6c54      0x70  frexp.o [30]
  .text              ro code     0x2'6cc4      0x22  DblToU32.o [30]
  .text              ro code     0x2'6ce8     0x1aa  DblMul.o [30]
  .text              ro code     0x2'6e94     0xaa0  hc32f460_i2c.o [20]
  .text              ro code     0x2'7934     0x560  LC86L_BD.o [3]
  .text              ro code     0x2'7e94     0xaa0  drv_Timer.o [26]
  .text              ro code     0x2'8934     0x1c4  Lora_TP1109.o [6]
  .text              ro code     0x2'8af8     0x558  drv_ADC.o [21]
  .text              ro code     0x2'9050     0xc9c  OLED.o [11]
  .text              ro code     0x2'9cec      0x66  RF_NFC.o [13]
  .text              ro code     0x2'9d54     0x244  RXNTTL518.o [14]
  .text              ro code     0x2'9f98     0x3ac  Photosensitive_XYC_ALS.o [12]
  .text              ro code     0x2'a344     0x2da  drv_SC7A20H.o [15]
  .text              ro code     0x2'a620    0x212c  Display.o [11]
  .text              ro code     0x2'c74c    0x292c  ModbusRTU.o [10]
  .text              ro code     0x2'f078      0x74  drv_OTS_Temperature.o [23]
  .text              ro code     0x2'f0ec      0x2c  strstr.o [29]
  .text              ro code     0x2'f118    0x31cc  MQTT_SK.o [7]
  .text              ro code     0x3'22e4    0x203c  ModbusRTU_Device_BT.o [10]
  .text              ro code     0x3'4320     0x122  iar_Stopfx.o [29]
  .text              ro code     0x3'4444     0x1b8  iar_Stoflt.o [29]
  .text              ro code     0x3'45fc      0x22  S32ToDbl.o [30]
  .text              ro code     0x3'4620     0x208  iar_Stoxflt.o [29]
  .text              ro code     0x3'4828      0x14  tolower.o [29]
  .text              ro code     0x3'483c       0x6  abort.o [29]
  .text              ro code     0x3'4844       0x2  I64DivZer.o [31]
  .text              ro code     0x3'4848     0x9d0  hc32f460_timer4_oco.o [20]
  .text              ro code     0x3'5218     0x368  hc32f460_timer4_cnt.o [20]
  .text              ro code     0x3'5580     0x578  hc32f460_adc.o [20]
  .text              ro code     0x3'5af8      0x2a  strncmp.o [29]
  .text              ro code     0x3'5b24     0x102  sqrt.o [30]
  .text              ro code     0x3'5c28      0x2a  math_wrappers64.o [30]
  .text              ro code     0x3'5c54      0x36  DblToS32.o [30]
  .text              ro code     0x3'5c8c      0x46  U64ToDbl.o [30]
  .text              ro code     0x3'5cd4     0x180  hc32f460_ots.o [20]
  .text              ro code     0x3'5e54      0x4c  strtok.o [29]
  .text              ro code     0x3'5ea0     0x152  iar_Stoulx.o [29]
  .text              ro code     0x3'5ff4      0x14  exit.o [32]
  .text              ro code     0x3'6008      0xbc  atan64.o [30]
  .text              ro code     0x3'60c4     0x68c  pow64.o [30]
  .text              ro code     0x3'6750      0x22  strspn.o [29]
  .text              ro code     0x3'6772      0x22  strcspn.o [29]
  .text              ro code     0x3'6794     0x1c8  iar_Atan64.o [30]
  .text              ro code     0x3'695c      0x20  DblCmpEq.o [30]
  .text              ro code     0x3'697c     0x32c  iar_Exp64.o [30]
  .text              ro code     0x3'6ca8     0x7a0  main.o [28]
  .text              ro code     0x3'7448      0x90  hc32f460_efm.o [20]
  .text              ro code     0x3'74d8     0x188  hc32f460_sram.o [20]
  .text              ro code     0x3'7660      0xdc  drv_SPI.o [25]
  .text              ro code     0x3'773c     0x204  Magnetic_Bar.o [8]
  .rodata            const       0x3'7940     0x780  Font.o [11]
  .rodata            const       0x3'80c0     0x5a0  Font.o [11]
  .rodata            const       0x3'8660     0x4c8  Font.o [11]
  .rodata            const       0x3'8b28     0x420  pow64.o [30]
  .rodata            const       0x3'8f48     0x410  ModbusRTU_Device_BT.o [10]
  .rodata            const       0x3'9358     0x400  Font.o [11]
  .rodata            const       0x3'9758     0x200  ModbusRTU.o [10]
  .rodata            const       0x3'9958     0x200  RXNTTL518.o [14]
  .rodata            const       0x3'9b58     0x100  ModbusRTU.o [10]
  .rodata            const       0x3'9c58     0x100  ModbusRTU.o [10]
  .rodata            const       0x3'9d58      0xcc  4G_EC200U.o [1]
  .text              ro code     0x3'9e24      0xa2  packbits_init.o [31]
  .rodata            const       0x3'9ec8      0x68  4G_EC200U.o [1]
  .rodata            const       0x3'9f30      0x64  4G_EC200U.o [1]
  .rodata            const       0x3'9f94      0x54  hc32f460_exint_nmi_swi.o [20]
  .rodata            const       0x3'9fe8      0x54  MQTT_SK.o [7]
  .rodata            const       0x3'a03c      0x50  hc32f460_interrupts.o [20]
  .rodata            const       0x3'a08c      0x50  hc32f460_timer4_cnt.o [20]
  .rodata            const       0x3'a0dc      0x50  hc32f460_timer4_oco.o [20]
  .rodata            const       0x3'a12c      0x50  iar_Stoulx.o [29]
  .rodata            const       0x3'a17c      0x50  iar_Stoullx.o [29]
  .rodata            const       0x3'a1cc      0x4c  4G_EC200U.o [1]
  .rodata            const       0x3'a218      0x4c  4G_EC200U.o [1]
  .rodata            const       0x3'a264      0x4c  hc32f460_dmac.o [20]
  .rodata            const       0x3'a2b0      0x4c  hc32f460_gpio.o [20]
  .rodata            const       0x3'a2fc      0x4c  hc32f460_sram.o [20]
  .rodata            const       0x3'a348      0x4c  hc32f460_timer0.o [20]
  .rodata            const       0x3'a394      0x4c  hc32f460_usart.o [20]
  .rodata            const       0x3'a3e0      0x48  hc32f460_adc.o [20]
  .rodata            const       0x3'a428      0x48  hc32f460_clk.o [20]
  .rodata            const       0x3'a470      0x48  hc32f460_efm.o [20]
  .rodata            const       0x3'a4b8      0x48  hc32f460_i2c.o [20]
  .rodata            const       0x3'a500      0x48  hc32f460_ots.o [20]
  .rodata            const       0x3'a548      0x48  hc32f460_pwc.o [20]
  .rodata            const       0x3'a590      0x48  hc32f460_rtc.o [20]
  .rodata            const       0x3'a5d8      0x48  hc32f460_spi.o [20]
  .rodata            const       0x3'a620      0x48  MQTT_SK.o [7]
  .rodata            const       0x3'a668      0x48  strto64.o [30]
  .text              ro code     0x3'a6b0      0x44  startup_hc32f460.o [19]
  .rodata            const       0x3'a6f4      0x3c  4G_EC200U.o [1]
  .rodata            const       0x3'a730      0x40  iar_Atan64.o [30]
  .rodata            const       0x3'a770      0x3c  4G_EC200U.o [1]
  .rodata            const       0x3'a7ac      0x3c  MQTT_SK.o [7]
  .rodata            const       0x3'a7e8      0x3c  MQTT_SK.o [7]
  .rodata            const       0x3'a824      0x38  4G_EC200U.o [1]
  .rodata            const       0x3'a85c      0x38  MQTT_SK.o [7]
  .text              ro code     0x3'a894      0x38  zero_init3.o [31]
  .rodata            const       0x3'a8cc      0x34  MQTT_SK.o [7]
  .rodata            const       0x3'a900      0x30  MQTT_SK.o [7]
  .rodata            const       0x3'a930      0x28  4G_EC200U.o [1]
  .rodata            const       0x3'a958      0x28  4G_EC200U.o [1]
  .rodata            const       0x3'a980      0x28  xscanffull_nomb.o [29]
  .text              ro code     0x3'a9a8      0x28  data_init.o [31]
  .rodata            const       0x3'a9d0      0x24  4G_EC200U.o [1]
  .rodata            const       0x3'a9f4      0x24  MQTT_SK.o [7]
  .rodata            const       0x3'aa18      0x24  xscanffull_nomb.o [29]
  .text              ro code     0x3'aa3c      0x22  fpinit_M.o [30]
  .iar.init_table    const       0x3'aa60      0x34  - Linker created -
  .rodata            const       0x3'aa94      0x20  4G_EC200U.o [1]
  .rodata            const       0x3'aab4      0x20  4G_EC200U.o [1]
  .rodata            const       0x3'aad4      0x20  4G_EC200U.o [1]
  .rodata            const       0x3'aaf4      0x20  drv_LKT4202.o [4]
  .rodata            const       0x3'ab14      0x20  drv_LKT4202.o [4]
  .rodata            const       0x3'ab34      0x20  drv_RTC.o [24]
  .rodata            const       0x3'ab54      0x20  MQTT_SK.o [7]
  .rodata            const       0x3'ab74      0x20  MQTT_SK.o [7]
  .text              ro code     0x3'ab94      0x1e  cmain.o [31]
  .text              ro code     0x3'abb2       0x4  low_level_init.o [29]
  .text              ro code     0x3'abb6       0x4  exit.o [29]
  .text              ro code     0x3'abbc       0xa  cexit.o [31]
  .rodata            const       0x3'abc8      0x1c  4G_EC200U.o [1]
  .rodata            const       0x3'abe4      0x1c  MQTT_SK.o [7]
  .rodata            const       0x3'ac00      0x1c  MQTT_SK.o [7]
  .rodata            const       0x3'ac1c      0x1c  MQTT_SK.o [7]
  .rodata            const       0x3'ac38      0x1c  MQTT_SK.o [7]
  .rodata            const       0x3'ac54      0x1c  MQTT_SK.o [7]
  .rodata            const       0x3'ac70      0x1c  MQTT_SK.o [7]
  .text              ro code     0x3'ac8c      0x1c  cstartup_M.o [31]
  .rodata            const       0x3'aca8      0x18  4G_EC200U.o [1]
  .rodata            const       0x3'acc0      0x18  MQTT_SK.o [7]
  .rodata            const       0x3'acd8      0x18  MQTT_SK.o [7]
  .rodata            const       0x3'acf0      0x18  MQTT_SK.o [7]
  .rodata            const       0x3'ad08      0x18  MQTT_SK.o [7]
  .rodata            const       0x3'ad20      0x18  MQTT_SK.o [7]
  .rodata            const       0x3'ad38      0x18  MQTT_SK.o [7]
  .rodata            const       0x3'ad50      0x14  4G_EC200U.o [1]
  .rodata            const       0x3'ad64      0x14  4G_EC200U.o [1]
  .rodata            const       0x3'ad78      0x14  4G_EC200U.o [1]
  .rodata            const       0x3'ad8c      0x14  4G_EC200U.o [1]
  .rodata            const       0x3'ada0      0x14  4G_EC200U.o [1]
  .rodata            const       0x3'adb4      0x14  4G_EC200U.o [1]
  .rodata            const       0x3'adc8      0x14  4G_EC200U.o [1]
  .rodata            const       0x3'addc      0x14  4G_EC200U.o [1]
  .rodata            const       0x3'adf0      0x14  4G_EC200U.o [1]
  .rodata            const       0x3'ae04      0x14  4G_EC200U.o [1]
  .rodata            const       0x3'ae18      0x14  4G_EC200U.o [1]
  .rodata            const       0x3'ae2c      0x14  4G_EC200U.o [1]
  .rodata            const       0x3'ae40      0x14  4G_EC200U.o [1]
  .rodata            const       0x3'ae54      0x14  4G_EC200U.o [1]
  .rodata            const       0x3'ae68      0x14  4G_EC200U.o [1]
  .rodata            const       0x3'ae7c      0x14  4G_EC200U.o [1]
  .rodata            const       0x3'ae90      0x14  4G_EC200U.o [1]
  .rodata            const       0x3'aea4      0x14  4G_EC200U.o [1]
  .rodata            const       0x3'aeb8      0x14  4G_EC200U.o [1]
  .rodata            const       0x3'aecc      0x14  4G_EC200U.o [1]
  .rodata            const       0x3'aee0      0x14  4G_EC200U.o [1]
  .rodata            const       0x3'aef4      0x14  4G_EC200U.o [1]
  .rodata            const       0x3'af08      0x14  BT_TB05.o [2]
  .rodata            const       0x3'af1c      0x14  Mainloop.o [9]
  .rodata            const       0x3'af30      0x14  ModbusRTU.o [10]
  .rodata            const       0x3'af44      0x14  MQTT_SK.o [7]
  .rodata            const       0x3'af58      0x14  MQTT_SK.o [7]
  .rodata            const       0x3'af6c      0x14  MQTT_SK.o [7]
  .rodata            const       0x3'af80      0x14  MQTT_SK.o [7]
  .rodata            const       0x3'af94      0x14  MQTT_SK.o [7]
  .rodata            const       0x3'afa8      0x14  MQTT_SK.o [7]
  .rodata            const       0x3'afbc      0x14  MQTT_SK.o [7]
  .rodata            const       0x3'afd0      0x14  MQTT_SK.o [7]
  .rodata            const       0x3'afe4      0x14  MQTT_SK.o [7]
  .rodata            const       0x3'aff8      0x14  MQTT_SK.o [7]
  .rodata            const       0x3'b00c      0x14  MQTT_SK.o [7]
  .rodata            const       0x3'b020      0x14  MQTT_SK.o [7]
  .rodata            const       0x3'b034      0x14  MQTT_SK.o [7]
  .rodata            const       0x3'b048      0x14  MQTT_SK.o [7]
  .rodata            const       0x3'b05c      0x14  MQTT_SK.o [7]
  .rodata            const       0x3'b070      0x14  MQTT_SK.o [7]
  .rodata            const       0x3'b084      0x14  MQTT_SK.o [7]
  .rodata            const       0x3'b098      0x14  MQTT_SK.o [7]
  .rodata            const       0x3'b0ac      0x14  MQTT_SK.o [7]
  .rodata            const       0x3'b0c0      0x14  MQTT_SK.o [7]
  .rodata            const       0x3'b0d4      0x14  MQTT_SK.o [7]
  .rodata            const       0x3'b0e8      0x14  MQTT_SK.o [7]
  .rodata            const       0x3'b0fc      0x14  MQTT_SK.o [7]
  .rodata            const       0x3'b110      0x14  MQTT_SK.o [7]
  .rodata            const       0x3'b124      0x14  MQTT_SK.o [7]
  .rodata            const       0x3'b138      0x14  MQTT_SK.o [7]
  .rodata            const       0x3'b14c      0x14  MQTT_SK.o [7]
  .rodata            const       0x3'b160      0x14  MQTT_SK.o [7]
  .rodata            const       0x3'b174      0x14  MQTT_SK.o [7]
  .rodata            const       0x3'b188      0x14  MQTT_SK.o [7]
  .rodata            const       0x3'b19c      0x14  MQTT_SK.o [7]
  .rodata            const       0x3'b1b0      0x14  MQTT_SK.o [7]
  .rodata            const       0x3'b1c4      0x14  MQTT_SK.o [7]
  .rodata            const       0x3'b1d8      0x10  4G_EC200U.o [1]
  .rodata            const       0x3'b1e8      0x10  4G_EC200U.o [1]
  .rodata            const       0x3'b1f8      0x10  4G_EC200U.o [1]
  .rodata            const       0x3'b208      0x10  4G_EC200U.o [1]
  .rodata            const       0x3'b218      0x10  4G_EC200U.o [1]
  .rodata            const       0x3'b228      0x10  4G_EC200U.o [1]
  .rodata            const       0x3'b238      0x10  4G_EC200U.o [1]
  .rodata            const       0x3'b248      0x10  4G_EC200U.o [1]
  .rodata            const       0x3'b258      0x10  4G_EC200U.o [1]
  .rodata            const       0x3'b268      0x10  4G_EC200U.o [1]
  .rodata            const       0x3'b278      0x10  4G_EC200U.o [1]
  .rodata            const       0x3'b288      0x10  4G_EC200U.o [1]
  .rodata            const       0x3'b298      0x10  hc32f460_usart.o [20]
  .rodata            const       0x3'b2a8      0x10  main.o [28]
  .rodata            const       0x3'b2b8      0x10  ModbusRTU.o [10]
  .rodata            const       0x3'b2c8      0x10  MQTT_SK.o [7]
  .rodata            const       0x3'b2d8      0x10  MQTT_SK.o [7]
  .rodata            const       0x3'b2e8      0x10  MQTT_SK.o [7]
  .rodata            const       0x3'b2f8      0x10  MQTT_SK.o [7]
  .rodata            const       0x3'b308      0x10  MQTT_SK.o [7]
  .rodata            const       0x3'b318      0x10  MQTT_SK.o [7]
  .rodata            const       0x3'b328      0x10  MQTT_SK.o [7]
  .rodata            const       0x3'b338      0x10  MQTT_SK.o [7]
  .rodata            const       0x3'b348      0x10  MQTT_SK.o [7]
  .rodata            const       0x3'b358      0x10  MQTT_SK.o [7]
  .rodata            const       0x3'b368      0x10  MQTT_SK.o [7]
  .rodata            const       0x3'b378      0x10  MQTT_SK.o [7]
  .rodata            const       0x3'b388      0x10  MQTT_SK.o [7]
  .rodata            const       0x3'b398      0x10  MQTT_SK.o [7]
  .rodata            const       0x3'b3a8      0x10  MQTT_SK.o [7]
  .rodata            const       0x3'b3b8      0x10  MQTT_SK.o [7]
  .rodata            const       0x3'b3c8      0x10  MQTT_SK.o [7]
  .rodata            const       0x3'b3d8      0x10  MQTT_SK.o [7]
  .rodata            const       0x3'b3e8      0x10  MQTT_SK.o [7]
  .rodata            const       0x3'b3f8      0x10  MQTT_SK.o [7]
  .rodata            const       0x3'b408      0x10  MQTT_SK.o [7]
  .rodata            const       0x3'b418      0x10  MQTT_SK.o [7]
  .rodata            const       0x3'b428      0x10  MQTT_SK.o [7]
  .rodata            const       0x3'b438      0x10  MQTT_SK.o [7]
  .rodata            const       0x3'b448      0x10  MQTT_SK.o [7]
  .rodata            const       0x3'b458      0x10  MQTT_SK.o [7]
  .rodata            const       0x3'b468      0x10  MQTT_SK.o [7]
  .rodata            const       0x3'b478      0x10  MQTT_SK.o [7]
  .rodata            const       0x3'b488      0x10  MQTT_SK.o [7]
  .rodata            const       0x3'b498      0x10  MQTT_SK.o [7]
  .rodata            const       0x3'b4a8      0x10  MQTT_SK.o [7]
  .rodata            const       0x3'b4b8      0x10  MQTT_SK.o [7]
  .rodata            const       0x3'b4c8      0x10  MQTT_SK.o [7]
  .rodata            const       0x3'b4d8      0x10  MQTT_SK.o [7]
  .rodata            const       0x3'b4e8      0x10  MQTT_SK.o [7]
  .rodata            const       0x3'b4f8      0x10  MQTT_SK.o [7]
  .rodata            const       0x3'b508      0x10  MQTT_SK.o [7]
  .rodata            const       0x3'b518      0x10  MQTT_SK.o [7]
  .rodata            const       0x3'b528      0x10  MQTT_SK.o [7]
  .rodata            const       0x3'b538      0x10  MQTT_SK.o [7]
  .rodata            const       0x3'b548      0x10  MQTT_SK.o [7]
  .rodata            const       0x3'b558      0x10  MQTT_SK.o [7]
  .rodata            const       0x3'b568      0x10  MQTT_SK.o [7]
  .rodata            const       0x3'b578      0x10  MQTT_SK.o [7]
  .rodata            const       0x3'b588      0x10  MQTT_SK.o [7]
  .rodata            const       0x3'b598      0x10  MQTT_SK.o [7]
  .rodata            const       0x3'b5a8      0x10  MQTT_SK.o [7]
  .rodata            const       0x3'b5b8      0x10  MQTT_SK.o [7]
  .rodata            const       0x3'b5c8      0x10  MQTT_SK.o [7]
  .rodata            const       0x3'b5d8      0x10  MQTT_SK.o [7]
  .rodata            const       0x3'b5e8      0x10  MQTT_SK.o [7]
  .rodata            const       0x3'b5f8      0x10  MQTT_SK.o [7]
  .rodata            const       0x3'b608      0x10  MQTT_SK.o [7]
  .rodata            const       0x3'b618      0x10  MQTT_SK.o [7]
  .rodata            const       0x3'b628      0x10  MQTT_SK.o [7]
  .rodata            const       0x3'b638      0x10  MQTT_SK.o [7]
  .rodata            const       0x3'b648      0x10  MQTT_SK.o [7]
  .rodata            const       0x3'b658      0x10  MQTT_SK.o [7]
  .rodata            const       0x3'b668      0x10  MQTT_SK.o [7]
  .rodata            const       0x3'b678      0x10  MQTT_SK.o [7]
  .rodata            const       0x3'b688      0x10  MQTT_SK.o [7]
  .rodata            const       0x3'b698      0x10  MQTT_SK.o [7]
  .rodata            const       0x3'b6a8      0x10  MQTT_SK.o [7]
  .rodata            const       0x3'b6b8      0x10  MQTT_SK.o [7]
  .rodata            const       0x3'b6c8       0xc  4G_EC200U.o [1]
  .rodata            const       0x3'b6d4       0xc  4G_EC200U.o [1]
  .rodata            const       0x3'b6e0       0xc  4G_EC200U.o [1]
  .rodata            const       0x3'b6ec       0xc  4G_EC200U.o [1]
  .rodata            const       0x3'b6f8       0xc  4G_EC200U.o [1]
  .rodata            const       0x3'b704       0xc  4G_EC200U.o [1]
  .rodata            const       0x3'b710       0xc  4G_EC200U.o [1]
  .rodata            const       0x3'b71c       0xc  4G_EC200U.o [1]
  .rodata            const       0x3'b728       0xc  4G_EC200U.o [1]
  .rodata            const       0x3'b734       0xc  4G_EC200U.o [1]
  .rodata            const       0x3'b740       0xc  4G_EC200U.o [1]
  .rodata            const       0x3'b74c       0xc  4G_EC200U.o [1]
  .rodata            const       0x3'b758       0xc  BT_TB05.o [2]
  .rodata            const       0x3'b764       0xc  BT_TB05.o [2]
  .rodata            const       0x3'b770       0xc  drv_LKT4202.o [4]
  .rodata            const       0x3'b77c       0xc  drv_LKT4202.o [4]
  .rodata            const       0x3'b788       0xc  drv_USART.o [27]
  .rodata            const       0x3'b794       0xc  drv_USART.o [27]
  .rodata            const       0x3'b7a0       0xc  drv_USART.o [27]
  .rodata            const       0x3'b7ac       0xc  Mainloop.o [9]
  .rodata            const       0x3'b7b8       0xc  Mainloop.o [9]
  .rodata            const       0x3'b7c4       0xc  ModbusRTU.o [10]
  .rodata            const       0x3'b7d0       0xc  ModbusRTU.o [10]
  .rodata            const       0x3'b7dc       0xc  MQTT_SK.o [7]
  .rodata            const       0x3'b7e8       0xc  MQTT_SK.o [7]
  .rodata            const       0x3'b7f4       0xc  MQTT_SK.o [7]
  .rodata            const       0x3'b800       0xc  MQTT_SK.o [7]
  .rodata            const       0x3'b80c       0xc  MQTT_SK.o [7]
  .rodata            const       0x3'b818       0xc  MQTT_SK.o [7]
  .rodata            const       0x3'b824       0xc  MQTT_SK.o [7]
  .rodata            const       0x3'b830       0xc  MQTT_SK.o [7]
  .rodata            const       0x3'b83c       0xc  MQTT_SK.o [7]
  .rodata            const       0x3'b848       0xc  MQTT_SK.o [7]
  .rodata            const       0x3'b854       0xc  MQTT_SK.o [7]
  .rodata            const       0x3'b860       0xc  MQTT_SK.o [7]
  .rodata            const       0x3'b86c       0xc  MQTT_SK.o [7]
  .rodata            const       0x3'b878       0xc  MQTT_SK.o [7]
  .rodata            const       0x3'b884       0xc  MQTT_SK.o [7]
  .rodata            const       0x3'b890       0xc  MQTT_SK.o [7]
  .rodata            const       0x3'b89c       0xc  MQTT_SK.o [7]
  .rodata            const       0x3'b8a8       0xc  MQTT_SK.o [7]
  .rodata            const       0x3'b8b4       0xc  MQTT_SK.o [7]
  .rodata            const       0x3'b8c0       0xc  MQTT_SK.o [7]
  .rodata            const       0x3'b8cc       0x8  4G_EC200U.o [1]
  .rodata            const       0x3'b8d4       0x8  4G_EC200U.o [1]
  .rodata            const       0x3'b8dc       0x8  4G_EC200U.o [1]
  .rodata            const       0x3'b8e4       0x8  4G_EC200U.o [1]
  .rodata            const       0x3'b8ec       0x8  4G_EC200U.o [1]
  .rodata            const       0x3'b8f4       0x8  4G_EC200U.o [1]
  .rodata            const       0x3'b8fc       0x8  4G_EC200U.o [1]
  .rodata            const       0x3'b904       0x8  4G_EC200U.o [1]
  .rodata            const       0x3'b90c       0x8  4G_EC200U.o [1]
  .rodata            const       0x3'b914       0x8  4G_EC200U.o [1]
  .rodata            const       0x3'b91c       0x8  4G_EC200U.o [1]
  .rodata            const       0x3'b924       0x8  4G_EC200U.o [1]
  .rodata            const       0x3'b92c       0x8  4G_EC200U.o [1]
  .rodata            const       0x3'b934       0x8  4G_EC200U.o [1]
  .rodata            const       0x3'b93c       0x8  4G_EC200U.o [1]
  .rodata            const       0x3'b944       0x8  4G_EC200U.o [1]
  .rodata            const       0x3'b94c       0x8  4G_EC200U.o [1]
  .rodata            const       0x3'b954       0x8  4G_EC200U.o [1]
  .rodata            const       0x3'b95c       0x8  4G_EC200U.o [1]
  .rodata            const       0x3'b964       0x8  4G_EC200U.o [1]
  .rodata            const       0x3'b96c       0x8  BT_TB05.o [2]
  .rodata            const       0x3'b974       0x8  Display.o [11]
  .rodata            const       0x3'b97c       0x8  drv_LKT4202.o [4]
  .rodata            const       0x3'b984       0x8  drv_LKT4202.o [4]
  .rodata            const       0x3'b98c       0x8  drv_SC7A20H.o [15]
  .rodata            const       0x3'b994       0x8  LC86L_BD.o [3]
  .rodata            const       0x3'b99c       0x8  LC86L_BD.o [3]
  .rodata            const       0x3'b9a4       0x8  Mainloop.o [9]
  .rodata            const       0x3'b9ac       0x8  Mainloop.o [9]
  .rodata            const       0x3'b9b4       0x8  MQTT_SK.o [7]
  .rodata            const       0x3'b9bc       0x8  MQTT_SK.o [7]
  .rodata            const       0x3'b9c4       0x8  MQTT_SK.o [7]
  .rodata            const       0x3'b9cc       0x8  MQTT_SK.o [7]
  .rodata            const       0x3'b9d4       0x8  MQTT_SK.o [7]
  .rodata            const       0x3'b9dc       0x8  MQTT_SK.o [7]
  .rodata            const       0x3'b9e4       0x4  drv_RTC.o [24]
  .text              ro code     0x3'b9e8       0x4  startup_hc32f460.o [19]
  .text              ro code     0x3'b9ec       0x4  startup_hc32f460.o [19]
  .text              ro code     0x3'b9f0       0x4  startup_hc32f460.o [19]
  .text              ro code     0x3'b9f4       0x4  startup_hc32f460.o [19]
  .text              ro code     0x3'b9f8       0x4  startup_hc32f460.o [19]
  .text              ro code     0x3'b9fc       0x4  startup_hc32f460.o [19]
  .text              ro code     0x3'ba00       0x4  startup_hc32f460.o [19]
  .text              ro code     0x3'ba04       0x4  startup_hc32f460.o [19]
  .text              ro code     0x3'ba08       0x4  startup_hc32f460.o [19]
  .text              ro code     0x3'ba0c       0x4  startup_hc32f460.o [19]
  .text              ro code     0x3'ba10       0x4  startup_hc32f460.o [19]
  .text              ro code     0x3'ba14       0x4  startup_hc32f460.o [19]
  .text              ro code     0x3'ba18       0x4  startup_hc32f460.o [19]
  .text              ro code     0x3'ba1c       0x4  startup_hc32f460.o [19]
  .text              ro code     0x3'ba20       0x4  startup_hc32f460.o [19]
  .text              ro code     0x3'ba24       0x4  startup_hc32f460.o [19]
  .rodata            const       0x3'ba28       0x0  zero_init3.o [31]
  .rodata            const       0x3'ba28       0x0  packbits_init.o [31]
  Initializer bytes  const       0x3'ba28     0x149  <for P2 s0>
                               - 0x3'bb71  0x2'78f1

"P2", part 1 of 4:                            0x3d3
  P2 s0                       0x1fff'8000     0x3d3  <Init block>
    .data            inited   0x1fff'8000     0x1b0  User_Data.o [17]
    .data            inited   0x1fff'81b0      0x8c  RXNTTL518.o [14]
    .data            inited   0x1fff'823c      0x80  ModbusRTU_Device_BT.o [10]
    .data            inited   0x1fff'82bc      0x48  xlocale_c.o [29]
    .data            inited   0x1fff'8304      0x38  xlocale_c.o [29]
    .data            inited   0x1fff'833c      0x24  BT_TB05.o [2]
    .data            inited   0x1fff'8360      0x24  BT_TB05.o [2]
    .data            inited   0x1fff'8384      0x20  BT_TB05.o [2]
    .data            inited   0x1fff'83a4      0x14  BT_TB05.o [2]
    .data            inited   0x1fff'83b8       0x8  BT_TB05.o [2]
    .data            inited   0x1fff'83c0       0x4  BT_TB05.o [2]
    .data            inited   0x1fff'83c4       0x4  system_hc32f460.o [19]
    .data            inited   0x1fff'83c8       0x4  system_hc32f460.o [19]
    .data            inited   0x1fff'83cc       0x1  drv_IIC.o [22]
    .data            inited   0x1fff'83cd       0x1  drv_IIC.o [22]
    .data            inited   0x1fff'83ce       0x1  drv_IIC.o [22]
    .data            inited   0x1fff'83cf       0x1  drv_IIC.o [22]
    .data            inited   0x1fff'83d0       0x1  hc32f460_pwc.o [20]
    .data            inited   0x1fff'83d1       0x1  ModbusRTU.o [10]
    .data            inited   0x1fff'83d2       0x1  ModbusRTU.o [10]
                            - 0x1fff'83d3     0x3d3

"P2", part 2 of 4:                           0x19b4
  .bss               zero     0x1fff'83d4    0x1000  drv_Storage_W25Q128.o [16]
  .bss               zero     0x1fff'93d4     0x400  User_Data.o [17]
  .bss               zero     0x1fff'97d4     0x200  hc32f460_interrupts.o [20]
  .bss               zero     0x1fff'99d4     0x1b8  4G_EC200U.o [1]
  .bss               zero     0x1fff'9b8c      0x64  User_Data.o [17]
  .bss               zero     0x1fff'9bf0      0x2c  User_Data.o [17]
  .bss               zero     0x1fff'9c1c      0x2c  User_Data.o [17]
  .bss               zero     0x1fff'9c48      0x2c  xttotm64.o [29]
  .bss               zero     0x1fff'9c74      0x24  drv_ADC.o [21]
  .bss               zero     0x1fff'9c98      0x14  drv_ADC.o [21]
  .bss               zero     0x1fff'9cac      0x14  hc32f460_pwc.o [20]
  .bss               zero     0x1fff'9cc0      0x14  User_Data.o [17]
  .bss               zero     0x1fff'9cd8       0x8  4G_EC200U.o [1]
  .bss               zero     0x1fff'9ce0       0x8  main.o [28]
  .bss               zero     0x1fff'9ce8       0x4  4G_EC200U.o [1]
  .bss               zero     0x1fff'9cec       0x4  4G_EC200U.o [1]
  .bss               zero     0x1fff'9cf0       0x4  4G_EC200U.o [1]
  .bss               zero     0x1fff'9cf4       0x4  BT_TB05.o [2]
  .bss               zero     0x1fff'9cf8       0x4  drv_RTC.o [24]
  .bss               zero     0x1fff'9cfc       0x4  drv_SC7A20H.o [15]
  .bss               zero     0x1fff'9d00       0x4  drv_Storage_W25Q128.o [16]
  .bss               zero     0x1fff'9d04       0x4  drv_Timer.o [26]
  .bss               zero     0x1fff'9d08       0x4  drv_USART.o [27]
  .bss               zero     0x1fff'9d0c       0x4  hc32f460_exint_nmi_swi.o [20]
  .bss               zero     0x1fff'9d10       0x4  hc32f460_ots.o [20]
  .bss               zero     0x1fff'9d14       0x4  hc32f460_ots.o [20]
  .bss               zero     0x1fff'9d18       0x4  LC86L_BD.o [3]
  .bss               zero     0x1fff'9d1c       0x4  Lora_TP1109.o [6]
  .bss               zero     0x1fff'9d20       0x4  Magnetic_Bar.o [8]
  .bss               zero     0x1fff'9d24       0x4  main.o [28]
  .bss               zero     0x1fff'9d28       0x4  Mainloop.o [9]
  .bss               zero     0x1fff'9d2c       0x4  ModbusRTU.o [10]
  .bss               zero     0x1fff'9d30       0x4  ModbusRTU_Device_BT.o [10]
  .bss               zero     0x1fff'9d34       0x4  ModbusRTU_Device_BT.o [10]
  .bss               zero     0x1fff'9d38       0x4  MQTT_SK.o [7]
  .bss               zero     0x1fff'9d3c       0x4  OLED.o [11]
  .bss               zero     0x1fff'9d40       0x4  Photosensitive_XYC_ALS.o [12]
  .bss               zero     0x1fff'9d44       0x4  RXNTTL518.o [14]
  .bss               zero     0x1fff'9d48       0x4  strtok.o [29]
  .bss               zero     0x1fff'9d4c       0x4  xfail_s.o [29]
  .bss               zero     0x1fff'9d50       0x2  BT_TB05.o [2]
  .bss               zero     0x1fff'9d52       0x2  drv_Timer.o [26]
  .bss               zero     0x1fff'9d54       0x2  ModbusRTU_Device_BT.o [10]
  .bss               zero     0x1fff'9d56       0x2  ModbusRTU_Device_BT.o [10]
  .bss               zero     0x1fff'9d58       0x1  4G_EC200U.o [1]
  .bss               zero     0x1fff'9d59       0x1  4G_EC200U.o [1]
  .bss               zero     0x1fff'9d5a       0x1  4G_EC200U.o [1]
  .bss               zero     0x1fff'9d5b       0x1  4G_EC200U.o [1]
  .bss               zero     0x1fff'9d5c       0x1  4G_EC200U.o [1]
  .bss               zero     0x1fff'9d5d       0x1  4G_EC200U.o [1]
  .bss               zero     0x1fff'9d5e       0x1  4G_EC200U.o [1]
  .bss               zero     0x1fff'9d5f       0x1  4G_EC200U.o [1]
  .bss               zero     0x1fff'9d60       0x1  4G_EC200U.o [1]
  .bss               zero     0x1fff'9d61       0x1  BT_TB05.o [2]
  .bss               zero     0x1fff'9d62       0x1  drv_IIC.o [22]
  .bss               zero     0x1fff'9d63       0x1  drv_RTC.o [24]
  .bss               zero     0x1fff'9d64       0x1  drv_Timer.o [26]
  .bss               zero     0x1fff'9d65       0x1  drv_Timer.o [26]
  .bss               zero     0x1fff'9d66       0x1  drv_Timer.o [26]
  .bss               zero     0x1fff'9d67       0x1  drv_Timer.o [26]
  .bss               zero     0x1fff'9d68       0x1  drv_Timer.o [26]
  .bss               zero     0x1fff'9d69       0x1  drv_Timer.o [26]
  .bss               zero     0x1fff'9d6a       0x1  drv_Timer.o [26]
  .bss               zero     0x1fff'9d6b       0x1  drv_Timer.o [26]
  .bss               zero     0x1fff'9d6c       0x1  drv_Timer.o [26]
  .bss               zero     0x1fff'9d6d       0x1  drv_Timer.o [26]
  .bss               zero     0x1fff'9d6e       0x1  drv_Timer.o [26]
  .bss               zero     0x1fff'9d6f       0x1  drv_Timer.o [26]
  .bss               zero     0x1fff'9d70       0x1  hc32f460_dmac.o [20]
  .bss               zero     0x1fff'9d71       0x1  hc32f460_pwc.o [20]
  .bss               zero     0x1fff'9d72       0x1  hc32f460_pwc.o [20]
  .bss               zero     0x1fff'9d73       0x1  hc32f460_pwc.o [20]
  .bss               zero     0x1fff'9d74       0x1  hc32f460_pwc.o [20]
  .bss               zero     0x1fff'9d75       0x1  main.o [28]
  .bss               zero     0x1fff'9d76       0x1  main.o [28]
  .bss               zero     0x1fff'9d77       0x1  Mainloop.o [9]
  .bss               zero     0x1fff'9d78       0x1  Mainloop.o [9]
  .bss               zero     0x1fff'9d79       0x1  Mainloop.o [9]
  .bss               zero     0x1fff'9d7a       0x1  Mainloop.o [9]
  .bss               zero     0x1fff'9d7b       0x1  Mainloop.o [9]
  .bss               zero     0x1fff'9d7c       0x1  ModbusRTU.o [10]
  .bss               zero     0x1fff'9d7d       0x1  ModbusRTU_Device_BT.o [10]
  .bss               zero     0x1fff'9d7e       0x1  ModbusRTU_Device_BT.o [10]
  .bss               zero     0x1fff'9d7f       0x1  ModbusRTU_Device_BT.o [10]
  .bss               zero     0x1fff'9d80       0x1  User_Data.o [17]
  .bss               zero     0x1fff'9d81       0x1  User_Data.o [17]
  .bss               zero     0x1fff'9d82       0x1  User_Data.o [17]
  .bss               zero     0x1fff'9d83       0x1  User_Data.o [17]
  .bss               zero     0x1fff'9d84       0x1  User_Data.o [17]
  .bss               zero     0x1fff'9d85       0x1  User_Data.o [17]
                            - 0x1fff'9d86    0x19b2

"P2", part 3 of 4:                           0x2000
  CSTACK                      0x1fff'9d88    0x2000  <Block>
    CSTACK           uninit   0x1fff'9d88    0x2000  <Block tail>
                            - 0x1fff'bd88    0x2000

"P2", part 4 of 4:                           0xff10
  .bss               zero     0x2001'0000    0xff10  User_Data.o [17]
                            - 0x2001'ff10    0xff10

Unused ranges:

         From           To      Size
         ----           --      ----
     0x3'bb71     0x7'ffff  0x4'448f
   0x300'0c00   0x300'0ffb     0x3fc
  0x1fff'83d3  0x1fff'83d3       0x1
  0x1fff'bd88  0x1fff'ffff    0x4278
  0x2000'0000  0x2000'ffff  0x1'0000
  0x2001'ff10  0x2001'ffff      0xf0
  0x2002'0000  0x2002'6fff    0x7000
  0x200f'0000  0x200f'0fff    0x1000


*******************************************************************************
*** INIT TABLE
***

          Address      Size
          -------      ----
Zero (__iar_zero_init3)
    2 destination ranges, total size 0x1'18c2:
          0x1fff'83d4  0x19b2
          0x2001'0000  0xff10

Copy/packbits (__iar_packbits_init3)
    1 source range, total size 0x149 (33% of destination):
             0x3'ba28   0x149
    1 destination range, total size 0x3d3:
          0x1fff'8000   0x3d3



*******************************************************************************
*** MODULE SUMMARY
***

    Module                    ro code  ro data  rw data  ro data
                                                          (abs)
    ------                    -------  -------  -------  -------
command line/config:
    ------------------------------------------------------------
    Total:

D:\Myself\WorkProcess\SK\HC32F460_WorkProcess\example\Source\Pipe_Monitor\Pipe_Monitor_App\EWARM\output\debug\Obj\4G_EC200U_8582873453978518366.dir: [1]
    4G_EC200U.o                15'120    1'936      469
    ------------------------------------------------------------
    Total:                     15'120    1'936      469

D:\Myself\WorkProcess\SK\HC32F460_WorkProcess\example\Source\Pipe_Monitor\Pipe_Monitor_App\EWARM\output\debug\Obj\BT_TB05_12041724360499981866.dir: [2]
    BT_TB05.o                   1'112       97      143
    ------------------------------------------------------------
    Total:                      1'112       97      143

D:\Myself\WorkProcess\SK\HC32F460_WorkProcess\example\Source\Pipe_Monitor\Pipe_Monitor_App\EWARM\output\debug\Obj\LC86L_BD_9822625824417385734.dir: [3]
    LC86L_BD.o                  1'376       16        4
    ------------------------------------------------------------
    Total:                      1'376       16        4

D:\Myself\WorkProcess\SK\HC32F460_WorkProcess\example\Source\Pipe_Monitor\Pipe_Monitor_App\EWARM\output\debug\Obj\LKT4202_1925765440156868983.dir: [4]
    drv_LKT4202.o               1'604      116
    ------------------------------------------------------------
    Total:                      1'604      116

D:\Myself\WorkProcess\SK\HC32F460_WorkProcess\example\Source\Pipe_Monitor\Pipe_Monitor_App\EWARM\output\debug\Obj\LoRa_RA02_5139138412578801246.dir: [5]
    ------------------------------------------------------------
    Total:

D:\Myself\WorkProcess\SK\HC32F460_WorkProcess\example\Source\Pipe_Monitor\Pipe_Monitor_App\EWARM\output\debug\Obj\Lora_TP1109_151720617378073083.dir: [6]
    Lora_TP1109.o                 452                 4
    ------------------------------------------------------------
    Total:                        452                 4

D:\Myself\WorkProcess\SK\HC32F460_WorkProcess\example\Source\Pipe_Monitor\Pipe_Monitor_App\EWARM\output\debug\Obj\MQTT_SK_4724149239023757000.dir: [7]
    MQTT_SK.o                  12'748    2'816        4
    ------------------------------------------------------------
    Total:                     12'748    2'816        4

D:\Myself\WorkProcess\SK\HC32F460_WorkProcess\example\Source\Pipe_Monitor\Pipe_Monitor_App\EWARM\output\debug\Obj\Magnetic_Bar_17520218520042908049.dir: [8]
    Magnetic_Bar.o                516                 4
    ------------------------------------------------------------
    Total:                        516                 4

D:\Myself\WorkProcess\SK\HC32F460_WorkProcess\example\Source\Pipe_Monitor\Pipe_Monitor_App\EWARM\output\debug\Obj\Mainloop_18272944273632151421.dir: [9]
    Mainloop.o                  5'356       60        9
    ------------------------------------------------------------
    Total:                      5'356       60        9

D:\Myself\WorkProcess\SK\HC32F460_WorkProcess\example\Source\Pipe_Monitor\Pipe_Monitor_App\EWARM\output\debug\Obj\ModbusRTU_17682219295068567368.dir: [10]
    ModbusRTU.o                10'540    1'085        7
    ModbusRTU_Device_BT.o       8'252    1'083      143
    ------------------------------------------------------------
    Total:                     18'792    2'168      150

D:\Myself\WorkProcess\SK\HC32F460_WorkProcess\example\Source\Pipe_Monitor\Pipe_Monitor_App\EWARM\output\debug\Obj\OLED_13473777563621607307.dir: [11]
    Display.o                   8'492        8
    Font.o                               5'608
    OLED.o                      3'228                 4
    ------------------------------------------------------------
    Total:                     11'720    5'616        4

D:\Myself\WorkProcess\SK\HC32F460_WorkProcess\example\Source\Pipe_Monitor\Pipe_Monitor_App\EWARM\output\debug\Obj\Photosensitive_XYC_ALS_28064708180949255.dir: [12]
    Photosensitive_XYC_ALS.o      940                 4
    ------------------------------------------------------------
    Total:                        940                 4

D:\Myself\WorkProcess\SK\HC32F460_WorkProcess\example\Source\Pipe_Monitor\Pipe_Monitor_App\EWARM\output\debug\Obj\RF_NFC_10628150809568064830.dir: [13]
    RF_NFC.o                      102
    ------------------------------------------------------------
    Total:                        102

D:\Myself\WorkProcess\SK\HC32F460_WorkProcess\example\Source\Pipe_Monitor\Pipe_Monitor_App\EWARM\output\debug\Obj\RXNTTL518_17808510930951076202.dir: [14]
    RXNTTL518.o                   580      559      144
    ------------------------------------------------------------
    Total:                        580      559      144

D:\Myself\WorkProcess\SK\HC32F460_WorkProcess\example\Source\Pipe_Monitor\Pipe_Monitor_App\EWARM\output\debug\Obj\SC7A20H_13085057635104233901.dir: [15]
    drv_SC7A20H.o                 730        8        4
    ------------------------------------------------------------
    Total:                        730        8        4

D:\Myself\WorkProcess\SK\HC32F460_WorkProcess\example\Source\Pipe_Monitor\Pipe_Monitor_App\EWARM\output\debug\Obj\Storage_W25Q128_4738127093883701884.dir: [16]
    drv_Storage_W25Q128.o       7'868             4'100
    ------------------------------------------------------------
    Total:                      7'868             4'100

D:\Myself\WorkProcess\SK\HC32F460_WorkProcess\example\Source\Pipe_Monitor\Pipe_Monitor_App\EWARM\output\debug\Obj\User_Data_5391006662705040797.dir: [17]
    User_Data.o                   182      145   66'966
    ------------------------------------------------------------
    Total:                        182      145   66'966

D:\Myself\WorkProcess\SK\HC32F460_WorkProcess\example\Source\Pipe_Monitor\Pipe_Monitor_App\EWARM\output\debug\Obj\WatchDog_9188475617120297074.dir: [18]
    WatchDog.o                     76
    ------------------------------------------------------------
    Total:                         76

D:\Myself\WorkProcess\SK\HC32F460_WorkProcess\example\Source\Pipe_Monitor\Pipe_Monitor_App\EWARM\output\debug\Obj\common_14919461937644757070.dir: [19]
    startup_hc32f460.o            772
    system_hc32f460.o             272        3        8
    ------------------------------------------------------------
    Total:                      1'044        3        8

D:\Myself\WorkProcess\SK\HC32F460_WorkProcess\example\Source\Pipe_Monitor\Pipe_Monitor_App\EWARM\output\debug\Obj\driver_11944700488488147666.dir: [20]
    hc32f460_adc.o              1'400       72
    hc32f460_clk.o              4'092       72
    hc32f460_dmac.o             2'752       76        1
    hc32f460_efm.o                144       72
    hc32f460_exint_nmi_swi.o      380       84        4
    hc32f460_gpio.o             1'240       76
    hc32f460_i2c.o              2'720       72
    hc32f460_icg.o                                            32
    hc32f460_interrupts.o       2'880       80      512
    hc32f460_ots.o                384       72        8
    hc32f460_pwc.o              2'576       73       25
    hc32f460_rtc.o              2'212       72
    hc32f460_spi.o              1'972       72
    hc32f460_sram.o               392       76
    hc32f460_timer0.o           2'356       76
    hc32f460_timer4_cnt.o         872       80
    hc32f460_timer4_oco.o       2'512       80
    hc32f460_usart.o            2'632       92
    hc32f460_utility.o            110
    ------------------------------------------------------------
    Total:                     31'626    1'297      550       32

D:\Myself\WorkProcess\SK\HC32F460_WorkProcess\example\Source\Pipe_Monitor\Pipe_Monitor_App\EWARM\output\debug\Obj\drv_ADC_15186207816091091275.dir: [21]
    drv_ADC.o                   1'368                56
    ------------------------------------------------------------
    Total:                      1'368                56

D:\Myself\WorkProcess\SK\HC32F460_WorkProcess\example\Source\Pipe_Monitor\Pipe_Monitor_App\EWARM\output\debug\Obj\drv_IIC_18060258103304213159.dir: [22]
    drv_IIC.o                   2'344        1        5
    ------------------------------------------------------------
    Total:                      2'344        1        5

D:\Myself\WorkProcess\SK\HC32F460_WorkProcess\example\Source\Pipe_Monitor\Pipe_Monitor_App\EWARM\output\debug\Obj\drv_OTS_Temperature_13039655784802445445.dir: [23]
    drv_OTS_Temperature.o         116
    ------------------------------------------------------------
    Total:                        116

D:\Myself\WorkProcess\SK\HC32F460_WorkProcess\example\Source\Pipe_Monitor\Pipe_Monitor_App\EWARM\output\debug\Obj\drv_RTC_2577979922006117733.dir: [24]
    drv_RTC.o                   1'848       36        5
    ------------------------------------------------------------
    Total:                      1'848       36        5

D:\Myself\WorkProcess\SK\HC32F460_WorkProcess\example\Source\Pipe_Monitor\Pipe_Monitor_App\EWARM\output\debug\Obj\drv_SPI_4333388098947449637.dir: [25]
    drv_SPI.o                     220
    ------------------------------------------------------------
    Total:                        220

D:\Myself\WorkProcess\SK\HC32F460_WorkProcess\example\Source\Pipe_Monitor\Pipe_Monitor_App\EWARM\output\debug\Obj\drv_Timer_6973001687617930806.dir: [26]
    drv_Timer.o                 2'720                18
    ------------------------------------------------------------
    Total:                      2'720                18

D:\Myself\WorkProcess\SK\HC32F460_WorkProcess\example\Source\Pipe_Monitor\Pipe_Monitor_App\EWARM\output\debug\Obj\drv_USART_14144334009435087269.dir: [27]
    drv_USART.o                 4'812       36        4
    ------------------------------------------------------------
    Total:                      4'812       36        4

D:\Myself\WorkProcess\SK\HC32F460_WorkProcess\example\Source\Pipe_Monitor\Pipe_Monitor_App\EWARM\output\debug\Obj\source_5634686896477721948.dir: [28]
    main.o                      1'952       16       14
    ------------------------------------------------------------
    Total:                      1'952       16       14

dl7M_tlf.a: [29]
    abort.o                         6
    exit.o                          4
    iar_Stoflt.o                  440
    iar_Stollx.o                  166
    iar_Stopfx.o                  290
    iar_Stoullx.o                 434       80
    iar_Stoulx.o                  338       80
    iar_Stoxflt.o                 520
    isalpha.o                      20
    isspace.o                      20
    low_level_init.o                4
    mktime64.o                    224
    sprintf.o                      64
    sscanf.o                       40
    strcat.o                       30
    strcspn.o                      34
    strncmp.o                      42
    strspn.o                       34
    strstr.o                       44
    strtok.o                       76                 4
    tolower.o                      20
    xDaysTo64.o                   204
    xTzoff_nop.o                    4
    xfail_s.o                      64                 4
    xisdst_nop64.o                  6
    xlocale_c.o                    76       48      128
    xprintflarge_nomb.o         3'354
    xscanffull_nomb.o           3'452       76
    xsprout.o                      10
    xsscin.o                       30
    xttotm64.o                    348                44
    ------------------------------------------------------------
    Total:                     10'398      284      180

m7M_tls.a: [30]
    DblAddSub.o                   606
    DblCmpEq.o                     32
    DblCmpGe.o                     52
    DblCmpLe.o                     52
    DblDiv.o                      582
    DblMul.o                      426
    DblToFlt.o                    104
    DblToS32.o                     54
    DblToU32.o                     34
    FltToDbl.o                     72
    S32ToDbl.o                     34
    U32ToDbl.o                     28
    U64ToDbl.o                     70
    atan64.o                      188
    fpinit_M.o                     34
    frexp.o                       112
    iar_Atan64.o                  456       64
    iar_Exp64.o                   812
    ldexp.o                       314
    math_wrappers64.o              42
    pow64.o                     1'676    1'056
    sqrt.o                        258
    strto64.o                     866       72
    ------------------------------------------------------------
    Total:                      6'904    1'192

rt7M_tl.a: [31]
    ABImemcpy.o                   166
    ABImemset.o                   102
    I64DivMod.o                   628
    I64DivZer.o                     2
    cexit.o                        10
    cmain.o                        30
    cstartup_M.o                   28
    data_init.o                    40
    memchr.o                       88
    memcmp.o                      104
    packbits_init.o               162
    strchr.o                       22
    strcmp.o                       18
    strcpy.o                       24
    strlen.o                       54
    zero_init3.o                   56
    ------------------------------------------------------------
    Total:                      1'534

shb_l.a: [32]
    exit.o                         20
    ------------------------------------------------------------
    Total:                         20

    Gaps                           33        6        4
    Linker created                          52    8'192
----------------------------------------------------------------
    Grand Total:              146'213   16'460   81'045       32


*******************************************************************************
*** ENTRY LIST
***

Entry                       Address    Size  Type      Object
-----                       -------    ----  ----      ------
.iar.init_table$$Base      0x3'aa60           --   Gb  - Linker created -
.iar.init_table$$Limit     0x3'aa94           --   Gb  - Linker created -
?main                      0x3'ab95          Code  Gb  cmain.o [31]
ADC_AddAdcChannel          0x3'5795    0xbe  Code  Gb  hc32f460_adc.o [20]
ADC_AddAvgChannel          0x3'58c5    0x66  Code  Gb  hc32f460_adc.o [20]
ADC_ConfigAvg              0x3'585d    0x64  Code  Gb  hc32f460_adc.o [20]
ADC_DeInit                 0x3'5695   0x100  Code  Gb  hc32f460_adc.o [20]
ADC_GetChData              0x3'5a21    0x98  Code  Gb  hc32f460_adc.o [20]
ADC_Init                   0x3'5581   0x114  Code  Gb  hc32f460_adc.o [20]
ADC_PollingSa              0x3'592b    0xf6  Code  Gb  hc32f460_adc.o [20]
ADC_ReadAllData            0x3'5acd    0x2c  Code  Lc  hc32f460_adc.o [20]
AdcChannelConfig           0x2'8bcd    0x74  Code  Lc  drv_ADC.o [21]
AdcClockConfig             0x2'8af9    0x78  Code  Lc  drv_ADC.o [21]
AdcInitConfig              0x2'8b71    0x5c  Code  Lc  drv_ADC.o [21]
AsyncDelay                 0x2'51b9    0x76  Code  Lc  hc32f460_timer0.o [20]
BusFault_Handler           0x1'ef2d     0x8  Code  Gb  hc32f460_interrupts.o [20]
CLK_ClearFcmFlag           0x1'e4b1    0x5c  Code  Gb  hc32f460_clk.o [20]
CLK_FcmCmd                 0x1'e407    0x28  Code  Gb  hc32f460_clk.o [20]
CLK_FcmConfig              0x1'e155   0x2b2  Code  Gb  hc32f460_clk.o [20]
CLK_GetClockFreq           0x1'df0d   0x116  Code  Gb  hc32f460_clk.o [20]
CLK_GetFcmCounter          0x1'e42f     0x8  Code  Gb  hc32f460_clk.o [20]
CLK_GetFcmFlag             0x1'e449    0x62  Code  Gb  hc32f460_clk.o [20]
CLK_GetFlagStatus          0x1'e0a5    0x8a  Code  Gb  hc32f460_clk.o [20]
CLK_LrcCmd                 0x1'd77f    0x98  Code  Gb  hc32f460_clk.o [20]
CLK_MpllCmd                0x1'd9c3    0xb0  Code  Gb  hc32f460_clk.o [20]
CLK_MpllConfig             0x1'd867   0x15c  Code  Gb  hc32f460_clk.o [20]
CLK_SetPeriClkSource       0x1'e031    0x58  Code  Gb  hc32f460_clk.o [20]
CLK_SetPllSource           0x1'd817    0x50  Code  Gb  hc32f460_clk.o [20]
CLK_SetSysClkSource        0x1'dc65   0x104  Code  Gb  hc32f460_clk.o [20]
CLK_SysClkConfig           0x1'dd7d   0x188  Code  Gb  hc32f460_clk.o [20]
CLK_UpllCmd                0x1'dbc1    0xa4  Code  Gb  hc32f460_clk.o [20]
CLK_UpllConfig             0x1'da73   0x14e  Code  Gb  hc32f460_clk.o [20]
CLK_Xtal32Cmd              0x1'd6e7    0x98  Code  Gb  hc32f460_clk.o [20]
CLK_Xtal32Config           0x1'd697    0x50  Code  Gb  hc32f460_clk.o [20]
CLK_XtalCmd                0x1'd5a3    0xf4  Code  Gb  hc32f460_clk.o [20]
CLK_XtalConfig             0x1'd549    0x5a  Code  Gb  hc32f460_clk.o [20]
CRC16_SM4                  0x1'48cb    0x3e  Code  Gb  4G_EC200U.o [1]
CSTACK$$Base            0x1fff'9d88           --   Gb  - Linker created -
CSTACK$$Limit           0x1fff'bd88           --   Gb  - Linker created -
Clock_MeasureConfig        0x1'8575    0xcc  Code  Lc  drv_RTC.o [24]
Crc16                      0x2'c78d    0x38  Code  Gb  ModbusRTU.o [10]
DMA_ChannelCfg             0x2'4c6d   0x2ce  Code  Gb  hc32f460_dmac.o [20]
DMA_ChannelCmd             0x2'47d9   0x252  Code  Gb  hc32f460_dmac.o [20]
DMA_ClearIrqFlag           0x2'46df    0xfa  Code  Gb  hc32f460_dmac.o [20]
DMA_Cmd                    0x2'4691    0x4e  Code  Gb  hc32f460_dmac.o [20]
DMA_GetTransferCnt         0x2'4ba1    0x60  Code  Gb  hc32f460_dmac.o [20]
DMA_InitChannel            0x2'4f3b   0x202  Code  Gb  hc32f460_dmac.o [20]
DMA_SetDesAddress          0x2'4a39    0xa0  Code  Gb  hc32f460_dmac.o [20]
DMA_SetTransferCnt         0x2'4ad9    0xc8  Code  Gb  hc32f460_dmac.o [20]
DMA_SetTriggerSrc          0x2'4c11    0x56  Code  Gb  hc32f460_dmac.o [20]
Ddl_AssertHandler          0x1'cb37     0x2  Code  Wk  hc32f460_utility.o [20]
Ddl_Delay1ms               0x1'82ed    0x28  Code  Gb  hc32f460_utility.o [20]
Ddl_Delay1us               0x1'8315    0x38  Code  Gb  hc32f460_utility.o [20]
DebugMon_Handler           0x1'ef45     0x8  Code  Gb  hc32f460_interrupts.o [20]
Dma1Btc0IrqCallback        0x1'b84d    0x1c  Code  Lc  drv_USART.o [27]
Dma1Btc1IrqCallback        0x1'b869    0x1c  Code  Lc  drv_USART.o [27]
Dma1Btc2IrqCallback        0x1'b885    0x1c  Code  Lc  drv_USART.o [27]
Dma1Btc3IrqCallback        0x1'b8a1    0x1c  Code  Lc  drv_USART.o [27]
Dma1Init                   0x1'b8bd   0x200  Code  Lc  drv_USART.o [27]
DmaChEnState            0x1fff'9d70     0x1  Data  Lc  hc32f460_dmac.o [20]
Dtentox                    0x2'6245   0x1d8  Code  Lc  strto64.o [30]
EC200U_4G_Module_Configuration_Init
                           0x1'7225   0xa98  Code  Gb  4G_EC200U.o [1]
EC200U_4G_Module_Configuration_Init::ucRetryCnt
                        0x1fff'9d5e     0x1  Data  Lc  4G_EC200U.o [1]
EC200U_4G_Module_GPIO_Init
                           0x1'42dd    0x88  Code  Gb  4G_EC200U.o [1]
EFM_Lock                   0x3'745b    0x14  Code  Gb  hc32f460_efm.o [20]
EFM_SetLatency             0x3'746f    0x5c  Code  Gb  hc32f460_efm.o [20]
EFM_Unlock                 0x3'7449    0x12  Code  Gb  hc32f460_efm.o [20]
EPSINON                    0x3'b9e4     0x4  Data  Lc  drv_RTC.o [24]
EXINT_Init                 0x2'6055    0xa0  Code  Gb  hc32f460_exint_nmi_swi.o [20]
EXINT_IrqFlgClr            0x2'618f    0x12  Code  Gb  hc32f460_exint_nmi_swi.o [20]
EXINT_IrqFlgGet            0x2'60f5    0x9a  Code  Gb  hc32f460_exint_nmi_swi.o [20]
ExtInt01_Callback          0x2'a001    0xa6  Code  Gb  Photosensitive_XYC_ALS.o [12]
ExtInt07_Callback          0x3'77a5    0xbc  Code  Gb  Magnetic_Bar.o [8]
ExtInt13_Callback          0x2'899d    0x12  Code  Gb  Lora_TP1109.o [6]
Float_reg_rw_mode          0x2'ca75    0x94  Code  Gb  ModbusRTU.o [10]
GetSystemPara              0x1'ca81     0x4  Code  Gb  User_Data.o [17]
HRC_VALUE               0x1fff'83c4     0x4  Data  Gb  system_hc32f460.o [19]
HardFault_Handler          0x1'ef1d     0x8  Code  Gb  hc32f460_interrupts.o [20]
I2C_AckConfig              0x2'7585    0x56  Code  Gb  hc32f460_i2c.o [20]
I2C_BaudrateConfig         0x2'6fcd   0x228  Code  Gb  hc32f460_i2c.o [20]
I2C_BusWaitCmd             0x2'7373    0x6a  Code  Gb  hc32f460_i2c.o [20]
I2C_ClearStatus            0x2'7489    0x36  Code  Gb  hc32f460_i2c.o [20]
I2C_Cmd                    0x2'731d    0x56  Code  Gb  hc32f460_i2c.o [20]
I2C_DeInit                 0x2'71f5    0x40  Code  Gb  hc32f460_i2c.o [20]
I2C_GenerateReStart        0x2'6f27    0x52  Code  Gb  hc32f460_i2c.o [20]
I2C_GenerateStart          0x2'6ed5    0x52  Code  Gb  hc32f460_i2c.o [20]
I2C_GenerateStop           0x2'6f79    0x52  Code  Gb  hc32f460_i2c.o [20]
I2C_GetStatus              0x2'73dd    0xa0  Code  Gb  hc32f460_i2c.o [20]
I2C_Init                   0x2'723d    0xd6  Code  Gb  hc32f460_i2c.o [20]
I2C_MasterDataReceiveAndStop
                           0x2'77f1    0xd4  Code  Gb  hc32f460_i2c.o [20]
I2C_ReadData               0x2'754d    0x2e  Code  Gb  hc32f460_i2c.o [20]
I2C_Restart                0x2'763b    0x4c  Code  Gb  hc32f460_i2c.o [20]
I2C_SoftwareResetCmd       0x2'74bf    0x56  Code  Gb  hc32f460_i2c.o [20]
I2C_Start                  0x2'75db    0x60  Code  Gb  hc32f460_i2c.o [20]
I2C_Stop                   0x2'78c5    0x56  Code  Gb  hc32f460_i2c.o [20]
I2C_TransAddr              0x2'7687    0xcc  Code  Gb  hc32f460_i2c.o [20]
I2C_TransData              0x2'7753    0x9e  Code  Gb  hc32f460_i2c.o [20]
I2C_WaitStatus             0x2'6e95    0x40  Code  Gb  hc32f460_i2c.o [20]
I2C_WriteData              0x2'7515    0x30  Code  Gb  hc32f460_i2c.o [20]
I2C_XYC_ALS_Master_Receive
                           0x2'1e41    0xd4  Code  Gb  drv_IIC.o [22]
I2C_XYC_ALS_Master_Transmit
                           0x2'1dbd    0x78  Code  Gb  drv_IIC.o [22]
IRQ000_Handler             0x1'ef5d    0x12  Code  Gb  hc32f460_interrupts.o [20]
IRQ001_Handler             0x1'ef6f    0x12  Code  Gb  hc32f460_interrupts.o [20]
IRQ002_Handler             0x1'ef81    0x12  Code  Gb  hc32f460_interrupts.o [20]
IRQ003_Handler             0x1'ef93    0x12  Code  Gb  hc32f460_interrupts.o [20]
IRQ004_Handler             0x1'efa5    0x12  Code  Gb  hc32f460_interrupts.o [20]
IRQ005_Handler             0x1'efb7    0x12  Code  Gb  hc32f460_interrupts.o [20]
IRQ006_Handler             0x1'efc9    0x12  Code  Gb  hc32f460_interrupts.o [20]
IRQ007_Handler             0x1'efdb    0x12  Code  Gb  hc32f460_interrupts.o [20]
IRQ008_Handler             0x1'efed    0x12  Code  Gb  hc32f460_interrupts.o [20]
IRQ009_Handler             0x1'efff    0x12  Code  Gb  hc32f460_interrupts.o [20]
IRQ010_Handler             0x1'f011    0x12  Code  Gb  hc32f460_interrupts.o [20]
IRQ011_Handler             0x1'f023    0x12  Code  Gb  hc32f460_interrupts.o [20]
IRQ012_Handler             0x1'f035    0x12  Code  Gb  hc32f460_interrupts.o [20]
IRQ013_Handler             0x1'f047    0x12  Code  Gb  hc32f460_interrupts.o [20]
IRQ014_Handler             0x1'f059    0x12  Code  Gb  hc32f460_interrupts.o [20]
IRQ015_Handler             0x1'f06b    0x12  Code  Gb  hc32f460_interrupts.o [20]
IRQ016_Handler             0x1'f07d    0x12  Code  Gb  hc32f460_interrupts.o [20]
IRQ017_Handler             0x1'f08f    0x12  Code  Gb  hc32f460_interrupts.o [20]
IRQ018_Handler             0x1'f0a1    0x12  Code  Gb  hc32f460_interrupts.o [20]
IRQ019_Handler             0x1'f0b3    0x12  Code  Gb  hc32f460_interrupts.o [20]
IRQ020_Handler             0x1'f0c5    0x12  Code  Gb  hc32f460_interrupts.o [20]
IRQ021_Handler             0x1'f0d7    0x12  Code  Gb  hc32f460_interrupts.o [20]
IRQ022_Handler             0x1'f0e9    0x12  Code  Gb  hc32f460_interrupts.o [20]
IRQ023_Handler             0x1'f0fb    0x12  Code  Gb  hc32f460_interrupts.o [20]
IRQ024_Handler             0x1'f10d    0x12  Code  Gb  hc32f460_interrupts.o [20]
IRQ025_Handler             0x1'f11f    0x12  Code  Gb  hc32f460_interrupts.o [20]
IRQ026_Handler             0x1'f131    0x12  Code  Gb  hc32f460_interrupts.o [20]
IRQ027_Handler             0x1'f143    0x12  Code  Gb  hc32f460_interrupts.o [20]
IRQ028_Handler             0x1'f155    0x12  Code  Gb  hc32f460_interrupts.o [20]
IRQ029_Handler             0x1'f167    0x12  Code  Gb  hc32f460_interrupts.o [20]
IRQ030_Handler             0x1'f179    0x12  Code  Gb  hc32f460_interrupts.o [20]
IRQ031_Handler             0x1'f18b    0x12  Code  Gb  hc32f460_interrupts.o [20]
IRQ032_Handler             0x1'f19d    0x16  Code  Gb  hc32f460_interrupts.o [20]
IRQ033_Handler             0x1'f1b3    0x16  Code  Gb  hc32f460_interrupts.o [20]
IRQ034_Handler             0x1'f1c9    0x16  Code  Gb  hc32f460_interrupts.o [20]
IRQ035_Handler             0x1'f1df    0x16  Code  Gb  hc32f460_interrupts.o [20]
IRQ036_Handler             0x1'f1f5    0x16  Code  Gb  hc32f460_interrupts.o [20]
IRQ037_Handler             0x1'f20b    0x16  Code  Gb  hc32f460_interrupts.o [20]
IRQ038_Handler             0x1'f221    0x16  Code  Gb  hc32f460_interrupts.o [20]
IRQ039_Handler             0x1'f237    0x16  Code  Gb  hc32f460_interrupts.o [20]
IRQ040_Handler             0x1'f24d    0x16  Code  Gb  hc32f460_interrupts.o [20]
IRQ041_Handler             0x1'f263    0x16  Code  Gb  hc32f460_interrupts.o [20]
IRQ042_Handler             0x1'f279    0x16  Code  Gb  hc32f460_interrupts.o [20]
IRQ043_Handler             0x1'f28f    0x16  Code  Gb  hc32f460_interrupts.o [20]
IRQ044_Handler             0x1'f2a5    0x16  Code  Gb  hc32f460_interrupts.o [20]
IRQ045_Handler             0x1'f2bb    0x16  Code  Gb  hc32f460_interrupts.o [20]
IRQ046_Handler             0x1'f2d1    0x16  Code  Gb  hc32f460_interrupts.o [20]
IRQ047_Handler             0x1'f2e7    0x16  Code  Gb  hc32f460_interrupts.o [20]
IRQ048_Handler             0x1'f2fd    0x16  Code  Gb  hc32f460_interrupts.o [20]
IRQ049_Handler             0x1'f313    0x16  Code  Gb  hc32f460_interrupts.o [20]
IRQ050_Handler             0x1'f329    0x16  Code  Gb  hc32f460_interrupts.o [20]
IRQ051_Handler             0x1'f33f    0x16  Code  Gb  hc32f460_interrupts.o [20]
IRQ052_Handler             0x1'f355    0x16  Code  Gb  hc32f460_interrupts.o [20]
IRQ053_Handler             0x1'f36b    0x16  Code  Gb  hc32f460_interrupts.o [20]
IRQ054_Handler             0x1'f381    0x16  Code  Gb  hc32f460_interrupts.o [20]
IRQ055_Handler             0x1'f397    0x16  Code  Gb  hc32f460_interrupts.o [20]
IRQ056_Handler             0x1'f3ad    0x16  Code  Gb  hc32f460_interrupts.o [20]
IRQ057_Handler             0x1'f3c3    0x16  Code  Gb  hc32f460_interrupts.o [20]
IRQ058_Handler             0x1'f3d9    0x16  Code  Gb  hc32f460_interrupts.o [20]
IRQ059_Handler             0x1'f3ef    0x16  Code  Gb  hc32f460_interrupts.o [20]
IRQ060_Handler             0x1'f405    0x16  Code  Gb  hc32f460_interrupts.o [20]
IRQ061_Handler             0x1'f41b    0x16  Code  Gb  hc32f460_interrupts.o [20]
IRQ062_Handler             0x1'f431    0x16  Code  Gb  hc32f460_interrupts.o [20]
[...]
func_Flow_View_Show        0x2'b545   0x1a2  Code  Gb  Display.o [11]
func_GPSData_View_Show     0x2'c41d   0x138  Code  Gb  Display.o [11]
func_Get_BlackLightDataUploadCMD_Data
                           0x1'4969   0x25a  Code  Gb  4G_EC200U.o [1]
func_Get_DataUploadCMD_Data
                           0x1'4c51  0x17b0  Code  Gb  4G_EC200U.o [1]
func_Get_DevRegCMD_Data
                           0x1'4365   0x566  Code  Gb  4G_EC200U.o [1]
func_Get_DevStatusCMD_Data
                           0x1'6d91   0x420  Code  Gb  4G_EC200U.o [1]
func_Get_DevStatusData     0x1'6c25   0x166  Code  Gb  4G_EC200U.o [1]
func_Get_Device_MeasData_Record
                           0x1'afa5    0x1a  Code  Gb  drv_Storage_W25Q128.o [16]
func_Get_Device_Sensors_Value
                           0x2'2ac5   0x346  Code  Gb  Mainloop.o [9]
func_Get_Device_Sensors_Value::ucChangeCnt
                        0x1fff'9d78     0x1  Data  Lc  Mainloop.o [9]
func_Get_Device_Sensors_Value::ucRetryCnt
                        0x1fff'9d77     0x1  Data  Lc  Mainloop.o [9]
func_Get_GetConfigResult_CMD
                           0x3'1419   0x8b8  Code  Gb  MQTT_SK.o [7]
func_Get_HX_Radar_Level_Addr
                           0x2'dc99    0xe8  Code  Gb  ModbusRTU.o [10]
func_Get_MBCRC16           0x2'c74d    0x40  Code  Gb  ModbusRTU.o [10]
func_Get_Meas_BY_HX_Integrated_Conductivity_Sensor_Value
                           0x2'cd67   0x200  Code  Gb  ModbusRTU.o [10]
func_Get_Meas_BY_HX_Radar_Level_Sensor_Value
                           0x2'd241   0x1a2  Code  Gb  ModbusRTU.o [10]
func_Get_Meas_HX_Flow_Sensor_Value
                           0x2'e1ed   0x28c  Code  Gb  ModbusRTU.o [10]
func_Get_Meas_HX_Radar_Ultrasonic_Flow_Sensor_Value
                           0x2'de61   0x37e  Code  Gb  ModbusRTU.o [10]
func_Get_Meas_HX_WaterQuality_COD_Sensor_Value
                           0x2'e47d   0x22e  Code  Gb  ModbusRTU.o [10]
func_Get_Meas_HZ_Integrated_Conductivity_Sensor_Value
                           0x2'cf67   0x2d2  Code  Gb  ModbusRTU.o [10]
func_Get_Meas_HZ_Radar_Level_Sensor_Value
                           0x2'da4d   0x248  Code  Gb  ModbusRTU.o [10]
func_Get_Meas_HZ_Radar_Ultrasonic_Flow_Sensor_Value
                           0x2'd57d   0x4cc  Code  Gb  ModbusRTU.o [10]
func_Get_Meas_Pressure_Level_Sensor_Value
                           0x2'd3f1   0x17e  Code  Gb  ModbusRTU.o [10]
func_Get_Photo_Data        0x2'e8dd   0x11e  Code  Gb  ModbusRTU.o [10]
func_Get_Server_MQTT_Dispose
                           0x2'3831    0xa0  Code  Gb  Mainloop.o [9]
func_Get_SetConfigResult_CMD
                           0x2'f119    0x62  Code  Gb  MQTT_SK.o [7]
func_Get_StatusUploadCMD_Data
                           0x1'6435   0x7e8  Code  Gb  4G_EC200U.o [1]
func_LowPower_Stop_Mode_Init
                           0x2'289d    0x4c  Code  Gb  Mainloop.o [9]
func_MQTT_SK_Init          0x3'21ed     0xc  Code  Gb  MQTT_SK.o [7]
func_Mainloop_Init         0x2'2767     0xe  Code  Gb  Mainloop.o [9]
func_Meas_Sensor_Dispose
                           0x2'ea05   0x344  Code  Gb  ModbusRTU.o [10]
func_Meas_Sensor_PowerDown_DeInit
                           0x2'297d    0x8c  Code  Gb  Mainloop.o [9]
func_Meas_Sensor_PowerOn_Init
                           0x2'28e9    0x94  Code  Gb  Mainloop.o [9]
func_Meas_Sensor_Value_View_Show
                           0x2'c361    0xba  Code  Gb  Display.o [11]
func_Measure_Data_View_Show
                           0x2'ba43   0x264  Code  Gb  Display.o [11]
func_Measure_WaterLevel_View_Show
                           0x2'bca9   0x3c0  Code  Gb  Display.o [11]
func_Measure_Water_Quality_View_Show
                           0x2'c06d   0x2f0  Code  Gb  Display.o [11]
func_NFC_Check_Dispose     0x2'2a09    0x92  Code  Gb  Mainloop.o [9]
func_NoSensor_View_Show
                           0x2'b9f9    0x4a  Code  Gb  Display.o [11]
func_Not_Certified_View_Show
                           0x2'b1f9    0x7c  Code  Gb  Display.o [11]
func_OLED_PowerDown_DeInit
                           0x2'9341    0x64  Code  Gb  OLED.o [11]
func_OLED_PowerUp_Init     0x2'922d   0x114  Code  Gb  OLED.o [11]
func_OTS_Temperature_GetValue
                           0x2'f0d9    0x14  Code  Gb  drv_OTS_Temperature.o [23]
func_PowerOn_View_Show     0x2'c6ed    0x60  Code  Gb  Display.o [11]
func_RF_NFC_PowerDown_DeInit
                           0x2'9ced    0x66  Code  Gb  RF_NFC.o [13]
func_RXNTTL518_Init        0x2'9f59    0x34  Code  Gb  RXNTTL518.o [14]
func_ReadPhoto_XYC_ALS_Data
                           0x2'a2ed    0x58  Code  Gb  Photosensitive_XYC_ALS.o [12]
func_Read_RXNTTL518_Version
                           0x2'9ea7     0xe  Code  Gb  RXNTTL518.o [14]
func_Rts_Control_And_SendData
                           0x2'cc89    0xde  Code  Gb  ModbusRTU.o [10]
func_Save_Device_MeasData
                           0x1'af87    0x1e  Code  Gb  drv_Storage_W25Q128.o [16]
func_Save_Device_MeasRecord_Dispose
                           0x2'2e35   0x5ec  Code  Gb  Mainloop.o [9]
func_Save_Device_MeasRecord_Dispose::ucRecordFlag
                        0x1fff'9d79     0x1  Data  Lc  Mainloop.o [9]
func_Save_Device_MeasRecord_Dispose::ucSaveRecordFlag
                        0x1fff'9d7a     0x1  Data  Lc  Mainloop.o [9]
func_Save_Device_Parameter
                           0x1'96b9  0x18ce  Code  Gb  drv_Storage_W25Q128.o [16]
func_Search_Card           0x2'9eb5    0xa4  Code  Gb  RXNTTL518.o [14]
func_Send_CMD              0x2'9dbb    0xec  Code  Gb  RXNTTL518.o [14]
func_Set_BlackLight_Move_AT_CMD
                           0x2'e6ab    0xb4  Code  Gb  ModbusRTU.o [10]
func_Set_Camera_Photo_CMD
                           0x2'e7f9    0xe4  Code  Gb  ModbusRTU.o [10]
func_Set_HX_Radar_Level_Addr
                           0x2'dd85    0xd8  Code  Gb  ModbusRTU.o [10]
func_SystemPara_Init       0x1'ca85    0x16  Code  Gb  User_Data.o [17]
func_System_Mainloop_Dispose
                           0x2'38e5   0x314  Code  Gb  Mainloop.o [9]
func_System_Soft_Reset     0x2'2775     0xe  Code  Gb  Mainloop.o [9]
func_WatchDog_Refresh      0x1'b797    0x1e  Code  Gb  WatchDog.o [18]
func_WaterLevel_View_Show
                           0x2'b2ed   0x250  Code  Gb  Display.o [11]
func_diplay_NFCCheck_Menu
                           0x2'acad    0x7a  Code  Gb  Display.o [11]
func_display_Authorize_Menu
                           0x2'ac1d    0x90  Code  Gb  Display.o [11]
func_display_ConnectPhone_Menu
                           0x2'ad27    0xb0  Code  Gb  Display.o [11]
func_display_PowerOn_Menu
                           0x2'ac0d    0x10  Code  Gb  Display.o [11]
func_display_string        0x2'9531   0x7a8  Code  Gb  OLED.o [11]
func_sprintf_metricsystem
                           0x2'a621   0x426  Code  Gb  Display.o [11]
gE_4G_Module_Init_CMD   0x1fff'9d85     0x1  Data  Gb  User_Data.o [17]
gSt_DevMeasRecordData   0x1fff'9bf0    0x2c  Data  Gb  User_Data.o [17]
gSt_systemPara          0x2001'0000  0xff10  Data  Lc  User_Data.o [17]
g_ATE_CMD               0x1fff'83b8     0x8  Data  Lc  BT_TB05.o [2]
g_AT_CMD                0x1fff'83c0     0x4  Data  Lc  BT_TB05.o [2]
g_AT_RESET_CMD          0x1fff'8384    0x20  Data  Lc  BT_TB05.o [2]
g_AT_SSID1_CMD          0x1fff'8360    0x24  Data  Lc  BT_TB05.o [2]
g_AT_SSID_CMD           0x1fff'833c    0x24  Data  Lc  BT_TB05.o [2]
g_Ble_SSID              0x1fff'83a4    0x14  Data  Gb  BT_TB05.o [2]
g_sSKLogo_New              0x3'9358   0x400  Data  Gb  Font.o [11]
g_sint8_Font_16x10_12864
                           0x3'80c0   0x5a0  Data  Gb  Font.o [11]
g_sint8_Font_16x12_12864
                           0x3'7940   0x780  Data  Gb  Font.o [11]
g_sint8_Font_6x12_AsciiDot
                           0x3'8660   0x4c8  Data  Gb  Font.o [11]
gc_SystemPosi           0x1fff'9d84     0x1  Data  Gb  User_Data.o [17]
gfunc_DateString_process
                           0x2'aa51   0x1bc  Code  Gb  Display.o [11]
gfunc_Modbus_Matching      0x3'3e2d   0x188  Code  Gb  ModbusRTU_Device_BT.o [10]
gs_DeviceDefaultPara    0x1fff'8000   0x1b0  Data  Gb  User_Data.o [17]
gt_MeasData             0x1fff'9c1c    0x2c  Data  Gb  User_Data.o [17]
guc_ERR13DelayCnt       0x1fff'9d61     0x1  Data  Gb  BT_TB05.o [2]
guc_HX_RadarLevel_Addr  0x1fff'9d7c     0x1  Data  Gb  ModbusRTU.o [10]
guc_LcdDipRevesAttr     0x1fff'9d82     0x1  Data  Gb  User_Data.o [17]
guc_NFCPWRInitFlag      0x1fff'9d80     0x1  Data  Gb  User_Data.o [17]
guc_NFC_Card_Flag       0x1fff'9d83     0x1  Data  Gb  User_Data.o [17]
guc_NFC_Card_ID         0x1fff'81b0    0x8c  Data  Gb  RXNTTL518.o [14]
guc_OLED_Buf            0x1fff'93d4   0x400  Data  Gb  User_Data.o [17]
guc_RTURecvArr          0x1fff'9b8c    0x64  Data  Gb  User_Data.o [17]
guc_SystemPowerInitFlag
                        0x1fff'9d81     0x1  Data  Gb  User_Data.o [17]
guc_TextBDData          0x1fff'9cc0    0x14  Data  Gb  User_Data.o [17]
guc_W25Q128_Buf         0x1fff'83d4  0x1000  Data  Gb  drv_Storage_W25Q128.o [16]
hex_to_str                 0x1'4909    0x60  Code  Gb  4G_EC200U.o [1]
isalpha                    0x2'61e5    0x14  Code  Gb  isalpha.o [29]
isspace                    0x2'61d1    0x14  Code  Gb  isspace.o [29]
lcd_address                0x2'93a5    0x28  Code  Gb  OLED.o [11]
ldexp                      0x2'65a9          Code  Gb  ldexp.o [30]
ldexpl                     0x2'65a9          Code  Gb  ldexp.o [30]
lmos                       0x2'07c0    0x18  Data  Lc  xDaysTo64.o [29]
lnbias                     0x3'8b28   0x420  Data  Lc  pow64.o [30]
localeconv                 0x2'6239     0x4  Code  Gb  xlocale_c.o [29]
m_au16Adc1Value         0x1fff'9c74    0x24  Data  Lc  drv_ADC.o [21]
m_au16Adc2Value         0x1fff'9c98    0x14  Data  Lc  drv_ADC.o [21]
m_f32OffsetM            0x1fff'9d14     0x4  Data  Lc  hc32f460_ots.o [20]
m_f32SlopeK             0x1fff'9d10     0x4  Data  Lc  hc32f460_ots.o [20]
m_stcSysclkCfg          0x1fff'9ce0     0x8  Data  Lc  main.o [28]
main                       0x3'6ec1   0x56c  Code  Gb  main.o [28]
main::ucMonitorFlag     0x1fff'9d75     0x1  Data  Lc  main.o [28]
main::ucRetryCnt        0x1fff'9d76     0x1  Data  Lc  main.o [28]
memchr                     0x2'6981          Code  Gb  memchr.o [31]
memcmp                     0x2'5edd          Code  Gb  memcmp.o [31]
mktime                     0x1'8ab9    0xe0  Code  Gb  mktime64.o [29]
mos                        0x2'07d8    0x18  Data  Lc  xDaysTo64.o [29]
nackFlag                0x1fff'9d62     0x1  Data  Gb  drv_IIC.o [22]
ndigs                      0x3'a12c    0x28  Data  Lc  iar_Stoulx.o [29]
ndigs                      0x3'a17c    0x28  Data  Lc  iar_Stoullx.o [29]
now                     0x1fff'9cd8     0x8  Data  Gb  4G_EC200U.o [1]
pfnNmiCallback          0x1fff'9d0c     0x4  Data  Lc  hc32f460_exint_nmi_swi.o [20]
pow                        0x3'60c5   0x68c  Code  Gb  pow64.o [30]
powl                       0x3'60c5   0x68c  Code  Gb  pow64.o [30]
pows                       0x3'a668    0x48  Data  Lc  strto64.o [30]
prveMBError2Exception      0x3'22e5    0x26  Code  Gb  ModbusRTU_Device_BT.o [10]
pst_BDSystemPara        0x1fff'9d18     0x4  Data  Lc  LC86L_BD.o [3]
pst_BTSystemPara        0x1fff'9cf4     0x4  Data  Lc  BT_TB05.o [2]
pst_EC200USystemPara    0x1fff'9ce8     0x4  Data  Lc  4G_EC200U.o [1]
pst_LoraSystemPara      0x1fff'9d1c     0x4  Data  Lc  Lora_TP1109.o [6]
pst_MBSystemPara        0x1fff'9d2c     0x4  Data  Gb  ModbusRTU.o [10]
pst_MQTTSystemPara      0x1fff'9d38     0x4  Data  Lc  MQTT_SK.o [7]
pst_MagSystemPara       0x1fff'9d20     0x4  Data  Lc  Magnetic_Bar.o [8]
pst_MainSystemPara      0x1fff'9d24     0x4  Data  Lc  main.o [28]
pst_MainloopSystemPara  0x1fff'9d28     0x4  Data  Lc  Mainloop.o [9]
pst_OLEDSystemPara      0x1fff'9d3c     0x4  Data  Gb  OLED.o [11]
pst_PhotoSystemPara     0x1fff'9d40     0x4  Data  Lc  Photosensitive_XYC_ALS.o [12]
pst_RTCSystemPara       0x1fff'9cf8     0x4  Data  Lc  drv_RTC.o [24]
pst_RXNTTLSystemPara    0x1fff'9d44     0x4  Data  Lc  RXNTTL518.o [14]
pst_SC7A20SystemPara    0x1fff'9cfc     0x4  Data  Lc  drv_SC7A20H.o [15]
pst_TimerSystemPara     0x1fff'9d04     0x4  Data  Lc  drv_Timer.o [26]
pst_UsartSystemPara     0x1fff'9d08     0x4  Data  Lc  drv_USART.o [27]
pst_W25Q128SystemPara   0x1fff'9d00     0x4  Data  Gb  drv_Storage_W25Q128.o [16]
pucSndBufferCur         0x1fff'9d30     0x4  Data  Lc  ModbusRTU_Device_BT.o [10]
ranmatch                   0x2'04d3    0x46  Code  Lc  xscanffull_nomb.o [29]
scalbln                    0x2'65a9          Code  Gb  ldexp.o [30]
scalblnl                   0x2'65a9          Code  Gb  ldexp.o [30]
scalbn                     0x2'65a9          Code  Gb  ldexp.o [30]
scalbnl                    0x2'65a9          Code  Gb  ldexp.o [30]
scale                      0x2'1577    0x46  Code  Lc  xprintflarge_nomb.o [29]
sec_hand                0x1fff'9d4c     0x4  Data  Lc  xfail_s.o [29]
sprintf                    0x1'8b99    0x40  Code  Gb  sprintf.o [29]
sqrt                       0x3'5b35          Code  Gb  sqrt.o [30]
sqrtl                      0x3'5b35          Code  Gb  sqrt.o [30]
sscanf                     0x1'8a91    0x28  Code  Gb  sscanf.o [29]
st_TempValue            0x1fff'99d4   0x1b8  Data  Gb  4G_EC200U.o [1]
strcat                     0x1'8c0f    0x1e  Code  Gb  strcat.o [29]
strchr                     0x1'f991          Code  Gb  strchr.o [31]
strcmp                     0x2'3c35          Code  Gb  strcmp.o [31]
strcpy                     0x1'b751          Code  Gb  strcpy.o [31]
strcspn                    0x3'6773    0x22  Code  Gb  strcspn.o [29]
strlen                     0x1'8bd9          Code  Gb  strlen.o [31]
strncmp                    0x3'5af9    0x2a  Code  Gb  strncmp.o [29]
strspn                     0x3'6751    0x22  Code  Gb  strspn.o [29]
strstr                     0x2'f0ed    0x2c  Code  Gb  strstr.o [29]
strtok                     0x3'5e55    0x4c  Code  Gb  strtok.o [29]
strtoll                    0x2'6939     0x2  Code  Gb  iar_Stollx.o [29]
strtoull                   0x2'6891     0x2  Code  Gb  iar_Stoullx.o [29]
tolower                    0x3'4829    0x14  Code  Gb  tolower.o [29]
u32ICG                        0x400    0x20  Data  Gb  hc32f460_icg.o [20]
u8HrcState              0x1fff'9d71     0x1  Data  Gb  hc32f460_pwc.o [20]
u8MrcState              0x1fff'9d72     0x1  Data  Gb  hc32f460_pwc.o [20]
u8StopFlag              0x1fff'9d74     0x1  Data  Gb  hc32f460_pwc.o [20]
u8SysClkSrc             0x1fff'83d0     0x1  Data  Gb  hc32f460_pwc.o [20]
u8WkupIntCnt            0x1fff'9d73     0x1  Data  Gb  hc32f460_pwc.o [20]
ucMeasSensorExistFlag   0x1fff'9d5d     0x1  Data  Gb  4G_EC200U.o [1]
ucMeasWaterVolumeFlag   0x1fff'9d5c     0x1  Data  Gb  4G_EC200U.o [1]
ucRecordCnt             0x1fff'9d58     0x1  Data  Gb  4G_EC200U.o [1]
ucWaterLevel_Radar_Flag
                        0x1fff'9d59     0x1  Data  Gb  4G_EC200U.o [1]
ucWaterQuality_COD_Flag
                        0x1fff'9d5a     0x1  Data  Gb  4G_EC200U.o [1]
ucWaterQuality_COND_Flag
                        0x1fff'9d5b     0x1  Data  Gb  4G_EC200U.o [1]
ulRecordCnt             0x1fff'9cf0     0x4  Data  Gb  4G_EC200U.o [1]
ulTime                  0x1fff'9cec     0x4  Data  Gb  4G_EC200U.o [1]
usRcvBufferPos          0x1fff'9d54     0x2  Data  Lc  ModbusRTU_Device_BT.o [10]
xFuncHandlers           0x1fff'823c    0x80  Data  Lc  ModbusRTU_Device_BT.o [10]


[1] = D:\Myself\WorkProcess\SK\HC32F460_WorkProcess\example\Source\Pipe_Monitor\Pipe_Monitor_App\EWARM\output\debug\Obj\4G_EC200U_8582873453978518366.dir
[2] = D:\Myself\WorkProcess\SK\HC32F460_WorkProcess\example\Source\Pipe_Monitor\Pipe_Monitor_App\EWARM\output\debug\Obj\BT_TB05_12041724360499981866.dir
[3] = D:\Myself\WorkProcess\SK\HC32F460_WorkProcess\example\Source\Pipe_Monitor\Pipe_Monitor_App\EWARM\output\debug\Obj\LC86L_BD_9822625824417385734.dir
[4] = D:\Myself\WorkProcess\SK\HC32F460_WorkProcess\example\Source\Pipe_Monitor\Pipe_Monitor_App\EWARM\output\debug\Obj\LKT4202_1925765440156868983.dir
[5] = D:\Myself\WorkProcess\SK\HC32F460_WorkProcess\example\Source\Pipe_Monitor\Pipe_Monitor_App\EWARM\output\debug\Obj\LoRa_RA02_5139138412578801246.dir
[6] = D:\Myself\WorkProcess\SK\HC32F460_WorkProcess\example\Source\Pipe_Monitor\Pipe_Monitor_App\EWARM\output\debug\Obj\Lora_TP1109_151720617378073083.dir
[7] = D:\Myself\WorkProcess\SK\HC32F460_WorkProcess\example\Source\Pipe_Monitor\Pipe_Monitor_App\EWARM\output\debug\Obj\MQTT_SK_4724149239023757000.dir
[8] = D:\Myself\WorkProcess\SK\HC32F460_WorkProcess\example\Source\Pipe_Monitor\Pipe_Monitor_App\EWARM\output\debug\Obj\Magnetic_Bar_17520218520042908049.dir
[9] = D:\Myself\WorkProcess\SK\HC32F460_WorkProcess\example\Source\Pipe_Monitor\Pipe_Monitor_App\EWARM\output\debug\Obj\Mainloop_18272944273632151421.dir
[10] = D:\Myself\WorkProcess\SK\HC32F460_WorkProcess\example\Source\Pipe_Monitor\Pipe_Monitor_App\EWARM\output\debug\Obj\ModbusRTU_17682219295068567368.dir
[11] = D:\Myself\WorkProcess\SK\HC32F460_WorkProcess\example\Source\Pipe_Monitor\Pipe_Monitor_App\EWARM\output\debug\Obj\OLED_13473777563621607307.dir
[12] = D:\Myself\WorkProcess\SK\HC32F460_WorkProcess\example\Source\Pipe_Monitor\Pipe_Monitor_App\EWARM\output\debug\Obj\Photosensitive_XYC_ALS_28064708180949255.dir
[13] = D:\Myself\WorkProcess\SK\HC32F460_WorkProcess\example\Source\Pipe_Monitor\Pipe_Monitor_App\EWARM\output\debug\Obj\RF_NFC_10628150809568064830.dir
[14] = D:\Myself\WorkProcess\SK\HC32F460_WorkProcess\example\Source\Pipe_Monitor\Pipe_Monitor_App\EWARM\output\debug\Obj\RXNTTL518_17808510930951076202.dir
[15] = D:\Myself\WorkProcess\SK\HC32F460_WorkProcess\example\Source\Pipe_Monitor\Pipe_Monitor_App\EWARM\output\debug\Obj\SC7A20H_13085057635104233901.dir
[16] = D:\Myself\WorkProcess\SK\HC32F460_WorkProcess\example\Source\Pipe_Monitor\Pipe_Monitor_App\EWARM\output\debug\Obj\Storage_W25Q128_4738127093883701884.dir
[17] = D:\Myself\WorkProcess\SK\HC32F460_WorkProcess\example\Source\Pipe_Monitor\Pipe_Monitor_App\EWARM\output\debug\Obj\User_Data_5391006662705040797.dir
[18] = D:\Myself\WorkProcess\SK\HC32F460_WorkProcess\example\Source\Pipe_Monitor\Pipe_Monitor_App\EWARM\output\debug\Obj\WatchDog_9188475617120297074.dir
[19] = D:\Myself\WorkProcess\SK\HC32F460_WorkProcess\example\Source\Pipe_Monitor\Pipe_Monitor_App\EWARM\output\debug\Obj\common_14919461937644757070.dir
[20] = D:\Myself\WorkProcess\SK\HC32F460_WorkProcess\example\Source\Pipe_Monitor\Pipe_Monitor_App\EWARM\output\debug\Obj\driver_11944700488488147666.dir
[21] = D:\Myself\WorkProcess\SK\HC32F460_WorkProcess\example\Source\Pipe_Monitor\Pipe_Monitor_App\EWARM\output\debug\Obj\drv_ADC_15186207816091091275.dir
[22] = D:\Myself\WorkProcess\SK\HC32F460_WorkProcess\example\Source\Pipe_Monitor\Pipe_Monitor_App\EWARM\output\debug\Obj\drv_IIC_18060258103304213159.dir
[23] = D:\Myself\WorkProcess\SK\HC32F460_WorkProcess\example\Source\Pipe_Monitor\Pipe_Monitor_App\EWARM\output\debug\Obj\drv_OTS_Temperature_13039655784802445445.dir
[24] = D:\Myself\WorkProcess\SK\HC32F460_WorkProcess\example\Source\Pipe_Monitor\Pipe_Monitor_App\EWARM\output\debug\Obj\drv_RTC_2577979922006117733.dir
[25] = D:\Myself\WorkProcess\SK\HC32F460_WorkProcess\example\Source\Pipe_Monitor\Pipe_Monitor_App\EWARM\output\debug\Obj\drv_SPI_4333388098947449637.dir
[26] = D:\Myself\WorkProcess\SK\HC32F460_WorkProcess\example\Source\Pipe_Monitor\Pipe_Monitor_App\EWARM\output\debug\Obj\drv_Timer_6973001687617930806.dir
[27] = D:\Myself\WorkProcess\SK\HC32F460_WorkProcess\example\Source\Pipe_Monitor\Pipe_Monitor_App\EWARM\output\debug\Obj\drv_USART_14144334009435087269.dir
[28] = D:\Myself\WorkProcess\SK\HC32F460_WorkProcess\example\Source\Pipe_Monitor\Pipe_Monitor_App\EWARM\output\debug\Obj\source_5634686896477721948.dir
[29] = dl7M_tlf.a
[30] = m7M_tls.a
[31] = rt7M_tl.a
[32] = shb_l.a

  146'213 bytes of readonly  code memory
   16'460 bytes of readonly  data memory (+ 32 absolute)
   81'045 bytes of readwrite data memory

Errors: none
Warnings: none
