###############################################################################
#
# IAR ELF Linker V9.40.1.364/W64 for ARM                  06/Nov/2025  16:12:16
# Copyright 2007-2023 IAR Systems AB.
#
#    Output file  =
#        D:\Myself\WorkProcess\SK\HC32F460_WorkProcess\example\Source\Pipe_Monitor\Pipe_Monitor_App\EWARM\output\debug\Exe\Pipe_Monitor_App.out
#    Map file     =
#        D:\Myself\WorkProcess\SK\HC32F460_WorkProcess\example\Source\Pipe_Monitor\Pipe_Monitor_App\EWARM\output\debug\List\Pipe_Monitor_App.map
#    Command line =
#        -f
#        D:\Myself\WorkProcess\SK\HC32F460_WorkProcess\example\Source\Pipe_Monitor\Pipe_Monitor_App\EWARM\output\debug\Exe\Pipe_Monitor_App.out.rsp
#        (D:\Myself\WorkProcess\SK\HC32F460_WorkProcess\example\Source\Pipe_Monitor\Pipe_Monitor_App\EWARM\output\debug\Obj\4G_EC200U_8582873453978518366.dir\4G_EC200U.o
#        D:\Myself\WorkProcess\SK\HC32F460_WorkProcess\example\Source\Pipe_Monitor\Pipe_Monitor_App\EWARM\output\debug\Obj\BT_TB05_12041724360499981866.dir\BT_TB05.o
#        D:\Myself\WorkProcess\SK\HC32F460_WorkProcess\example\Source\Pipe_Monitor\Pipe_Monitor_App\EWARM\output\debug\Obj\OLED_13473777563621607307.dir\Display.o
#        D:\Myself\WorkProcess\SK\HC32F460_WorkProcess\example\Source\Pipe_Monitor\Pipe_Monitor_App\EWARM\output\debug\Obj\drv_ADC_15186207816091091275.dir\drv_ADC.o
#        D:\Myself\WorkProcess\SK\HC32F460_WorkProcess\example\Source\Pipe_Monitor\Pipe_Monitor_App\EWARM\output\debug\Obj\drv_IIC_18060258103304213159.dir\drv_IIC.o
#        D:\Myself\WorkProcess\SK\HC32F460_WorkProcess\example\Source\Pipe_Monitor\Pipe_Monitor_App\EWARM\output\debug\Obj\LKT4202_1925765440156868983.dir\drv_LKT4202.o
#        D:\Myself\WorkProcess\SK\HC32F460_WorkProcess\example\Source\Pipe_Monitor\Pipe_Monitor_App\EWARM\output\debug\Obj\drv_OTS_Temperature_13039655784802445445.dir\drv_OTS_Temperature.o
#        D:\Myself\WorkProcess\SK\HC32F460_WorkProcess\example\Source\Pipe_Monitor\Pipe_Monitor_App\EWARM\output\debug\Obj\drv_RTC_2577979922006117733.dir\drv_RTC.o
#        D:\Myself\WorkProcess\SK\HC32F460_WorkProcess\example\Source\Pipe_Monitor\Pipe_Monitor_App\EWARM\output\debug\Obj\SC7A20H_13085057635104233901.dir\drv_SC7A20H.o
#        D:\Myself\WorkProcess\SK\HC32F460_WorkProcess\example\Source\Pipe_Monitor\Pipe_Monitor_App\EWARM\output\debug\Obj\drv_SPI_4333388098947449637.dir\drv_SPI.o
#        D:\Myself\WorkProcess\SK\HC32F460_WorkProcess\example\Source\Pipe_Monitor\Pipe_Monitor_App\EWARM\output\debug\Obj\Storage_W25Q128_4738127093883701884.dir\drv_Storage_W25Q128.o
#        D:\Myself\WorkProcess\SK\HC32F460_WorkProcess\example\Source\Pipe_Monitor\Pipe_Monitor_App\EWARM\output\debug\Obj\drv_Timer_6973001687617930806.dir\drv_Timer.o
#        D:\Myself\WorkProcess\SK\HC32F460_WorkProcess\example\Source\Pipe_Monitor\Pipe_Monitor_App\EWARM\output\debug\Obj\drv_USART_14144334009435087269.dir\drv_USART.o
#        D:\Myself\WorkProcess\SK\HC32F460_WorkProcess\example\Source\Pipe_Monitor\Pipe_Monitor_App\EWARM\output\debug\Obj\RF_NFC_10628150809568064830.dir\fm175xx.o
#        D:\Myself\WorkProcess\SK\HC32F460_WorkProcess\example\Source\Pipe_Monitor\Pipe_Monitor_App\EWARM\output\debug\Obj\OLED_13473777563621607307.dir\Font.o
#        D:\Myself\WorkProcess\SK\HC32F460_WorkProcess\example\Source\Pipe_Monitor\Pipe_Monitor_App\EWARM\output\debug\Obj\driver_11944700488488147666.dir\hc32f460_adc.o
#        D:\Myself\WorkProcess\SK\HC32F460_WorkProcess\example\Source\Pipe_Monitor\Pipe_Monitor_App\EWARM\output\debug\Obj\driver_11944700488488147666.dir\hc32f460_clk.o
#        D:\Myself\WorkProcess\SK\HC32F460_WorkProcess\example\Source\Pipe_Monitor\Pipe_Monitor_App\EWARM\output\debug\Obj\driver_11944700488488147666.dir\hc32f460_dmac.o
#        D:\Myself\WorkProcess\SK\HC32F460_WorkProcess\example\Source\Pipe_Monitor\Pipe_Monitor_App\EWARM\output\debug\Obj\driver_11944700488488147666.dir\hc32f460_efm.o
#        D:\Myself\WorkProcess\SK\HC32F460_WorkProcess\example\Source\Pipe_Monitor\Pipe_Monitor_App\EWARM\output\debug\Obj\driver_11944700488488147666.dir\hc32f460_event_port.o
#        D:\Myself\WorkProcess\SK\HC32F460_WorkProcess\example\Source\Pipe_Monitor\Pipe_Monitor_App\EWARM\output\debug\Obj\driver_11944700488488147666.dir\hc32f460_exint_nmi_swi.o
#        D:\Myself\WorkProcess\SK\HC32F460_WorkProcess\example\Source\Pipe_Monitor\Pipe_Monitor_App\EWARM\output\debug\Obj\driver_11944700488488147666.dir\hc32f460_gpio.o
#        D:\Myself\WorkProcess\SK\HC32F460_WorkProcess\example\Source\Pipe_Monitor\Pipe_Monitor_App\EWARM\output\debug\Obj\driver_11944700488488147666.dir\hc32f460_i2c.o
#        D:\Myself\WorkProcess\SK\HC32F460_WorkProcess\example\Source\Pipe_Monitor\Pipe_Monitor_App\EWARM\output\debug\Obj\driver_11944700488488147666.dir\hc32f460_icg.o
#        D:\Myself\WorkProcess\SK\HC32F460_WorkProcess\example\Source\Pipe_Monitor\Pipe_Monitor_App\EWARM\output\debug\Obj\driver_11944700488488147666.dir\hc32f460_interrupts.o
#        D:\Myself\WorkProcess\SK\HC32F460_WorkProcess\example\Source\Pipe_Monitor\Pipe_Monitor_App\EWARM\output\debug\Obj\driver_11944700488488147666.dir\hc32f460_keyscan.o
#        D:\Myself\WorkProcess\SK\HC32F460_WorkProcess\example\Source\Pipe_Monitor\Pipe_Monitor_App\EWARM\output\debug\Obj\driver_11944700488488147666.dir\hc32f460_ots.o
#        D:\Myself\WorkProcess\SK\HC32F460_WorkProcess\example\Source\Pipe_Monitor\Pipe_Monitor_App\EWARM\output\debug\Obj\driver_11944700488488147666.dir\hc32f460_pwc.o
#        D:\Myself\WorkProcess\SK\HC32F460_WorkProcess\example\Source\Pipe_Monitor\Pipe_Monitor_App\EWARM\output\debug\Obj\driver_11944700488488147666.dir\hc32f460_rtc.o
#        D:\Myself\WorkProcess\SK\HC32F460_WorkProcess\example\Source\Pipe_Monitor\Pipe_Monitor_App\EWARM\output\debug\Obj\driver_11944700488488147666.dir\hc32f460_spi.o
#        D:\Myself\WorkProcess\SK\HC32F460_WorkProcess\example\Source\Pipe_Monitor\Pipe_Monitor_App\EWARM\output\debug\Obj\driver_11944700488488147666.dir\hc32f460_sram.o
#        D:\Myself\WorkProcess\SK\HC32F460_WorkProcess\example\Source\Pipe_Monitor\Pipe_Monitor_App\EWARM\output\debug\Obj\driver_11944700488488147666.dir\hc32f460_timer0.o
#        D:\Myself\WorkProcess\SK\HC32F460_WorkProcess\example\Source\Pipe_Monitor\Pipe_Monitor_App\EWARM\output\debug\Obj\driver_11944700488488147666.dir\hc32f460_timer4_cnt.o
#        D:\Myself\WorkProcess\SK\HC32F460_WorkProcess\example\Source\Pipe_Monitor\Pipe_Monitor_App\EWARM\output\debug\Obj\driver_11944700488488147666.dir\hc32f460_timer4_oco.o
#        D:\Myself\WorkProcess\SK\HC32F460_WorkProcess\example\Source\Pipe_Monitor\Pipe_Monitor_App\EWARM\output\debug\Obj\driver_11944700488488147666.dir\hc32f460_usart.o
#        D:\Myself\WorkProcess\SK\HC32F460_WorkProcess\example\Source\Pipe_Monitor\Pipe_Monitor_App\EWARM\output\debug\Obj\driver_11944700488488147666.dir\hc32f460_utility.o
#        D:\Myself\WorkProcess\SK\HC32F460_WorkProcess\example\Source\Pipe_Monitor\Pipe_Monitor_App\EWARM\output\debug\Obj\driver_11944700488488147666.dir\hc32f460_wdt.o
#        D:\Myself\WorkProcess\SK\HC32F460_WorkProcess\example\Source\Pipe_Monitor\Pipe_Monitor_App\EWARM\output\debug\Obj\LC86L_BD_9822625824417385734.dir\LC86L_BD.o
#        D:\Myself\WorkProcess\SK\HC32F460_WorkProcess\example\Source\Pipe_Monitor\Pipe_Monitor_App\EWARM\output\debug\Obj\LoRa_RA02_5139138412578801246.dir\LoRa_RA02.o
#        D:\Myself\WorkProcess\SK\HC32F460_WorkProcess\example\Source\Pipe_Monitor\Pipe_Monitor_App\EWARM\output\debug\Obj\Lora_TP1109_151720617378073083.dir\Lora_TP1109.o
#        D:\Myself\WorkProcess\SK\HC32F460_WorkProcess\example\Source\Pipe_Monitor\Pipe_Monitor_App\EWARM\output\debug\Obj\Magnetic_Bar_17520218520042908049.dir\Magnetic_Bar.o
#        D:\Myself\WorkProcess\SK\HC32F460_WorkProcess\example\Source\Pipe_Monitor\Pipe_Monitor_App\EWARM\output\debug\Obj\source_5634686896477721948.dir\main.o
#        D:\Myself\WorkProcess\SK\HC32F460_WorkProcess\example\Source\Pipe_Monitor\Pipe_Monitor_App\EWARM\output\debug\Obj\Mainloop_18272944273632151421.dir\Mainloop.o
#        D:\Myself\WorkProcess\SK\HC32F460_WorkProcess\example\Source\Pipe_Monitor\Pipe_Monitor_App\EWARM\output\debug\Obj\RF_NFC_10628150809568064830.dir\mifare_card.o
#        D:\Myself\WorkProcess\SK\HC32F460_WorkProcess\example\Source\Pipe_Monitor\Pipe_Monitor_App\EWARM\output\debug\Obj\ModbusRTU_17682219295068567368.dir\ModbusRTU.o
#        D:\Myself\WorkProcess\SK\HC32F460_WorkProcess\example\Source\Pipe_Monitor\Pipe_Monitor_App\EWARM\output\debug\Obj\ModbusRTU_17682219295068567368.dir\ModbusRTU_Device_BT.o
#        D:\Myself\WorkProcess\SK\HC32F460_WorkProcess\example\Source\Pipe_Monitor\Pipe_Monitor_App\EWARM\output\debug\Obj\MQTT_SK_4724149239023757000.dir\MQTT_SK.o
#        D:\Myself\WorkProcess\SK\HC32F460_WorkProcess\example\Source\Pipe_Monitor\Pipe_Monitor_App\EWARM\output\debug\Obj\OLED_13473777563621607307.dir\OLED.o
#        D:\Myself\WorkProcess\SK\HC32F460_WorkProcess\example\Source\Pipe_Monitor\Pipe_Monitor_App\EWARM\output\debug\Obj\Photosensitive_XYC_ALS_28064708180949255.dir\Photosensitive_XYC_ALS.o
#        D:\Myself\WorkProcess\SK\HC32F460_WorkProcess\example\Source\Pipe_Monitor\Pipe_Monitor_App\EWARM\output\debug\Obj\RF_NFC_10628150809568064830.dir\RF_NFC.o
#        D:\Myself\WorkProcess\SK\HC32F460_WorkProcess\example\Source\Pipe_Monitor\Pipe_Monitor_App\EWARM\output\debug\Obj\RXNTTL518_17808510930951076202.dir\RXNTTL518.o
#        D:\Myself\WorkProcess\SK\HC32F460_WorkProcess\example\Source\Pipe_Monitor\Pipe_Monitor_App\EWARM\output\debug\Obj\common_14919461937644757070.dir\startup_hc32f460.o
#        D:\Myself\WorkProcess\SK\HC32F460_WorkProcess\example\Source\Pipe_Monitor\Pipe_Monitor_App\EWARM\output\debug\Obj\common_14919461937644757070.dir\system_hc32f460.o
#        D:\Myself\WorkProcess\SK\HC32F460_WorkProcess\example\Source\Pipe_Monitor\Pipe_Monitor_App\EWARM\output\debug\Obj\RF_NFC_10628150809568064830.dir\type_a.o
#        D:\Myself\WorkProcess\SK\HC32F460_WorkProcess\example\Source\Pipe_Monitor\Pipe_Monitor_App\EWARM\output\debug\Obj\RF_NFC_10628150809568064830.dir\type_b.o
#        D:\Myself\WorkProcess\SK\HC32F460_WorkProcess\example\Source\Pipe_Monitor\Pipe_Monitor_App\EWARM\output\debug\Obj\User_Data_5391006662705040797.dir\User_Data.o
#        D:\Myself\WorkProcess\SK\HC32F460_WorkProcess\example\Source\Pipe_Monitor\Pipe_Monitor_App\EWARM\output\debug\Obj\WatchDog_9188475617120297074.dir\WatchDog.o
#        --no_out_extension -o
#        D:\Myself\WorkProcess\SK\HC32F460_WorkProcess\example\Source\Pipe_Monitor\Pipe_Monitor_App\EWARM\output\debug\Exe\Pipe_Monitor_App.out
#        --map
#        D:\Myself\WorkProcess\SK\HC32F460_WorkProcess\example\Source\Pipe_Monitor\Pipe_Monitor_App\EWARM\output\debug\List\Pipe_Monitor_App.map
#        --config
#        D:\Myself\WorkProcess\SK\HC32F460_WorkProcess\example\Source\Pipe_Monitor\Pipe_Monitor_App\EWARM\HC32F460xE.icf
#        --semihosting --entry __iar_program_start --redirect
#        __write=__write_buffered --vfe --text_out locale --cpu=Cortex-M4
#        --fpu=VFPv4_sp) --dependencies=n
#        D:\Myself\WorkProcess\SK\HC32F460_WorkProcess\example\Source\Pipe_Monitor\Pipe_Monitor_App\EWARM\output\debug\Exe\Pipe_Monitor_App.out.iar_deps
#
###############################################################################

*******************************************************************************
*** RUNTIME MODEL ATTRIBUTES
***

CppFlavor       = *
__CPP_Runtime   = 1
__SystemLibrary = DLib
__dlib_version  = 6


*******************************************************************************
*** HEAP SELECTION
***

The basic heap was selected because --advanced_heap
was not specified and the application did not appear to
be primarily optimized for speed.


*******************************************************************************
*** PLACEMENT SUMMARY
***

"A0":  place at address 0x1'4000 { ro section .intvec };
"P1":  place in [from 0x1'4000 to 0x7'ffff] |
                [from 0x300'0c00 to 0x300'0ffb] { ro };
define block CSTACK with size = 8K, alignment = 8 { };
define block HEAP with size = 8K, alignment = 8 { };
"P2":  place in [from 0x1fff'8000 to 0x1fff'ffff] |
                [from 0x2000'0000 to 0x2000'ffff repeat 2] |
                [from 0x2002'0000 to 0x2002'6fff] |
                [from 0x200f'0000 to 0x200f'0fff] {
          rw, block CSTACK, block HEAP };
initialize by copy { rw };

  Section            Kind         Address      Size  Object
  -------            ----         -------      ----  ------
Absolute sections:                             0x20
  .rodata            const          0x400      0x20  hc32f460_icg.o [20]
                                  - 0x420      0x20

"A0":                                         0x280
  .intvec            ro code     0x1'4000     0x280  startup_hc32f460.o [19]
                               - 0x1'4280     0x280

"P1":                                      0x2'1fb6
  .text              ro code     0x1'4280    0x3004  4G_EC200U.o [1]
  .text              ro code     0x1'7284      0x66  ABImemset.o [31]
  .text              ro code     0x1'72ea      0x1e  xsscin.o [29]
  .text              ro code     0x1'7308     0x4d8  hc32f460_gpio.o [20]
  .text              ro code     0x1'77e0      0x6c  hc32f460_utility.o [20]
  .text              ro code     0x1'784c     0x6bc  drv_RTC.o [24]
  .text              ro code     0x1'7f08      0x28  sscanf.o [29]
  .text              ro code     0x1'7f30      0xe0  mktime64.o [29]
  .text              ro code     0x1'8010      0x40  sprintf.o [29]
  .text              ro code     0x1'8050      0x36  strlen.o [31]
  .text              ro code     0x1'8086      0x1e  strcat.o [29]
  .text              ro code     0x1'80a4      0xa6  ABImemcpy.o [31]
  .text              ro code     0x1'814a       0xa  xsprout.o [29]
  .text              ro code     0x1'8154    0x104c  drv_Storage_W25Q128.o [16]
  .text              ro code     0x1'91a0      0x48  FltToDbl.o [30]
  .text              ro code     0x1'91e8     0x25e  DblAddSub.o [30]
  .rodata            const       0x1'9446       0x2  drv_LKT4202.o [4]
  .text              ro code     0x1'9448      0x1c  U32ToDbl.o [30]
  .text              ro code     0x1'9464     0x246  DblDiv.o [30]
  .rodata            const       0x1'96aa       0x2  drv_LKT4202.o [4]
  .text              ro code     0x1'96ac      0x18  strcpy.o [31]
  .text              ro code     0x1'96c4      0x4c  WatchDog.o [18]
  .text              ro code     0x1'9710    0x12cc  drv_USART.o [27]
  .text              ro code     0x1'a9dc      0xb6  User_Data.o [17]
  .text              ro code     0x1'aa92       0x2  hc32f460_utility.o [20]
  .text              ro code     0x1'aa94     0xa10  hc32f460_pwc.o [20]
  .text              ro code     0x1'b4a4     0xffc  hc32f460_clk.o [20]
  .text              ro code     0x1'c4a0      0x68  DblToFlt.o [30]
  .text              ro code     0x1'c508     0x8a4  hc32f460_rtc.o [20]
  .text              ro code     0x1'cdac     0xb40  hc32f460_interrupts.o [20]
  .text              ro code     0x1'd8ec      0x16  strchr.o [31]
  .rodata            const       0x1'd902       0x2  drv_LKT4202.o [4]
  .text              ro code     0x1'd904     0x640  xscanfsmall_nomb.o [29]
  .text              ro code     0x1'df44      0xcc  xDaysTo64.o [29]
  .text              ro code     0x1'e010     0x15c  xttotm64.o [29]
  .text              ro code     0x1'e16c       0x4  xTzoff_nop.o [29]
  .text              ro code     0x1'e170     0xd1a  xprintflarge_nomb.o [29]
  .rodata            const       0x1'ee8a       0x2  drv_LKT4202.o [4]
  .text              ro code     0x1'ee8c     0x7b4  hc32f460_spi.o [20]
  .text              ro code     0x1'f640    0x1228  Mainloop.o [9]
  .text              ro code     0x2'0868      0x12  strcmp.o [31]
  .rodata            const       0x2'087a       0x2  drv_LKT4202.o [4]
  .text              ro code     0x2'087c     0xa48  hc32f460_usart.o [20]
  .text              ro code     0x2'12c4     0xac0  hc32f460_dmac.o [20]
  .text              ro code     0x2'1d84     0x934  hc32f460_timer0.o [20]
  .text              ro code     0x2'26b8     0x3c8  BT_TB05.o [2]
  .text              ro code     0x2'2a80      0x68  memcmp.o [31]
  .text              ro code     0x2'2ae8     0x110  system_hc32f460.o [19]
  .text              ro code     0x2'2bf8     0x17c  hc32f460_exint_nmi_swi.o [20]
  .text              ro code     0x2'2d74      0x14  isspace.o [29]
  .text              ro code     0x2'2d88     0x156  iar_Stoulx.o [29]
  .text              ro code     0x2'2ede      0x90  iar_Stolx.o [29]
  .rodata            const       0x2'2f6e       0x2  drv_LKT4202.o [4]
  .text              ro code     0x2'2f70      0x40  xfail_s.o [29]
  .text              ro code     0x2'2fb0     0x274  I64DivMod.o [31]
  .text              ro code     0x2'3224       0x6  xisdst_nop64.o [29]
  .rodata            const       0x2'322a       0x2  xlocale_c.o [29]
  .text              ro code     0x2'322c      0x58  memchr.o [31]
  .text              ro code     0x2'3284      0x70  frexp.o [30]
  .text              ro code     0x2'32f4      0x22  DblToU32.o [30]
  .rodata            const       0x2'3316       0x2  xlocale_c.o [29]
  .text              ro code     0x2'3318     0x1aa  DblMul.o [30]
  .rodata            const       0x2'34c2       0x1  xlocale_c.o [29]
  .text              ro code     0x2'34c4      0x4c  xlocale_c.o [29]
  .text              ro code     0x2'3510     0x454  drv_ADC.o [21]
  .text              ro code     0x2'3964     0xc9c  OLED.o [11]
  .text              ro code     0x2'4600      0x66  RF_NFC.o [13]
  .text              ro code     0x2'4668     0x244  RXNTTL518.o [14]
  .text              ro code     0x2'48ac     0x560  LC86L_BD.o [3]
  .text              ro code     0x2'4e0c     0x3ac  Photosensitive_XYC_ALS.o [12]
  .text              ro code     0x2'51b8     0x2da  drv_SC7A20H.o [15]
  .text              ro code     0x2'5494      0x34  DblCmpLe.o [30]
  .text              ro code     0x2'54c8    0x213c  ModbusRTU.o [10]
  .text              ro code     0x2'7604      0x74  drv_OTS_Temperature.o [23]
  .text              ro code     0x2'7678      0x34  DblCmpGe.o [30]
  .text              ro code     0x2'76ac      0x2c  strstr.o [29]
  .text              ro code     0x2'76d8     0x9ec  drv_Timer.o [26]
  .text              ro code     0x2'80c4    0x1d0c  MQTT_SK.o [7]
  .text              ro code     0x2'9dd0    0x1688  ModbusRTU_Device_BT.o [10]
  .text              ro code     0x2'b458      0x14  tolower.o [29]
  .text              ro code     0x2'b46c       0x6  abort.o [29]
  .text              ro code     0x2'b474       0x2  I64DivZer.o [31]
  .text              ro code     0x2'b478     0x578  hc32f460_adc.o [20]
  .text              ro code     0x2'b9f0     0x928  drv_IIC.o [22]
  .text              ro code     0x2'c318      0x2a  strncmp.o [29]
  .text              ro code     0x2'c344      0x22  S32ToDbl.o [30]
  .text              ro code     0x2'c368     0x102  sqrt.o [30]
  .text              ro code     0x2'c46c      0x2a  math_wrappers64.o [30]
  .text              ro code     0x2'c498      0x36  DblToS32.o [30]
  .text              ro code     0x2'c4d0      0x46  U64ToDbl.o [30]
  .text              ro code     0x2'c518     0x180  hc32f460_ots.o [20]
  .text              ro code     0x2'c698     0x9d0  hc32f460_timer4_oco.o [20]
  .text              ro code     0x2'd068    0x1e64  Display.o [11]
  .text              ro code     0x2'eecc     0x368  hc32f460_timer4_cnt.o [20]
  .text              ro code     0x2'f234      0x4c  strtok.o [29]
  .text              ro code     0x2'f280      0x14  exit.o [32]
  .text              ro code     0x2'f294     0xaa0  hc32f460_i2c.o [20]
  .text              ro code     0x2'fd34     0x362  strto64.o [30]
  .text              ro code     0x3'0098      0xbc  atan64.o [30]
  .text              ro code     0x3'0154     0x68c  pow64.o [30]
  .text              ro code     0x3'07e0      0x22  strspn.o [29]
  .text              ro code     0x3'0802      0x22  strcspn.o [29]
  .text              ro code     0x3'0824     0x13a  ldexp.o [30]
  .text              ro code     0x3'095e     0x122  iar_Stopfx.o [29]
  .text              ro code     0x3'0a80     0x1b8  iar_Stoflt.o [29]
  .text              ro code     0x3'0c38     0x208  iar_Stoxflt.o [29]
  .text              ro code     0x3'0e40     0x1c8  iar_Atan64.o [30]
  .text              ro code     0x3'1008      0x20  DblCmpEq.o [30]
  .text              ro code     0x3'1028     0x32c  iar_Exp64.o [30]
  .text              ro code     0x3'1354      0x14  isalpha.o [29]
  .rodata            const       0x3'1368     0x708  Font.o [11]
  .text              ro code     0x3'1a70     0x644  drv_LKT4202.o [4]
  .text              ro code     0x3'20b4     0x624  main.o [28]
  .text              ro code     0x3'26d8      0x90  hc32f460_efm.o [20]
  .text              ro code     0x3'2768     0x188  hc32f460_sram.o [20]
  .text              ro code     0x3'28f0      0xdc  drv_SPI.o [25]
  .text              ro code     0x3'29cc     0x198  Lora_TP1109.o [6]
  .text              ro code     0x3'2b64     0x1e4  Magnetic_Bar.o [8]
  .rodata            const       0x3'2d48     0x5a0  Font.o [11]
  .rodata            const       0x3'32e8     0x4c8  Font.o [11]
  .rodata            const       0x3'37b0     0x420  pow64.o [30]
  .rodata            const       0x3'3bd0     0x400  Font.o [11]
  .rodata            const       0x3'3fd0     0x230  ModbusRTU_Device_BT.o [10]
  .rodata            const       0x3'4200     0x200  ModbusRTU.o [10]
  .rodata            const       0x3'4400     0x200  RXNTTL518.o [14]
  .rodata            const       0x3'4600     0x100  ModbusRTU.o [10]
  .rodata            const       0x3'4700     0x100  ModbusRTU.o [10]
  .text              ro code     0x3'4800      0xa2  packbits_init.o [31]
  .rodata            const       0x3'48a4      0x64  4G_EC200U.o [1]
  .rodata            const       0x3'4908      0x54  hc32f460_exint_nmi_swi.o [20]
  .rodata            const       0x3'495c      0x54  MQTT_SK.o [7]
  .rodata            const       0x3'49b0      0x50  hc32f460_interrupts.o [20]
  .rodata            const       0x3'4a00      0x50  hc32f460_timer4_cnt.o [20]
  .rodata            const       0x3'4a50      0x50  hc32f460_timer4_oco.o [20]
  .rodata            const       0x3'4aa0      0x50  iar_Stoulx.o [29]
  .rodata            const       0x3'4af0      0x4c  4G_EC200U.o [1]
  .rodata            const       0x3'4b3c      0x4c  4G_EC200U.o [1]
  .rodata            const       0x3'4b88      0x4c  hc32f460_dmac.o [20]
  .rodata            const       0x3'4bd4      0x4c  hc32f460_gpio.o [20]
  .rodata            const       0x3'4c20      0x4c  hc32f460_sram.o [20]
  .rodata            const       0x3'4c6c      0x4c  hc32f460_timer0.o [20]
  .rodata            const       0x3'4cb8      0x4c  hc32f460_usart.o [20]
  .rodata            const       0x3'4d04      0x48  hc32f460_adc.o [20]
  .rodata            const       0x3'4d4c      0x48  hc32f460_clk.o [20]
  .rodata            const       0x3'4d94      0x48  hc32f460_efm.o [20]
  .rodata            const       0x3'4ddc      0x48  hc32f460_i2c.o [20]
  .rodata            const       0x3'4e24      0x48  hc32f460_ots.o [20]
  .rodata            const       0x3'4e6c      0x48  hc32f460_pwc.o [20]
  .rodata            const       0x3'4eb4      0x48  hc32f460_rtc.o [20]
  .rodata            const       0x3'4efc      0x48  hc32f460_spi.o [20]
  .rodata            const       0x3'4f44      0x48  MQTT_SK.o [7]
  .rodata            const       0x3'4f8c      0x3c  4G_EC200U.o [1]
  .rodata            const       0x3'4fc8      0x48  strto64.o [30]
  .text              ro code     0x3'5010      0x44  startup_hc32f460.o [19]
  .rodata            const       0x3'5054      0x3c  4G_EC200U.o [1]
  .rodata            const       0x3'5090      0x40  iar_Atan64.o [30]
  .rodata            const       0x3'50d0      0x3c  MQTT_SK.o [7]
  .rodata            const       0x3'510c      0x3c  MQTT_SK.o [7]
  .rodata            const       0x3'5148      0x38  4G_EC200U.o [1]
  .rodata            const       0x3'5180      0x38  4G_EC200U.o [1]
  .rodata            const       0x3'51b8      0x38  4G_EC200U.o [1]
  .rodata            const       0x3'51f0      0x38  4G_EC200U.o [1]
  .rodata            const       0x3'5228      0x38  4G_EC200U.o [1]
  .rodata            const       0x3'5260      0x38  MQTT_SK.o [7]
  .text              ro code     0x3'5298      0x38  zero_init3.o [31]
  .rodata            const       0x3'52d0      0x34  4G_EC200U.o [1]
  .rodata            const       0x3'5304      0x34  MQTT_SK.o [7]
  .rodata            const       0x3'5338      0x34  MQTT_SK.o [7]
  .rodata            const       0x3'536c      0x34  MQTT_SK.o [7]
  .rodata            const       0x3'53a0      0x34  MQTT_SK.o [7]
  .rodata            const       0x3'53d4      0x28  4G_EC200U.o [1]
  .text              ro code     0x3'53fc      0x28  data_init.o [31]
  .rodata            const       0x3'5424      0x24  xscanfsmall_nomb.o [29]
  .text              ro code     0x3'5448      0x22  fpinit_M.o [30]
  .iar.init_table    const       0x3'546c      0x2c  - Linker created -
  .rodata            const       0x3'5498      0x20  4G_EC200U.o [1]
  .rodata            const       0x3'54b8      0x20  4G_EC200U.o [1]
  .rodata            const       0x3'54d8      0x20  4G_EC200U.o [1]
  .rodata            const       0x3'54f8      0x20  drv_LKT4202.o [4]
  .rodata            const       0x3'5518      0x20  drv_LKT4202.o [4]
  .rodata            const       0x3'5538      0x20  drv_RTC.o [24]
  .text              ro code     0x3'5558      0x1e  cmain.o [31]
  .text              ro code     0x3'5576       0x4  low_level_init.o [29]
  .text              ro code     0x3'557a       0x4  exit.o [29]
  .text              ro code     0x3'5580       0xa  cexit.o [31]
  .rodata            const       0x3'558c      0x1c  4G_EC200U.o [1]
  .rodata            const       0x3'55a8      0x1c  MQTT_SK.o [7]
  .rodata            const       0x3'55c4      0x1c  MQTT_SK.o [7]
  .text              ro code     0x3'55e0      0x1c  cstartup_M.o [31]
  .rodata            const       0x3'55fc      0x18  4G_EC200U.o [1]
  .rodata            const       0x3'5614      0x18  MQTT_SK.o [7]
  .rodata            const       0x3'562c      0x18  MQTT_SK.o [7]
  .rodata            const       0x3'5644      0x18  MQTT_SK.o [7]
  .rodata            const       0x3'565c      0x18  MQTT_SK.o [7]
  .rodata            const       0x3'5674      0x18  MQTT_SK.o [7]
  .rodata            const       0x3'568c      0x18  MQTT_SK.o [7]
  .rodata            const       0x3'56a4      0x18  MQTT_SK.o [7]
  .rodata            const       0x3'56bc      0x18  MQTT_SK.o [7]
  .rodata            const       0x3'56d4      0x18  MQTT_SK.o [7]
  .rodata            const       0x3'56ec      0x18  MQTT_SK.o [7]
  .rodata            const       0x3'5704      0x18  MQTT_SK.o [7]
  .rodata            const       0x3'571c      0x14  4G_EC200U.o [1]
  .rodata            const       0x3'5730      0x14  4G_EC200U.o [1]
  .rodata            const       0x3'5744      0x14  4G_EC200U.o [1]
  .rodata            const       0x3'5758      0x14  4G_EC200U.o [1]
  .rodata            const       0x3'576c      0x14  4G_EC200U.o [1]
  .rodata            const       0x3'5780      0x14  4G_EC200U.o [1]
  .rodata            const       0x3'5794      0x14  4G_EC200U.o [1]
  .rodata            const       0x3'57a8      0x14  4G_EC200U.o [1]
  .rodata            const       0x3'57bc      0x14  4G_EC200U.o [1]
  .rodata            const       0x3'57d0      0x14  4G_EC200U.o [1]
  .rodata            const       0x3'57e4      0x14  4G_EC200U.o [1]
  .rodata            const       0x3'57f8      0x14  4G_EC200U.o [1]
  .rodata            const       0x3'580c      0x14  4G_EC200U.o [1]
  .rodata            const       0x3'5820      0x14  4G_EC200U.o [1]
  .rodata            const       0x3'5834      0x14  4G_EC200U.o [1]
  .rodata            const       0x3'5848      0x14  4G_EC200U.o [1]
  .rodata            const       0x3'585c      0x14  4G_EC200U.o [1]
  .rodata            const       0x3'5870      0x14  4G_EC200U.o [1]
  .rodata            const       0x3'5884      0x14  4G_EC200U.o [1]
  .rodata            const       0x3'5898      0x14  4G_EC200U.o [1]
  .rodata            const       0x3'58ac      0x14  4G_EC200U.o [1]
  .rodata            const       0x3'58c0      0x14  4G_EC200U.o [1]
  .rodata            const       0x3'58d4      0x14  BT_TB05.o [2]
  .rodata            const       0x3'58e8      0x14  Mainloop.o [9]
  .rodata            const       0x3'58fc      0x14  MQTT_SK.o [7]
  .rodata            const       0x3'5910      0x14  MQTT_SK.o [7]
  .rodata            const       0x3'5924      0x14  MQTT_SK.o [7]
  .rodata            const       0x3'5938      0x14  MQTT_SK.o [7]
  .rodata            const       0x3'594c      0x14  MQTT_SK.o [7]
  .rodata            const       0x3'5960      0x14  MQTT_SK.o [7]
  .rodata            const       0x3'5974      0x14  MQTT_SK.o [7]
  .rodata            const       0x3'5988      0x14  MQTT_SK.o [7]
  .rodata            const       0x3'599c      0x14  MQTT_SK.o [7]
  .rodata            const       0x3'59b0      0x14  MQTT_SK.o [7]
  .rodata            const       0x3'59c4      0x14  MQTT_SK.o [7]
  .rodata            const       0x3'59d8      0x14  MQTT_SK.o [7]
  .rodata            const       0x3'59ec      0x14  MQTT_SK.o [7]
  .rodata            const       0x3'5a00      0x14  MQTT_SK.o [7]
  .rodata            const       0x3'5a14      0x14  MQTT_SK.o [7]
  .rodata            const       0x3'5a28      0x14  MQTT_SK.o [7]
  .rodata            const       0x3'5a3c      0x14  MQTT_SK.o [7]
  .rodata            const       0x3'5a50      0x14  MQTT_SK.o [7]
  .rodata            const       0x3'5a64      0x14  MQTT_SK.o [7]
  .rodata            const       0x3'5a78      0x14  MQTT_SK.o [7]
  .rodata            const       0x3'5a8c      0x14  MQTT_SK.o [7]
  .rodata            const       0x3'5aa0      0x14  MQTT_SK.o [7]
  .rodata            const       0x3'5ab4      0x14  MQTT_SK.o [7]
  .rodata            const       0x3'5ac8      0x14  MQTT_SK.o [7]
  .rodata            const       0x3'5adc      0x14  MQTT_SK.o [7]
  .rodata            const       0x3'5af0      0x14  MQTT_SK.o [7]
  .rodata            const       0x3'5b04      0x14  MQTT_SK.o [7]
  .rodata            const       0x3'5b18      0x14  MQTT_SK.o [7]
  .rodata            const       0x3'5b2c      0x14  MQTT_SK.o [7]
  .rodata            const       0x3'5b40      0x14  MQTT_SK.o [7]
  .rodata            const       0x3'5b54      0x14  MQTT_SK.o [7]
  .rodata            const       0x3'5b68      0x14  MQTT_SK.o [7]
  .rodata            const       0x3'5b7c      0x14  MQTT_SK.o [7]
  .rodata            const       0x3'5b90      0x14  MQTT_SK.o [7]
  .rodata            const       0x3'5ba4      0x14  MQTT_SK.o [7]
  .rodata            const       0x3'5bb8      0x14  MQTT_SK.o [7]
  .rodata            const       0x3'5bcc      0x10  4G_EC200U.o [1]
  .rodata            const       0x3'5bdc      0x10  4G_EC200U.o [1]
  .rodata            const       0x3'5bec      0x10  4G_EC200U.o [1]
  .rodata            const       0x3'5bfc      0x10  4G_EC200U.o [1]
  .rodata            const       0x3'5c0c      0x10  4G_EC200U.o [1]
  .rodata            const       0x3'5c1c      0x10  4G_EC200U.o [1]
  .rodata            const       0x3'5c2c      0x10  4G_EC200U.o [1]
  .rodata            const       0x3'5c3c      0x10  4G_EC200U.o [1]
  .rodata            const       0x3'5c4c      0x10  4G_EC200U.o [1]
  .rodata            const       0x3'5c5c      0x10  4G_EC200U.o [1]
  .rodata            const       0x3'5c6c      0x10  4G_EC200U.o [1]
  .rodata            const       0x3'5c7c      0x10  4G_EC200U.o [1]
  .rodata            const       0x3'5c8c      0x10  4G_EC200U.o [1]
  .rodata            const       0x3'5c9c      0x10  BT_TB05.o [2]
  .rodata            const       0x3'5cac      0x10  hc32f460_usart.o [20]
  .rodata            const       0x3'5cbc      0x10  main.o [28]
  .rodata            const       0x3'5ccc      0x10  ModbusRTU.o [10]
  .rodata            const       0x3'5cdc      0x10  MQTT_SK.o [7]
  .rodata            const       0x3'5cec      0x10  MQTT_SK.o [7]
  .rodata            const       0x3'5cfc      0x10  MQTT_SK.o [7]
  .rodata            const       0x3'5d0c      0x10  MQTT_SK.o [7]
  .rodata            const       0x3'5d1c      0x10  MQTT_SK.o [7]
  .rodata            const       0x3'5d2c      0x10  MQTT_SK.o [7]
  .rodata            const       0x3'5d3c      0x10  MQTT_SK.o [7]
  .rodata            const       0x3'5d4c      0x10  MQTT_SK.o [7]
  .rodata            const       0x3'5d5c      0x10  MQTT_SK.o [7]
  .rodata            const       0x3'5d6c      0x10  MQTT_SK.o [7]
  .rodata            const       0x3'5d7c      0x10  MQTT_SK.o [7]
  .rodata            const       0x3'5d8c      0x10  MQTT_SK.o [7]
  .rodata            const       0x3'5d9c      0x10  MQTT_SK.o [7]
  .rodata            const       0x3'5dac      0x10  MQTT_SK.o [7]
  .rodata            const       0x3'5dbc      0x10  MQTT_SK.o [7]
  .rodata            const       0x3'5dcc      0x10  MQTT_SK.o [7]
  .rodata            const       0x3'5ddc      0x10  MQTT_SK.o [7]
  .rodata            const       0x3'5dec      0x10  MQTT_SK.o [7]
  .rodata            const       0x3'5dfc      0x10  MQTT_SK.o [7]
  .rodata            const       0x3'5e0c      0x10  MQTT_SK.o [7]
  .rodata            const       0x3'5e1c      0x10  MQTT_SK.o [7]
  .rodata            const       0x3'5e2c       0xc  4G_EC200U.o [1]
  .rodata            const       0x3'5e38       0xc  4G_EC200U.o [1]
  .rodata            const       0x3'5e44       0xc  4G_EC200U.o [1]
  .rodata            const       0x3'5e50       0xc  4G_EC200U.o [1]
  .rodata            const       0x3'5e5c       0xc  4G_EC200U.o [1]
  .rodata            const       0x3'5e68       0xc  4G_EC200U.o [1]
  .rodata            const       0x3'5e74       0xc  4G_EC200U.o [1]
  .rodata            const       0x3'5e80       0xc  4G_EC200U.o [1]
  .rodata            const       0x3'5e8c       0xc  4G_EC200U.o [1]
  .rodata            const       0x3'5e98       0xc  4G_EC200U.o [1]
  .rodata            const       0x3'5ea4       0xc  4G_EC200U.o [1]
  .rodata            const       0x3'5eb0       0xc  4G_EC200U.o [1]
  .rodata            const       0x3'5ebc       0xc  4G_EC200U.o [1]
  .rodata            const       0x3'5ec8       0xc  4G_EC200U.o [1]
  .rodata            const       0x3'5ed4       0xc  4G_EC200U.o [1]
  .rodata            const       0x3'5ee0       0xc  4G_EC200U.o [1]
  .rodata            const       0x3'5eec       0xc  4G_EC200U.o [1]
  .rodata            const       0x3'5ef8       0xc  4G_EC200U.o [1]
  .rodata            const       0x3'5f04       0xc  4G_EC200U.o [1]
  .rodata            const       0x3'5f10       0xc  4G_EC200U.o [1]
  .rodata            const       0x3'5f1c       0xc  BT_TB05.o [2]
  .rodata            const       0x3'5f28       0xc  drv_LKT4202.o [4]
  .rodata            const       0x3'5f34       0xc  drv_LKT4202.o [4]
  .rodata            const       0x3'5f40       0xc  drv_USART.o [27]
  .rodata            const       0x3'5f4c       0xc  drv_USART.o [27]
  .rodata            const       0x3'5f58       0xc  drv_USART.o [27]
  .rodata            const       0x3'5f64       0xc  Mainloop.o [9]
  .rodata            const       0x3'5f70       0xc  Mainloop.o [9]
  .rodata            const       0x3'5f7c       0xc  ModbusRTU.o [10]
  .rodata            const       0x3'5f88       0xc  ModbusRTU.o [10]
  .rodata            const       0x3'5f94       0xc  MQTT_SK.o [7]
  .rodata            const       0x3'5fa0       0xc  MQTT_SK.o [7]
  .rodata            const       0x3'5fac       0xc  MQTT_SK.o [7]
  .rodata            const       0x3'5fb8       0xc  MQTT_SK.o [7]
  .rodata            const       0x3'5fc4       0x8  4G_EC200U.o [1]
  .rodata            const       0x3'5fcc       0x8  4G_EC200U.o [1]
  .rodata            const       0x3'5fd4       0x8  4G_EC200U.o [1]
  .rodata            const       0x3'5fdc       0x8  4G_EC200U.o [1]
  .rodata            const       0x3'5fe4       0x8  4G_EC200U.o [1]
  .rodata            const       0x3'5fec       0x8  4G_EC200U.o [1]
  .rodata            const       0x3'5ff4       0x8  4G_EC200U.o [1]
  .rodata            const       0x3'5ffc       0x8  4G_EC200U.o [1]
  .rodata            const       0x3'6004       0x8  4G_EC200U.o [1]
  .rodata            const       0x3'600c       0x8  4G_EC200U.o [1]
  .rodata            const       0x3'6014       0x8  4G_EC200U.o [1]
  .rodata            const       0x3'601c       0x8  4G_EC200U.o [1]
  .rodata            const       0x3'6024       0x8  4G_EC200U.o [1]
  .rodata            const       0x3'602c       0x8  4G_EC200U.o [1]
  .rodata            const       0x3'6034       0x8  4G_EC200U.o [1]
  .rodata            const       0x3'603c       0x8  4G_EC200U.o [1]
  .rodata            const       0x3'6044       0x8  4G_EC200U.o [1]
  .rodata            const       0x3'604c       0x8  4G_EC200U.o [1]
  .rodata            const       0x3'6054       0x8  4G_EC200U.o [1]
  .rodata            const       0x3'605c       0x8  Display.o [11]
  .rodata            const       0x3'6064       0x8  drv_LKT4202.o [4]
  .rodata            const       0x3'606c       0x8  drv_LKT4202.o [4]
  .rodata            const       0x3'6074       0x8  drv_SC7A20H.o [15]
  .rodata            const       0x3'607c       0x8  LC86L_BD.o [3]
  .rodata            const       0x3'6084       0x8  LC86L_BD.o [3]
  .rodata            const       0x3'608c       0x8  Mainloop.o [9]
  .rodata            const       0x3'6094       0x8  Mainloop.o [9]
  .rodata            const       0x3'609c       0x8  MQTT_SK.o [7]
  .rodata            const       0x3'60a4       0x8  MQTT_SK.o [7]
  .rodata            const       0x3'60ac       0x8  MQTT_SK.o [7]
  .rodata            const       0x3'60b4       0x8  MQTT_SK.o [7]
  .rodata            const       0x3'60bc       0x4  drv_RTC.o [24]
  .text              ro code     0x3'60c0       0x4  startup_hc32f460.o [19]
  .text              ro code     0x3'60c4       0x4  startup_hc32f460.o [19]
  .text              ro code     0x3'60c8       0x4  startup_hc32f460.o [19]
  .text              ro code     0x3'60cc       0x4  startup_hc32f460.o [19]
  .text              ro code     0x3'60d0       0x4  startup_hc32f460.o [19]
  .text              ro code     0x3'60d4       0x4  startup_hc32f460.o [19]
  .text              ro code     0x3'60d8       0x4  startup_hc32f460.o [19]
  .text              ro code     0x3'60dc       0x4  startup_hc32f460.o [19]
  .text              ro code     0x3'60e0       0x4  startup_hc32f460.o [19]
  .text              ro code     0x3'60e4       0x4  startup_hc32f460.o [19]
  .text              ro code     0x3'60e8       0x4  startup_hc32f460.o [19]
  .text              ro code     0x3'60ec       0x4  startup_hc32f460.o [19]
  .text              ro code     0x3'60f0       0x4  startup_hc32f460.o [19]
  .text              ro code     0x3'60f4       0x4  startup_hc32f460.o [19]
  .text              ro code     0x3'60f8       0x4  startup_hc32f460.o [19]
  .text              ro code     0x3'60fc       0x4  startup_hc32f460.o [19]
  .rodata            const       0x3'6100       0x0  zero_init3.o [31]
  .rodata            const       0x3'6100       0x0  packbits_init.o [31]
  Initializer bytes  const       0x3'6100     0x136  <for P2 s0>
                               - 0x3'6236  0x2'1fb6

"P2", part 1 of 3:                            0x307
  P2 s0                       0x2000'0000     0x307  <Init block>
    .data            inited   0x2000'0000     0x108  User_Data.o [17]
    .data            inited   0x2000'0108      0x8c  RXNTTL518.o [14]
    .data            inited   0x2000'0194      0x80  ModbusRTU_Device_BT.o [10]
    .data            inited   0x2000'0214      0x48  xlocale_c.o [29]
    .data            inited   0x2000'025c      0x38  xlocale_c.o [29]
    .data            inited   0x2000'0294      0x24  BT_TB05.o [2]
    .data            inited   0x2000'02b8      0x20  BT_TB05.o [2]
    .data            inited   0x2000'02d8      0x14  BT_TB05.o [2]
    .data            inited   0x2000'02ec       0x8  BT_TB05.o [2]
    .data            inited   0x2000'02f4       0x4  BT_TB05.o [2]
    .data            inited   0x2000'02f8       0x4  system_hc32f460.o [19]
    .data            inited   0x2000'02fc       0x4  system_hc32f460.o [19]
    .data            inited   0x2000'0300       0x1  drv_IIC.o [22]
    .data            inited   0x2000'0301       0x1  drv_IIC.o [22]
    .data            inited   0x2000'0302       0x1  drv_IIC.o [22]
    .data            inited   0x2000'0303       0x1  drv_IIC.o [22]
    .data            inited   0x2000'0304       0x1  hc32f460_pwc.o [20]
    .data            inited   0x2000'0305       0x1  ModbusRTU.o [10]
    .data            inited   0x2000'0306       0x1  ModbusRTU.o [10]
                            - 0x2000'0307     0x307

"P2", part 2 of 3:                           0x6b48
  .bss               zero     0x2000'0308    0x51c8  User_Data.o [17]
  .bss               zero     0x2000'54d0    0x1000  drv_Storage_W25Q128.o [16]
  .bss               zero     0x2000'64d0     0x400  User_Data.o [17]
  .bss               zero     0x2000'68d0     0x200  hc32f460_interrupts.o [20]
  .bss               zero     0x2000'6ad0     0x1b8  4G_EC200U.o [1]
  .bss               zero     0x2000'6c88      0x64  User_Data.o [17]
  .bss               zero     0x2000'6cec      0x2c  User_Data.o [17]
  .bss               zero     0x2000'6d18      0x2c  xttotm64.o [29]
  .bss               zero     0x2000'6d44      0x24  drv_ADC.o [21]
  .bss               zero     0x2000'6d68      0x14  drv_ADC.o [21]
  .bss               zero     0x2000'6d7c      0x14  hc32f460_pwc.o [20]
  .bss               zero     0x2000'6d90      0x14  User_Data.o [17]
  .bss               zero     0x2000'6da4       0x4  4G_EC200U.o [1]
  .bss               zero     0x2000'6da8       0x8  4G_EC200U.o [1]
  .bss               zero     0x2000'6db0       0x8  main.o [28]
  .bss               zero     0x2000'6db8       0x4  4G_EC200U.o [1]
  .bss               zero     0x2000'6dbc       0x4  4G_EC200U.o [1]
  .bss               zero     0x2000'6dc0       0x4  BT_TB05.o [2]
  .bss               zero     0x2000'6dc4       0x4  drv_RTC.o [24]
  .bss               zero     0x2000'6dc8       0x4  drv_SC7A20H.o [15]
  .bss               zero     0x2000'6dcc       0x4  drv_Storage_W25Q128.o [16]
  .bss               zero     0x2000'6dd0       0x4  drv_Timer.o [26]
  .bss               zero     0x2000'6dd4       0x4  drv_USART.o [27]
  .bss               zero     0x2000'6dd8       0x4  hc32f460_exint_nmi_swi.o [20]
  .bss               zero     0x2000'6ddc       0x4  hc32f460_ots.o [20]
  .bss               zero     0x2000'6de0       0x4  hc32f460_ots.o [20]
  .bss               zero     0x2000'6de4       0x4  LC86L_BD.o [3]
  .bss               zero     0x2000'6de8       0x4  Lora_TP1109.o [6]
  .bss               zero     0x2000'6dec       0x4  Magnetic_Bar.o [8]
  .bss               zero     0x2000'6df0       0x4  main.o [28]
  .bss               zero     0x2000'6df4       0x4  Mainloop.o [9]
  .bss               zero     0x2000'6df8       0x4  ModbusRTU.o [10]
  .bss               zero     0x2000'6dfc       0x4  ModbusRTU_Device_BT.o [10]
  .bss               zero     0x2000'6e00       0x4  ModbusRTU_Device_BT.o [10]
  .bss               zero     0x2000'6e04       0x4  MQTT_SK.o [7]
  .bss               zero     0x2000'6e08       0x4  OLED.o [11]
  .bss               zero     0x2000'6e0c       0x4  Photosensitive_XYC_ALS.o [12]
  .bss               zero     0x2000'6e10       0x4  RXNTTL518.o [14]
  .bss               zero     0x2000'6e14       0x4  strtok.o [29]
  .bss               zero     0x2000'6e18       0x4  xfail_s.o [29]
  .bss               zero     0x2000'6e1c       0x2  BT_TB05.o [2]
  .bss               zero     0x2000'6e1e       0x2  drv_Timer.o [26]
  .bss               zero     0x2000'6e20       0x2  ModbusRTU_Device_BT.o [10]
  .bss               zero     0x2000'6e22       0x2  ModbusRTU_Device_BT.o [10]
  .bss               zero     0x2000'6e24       0x1  4G_EC200U.o [1]
  .bss               zero     0x2000'6e25       0x1  4G_EC200U.o [1]
  .bss               zero     0x2000'6e26       0x1  4G_EC200U.o [1]
  .bss               zero     0x2000'6e27       0x1  4G_EC200U.o [1]
  .bss               zero     0x2000'6e28       0x1  4G_EC200U.o [1]
  .bss               zero     0x2000'6e29       0x1  4G_EC200U.o [1]
  .bss               zero     0x2000'6e2a       0x1  4G_EC200U.o [1]
  .bss               zero     0x2000'6e2b       0x1  4G_EC200U.o [1]
  .bss               zero     0x2000'6e2c       0x1  4G_EC200U.o [1]
  .bss               zero     0x2000'6e2d       0x1  BT_TB05.o [2]
  .bss               zero     0x2000'6e2e       0x1  drv_IIC.o [22]
  .bss               zero     0x2000'6e2f       0x1  drv_Timer.o [26]
  .bss               zero     0x2000'6e30       0x1  drv_Timer.o [26]
  .bss               zero     0x2000'6e31       0x1  drv_Timer.o [26]
  .bss               zero     0x2000'6e32       0x1  drv_Timer.o [26]
  .bss               zero     0x2000'6e33       0x1  drv_Timer.o [26]
  .bss               zero     0x2000'6e34       0x1  drv_Timer.o [26]
  .bss               zero     0x2000'6e35       0x1  drv_Timer.o [26]
  .bss               zero     0x2000'6e36       0x1  drv_Timer.o [26]
  .bss               zero     0x2000'6e37       0x1  drv_Timer.o [26]
  .bss               zero     0x2000'6e38       0x1  drv_Timer.o [26]
  .bss               zero     0x2000'6e39       0x1  drv_Timer.o [26]
  .bss               zero     0x2000'6e3a       0x1  hc32f460_dmac.o [20]
  .bss               zero     0x2000'6e3b       0x1  hc32f460_pwc.o [20]
  .bss               zero     0x2000'6e3c       0x1  hc32f460_pwc.o [20]
  .bss               zero     0x2000'6e3d       0x1  hc32f460_pwc.o [20]
  .bss               zero     0x2000'6e3e       0x1  hc32f460_pwc.o [20]
  .bss               zero     0x2000'6e3f       0x1  main.o [28]
  .bss               zero     0x2000'6e40       0x1  main.o [28]
  .bss               zero     0x2000'6e41       0x1  Mainloop.o [9]
  .bss               zero     0x2000'6e42       0x1  Mainloop.o [9]
  .bss               zero     0x2000'6e43       0x1  Mainloop.o [9]
  .bss               zero     0x2000'6e44       0x1  Mainloop.o [9]
  .bss               zero     0x2000'6e45       0x1  Mainloop.o [9]
  .bss               zero     0x2000'6e46       0x1  ModbusRTU_Device_BT.o [10]
  .bss               zero     0x2000'6e47       0x1  ModbusRTU_Device_BT.o [10]
  .bss               zero     0x2000'6e48       0x1  ModbusRTU_Device_BT.o [10]
  .bss               zero     0x2000'6e49       0x1  User_Data.o [17]
  .bss               zero     0x2000'6e4a       0x1  User_Data.o [17]
  .bss               zero     0x2000'6e4b       0x1  User_Data.o [17]
  .bss               zero     0x2000'6e4c       0x1  User_Data.o [17]
  .bss               zero     0x2000'6e4d       0x1  User_Data.o [17]
  .bss               zero     0x2000'6e4e       0x1  User_Data.o [17]
                            - 0x2000'6e4f    0x6b47

"P2", part 3 of 3:                           0x2000
  CSTACK                      0x2000'6e50    0x2000  <Block>
    CSTACK           uninit   0x2000'6e50    0x2000  <Block tail>
                            - 0x2000'8e50    0x2000

Unused ranges:

         From           To      Size
         ----           --      ----
     0x3'6236     0x7'ffff  0x4'9dca
   0x300'0c00   0x300'0ffb     0x3fc
  0x1fff'8000  0x1fff'ffff    0x8000
  0x2000'0307  0x2000'0307       0x1
  0x2000'8e50  0x2000'ffff    0x71b0
  0x2001'0000  0x2001'ffff  0x1'0000
  0x2002'0000  0x2002'6fff    0x7000
  0x200f'0000  0x200f'0fff    0x1000


*******************************************************************************
*** INIT TABLE
***

          Address      Size
          -------      ----
Zero (__iar_zero_init3)
    1 destination range, total size 0x6b47:
          0x2000'0308  0x6b47

Copy/packbits (__iar_packbits_init3)
    1 source range, total size 0x136 (40% of destination):
             0x3'6100   0x136
    1 destination range, total size 0x307:
          0x2000'0000   0x307



*******************************************************************************
*** MODULE SUMMARY
***

    Module                    ro code  ro data  rw data  ro data
                                                          (abs)
    ------                    -------  -------  -------  -------
command line/config:
    ------------------------------------------------------------
    Total:

D:\Myself\WorkProcess\SK\HC32F460_WorkProcess\example\Source\Pipe_Monitor\Pipe_Monitor_App\EWARM\output\debug\Obj\4G_EC200U_8582873453978518366.dir: [1]
    4G_EC200U.o                12'292    1'932      469
    ------------------------------------------------------------
    Total:                     12'292    1'932      469

D:\Myself\WorkProcess\SK\HC32F460_WorkProcess\example\Source\Pipe_Monitor\Pipe_Monitor_App\EWARM\output\debug\Obj\BT_TB05_12041724360499981866.dir: [2]
    BT_TB05.o                     968       88      107
    ------------------------------------------------------------
    Total:                        968       88      107

D:\Myself\WorkProcess\SK\HC32F460_WorkProcess\example\Source\Pipe_Monitor\Pipe_Monitor_App\EWARM\output\debug\Obj\LC86L_BD_9822625824417385734.dir: [3]
    LC86L_BD.o                  1'376       16        4
    ------------------------------------------------------------
    Total:                      1'376       16        4

D:\Myself\WorkProcess\SK\HC32F460_WorkProcess\example\Source\Pipe_Monitor\Pipe_Monitor_App\EWARM\output\debug\Obj\LKT4202_1925765440156868983.dir: [4]
    drv_LKT4202.o               1'604      116
    ------------------------------------------------------------
    Total:                      1'604      116

D:\Myself\WorkProcess\SK\HC32F460_WorkProcess\example\Source\Pipe_Monitor\Pipe_Monitor_App\EWARM\output\debug\Obj\LoRa_RA02_5139138412578801246.dir: [5]
    ------------------------------------------------------------
    Total:

D:\Myself\WorkProcess\SK\HC32F460_WorkProcess\example\Source\Pipe_Monitor\Pipe_Monitor_App\EWARM\output\debug\Obj\Lora_TP1109_151720617378073083.dir: [6]
    Lora_TP1109.o                 408                 4
    ------------------------------------------------------------
    Total:                        408                 4

D:\Myself\WorkProcess\SK\HC32F460_WorkProcess\example\Source\Pipe_Monitor\Pipe_Monitor_App\EWARM\output\debug\Obj\MQTT_SK_4724149239023757000.dir: [7]
    MQTT_SK.o                   7'436    1'996        4
    ------------------------------------------------------------
    Total:                      7'436    1'996        4

D:\Myself\WorkProcess\SK\HC32F460_WorkProcess\example\Source\Pipe_Monitor\Pipe_Monitor_App\EWARM\output\debug\Obj\Magnetic_Bar_17520218520042908049.dir: [8]
    Magnetic_Bar.o                484                 4
    ------------------------------------------------------------
    Total:                        484                 4

D:\Myself\WorkProcess\SK\HC32F460_WorkProcess\example\Source\Pipe_Monitor\Pipe_Monitor_App\EWARM\output\debug\Obj\Mainloop_18272944273632151421.dir: [9]
    Mainloop.o                  4'648       60        9
    ------------------------------------------------------------
    Total:                      4'648       60        9

D:\Myself\WorkProcess\SK\HC32F460_WorkProcess\example\Source\Pipe_Monitor\Pipe_Monitor_App\EWARM\output\debug\Obj\ModbusRTU_17682219295068567368.dir: [10]
    ModbusRTU.o                 8'508    1'065        6
    ModbusRTU_Device_BT.o       5'768      611      143
    ------------------------------------------------------------
    Total:                     14'276    1'676      149

D:\Myself\WorkProcess\SK\HC32F460_WorkProcess\example\Source\Pipe_Monitor\Pipe_Monitor_App\EWARM\output\debug\Obj\OLED_13473777563621607307.dir: [11]
    Display.o                   7'780        8
    Font.o                               5'488
    OLED.o                      3'228                 4
    ------------------------------------------------------------
    Total:                     11'008    5'496        4

D:\Myself\WorkProcess\SK\HC32F460_WorkProcess\example\Source\Pipe_Monitor\Pipe_Monitor_App\EWARM\output\debug\Obj\Photosensitive_XYC_ALS_28064708180949255.dir: [12]
    Photosensitive_XYC_ALS.o      940                 4
    ------------------------------------------------------------
    Total:                        940                 4

D:\Myself\WorkProcess\SK\HC32F460_WorkProcess\example\Source\Pipe_Monitor\Pipe_Monitor_App\EWARM\output\debug\Obj\RF_NFC_10628150809568064830.dir: [13]
    RF_NFC.o                      102
    ------------------------------------------------------------
    Total:                        102

D:\Myself\WorkProcess\SK\HC32F460_WorkProcess\example\Source\Pipe_Monitor\Pipe_Monitor_App\EWARM\output\debug\Obj\RXNTTL518_17808510930951076202.dir: [14]
    RXNTTL518.o                   580      568      144
    ------------------------------------------------------------
    Total:                        580      568      144

D:\Myself\WorkProcess\SK\HC32F460_WorkProcess\example\Source\Pipe_Monitor\Pipe_Monitor_App\EWARM\output\debug\Obj\SC7A20H_13085057635104233901.dir: [15]
    drv_SC7A20H.o                 730        8        4
    ------------------------------------------------------------
    Total:                        730        8        4

D:\Myself\WorkProcess\SK\HC32F460_WorkProcess\example\Source\Pipe_Monitor\Pipe_Monitor_App\EWARM\output\debug\Obj\Storage_W25Q128_4738127093883701884.dir: [16]
    drv_Storage_W25Q128.o       4'172             4'100
    ------------------------------------------------------------
    Total:                      4'172             4'100

D:\Myself\WorkProcess\SK\HC32F460_WorkProcess\example\Source\Pipe_Monitor\Pipe_Monitor_App\EWARM\output\debug\Obj\User_Data_5391006662705040797.dir: [17]
    User_Data.o                   182      105   22'394
    ------------------------------------------------------------
    Total:                        182      105   22'394

D:\Myself\WorkProcess\SK\HC32F460_WorkProcess\example\Source\Pipe_Monitor\Pipe_Monitor_App\EWARM\output\debug\Obj\WatchDog_9188475617120297074.dir: [18]
    WatchDog.o                     76
    ------------------------------------------------------------
    Total:                         76

D:\Myself\WorkProcess\SK\HC32F460_WorkProcess\example\Source\Pipe_Monitor\Pipe_Monitor_App\EWARM\output\debug\Obj\common_14919461937644757070.dir: [19]
    startup_hc32f460.o            772
    system_hc32f460.o             272        3        8
    ------------------------------------------------------------
    Total:                      1'044        3        8

D:\Myself\WorkProcess\SK\HC32F460_WorkProcess\example\Source\Pipe_Monitor\Pipe_Monitor_App\EWARM\output\debug\Obj\driver_11944700488488147666.dir: [20]
    hc32f460_adc.o              1'400       72
    hc32f460_clk.o              4'092       72
    hc32f460_dmac.o             2'752       76        1
    hc32f460_efm.o                144       72
    hc32f460_exint_nmi_swi.o      380       84        4
    hc32f460_gpio.o             1'240       76
    hc32f460_i2c.o              2'720       72
    hc32f460_icg.o                                            32
    hc32f460_interrupts.o       2'880       80      512
    hc32f460_ots.o                384       72        8
    hc32f460_pwc.o              2'576       73       25
    hc32f460_rtc.o              2'212       72
    hc32f460_spi.o              1'972       72
    hc32f460_sram.o               392       76
    hc32f460_timer0.o           2'356       76
    hc32f460_timer4_cnt.o         872       80
    hc32f460_timer4_oco.o       2'512       80
    hc32f460_usart.o            2'632       92
    hc32f460_utility.o            110
    ------------------------------------------------------------
    Total:                     31'626    1'297      550       32

D:\Myself\WorkProcess\SK\HC32F460_WorkProcess\example\Source\Pipe_Monitor\Pipe_Monitor_App\EWARM\output\debug\Obj\drv_ADC_15186207816091091275.dir: [21]
    drv_ADC.o                   1'108                56
    ------------------------------------------------------------
    Total:                      1'108                56

D:\Myself\WorkProcess\SK\HC32F460_WorkProcess\example\Source\Pipe_Monitor\Pipe_Monitor_App\EWARM\output\debug\Obj\drv_IIC_18060258103304213159.dir: [22]
    drv_IIC.o                   2'344        1        5
    ------------------------------------------------------------
    Total:                      2'344        1        5

D:\Myself\WorkProcess\SK\HC32F460_WorkProcess\example\Source\Pipe_Monitor\Pipe_Monitor_App\EWARM\output\debug\Obj\drv_OTS_Temperature_13039655784802445445.dir: [23]
    drv_OTS_Temperature.o         116
    ------------------------------------------------------------
    Total:                        116

D:\Myself\WorkProcess\SK\HC32F460_WorkProcess\example\Source\Pipe_Monitor\Pipe_Monitor_App\EWARM\output\debug\Obj\drv_RTC_2577979922006117733.dir: [24]
    drv_RTC.o                   1'724       36        4
    ------------------------------------------------------------
    Total:                      1'724       36        4

D:\Myself\WorkProcess\SK\HC32F460_WorkProcess\example\Source\Pipe_Monitor\Pipe_Monitor_App\EWARM\output\debug\Obj\drv_SPI_4333388098947449637.dir: [25]
    drv_SPI.o                     220
    ------------------------------------------------------------
    Total:                        220

D:\Myself\WorkProcess\SK\HC32F460_WorkProcess\example\Source\Pipe_Monitor\Pipe_Monitor_App\EWARM\output\debug\Obj\drv_Timer_6973001687617930806.dir: [26]
    drv_Timer.o                 2'540                17
    ------------------------------------------------------------
    Total:                      2'540                17

D:\Myself\WorkProcess\SK\HC32F460_WorkProcess\example\Source\Pipe_Monitor\Pipe_Monitor_App\EWARM\output\debug\Obj\drv_USART_14144334009435087269.dir: [27]
    drv_USART.o                 4'812       36        4
    ------------------------------------------------------------
    Total:                      4'812       36        4

D:\Myself\WorkProcess\SK\HC32F460_WorkProcess\example\Source\Pipe_Monitor\Pipe_Monitor_App\EWARM\output\debug\Obj\source_5634686896477721948.dir: [28]
    main.o                      1'572       16       14
    ------------------------------------------------------------
    Total:                      1'572       16       14

dl7M_tlf.a: [29]
    abort.o                         6
    exit.o                          4
    iar_Stoflt.o                  440
    iar_Stolx.o                   144
    iar_Stopfx.o                  290
    iar_Stoulx.o                  342       80
    iar_Stoxflt.o                 520
    isalpha.o                      20
    isspace.o                      20
    low_level_init.o                4
    mktime64.o                    224
    sprintf.o                      64
    sscanf.o                       40
    strcat.o                       30
    strcspn.o                      34
    strncmp.o                      42
    strspn.o                       34
    strstr.o                       44
    strtok.o                       76                 4
    tolower.o                      20
    xDaysTo64.o                   204
    xTzoff_nop.o                    4
    xfail_s.o                      64                 4
    xisdst_nop64.o                  6
    xlocale_c.o                    76       57      128
    xprintflarge_nomb.o         3'354
    xscanfsmall_nomb.o          1'600       36
    xsprout.o                      10
    xsscin.o                       30
    xttotm64.o                    348                44
    ------------------------------------------------------------
    Total:                      8'094      173      180

m7M_tls.a: [30]
    DblAddSub.o                   606
    DblCmpEq.o                     32
    DblCmpGe.o                     52
    DblCmpLe.o                     52
    DblDiv.o                      582
    DblMul.o                      426
    DblToFlt.o                    104
    DblToS32.o                     54
    DblToU32.o                     34
    FltToDbl.o                     72
    S32ToDbl.o                     34
    U32ToDbl.o                     28
    U64ToDbl.o                     70
    atan64.o                      188
    fpinit_M.o                     34
    frexp.o                       112
    iar_Atan64.o                  456       64
    iar_Exp64.o                   812
    ldexp.o                       314
    math_wrappers64.o              42
    pow64.o                     1'676    1'056
    sqrt.o                        258
    strto64.o                     866       72
    ------------------------------------------------------------
    Total:                      6'904    1'192

rt7M_tl.a: [31]
    ABImemcpy.o                   166
    ABImemset.o                   102
    I64DivMod.o                   628
    I64DivZer.o                     2
    cexit.o                        10
    cmain.o                        30
    cstartup_M.o                   28
    data_init.o                    40
    memchr.o                       88
    memcmp.o                      104
    packbits_init.o               162
    strchr.o                       22
    strcmp.o                       18
    strcpy.o                       24
    strlen.o                       54
    zero_init3.o                   56
    ------------------------------------------------------------
    Total:                      1'534

shb_l.a: [32]
    exit.o                         20
    ------------------------------------------------------------
    Total:                         20

    Gaps                           25        6
    Linker created                          44    8'192
----------------------------------------------------------------
    Grand Total:              124'965   14'865   36'430       32


*******************************************************************************
*** ENTRY LIST
***

Entry                       Address    Size  Type      Object
-----                       -------    ----  ----      ------
.iar.init_table$$Base      0x3'546c           --   Gb  - Linker created -
.iar.init_table$$Limit     0x3'5498           --   Gb  - Linker created -
?main                      0x3'5559          Code  Gb  cmain.o [31]
ADC_AddAdcChannel          0x2'b68d    0xbe  Code  Gb  hc32f460_adc.o [20]
ADC_AddAvgChannel          0x2'b7bd    0x66  Code  Gb  hc32f460_adc.o [20]
ADC_ConfigAvg              0x2'b755    0x64  Code  Gb  hc32f460_adc.o [20]
ADC_DeInit                 0x2'b58d   0x100  Code  Gb  hc32f460_adc.o [20]
ADC_GetChData              0x2'b919    0x98  Code  Gb  hc32f460_adc.o [20]
ADC_Init                   0x2'b479   0x114  Code  Gb  hc32f460_adc.o [20]
ADC_PollingSa              0x2'b823    0xf6  Code  Gb  hc32f460_adc.o [20]
ADC_ReadAllData            0x2'b9c5    0x2c  Code  Lc  hc32f460_adc.o [20]
AdcChannelConfig           0x2'35e1    0x70  Code  Lc  drv_ADC.o [21]
AdcClockConfig             0x2'3511    0x78  Code  Lc  drv_ADC.o [21]
AdcInitConfig              0x2'3589    0x58  Code  Lc  drv_ADC.o [21]
AsyncDelay                 0x2'1ded    0x76  Code  Lc  hc32f460_timer0.o [20]
BusFault_Handler           0x1'ce89     0x8  Code  Gb  hc32f460_interrupts.o [20]
CLK_ClearFcmFlag           0x1'c40d    0x5c  Code  Gb  hc32f460_clk.o [20]
CLK_FcmCmd                 0x1'c363    0x28  Code  Gb  hc32f460_clk.o [20]
CLK_FcmConfig              0x1'c0b1   0x2b2  Code  Gb  hc32f460_clk.o [20]
CLK_GetClockFreq           0x1'be69   0x116  Code  Gb  hc32f460_clk.o [20]
CLK_GetFcmCounter          0x1'c38b     0x8  Code  Gb  hc32f460_clk.o [20]
CLK_GetFcmFlag             0x1'c3a5    0x62  Code  Gb  hc32f460_clk.o [20]
CLK_GetFlagStatus          0x1'c001    0x8a  Code  Gb  hc32f460_clk.o [20]
CLK_LrcCmd                 0x1'b6db    0x98  Code  Gb  hc32f460_clk.o [20]
CLK_MpllCmd                0x1'b91f    0xb0  Code  Gb  hc32f460_clk.o [20]
CLK_MpllConfig             0x1'b7c3   0x15c  Code  Gb  hc32f460_clk.o [20]
CLK_SetPeriClkSource       0x1'bf8d    0x58  Code  Gb  hc32f460_clk.o [20]
CLK_SetPllSource           0x1'b773    0x50  Code  Gb  hc32f460_clk.o [20]
CLK_SetSysClkSource        0x1'bbc1   0x104  Code  Gb  hc32f460_clk.o [20]
CLK_SysClkConfig           0x1'bcd9   0x188  Code  Gb  hc32f460_clk.o [20]
CLK_UpllCmd                0x1'bb1d    0xa4  Code  Gb  hc32f460_clk.o [20]
CLK_UpllConfig             0x1'b9cf   0x14e  Code  Gb  hc32f460_clk.o [20]
CLK_Xtal32Cmd              0x1'b643    0x98  Code  Gb  hc32f460_clk.o [20]
CLK_Xtal32Config           0x1'b5f3    0x50  Code  Gb  hc32f460_clk.o [20]
CLK_XtalCmd                0x1'b4ff    0xf4  Code  Gb  hc32f460_clk.o [20]
CLK_XtalConfig             0x1'b4a5    0x5a  Code  Gb  hc32f460_clk.o [20]
CSTACK$$Base            0x2000'6e50           --   Gb  - Linker created -
CSTACK$$Limit           0x2000'8e50           --   Gb  - Linker created -
Clock_MeasureConfig        0x1'7a21    0xcc  Code  Lc  drv_RTC.o [24]
Crc16                      0x2'5509    0x38  Code  Gb  ModbusRTU.o [10]
DMA_ChannelCfg             0x2'18a1   0x2ce  Code  Gb  hc32f460_dmac.o [20]
DMA_ChannelCmd             0x2'140d   0x252  Code  Gb  hc32f460_dmac.o [20]
DMA_ClearIrqFlag           0x2'1313    0xfa  Code  Gb  hc32f460_dmac.o [20]
DMA_Cmd                    0x2'12c5    0x4e  Code  Gb  hc32f460_dmac.o [20]
DMA_GetTransferCnt         0x2'17d5    0x60  Code  Gb  hc32f460_dmac.o [20]
DMA_InitChannel            0x2'1b6f   0x202  Code  Gb  hc32f460_dmac.o [20]
DMA_SetDesAddress          0x2'166d    0xa0  Code  Gb  hc32f460_dmac.o [20]
DMA_SetTransferCnt         0x2'170d    0xc8  Code  Gb  hc32f460_dmac.o [20]
DMA_SetTriggerSrc          0x2'1845    0x56  Code  Gb  hc32f460_dmac.o [20]
Ddl_AssertHandler          0x1'aa93     0x2  Code  Wk  hc32f460_utility.o [20]
Ddl_Delay1ms               0x1'77e1    0x28  Code  Gb  hc32f460_utility.o [20]
Ddl_Delay1us               0x1'7809    0x38  Code  Gb  hc32f460_utility.o [20]
DebugMon_Handler           0x1'cea1     0x8  Code  Gb  hc32f460_interrupts.o [20]
Dma1Btc0IrqCallback        0x1'97a9    0x1c  Code  Lc  drv_USART.o [27]
Dma1Btc1IrqCallback        0x1'97c5    0x1c  Code  Lc  drv_USART.o [27]
Dma1Btc2IrqCallback        0x1'97e1    0x1c  Code  Lc  drv_USART.o [27]
Dma1Btc3IrqCallback        0x1'97fd    0x1c  Code  Lc  drv_USART.o [27]
Dma1Init                   0x1'9819   0x200  Code  Lc  drv_USART.o [27]
DmaChEnState            0x2000'6e3a     0x1  Data  Lc  hc32f460_dmac.o [20]
Dtentox                    0x2'fd35   0x1d8  Code  Lc  strto64.o [30]
EC200U_4G_Module_Configuration_Init
                           0x1'65a5   0xbe2  Code  Gb  4G_EC200U.o [1]
EC200U_4G_Module_Configuration_Init::ucRetryCnt
                        0x2000'6e2a     0x1  Data  Lc  4G_EC200U.o [1]
EC200U_4G_Module_GPIO_Init
                           0x1'42dd    0x70  Code  Gb  4G_EC200U.o [1]
EFM_Lock                   0x3'26eb    0x14  Code  Gb  hc32f460_efm.o [20]
EFM_SetLatency             0x3'26ff    0x5c  Code  Gb  hc32f460_efm.o [20]
EFM_Unlock                 0x3'26d9    0x12  Code  Gb  hc32f460_efm.o [20]
EPSINON                    0x3'60bc     0x4  Data  Lc  drv_RTC.o [24]
EXINT_Init                 0x2'2bf9    0xa0  Code  Gb  hc32f460_exint_nmi_swi.o [20]
EXINT_IrqFlgClr            0x2'2d33    0x12  Code  Gb  hc32f460_exint_nmi_swi.o [20]
EXINT_IrqFlgGet            0x2'2c99    0x9a  Code  Gb  hc32f460_exint_nmi_swi.o [20]
ExtInt01_Callback          0x2'4e75    0xa6  Code  Gb  Photosensitive_XYC_ALS.o [12]
ExtInt07_Callback          0x3'2bcd    0x9a  Code  Gb  Magnetic_Bar.o [8]
ExtInt13_Callback          0x3'2a35    0x12  Code  Gb  Lora_TP1109.o [6]
Float_reg_rw_mode          0x2'57f1    0x94  Code  Gb  ModbusRTU.o [10]
GetSystemPara              0x1'a9dd     0x4  Code  Gb  User_Data.o [17]
HRC_VALUE               0x2000'02f8     0x4  Data  Gb  system_hc32f460.o [19]
HardFault_Handler          0x1'ce79     0x8  Code  Gb  hc32f460_interrupts.o [20]
I2C_AckConfig              0x2'f985    0x56  Code  Gb  hc32f460_i2c.o [20]
I2C_BaudrateConfig         0x2'f3cd   0x228  Code  Gb  hc32f460_i2c.o [20]
I2C_BusWaitCmd             0x2'f773    0x6a  Code  Gb  hc32f460_i2c.o [20]
I2C_ClearStatus            0x2'f889    0x36  Code  Gb  hc32f460_i2c.o [20]
I2C_Cmd                    0x2'f71d    0x56  Code  Gb  hc32f460_i2c.o [20]
I2C_DeInit                 0x2'f5f5    0x40  Code  Gb  hc32f460_i2c.o [20]
I2C_GenerateReStart        0x2'f327    0x52  Code  Gb  hc32f460_i2c.o [20]
I2C_GenerateStart          0x2'f2d5    0x52  Code  Gb  hc32f460_i2c.o [20]
I2C_GenerateStop           0x2'f379    0x52  Code  Gb  hc32f460_i2c.o [20]
I2C_GetStatus              0x2'f7dd    0xa0  Code  Gb  hc32f460_i2c.o [20]
I2C_Init                   0x2'f63d    0xd6  Code  Gb  hc32f460_i2c.o [20]
I2C_MasterDataReceiveAndStop
                           0x2'fbf1    0xd4  Code  Gb  hc32f460_i2c.o [20]
I2C_ReadData               0x2'f94d    0x2e  Code  Gb  hc32f460_i2c.o [20]
I2C_Restart                0x2'fa3b    0x4c  Code  Gb  hc32f460_i2c.o [20]
I2C_SoftwareResetCmd       0x2'f8bf    0x56  Code  Gb  hc32f460_i2c.o [20]
I2C_Start                  0x2'f9db    0x60  Code  Gb  hc32f460_i2c.o [20]
I2C_Stop                   0x2'fcc5    0x56  Code  Gb  hc32f460_i2c.o [20]
I2C_TransAddr              0x2'fa87    0xcc  Code  Gb  hc32f460_i2c.o [20]
I2C_TransData              0x2'fb53    0x9e  Code  Gb  hc32f460_i2c.o [20]
I2C_WaitStatus             0x2'f295    0x40  Code  Gb  hc32f460_i2c.o [20]
I2C_WriteData              0x2'f915    0x30  Code  Gb  hc32f460_i2c.o [20]
I2C_XYC_ALS_Master_Receive
                           0x2'c1c5    0xd4  Code  Gb  drv_IIC.o [22]
I2C_XYC_ALS_Master_Transmit
                           0x2'c141    0x78  Code  Gb  drv_IIC.o [22]
IRQ000_Handler             0x1'ceb9    0x12  Code  Gb  hc32f460_interrupts.o [20]
IRQ001_Handler             0x1'cecb    0x12  Code  Gb  hc32f460_interrupts.o [20]
IRQ002_Handler             0x1'cedd    0x12  Code  Gb  hc32f460_interrupts.o [20]
IRQ003_Handler             0x1'ceef    0x12  Code  Gb  hc32f460_interrupts.o [20]
IRQ004_Handler             0x1'cf01    0x12  Code  Gb  hc32f460_interrupts.o [20]
IRQ005_Handler             0x1'cf13    0x12  Code  Gb  hc32f460_interrupts.o [20]
IRQ006_Handler             0x1'cf25    0x12  Code  Gb  hc32f460_interrupts.o [20]
IRQ007_Handler             0x1'cf37    0x12  Code  Gb  hc32f460_interrupts.o [20]
IRQ008_Handler             0x1'cf49    0x12  Code  Gb  hc32f460_interrupts.o [20]
IRQ009_Handler             0x1'cf5b    0x12  Code  Gb  hc32f460_interrupts.o [20]
IRQ010_Handler             0x1'cf6d    0x12  Code  Gb  hc32f460_interrupts.o [20]
IRQ011_Handler             0x1'cf7f    0x12  Code  Gb  hc32f460_interrupts.o [20]
IRQ012_Handler             0x1'cf91    0x12  Code  Gb  hc32f460_interrupts.o [20]
IRQ013_Handler             0x1'cfa3    0x12  Code  Gb  hc32f460_interrupts.o [20]
IRQ014_Handler             0x1'cfb5    0x12  Code  Gb  hc32f460_interrupts.o [20]
IRQ015_Handler             0x1'cfc7    0x12  Code  Gb  hc32f460_interrupts.o [20]
IRQ016_Handler             0x1'cfd9    0x12  Code  Gb  hc32f460_interrupts.o [20]
IRQ017_Handler             0x1'cfeb    0x12  Code  Gb  hc32f460_interrupts.o [20]
IRQ018_Handler             0x1'cffd    0x12  Code  Gb  hc32f460_interrupts.o [20]
IRQ019_Handler             0x1'd00f    0x12  Code  Gb  hc32f460_interrupts.o [20]
IRQ020_Handler             0x1'd021    0x12  Code  Gb  hc32f460_interrupts.o [20]
IRQ021_Handler             0x1'd033    0x12  Code  Gb  hc32f460_interrupts.o [20]
IRQ022_Handler             0x1'd045    0x12  Code  Gb  hc32f460_interrupts.o [20]
IRQ023_Handler             0x1'd057    0x12  Code  Gb  hc32f460_interrupts.o [20]
IRQ024_Handler             0x1'd069    0x12  Code  Gb  hc32f460_interrupts.o [20]
IRQ025_Handler             0x1'd07b    0x12  Code  Gb  hc32f460_interrupts.o [20]
IRQ026_Handler             0x1'd08d    0x12  Code  Gb  hc32f460_interrupts.o [20]
IRQ027_Handler             0x1'd09f    0x12  Code  Gb  hc32f460_interrupts.o [20]
IRQ028_Handler             0x1'd0b1    0x12  Code  Gb  hc32f460_interrupts.o [20]
IRQ029_Handler             0x1'd0c3    0x12  Code  Gb  hc32f460_interrupts.o [20]
IRQ030_Handler             0x1'd0d5    0x12  Code  Gb  hc32f460_interrupts.o [20]
IRQ031_Handler             0x1'd0e7    0x12  Code  Gb  hc32f460_interrupts.o [20]
IRQ032_Handler             0x1'd0f9    0x16  Code  Gb  hc32f460_interrupts.o [20]
IRQ033_Handler             0x1'd10f    0x16  Code  Gb  hc32f460_interrupts.o [20]
IRQ034_Handler             0x1'd125    0x16  Code  Gb  hc32f460_interrupts.o [20]
IRQ035_Handler             0x1'd13b    0x16  Code  Gb  hc32f460_interrupts.o [20]
IRQ036_Handler             0x1'd151    0x16  Code  Gb  hc32f460_interrupts.o [20]
IRQ037_Handler             0x1'd167    0x16  Code  Gb  hc32f460_interrupts.o [20]
IRQ038_Handler             0x1'd17d    0x16  Code  Gb  hc32f460_interrupts.o [20]
IRQ039_Handler             0x1'd193    0x16  Code  Gb  hc32f460_interrupts.o [20]
IRQ040_Handler             0x1'd1a9    0x16  Code  Gb  hc32f460_interrupts.o [20]
IRQ041_Handler             0x1'd1bf    0x16  Code  Gb  hc32f460_interrupts.o [20]
IRQ042_Handler             0x1'd1d5    0x16  Code  Gb  hc32f460_interrupts.o [20]
IRQ043_Handler             0x1'd1eb    0x16  Code  Gb  hc32f460_interrupts.o [20]
IRQ044_Handler             0x1'd201    0x16  Code  Gb  hc32f460_interrupts.o [20]
IRQ045_Handler             0x1'd217    0x16  Code  Gb  hc32f460_interrupts.o [20]
IRQ046_Handler             0x1'd22d    0x16  Code  Gb  hc32f460_interrupts.o [20]
IRQ047_Handler             0x1'd243    0x16  Code  Gb  hc32f460_interrupts.o [20]
IRQ048_Handler             0x1'd259    0x16  Code  Gb  hc32f460_interrupts.o [20]
IRQ049_Handler             0x1'd26f    0x16  Code  Gb  hc32f460_interrupts.o [20]
IRQ050_Handler             0x1'd285    0x16  Code  Gb  hc32f460_interrupts.o [20]
IRQ051_Handler             0x1'd29b    0x16  Code  Gb  hc32f460_interrupts.o [20]
IRQ052_Handler             0x1'd2b1    0x16  Code  Gb  hc32f460_interrupts.o [20]
IRQ053_Handler             0x1'd2c7    0x16  Code  Gb  hc32f460_interrupts.o [20]
IRQ054_Handler             0x1'd2dd    0x16  Code  Gb  hc32f460_interrupts.o [20]
IRQ055_Handler             0x1'd2f3    0x16  Code  Gb  hc32f460_interrupts.o [20]
IRQ056_Handler             0x1'd309    0x16  Code  Gb  hc32f460_interrupts.o [20]
IRQ057_Handler             0x1'd31f    0x16  Code  Gb  hc32f460_interrupts.o [20]
IRQ058_Handler             0x1'd335    0x16  Code  Gb  hc32f460_interrupts.o [20]
IRQ059_Handler             0x1'd34b    0x16  Code  Gb  hc32f460_interrupts.o [20]
IRQ060_Handler             0x1'd361    0x16  Code  Gb  hc32f460_interrupts.o [20]
IRQ061_Handler             0x1'd377    0x16  Code  Gb  hc32f460_interrupts.o [20]
IRQ062_Handler             0x1'd38d    0x16  Code  Gb  hc32f460_interrupts.o [20]
IRQ063_Handler             0x1'd3a3    0x16  Code  Gb  hc32f460_interrupts.o [20]
IRQ064_Handler             0x1'd3b9    0x16  Code  Gb  hc32f460_interrupts.o [20]
IRQ065_Handler             0x1'd3cf    0x16  Code  Gb  hc32f460_interrupts.o [20]
IRQ066_Handler             0x1'd3e5    0x16  Code  Gb  hc32f460_interrupts.o [20]
IRQ067_Handler             0x1'd3fb    0x16  Code  Gb  hc32f460_interrupts.o [20]
IRQ068_Handler             0x1'd411    0x16  Code  Gb  hc32f460_interrupts.o [20]
IRQ069_Handler             0x1'd427    0x16  Code  Gb  hc32f460_interrupts.o [20]
IRQ070_Handler             0x1'd43d    0x16  Code  Gb  hc32f460_interrupts.o [20]
IRQ071_Handler             0x1'd453    0x16  Code  Gb  hc32f460_interrupts.o [20]
IRQ072_Handler             0x1'd469    0x16  Code  Gb  hc32f460_interrupts.o [20]
IRQ073_Handler             0x1'd47f    0x16  Code  Gb  hc32f460_interrupts.o [20]
IRQ074_Handler             0x1'd495    0x16  Code  Gb  hc32f460_interrupts.o [20]
IRQ075_Handler             0x1'd4ab    0x16  Code  Gb  hc32f460_interrupts.o [20]
IRQ076_Handler             0x1'd4c1    0x16  Code  Gb  hc32f460_interrupts.o [20]
IRQ077_Handler             0x1'd4d7    0x16  Code  Gb  hc32f460_interrupts.o [20]
IRQ078_Handler             0x1'd4ed    0x14  Code  Gb  hc32f460_interrupts.o [20]
IRQ079_Handler             0x1'd501    0x14  Code  Gb  hc32f460_interrupts.o [20]
IRQ080_Handler             0x1'd515    0x14  Code  Gb  hc32f460_interrupts.o [20]
IRQ081_Handler             0x1'd529    0x14  Code  Gb  hc32f460_interrupts.o [20]
IRQ082_Handler             0x1'd53d    0x14  Code  Gb  hc32f460_interrupts.o [20]
IRQ083_Handler             0x1'd551    0x14  Code  Gb  hc32f460_interrupts.o [20]
IRQ084_Handler             0x1'd565    0x14  Code  Gb  hc32f460_interrupts.o [20]
IRQ085_Handler             0x1'd579    0x14  Code  Gb  hc32f460_interrupts.o [20]
IRQ086_Handler             0x1'd58d    0x14  Code  Gb  hc32f460_interrupts.o [20]
IRQ087_Handler             0x1'd5a1    0x14  Code  Gb  hc32f460_interrupts.o [20]
IRQ088_Handler             0x1'd5b5    0x14  Code  Gb  hc32f460_interrupts.o [20]
IRQ089_Handler             0x1'd5c9    0x14  Code  Gb  hc32f460_interrupts.o [20]
IRQ090_Handler             0x1'd5dd    0x14  Code  Gb  hc32f460_interrupts.o [20]
IRQ091_Handler             0x1'd5f1    0x14  Code  Gb  hc32f460_interrupts.o [20]
IRQ092_Handler             0x1'd605    0x14  Code  Gb  hc32f460_interrupts.o [20]
IRQ093_Handler             0x1'd619    0x14  Code  Gb  hc32f460_interrupts.o [20]
IRQ094_Handler             0x1'd62d    0x14  Code  Gb  hc32f460_interrupts.o [20]
IRQ095_Handler             0x1'd641    0x14  Code  Gb  hc32f460_interrupts.o [20]
IRQ096_Handler             0x1'd655    0x14  Code  Gb  hc32f460_interrupts.o [20]
IRQ097_Handler             0x1'd669    0x14  Code  Gb  hc32f460_interrupts.o [20]
IRQ098_Handler             0x1'd67d    0x14  Code  Gb  hc32f460_interrupts.o [20]
IRQ099_Handler             0x1'd691    0x14  Code  Gb  hc32f460_interrupts.o [20]
IRQ100_Handler             0x1'd6a5    0x14  Code  Gb  hc32f460_interrupts.o [20]
IRQ101_Handler             0x1'd6b9    0x14  Code  Gb  hc32f460_interrupts.o [20]
IRQ102_Handler             0x1'd6cd    0x14  Code  Gb  hc32f460_interrupts.o [20]
IRQ103_Handler             0x1'd6e1    0x14  Code  Gb  hc32f460_interrupts.o [20]
IRQ104_Handler             0x1'd6f5    0x14  Code  Gb  hc32f460_interrupts.o [20]
IRQ105_Handler             0x1'd709    0x14  Code  Gb  hc32f460_interrupts.o [20]
IRQ106_Handler             0x1'd71d    0x14  Code  Gb  hc32f460_interrupts.o [20]
IRQ107_Handler             0x1'd731    0x14  Code  Gb  hc32f460_interrupts.o [20]
IRQ108_Handler             0x1'd74d    0x14  Code  Gb  hc32f460_interrupts.o [20]
IRQ109_Handler             0x1'd761    0x14  Code  Gb  hc32f460_interrupts.o [20]
IRQ110_Handler             0x1'd775    0x14  Code  Gb  hc32f460_interrupts.o [20]
IRQ111_Handler             0x1'd78d    0x14  Code  Gb  hc32f460_interrupts.o [20]
IRQ112_Handler             0x1'd7a1    0x14  Code  Gb  hc32f460_interrupts.o [20]
IRQ113_Handler             0x1'd7b9    0x14  Code  Gb  hc32f460_interrupts.o [20]
[...]
                           0x2'd771   0x22c  Code  Gb  Display.o [11]
func_DeviceStart_Sensor_PowerUp_Dispose
                           0x1'f947    0x26  Code  Gb  Mainloop.o [9]
func_Device_ID_PD_View_Show
                           0x2'ecd3    0xe2  Code  Gb  Display.o [11]
func_Device_Parameter_Factory_Reset
                           0x1'90a1    0xe6  Code  Gb  drv_Storage_W25Q128.o [16]
func_Device_Parameter_Init
                           0x1'901d    0x80  Code  Gb  drv_Storage_W25Q128.o [16]
func_Device_SW_HW_View_Show
                           0x2'edb5    0xaa  Code  Gb  Display.o [11]
func_Device_Status_View_Show
                           0x2'd99d   0x1e2  Code  Gb  Display.o [11]
func_Display_128x64        0x2'3db5    0x88  Code  Gb  OLED.o [11]
func_EC200U_4G_PownDown_Deinit
                           0x1'4281    0x5c  Code  Gb  4G_EC200U.o [1]
func_Enter_LowPower_Stop_Mode
                           0x1'f67b    0xda  Code  Gb  Mainloop.o [9]
func_Flow_View_Show        0x2'de45   0x1a2  Code  Gb  Display.o [11]
func_GPSData_View_Show     0x2'ebc5   0x10e  Code  Gb  Display.o [11]
func_Get_DataUploadCMD_Data
                           0x1'4861  0x1262  Code  Gb  4G_EC200U.o [1]
func_Get_DevRegCMD_Data
                           0x1'434d   0x4a0  Code  Gb  4G_EC200U.o [1]
func_Get_DevStatusCMD_Data
                           0x1'61b1   0x37a  Code  Gb  4G_EC200U.o [1]
func_Get_DevStatusData     0x1'602d   0x166  Code  Gb  4G_EC200U.o [1]
func_Get_Device_MeasData_Record
                           0x1'8fa3    0x1a  Code  Gb  drv_Storage_W25Q128.o [16]
func_Get_Device_Sensors_Value
                           0x1'f971   0x298  Code  Gb  Mainloop.o [9]
func_Get_Device_Sensors_Value::ucChangeCnt
                        0x2000'6e42     0x1  Data  Lc  Mainloop.o [9]
func_Get_Device_Sensors_Value::ucRetryCnt
                        0x2000'6e41     0x1  Data  Lc  Mainloop.o [9]
func_Get_GetConfigResult_CMD
                           0x2'9191   0x64a  Code  Gb  MQTT_SK.o [7]
func_Get_MBCRC16           0x2'54c9    0x40  Code  Gb  ModbusRTU.o [10]
func_Get_Meas_BY_Integrated_Conductivity_Sensor_Value
                           0x2'5abf   0x216  Code  Gb  ModbusRTU.o [10]
func_Get_Meas_BY_Pressure_Level_Sensor_Value
                           0x2'5e39   0x118  Code  Gb  ModbusRTU.o [10]
func_Get_Meas_BY_Radar_Level_Sensor_Value
                           0x2'5cd9   0x160  Code  Gb  ModbusRTU.o [10]
func_Get_Meas_HX_Flow_Sensor_Value
                           0x2'68f7   0x28c  Code  Gb  ModbusRTU.o [10]
func_Get_Meas_HX_Radar_Ultrasonic_Flow_Sensor_Value
                           0x2'6689   0x26e  Code  Gb  ModbusRTU.o [10]
func_Get_Meas_HX_WaterQuality_COD_Sensor_Value
                           0x2'6b91   0x22e  Code  Gb  ModbusRTU.o [10]
func_Get_Meas_HZ_Radar_Level_Sensor_Value
                           0x2'6435   0x24e  Code  Gb  ModbusRTU.o [10]
func_Get_Meas_HZ_Radar_Ultrasonic_Flow_Sensor_Value
                           0x2'5f65   0x4c4  Code  Gb  ModbusRTU.o [10]
func_Get_Photo_Data        0x2'6fef   0x11a  Code  Gb  ModbusRTU.o [10]
func_Get_Server_MQTT_Dispose
                           0x2'04c9    0x9c  Code  Gb  Mainloop.o [9]
func_Get_SetConfigResult_CMD
                           0x2'80c5    0x62  Code  Gb  MQTT_SK.o [7]
func_Get_StatusUploadCMD_Data
                           0x1'5ad1   0x556  Code  Gb  4G_EC200U.o [1]
func_LowPower_Stop_Mode_Init
                           0x1'f755    0x4c  Code  Gb  Mainloop.o [9]
func_MQTT_SK_Init          0x2'9cf5     0xc  Code  Gb  MQTT_SK.o [7]
func_Mainloop_Init         0x1'f65f     0xe  Code  Gb  Mainloop.o [9]
func_Meas_Sensor_Dispose
                           0x2'7111   0x2f2  Code  Gb  ModbusRTU.o [10]
func_Meas_Sensor_PowerDown_DeInit
                           0x1'f825    0x8c  Code  Gb  Mainloop.o [9]
func_Meas_Sensor_PowerOn_Init
                           0x1'f7a1    0x84  Code  Gb  Mainloop.o [9]
func_Meas_Sensor_Value_View_Show
                           0x2'eb05    0xba  Code  Gb  Display.o [11]
func_Measure_Data_View_Show
                           0x2'e31b   0x1f6  Code  Gb  Display.o [11]
func_Measure_WaterLevel_View_Show
                           0x2'e519   0x32a  Code  Gb  Display.o [11]
func_Measure_Water_Quality_View_Show
                           0x2'e84d   0x2b8  Code  Gb  Display.o [11]
func_NFC_Check_Dispose     0x1'f8b1    0x96  Code  Gb  Mainloop.o [9]
func_NoSensor_View_Show
                           0x2'e2d1    0x4a  Code  Gb  Display.o [11]
func_Not_Certified_View_Show
                           0x2'db91    0x7c  Code  Gb  Display.o [11]
func_OLED_PowerDown_DeInit
                           0x2'3c55    0x64  Code  Gb  OLED.o [11]
func_OLED_PowerUp_Init     0x2'3b41   0x114  Code  Gb  OLED.o [11]
func_OTS_Temperature_GetValue
                           0x2'7665    0x14  Code  Gb  drv_OTS_Temperature.o [23]
func_PowerOn_View_Show     0x2'ee6d    0x60  Code  Gb  Display.o [11]
func_RF_NFC_PowerDown_DeInit
                           0x2'4601    0x66  Code  Gb  RF_NFC.o [13]
func_RXNTTL518_Init        0x2'486d    0x34  Code  Gb  RXNTTL518.o [14]
func_ReadPhoto_XYC_ALS_Data
                           0x2'5161    0x58  Code  Gb  Photosensitive_XYC_ALS.o [12]
func_Read_RXNTTL518_Version
                           0x2'47bb     0xe  Code  Gb  RXNTTL518.o [14]
func_Rts_Control_And_SendData
                           0x2'59e1    0xde  Code  Gb  ModbusRTU.o [10]
func_Save_Device_MeasData
                           0x1'8f85    0x1e  Code  Gb  drv_Storage_W25Q128.o [16]
func_Save_Device_MeasRecord_Dispose
                           0x1'fc31   0x4da  Code  Gb  Mainloop.o [9]
func_Save_Device_MeasRecord_Dispose::ucRecordFlag
                        0x2000'6e43     0x1  Data  Lc  Mainloop.o [9]
func_Save_Device_MeasRecord_Dispose::ucSaveRecordFlag
                        0x2000'6e44     0x1  Data  Lc  Mainloop.o [9]
func_Save_Device_Parameter
                           0x1'8485   0xb00  Code  Gb  drv_Storage_W25Q128.o [16]
func_Search_Card           0x2'47c9    0xa4  Code  Gb  RXNTTL518.o [14]
func_Send_CMD              0x2'46cf    0xec  Code  Gb  RXNTTL518.o [14]
func_Set_BlackLight_Move_AT_CMD
                           0x2'6dbf    0xb2  Code  Gb  ModbusRTU.o [10]
func_Set_Camera_Photo_CMD
                           0x2'6f0b    0xe4  Code  Gb  ModbusRTU.o [10]
func_SystemPara_Init       0x1'a9e1    0x16  Code  Gb  User_Data.o [17]
func_System_Mainloop_Dispose
                           0x2'0569   0x2ba  Code  Gb  Mainloop.o [9]
func_System_Soft_Reset     0x1'f66d     0xe  Code  Gb  Mainloop.o [9]
func_WatchDog_Refresh      0x1'96f3    0x1e  Code  Gb  WatchDog.o [18]
func_WaterLevel_View_Show
                           0x2'dc85   0x1c0  Code  Gb  Display.o [11]
func_diplay_NFCCheck_Menu
                           0x2'd6f5    0x7a  Code  Gb  Display.o [11]
func_display_Authorize_Menu
                           0x2'd665    0x90  Code  Gb  Display.o [11]
func_display_PowerOn_Menu
                           0x2'd655    0x10  Code  Gb  Display.o [11]
func_display_string        0x2'3e45   0x7a8  Code  Gb  OLED.o [11]
func_sprintf_metricsystem
                           0x2'd069   0x426  Code  Gb  Display.o [11]
gE_4G_Module_Init_CMD   0x2000'6e4e     0x1  Data  Gb  User_Data.o [17]
gSt_DevMeasRecordData   0x2000'6cec    0x2c  Data  Gb  User_Data.o [17]
gSt_systemPara          0x2000'0308  0x51c8  Data  Lc  User_Data.o [17]
g_ATE_CMD               0x2000'02ec     0x8  Data  Lc  BT_TB05.o [2]
g_AT_CMD                0x2000'02f4     0x4  Data  Lc  BT_TB05.o [2]
g_AT_RESET_CMD          0x2000'02b8    0x20  Data  Lc  BT_TB05.o [2]
g_AT_SSID_CMD           0x2000'0294    0x24  Data  Lc  BT_TB05.o [2]
g_Ble_SSID              0x2000'02d8    0x14  Data  Gb  BT_TB05.o [2]
g_sSKLogo_New              0x3'3bd0   0x400  Data  Gb  Font.o [11]
g_sint8_Font_16x10_12864
                           0x3'2d48   0x5a0  Data  Gb  Font.o [11]
g_sint8_Font_16x12_12864
                           0x3'1368   0x708  Data  Gb  Font.o [11]
g_sint8_Font_6x12_AsciiDot
                           0x3'32e8   0x4c8  Data  Gb  Font.o [11]
gc_SystemPosi           0x2000'6e4d     0x1  Data  Gb  User_Data.o [17]
gfunc_DateString_process
                           0x2'd499   0x1bc  Code  Gb  Display.o [11]
gfunc_Modbus_Matching      0x2'af61   0x188  Code  Gb  ModbusRTU_Device_BT.o [10]
gs_DeviceDefaultPara    0x2000'0000   0x108  Data  Gb  User_Data.o [17]
guc_ERR13DelayCnt       0x2000'6e2d     0x1  Data  Gb  BT_TB05.o [2]
guc_LcdDipRevesAttr     0x2000'6e4b     0x1  Data  Gb  User_Data.o [17]
guc_NFCPWRInitFlag      0x2000'6e49     0x1  Data  Gb  User_Data.o [17]
guc_NFC_Card_Flag       0x2000'6e4c     0x1  Data  Gb  User_Data.o [17]
guc_NFC_Card_ID         0x2000'0108    0x8c  Data  Gb  RXNTTL518.o [14]
guc_OLED_Buf            0x2000'64d0   0x400  Data  Gb  User_Data.o [17]
guc_RTURecvArr          0x2000'6c88    0x64  Data  Gb  User_Data.o [17]
guc_SystemPowerInitFlag
                        0x2000'6e4a     0x1  Data  Gb  User_Data.o [17]
guc_TextBDData          0x2000'6d90    0x14  Data  Gb  User_Data.o [17]
guc_W25Q128_Buf         0x2000'54d0  0x1000  Data  Gb  drv_Storage_W25Q128.o [16]
isalpha                    0x3'1355    0x14  Code  Gb  isalpha.o [29]
isspace                    0x2'2d75    0x14  Code  Gb  isspace.o [29]
lcd_address                0x2'3cb9    0x28  Code  Gb  OLED.o [11]
ldexp                      0x3'0825          Code  Gb  ldexp.o [30]
ldexpl                     0x3'0825          Code  Gb  ldexp.o [30]
lmos                       0x1'dfe0    0x18  Data  Lc  xDaysTo64.o [29]
lnbias                     0x3'37b0   0x420  Data  Lc  pow64.o [30]
localeconv                 0x2'3505     0x4  Code  Gb  xlocale_c.o [29]
m_au16Adc1Value         0x2000'6d44    0x24  Data  Lc  drv_ADC.o [21]
m_au16Adc2Value         0x2000'6d68    0x14  Data  Lc  drv_ADC.o [21]
m_f32OffsetM            0x2000'6de0     0x4  Data  Lc  hc32f460_ots.o [20]
m_f32SlopeK             0x2000'6ddc     0x4  Data  Lc  hc32f460_ots.o [20]
m_stcSysclkCfg          0x2000'6db0     0x8  Data  Lc  main.o [28]
main                       0x3'22cd   0x3f0  Code  Gb  main.o [28]
main::ucMonitorFlag     0x2000'6e3f     0x1  Data  Lc  main.o [28]
main::ucRetryCnt        0x2000'6e40     0x1  Data  Lc  main.o [28]
memchr                     0x2'322d          Code  Gb  memchr.o [31]
memcmp                     0x2'2a81          Code  Gb  memcmp.o [31]
mktime                     0x1'7f31    0xe0  Code  Gb  mktime64.o [29]
mos                        0x1'dff8    0x18  Data  Lc  xDaysTo64.o [29]
nackFlag                0x2000'6e2e     0x1  Data  Gb  drv_IIC.o [22]
ndigs                      0x3'4aa0    0x28  Data  Lc  iar_Stoulx.o [29]
now                     0x2000'6da8     0x8  Data  Gb  4G_EC200U.o [1]
pfnNmiCallback          0x2000'6dd8     0x4  Data  Lc  hc32f460_exint_nmi_swi.o [20]
pow                        0x3'0155   0x68c  Code  Gb  pow64.o [30]
powl                       0x3'0155   0x68c  Code  Gb  pow64.o [30]
pows                       0x3'4fc8    0x48  Data  Lc  strto64.o [30]
prveMBError2Exception      0x2'9dd1    0x26  Code  Gb  ModbusRTU_Device_BT.o [10]
pst_BDSystemPara        0x2000'6de4     0x4  Data  Lc  LC86L_BD.o [3]
pst_BTSystemPara        0x2000'6dc0     0x4  Data  Lc  BT_TB05.o [2]
pst_EC200USystemPara    0x2000'6da4     0x4  Data  Lc  4G_EC200U.o [1]
pst_LoraSystemPara      0x2000'6de8     0x4  Data  Lc  Lora_TP1109.o [6]
pst_MBSystemPara        0x2000'6df8     0x4  Data  Gb  ModbusRTU.o [10]
pst_MQTTSystemPara      0x2000'6e04     0x4  Data  Lc  MQTT_SK.o [7]
pst_MagSystemPara       0x2000'6dec     0x4  Data  Lc  Magnetic_Bar.o [8]
pst_MainSystemPara      0x2000'6df0     0x4  Data  Lc  main.o [28]
pst_MainloopSystemPara  0x2000'6df4     0x4  Data  Lc  Mainloop.o [9]
pst_OLEDSystemPara      0x2000'6e08     0x4  Data  Gb  OLED.o [11]
pst_PhotoSystemPara     0x2000'6e0c     0x4  Data  Lc  Photosensitive_XYC_ALS.o [12]
pst_RTCSystemPara       0x2000'6dc4     0x4  Data  Lc  drv_RTC.o [24]
pst_RXNTTLSystemPara    0x2000'6e10     0x4  Data  Lc  RXNTTL518.o [14]
pst_SC7A20SystemPara    0x2000'6dc8     0x4  Data  Lc  drv_SC7A20H.o [15]
pst_TimerSystemPara     0x2000'6dd0     0x4  Data  Lc  drv_Timer.o [26]
pst_UsartSystemPara     0x2000'6dd4     0x4  Data  Lc  drv_USART.o [27]
pst_W25Q128SystemPara   0x2000'6dcc     0x4  Data  Gb  drv_Storage_W25Q128.o [16]
pucSndBufferCur         0x2000'6dfc     0x4  Data  Lc  ModbusRTU_Device_BT.o [10]
scalbln                    0x3'0825          Code  Gb  ldexp.o [30]
scalblnl                   0x3'0825          Code  Gb  ldexp.o [30]
scalbn                     0x3'0825          Code  Gb  ldexp.o [30]
scalbnl                    0x3'0825          Code  Gb  ldexp.o [30]
scale                      0x1'ed97    0x46  Code  Lc  xprintflarge_nomb.o [29]
sec_hand                0x2000'6e18     0x4  Data  Lc  xfail_s.o [29]
sprintf                    0x1'8011    0x40  Code  Gb  sprintf.o [29]
sqrt                       0x2'c379          Code  Gb  sqrt.o [30]
sqrtl                      0x2'c379          Code  Gb  sqrt.o [30]
sscanf                     0x1'7f09    0x28  Code  Gb  sscanf.o [29]
st_TempValue            0x2000'6ad0   0x1b8  Data  Gb  4G_EC200U.o [1]
strcat                     0x1'8087    0x1e  Code  Gb  strcat.o [29]
strchr                     0x1'd8ed          Code  Gb  strchr.o [31]
strcmp                     0x2'0869          Code  Gb  strcmp.o [31]
strcpy                     0x1'96ad          Code  Gb  strcpy.o [31]
strcspn                    0x3'0803    0x22  Code  Gb  strcspn.o [29]
strlen                     0x1'8051          Code  Gb  strlen.o [31]
strncmp                    0x2'c319    0x2a  Code  Gb  strncmp.o [29]
strspn                     0x3'07e1    0x22  Code  Gb  strspn.o [29]
strstr                     0x2'76ad    0x2c  Code  Gb  strstr.o [29]
strtok                     0x2'f235    0x4c  Code  Gb  strtok.o [29]
strtol                     0x2'2f6b     0x4  Code  Gb  iar_Stolx.o [29]
strtoul                    0x2'2ed9     0x2  Code  Gb  iar_Stoulx.o [29]
tolower                    0x2'b459    0x14  Code  Gb  tolower.o [29]
u32ICG                        0x400    0x20  Data  Gb  hc32f460_icg.o [20]
u8HrcState              0x2000'6e3b     0x1  Data  Gb  hc32f460_pwc.o [20]
u8MrcState              0x2000'6e3c     0x1  Data  Gb  hc32f460_pwc.o [20]
u8StopFlag              0x2000'6e3e     0x1  Data  Gb  hc32f460_pwc.o [20]
u8SysClkSrc             0x2000'0304     0x1  Data  Gb  hc32f460_pwc.o [20]
u8WkupIntCnt            0x2000'6e3d     0x1  Data  Gb  hc32f460_pwc.o [20]
ucMeasSensorExistFlag   0x2000'6e29     0x1  Data  Gb  4G_EC200U.o [1]
ucMeasWaterVolumeFlag   0x2000'6e28     0x1  Data  Gb  4G_EC200U.o [1]
ucRecordCnt             0x2000'6e24     0x1  Data  Gb  4G_EC200U.o [1]
ucWaterLevel_Radar_Flag
                        0x2000'6e25     0x1  Data  Gb  4G_EC200U.o [1]
ucWaterQuality_COD_Flag
                        0x2000'6e26     0x1  Data  Gb  4G_EC200U.o [1]
ucWaterQuality_COND_Flag
                        0x2000'6e27     0x1  Data  Gb  4G_EC200U.o [1]
ulRecordCnt             0x2000'6dbc     0x4  Data  Gb  4G_EC200U.o [1]
ulTime                  0x2000'6db8     0x4  Data  Gb  4G_EC200U.o [1]
usRcvBufferPos          0x2000'6e20     0x2  Data  Lc  ModbusRTU_Device_BT.o [10]
xFuncHandlers           0x2000'0194    0x80  Data  Lc  ModbusRTU_Device_BT.o [10]


[1] = D:\Myself\WorkProcess\SK\HC32F460_WorkProcess\example\Source\Pipe_Monitor\Pipe_Monitor_App\EWARM\output\debug\Obj\4G_EC200U_8582873453978518366.dir
[2] = D:\Myself\WorkProcess\SK\HC32F460_WorkProcess\example\Source\Pipe_Monitor\Pipe_Monitor_App\EWARM\output\debug\Obj\BT_TB05_12041724360499981866.dir
[3] = D:\Myself\WorkProcess\SK\HC32F460_WorkProcess\example\Source\Pipe_Monitor\Pipe_Monitor_App\EWARM\output\debug\Obj\LC86L_BD_9822625824417385734.dir
[4] = D:\Myself\WorkProcess\SK\HC32F460_WorkProcess\example\Source\Pipe_Monitor\Pipe_Monitor_App\EWARM\output\debug\Obj\LKT4202_1925765440156868983.dir
[5] = D:\Myself\WorkProcess\SK\HC32F460_WorkProcess\example\Source\Pipe_Monitor\Pipe_Monitor_App\EWARM\output\debug\Obj\LoRa_RA02_5139138412578801246.dir
[6] = D:\Myself\WorkProcess\SK\HC32F460_WorkProcess\example\Source\Pipe_Monitor\Pipe_Monitor_App\EWARM\output\debug\Obj\Lora_TP1109_151720617378073083.dir
[7] = D:\Myself\WorkProcess\SK\HC32F460_WorkProcess\example\Source\Pipe_Monitor\Pipe_Monitor_App\EWARM\output\debug\Obj\MQTT_SK_4724149239023757000.dir
[8] = D:\Myself\WorkProcess\SK\HC32F460_WorkProcess\example\Source\Pipe_Monitor\Pipe_Monitor_App\EWARM\output\debug\Obj\Magnetic_Bar_17520218520042908049.dir
[9] = D:\Myself\WorkProcess\SK\HC32F460_WorkProcess\example\Source\Pipe_Monitor\Pipe_Monitor_App\EWARM\output\debug\Obj\Mainloop_18272944273632151421.dir
[10] = D:\Myself\WorkProcess\SK\HC32F460_WorkProcess\example\Source\Pipe_Monitor\Pipe_Monitor_App\EWARM\output\debug\Obj\ModbusRTU_17682219295068567368.dir
[11] = D:\Myself\WorkProcess\SK\HC32F460_WorkProcess\example\Source\Pipe_Monitor\Pipe_Monitor_App\EWARM\output\debug\Obj\OLED_13473777563621607307.dir
[12] = D:\Myself\WorkProcess\SK\HC32F460_WorkProcess\example\Source\Pipe_Monitor\Pipe_Monitor_App\EWARM\output\debug\Obj\Photosensitive_XYC_ALS_28064708180949255.dir
[13] = D:\Myself\WorkProcess\SK\HC32F460_WorkProcess\example\Source\Pipe_Monitor\Pipe_Monitor_App\EWARM\output\debug\Obj\RF_NFC_10628150809568064830.dir
[14] = D:\Myself\WorkProcess\SK\HC32F460_WorkProcess\example\Source\Pipe_Monitor\Pipe_Monitor_App\EWARM\output\debug\Obj\RXNTTL518_17808510930951076202.dir
[15] = D:\Myself\WorkProcess\SK\HC32F460_WorkProcess\example\Source\Pipe_Monitor\Pipe_Monitor_App\EWARM\output\debug\Obj\SC7A20H_13085057635104233901.dir
[16] = D:\Myself\WorkProcess\SK\HC32F460_WorkProcess\example\Source\Pipe_Monitor\Pipe_Monitor_App\EWARM\output\debug\Obj\Storage_W25Q128_4738127093883701884.dir
[17] = D:\Myself\WorkProcess\SK\HC32F460_WorkProcess\example\Source\Pipe_Monitor\Pipe_Monitor_App\EWARM\output\debug\Obj\User_Data_5391006662705040797.dir
[18] = D:\Myself\WorkProcess\SK\HC32F460_WorkProcess\example\Source\Pipe_Monitor\Pipe_Monitor_App\EWARM\output\debug\Obj\WatchDog_9188475617120297074.dir
[19] = D:\Myself\WorkProcess\SK\HC32F460_WorkProcess\example\Source\Pipe_Monitor\Pipe_Monitor_App\EWARM\output\debug\Obj\common_14919461937644757070.dir
[20] = D:\Myself\WorkProcess\SK\HC32F460_WorkProcess\example\Source\Pipe_Monitor\Pipe_Monitor_App\EWARM\output\debug\Obj\driver_11944700488488147666.dir
[21] = D:\Myself\WorkProcess\SK\HC32F460_WorkProcess\example\Source\Pipe_Monitor\Pipe_Monitor_App\EWARM\output\debug\Obj\drv_ADC_15186207816091091275.dir
[22] = D:\Myself\WorkProcess\SK\HC32F460_WorkProcess\example\Source\Pipe_Monitor\Pipe_Monitor_App\EWARM\output\debug\Obj\drv_IIC_18060258103304213159.dir
[23] = D:\Myself\WorkProcess\SK\HC32F460_WorkProcess\example\Source\Pipe_Monitor\Pipe_Monitor_App\EWARM\output\debug\Obj\drv_OTS_Temperature_13039655784802445445.dir
[24] = D:\Myself\WorkProcess\SK\HC32F460_WorkProcess\example\Source\Pipe_Monitor\Pipe_Monitor_App\EWARM\output\debug\Obj\drv_RTC_2577979922006117733.dir
[25] = D:\Myself\WorkProcess\SK\HC32F460_WorkProcess\example\Source\Pipe_Monitor\Pipe_Monitor_App\EWARM\output\debug\Obj\drv_SPI_4333388098947449637.dir
[26] = D:\Myself\WorkProcess\SK\HC32F460_WorkProcess\example\Source\Pipe_Monitor\Pipe_Monitor_App\EWARM\output\debug\Obj\drv_Timer_6973001687617930806.dir
[27] = D:\Myself\WorkProcess\SK\HC32F460_WorkProcess\example\Source\Pipe_Monitor\Pipe_Monitor_App\EWARM\output\debug\Obj\drv_USART_14144334009435087269.dir
[28] = D:\Myself\WorkProcess\SK\HC32F460_WorkProcess\example\Source\Pipe_Monitor\Pipe_Monitor_App\EWARM\output\debug\Obj\source_5634686896477721948.dir
[29] = dl7M_tlf.a
[30] = m7M_tls.a
[31] = rt7M_tl.a
[32] = shb_l.a

  124'965 bytes of readonly  code memory
   14'865 bytes of readonly  data memory (+ 32 absolute)
   36'430 bytes of readwrite data memory

Errors: none
Warnings: none
