###############################################################################
#
# IAR ELF Linker V9.40.1.364/W64 for ARM                  16/Oct/2025  11:54:04
# Copyright 2007-2023 IAR Systems AB.
#
#    Output file  =
#        D:\Myself\WorkProcess\SK\HC32F460_WorkProcess\example\Source\Pipe_Monitor\Pipe_Monitor_App\EWARM\output\debug\Exe\Pipe_Monitor_App.out
#    Map file     =
#        D:\Myself\WorkProcess\SK\HC32F460_WorkProcess\example\Source\Pipe_Monitor\Pipe_Monitor_App\EWARM\output\debug\List\Pipe_Monitor_App.map
#    Command line =
#        -f
#        D:\Myself\WorkProcess\SK\HC32F460_WorkProcess\example\Source\Pipe_Monitor\Pipe_Monitor_App\EWARM\output\debug\Exe\Pipe_Monitor_App.out.rsp
#        (D:\Myself\WorkProcess\SK\HC32F460_WorkProcess\example\Source\Pipe_Monitor\Pipe_Monitor_App\EWARM\output\debug\Obj\4G_EC200U_8582873453978518366.dir\4G_EC200U.o
#        D:\Myself\WorkProcess\SK\HC32F460_WorkProcess\example\Source\Pipe_Monitor\Pipe_Monitor_App\EWARM\output\debug\Obj\BT_TB05_12041724360499981866.dir\BT_TB05.o
#        D:\Myself\WorkProcess\SK\HC32F460_WorkProcess\example\Source\Pipe_Monitor\Pipe_Monitor_App\EWARM\output\debug\Obj\OLED_13473777563621607307.dir\Display.o
#        D:\Myself\WorkProcess\SK\HC32F460_WorkProcess\example\Source\Pipe_Monitor\Pipe_Monitor_App\EWARM\output\debug\Obj\drv_ADC_15186207816091091275.dir\drv_ADC.o
#        D:\Myself\WorkProcess\SK\HC32F460_WorkProcess\example\Source\Pipe_Monitor\Pipe_Monitor_App\EWARM\output\debug\Obj\drv_IIC_18060258103304213159.dir\drv_IIC.o
#        D:\Myself\WorkProcess\SK\HC32F460_WorkProcess\example\Source\Pipe_Monitor\Pipe_Monitor_App\EWARM\output\debug\Obj\LKT4202_1925765440156868983.dir\drv_LKT4202.o
#        D:\Myself\WorkProcess\SK\HC32F460_WorkProcess\example\Source\Pipe_Monitor\Pipe_Monitor_App\EWARM\output\debug\Obj\drv_OTS_Temperature_13039655784802445445.dir\drv_OTS_Temperature.o
#        D:\Myself\WorkProcess\SK\HC32F460_WorkProcess\example\Source\Pipe_Monitor\Pipe_Monitor_App\EWARM\output\debug\Obj\drv_RTC_2577979922006117733.dir\drv_RTC.o
#        D:\Myself\WorkProcess\SK\HC32F460_WorkProcess\example\Source\Pipe_Monitor\Pipe_Monitor_App\EWARM\output\debug\Obj\SC7A20H_13085057635104233901.dir\drv_SC7A20H.o
#        D:\Myself\WorkProcess\SK\HC32F460_WorkProcess\example\Source\Pipe_Monitor\Pipe_Monitor_App\EWARM\output\debug\Obj\drv_SPI_4333388098947449637.dir\drv_SPI.o
#        D:\Myself\WorkProcess\SK\HC32F460_WorkProcess\example\Source\Pipe_Monitor\Pipe_Monitor_App\EWARM\output\debug\Obj\Storage_W25Q128_4738127093883701884.dir\drv_Storage_W25Q128.o
#        D:\Myself\WorkProcess\SK\HC32F460_WorkProcess\example\Source\Pipe_Monitor\Pipe_Monitor_App\EWARM\output\debug\Obj\drv_Timer_6973001687617930806.dir\drv_Timer.o
#        D:\Myself\WorkProcess\SK\HC32F460_WorkProcess\example\Source\Pipe_Monitor\Pipe_Monitor_App\EWARM\output\debug\Obj\drv_USART_14144334009435087269.dir\drv_USART.o
#        D:\Myself\WorkProcess\SK\HC32F460_WorkProcess\example\Source\Pipe_Monitor\Pipe_Monitor_App\EWARM\output\debug\Obj\RF_NFC_10628150809568064830.dir\fm175xx.o
#        D:\Myself\WorkProcess\SK\HC32F460_WorkProcess\example\Source\Pipe_Monitor\Pipe_Monitor_App\EWARM\output\debug\Obj\OLED_13473777563621607307.dir\Font.o
#        D:\Myself\WorkProcess\SK\HC32F460_WorkProcess\example\Source\Pipe_Monitor\Pipe_Monitor_App\EWARM\output\debug\Obj\driver_11944700488488147666.dir\hc32f460_adc.o
#        D:\Myself\WorkProcess\SK\HC32F460_WorkProcess\example\Source\Pipe_Monitor\Pipe_Monitor_App\EWARM\output\debug\Obj\driver_11944700488488147666.dir\hc32f460_clk.o
#        D:\Myself\WorkProcess\SK\HC32F460_WorkProcess\example\Source\Pipe_Monitor\Pipe_Monitor_App\EWARM\output\debug\Obj\driver_11944700488488147666.dir\hc32f460_dmac.o
#        D:\Myself\WorkProcess\SK\HC32F460_WorkProcess\example\Source\Pipe_Monitor\Pipe_Monitor_App\EWARM\output\debug\Obj\driver_11944700488488147666.dir\hc32f460_efm.o
#        D:\Myself\WorkProcess\SK\HC32F460_WorkProcess\example\Source\Pipe_Monitor\Pipe_Monitor_App\EWARM\output\debug\Obj\driver_11944700488488147666.dir\hc32f460_event_port.o
#        D:\Myself\WorkProcess\SK\HC32F460_WorkProcess\example\Source\Pipe_Monitor\Pipe_Monitor_App\EWARM\output\debug\Obj\driver_11944700488488147666.dir\hc32f460_exint_nmi_swi.o
#        D:\Myself\WorkProcess\SK\HC32F460_WorkProcess\example\Source\Pipe_Monitor\Pipe_Monitor_App\EWARM\output\debug\Obj\driver_11944700488488147666.dir\hc32f460_gpio.o
#        D:\Myself\WorkProcess\SK\HC32F460_WorkProcess\example\Source\Pipe_Monitor\Pipe_Monitor_App\EWARM\output\debug\Obj\driver_11944700488488147666.dir\hc32f460_i2c.o
#        D:\Myself\WorkProcess\SK\HC32F460_WorkProcess\example\Source\Pipe_Monitor\Pipe_Monitor_App\EWARM\output\debug\Obj\driver_11944700488488147666.dir\hc32f460_icg.o
#        D:\Myself\WorkProcess\SK\HC32F460_WorkProcess\example\Source\Pipe_Monitor\Pipe_Monitor_App\EWARM\output\debug\Obj\driver_11944700488488147666.dir\hc32f460_interrupts.o
#        D:\Myself\WorkProcess\SK\HC32F460_WorkProcess\example\Source\Pipe_Monitor\Pipe_Monitor_App\EWARM\output\debug\Obj\driver_11944700488488147666.dir\hc32f460_keyscan.o
#        D:\Myself\WorkProcess\SK\HC32F460_WorkProcess\example\Source\Pipe_Monitor\Pipe_Monitor_App\EWARM\output\debug\Obj\driver_11944700488488147666.dir\hc32f460_ots.o
#        D:\Myself\WorkProcess\SK\HC32F460_WorkProcess\example\Source\Pipe_Monitor\Pipe_Monitor_App\EWARM\output\debug\Obj\driver_11944700488488147666.dir\hc32f460_pwc.o
#        D:\Myself\WorkProcess\SK\HC32F460_WorkProcess\example\Source\Pipe_Monitor\Pipe_Monitor_App\EWARM\output\debug\Obj\driver_11944700488488147666.dir\hc32f460_rtc.o
#        D:\Myself\WorkProcess\SK\HC32F460_WorkProcess\example\Source\Pipe_Monitor\Pipe_Monitor_App\EWARM\output\debug\Obj\driver_11944700488488147666.dir\hc32f460_spi.o
#        D:\Myself\WorkProcess\SK\HC32F460_WorkProcess\example\Source\Pipe_Monitor\Pipe_Monitor_App\EWARM\output\debug\Obj\driver_11944700488488147666.dir\hc32f460_sram.o
#        D:\Myself\WorkProcess\SK\HC32F460_WorkProcess\example\Source\Pipe_Monitor\Pipe_Monitor_App\EWARM\output\debug\Obj\driver_11944700488488147666.dir\hc32f460_timer0.o
#        D:\Myself\WorkProcess\SK\HC32F460_WorkProcess\example\Source\Pipe_Monitor\Pipe_Monitor_App\EWARM\output\debug\Obj\driver_11944700488488147666.dir\hc32f460_timer4_cnt.o
#        D:\Myself\WorkProcess\SK\HC32F460_WorkProcess\example\Source\Pipe_Monitor\Pipe_Monitor_App\EWARM\output\debug\Obj\driver_11944700488488147666.dir\hc32f460_timer4_oco.o
#        D:\Myself\WorkProcess\SK\HC32F460_WorkProcess\example\Source\Pipe_Monitor\Pipe_Monitor_App\EWARM\output\debug\Obj\driver_11944700488488147666.dir\hc32f460_usart.o
#        D:\Myself\WorkProcess\SK\HC32F460_WorkProcess\example\Source\Pipe_Monitor\Pipe_Monitor_App\EWARM\output\debug\Obj\driver_11944700488488147666.dir\hc32f460_utility.o
#        D:\Myself\WorkProcess\SK\HC32F460_WorkProcess\example\Source\Pipe_Monitor\Pipe_Monitor_App\EWARM\output\debug\Obj\driver_11944700488488147666.dir\hc32f460_wdt.o
#        D:\Myself\WorkProcess\SK\HC32F460_WorkProcess\example\Source\Pipe_Monitor\Pipe_Monitor_App\EWARM\output\debug\Obj\LC86L_BD_9822625824417385734.dir\LC86L_BD.o
#        D:\Myself\WorkProcess\SK\HC32F460_WorkProcess\example\Source\Pipe_Monitor\Pipe_Monitor_App\EWARM\output\debug\Obj\LoRa_RA02_5139138412578801246.dir\LoRa_RA02.o
#        D:\Myself\WorkProcess\SK\HC32F460_WorkProcess\example\Source\Pipe_Monitor\Pipe_Monitor_App\EWARM\output\debug\Obj\Lora_TP1109_151720617378073083.dir\Lora_TP1109.o
#        D:\Myself\WorkProcess\SK\HC32F460_WorkProcess\example\Source\Pipe_Monitor\Pipe_Monitor_App\EWARM\output\debug\Obj\Magnetic_Bar_17520218520042908049.dir\Magnetic_Bar.o
#        D:\Myself\WorkProcess\SK\HC32F460_WorkProcess\example\Source\Pipe_Monitor\Pipe_Monitor_App\EWARM\output\debug\Obj\source_5634686896477721948.dir\main.o
#        D:\Myself\WorkProcess\SK\HC32F460_WorkProcess\example\Source\Pipe_Monitor\Pipe_Monitor_App\EWARM\output\debug\Obj\Mainloop_18272944273632151421.dir\Mainloop.o
#        D:\Myself\WorkProcess\SK\HC32F460_WorkProcess\example\Source\Pipe_Monitor\Pipe_Monitor_App\EWARM\output\debug\Obj\RF_NFC_10628150809568064830.dir\mifare_card.o
#        D:\Myself\WorkProcess\SK\HC32F460_WorkProcess\example\Source\Pipe_Monitor\Pipe_Monitor_App\EWARM\output\debug\Obj\ModbusRTU_17682219295068567368.dir\ModbusRTU.o
#        D:\Myself\WorkProcess\SK\HC32F460_WorkProcess\example\Source\Pipe_Monitor\Pipe_Monitor_App\EWARM\output\debug\Obj\ModbusRTU_17682219295068567368.dir\ModbusRTU_Device_BT.o
#        D:\Myself\WorkProcess\SK\HC32F460_WorkProcess\example\Source\Pipe_Monitor\Pipe_Monitor_App\EWARM\output\debug\Obj\MQTT_SK_4724149239023757000.dir\MQTT_SK.o
#        D:\Myself\WorkProcess\SK\HC32F460_WorkProcess\example\Source\Pipe_Monitor\Pipe_Monitor_App\EWARM\output\debug\Obj\OLED_13473777563621607307.dir\OLED.o
#        D:\Myself\WorkProcess\SK\HC32F460_WorkProcess\example\Source\Pipe_Monitor\Pipe_Monitor_App\EWARM\output\debug\Obj\Photosensitive_XYC_ALS_28064708180949255.dir\Photosensitive_XYC_ALS.o
#        D:\Myself\WorkProcess\SK\HC32F460_WorkProcess\example\Source\Pipe_Monitor\Pipe_Monitor_App\EWARM\output\debug\Obj\RF_NFC_10628150809568064830.dir\RF_NFC.o
#        D:\Myself\WorkProcess\SK\HC32F460_WorkProcess\example\Source\Pipe_Monitor\Pipe_Monitor_App\EWARM\output\debug\Obj\RXNTTL518_17808510930951076202.dir\RXNTTL518.o
#        D:\Myself\WorkProcess\SK\HC32F460_WorkProcess\example\Source\Pipe_Monitor\Pipe_Monitor_App\EWARM\output\debug\Obj\common_14919461937644757070.dir\startup_hc32f460.o
#        D:\Myself\WorkProcess\SK\HC32F460_WorkProcess\example\Source\Pipe_Monitor\Pipe_Monitor_App\EWARM\output\debug\Obj\common_14919461937644757070.dir\system_hc32f460.o
#        D:\Myself\WorkProcess\SK\HC32F460_WorkProcess\example\Source\Pipe_Monitor\Pipe_Monitor_App\EWARM\output\debug\Obj\RF_NFC_10628150809568064830.dir\type_a.o
#        D:\Myself\WorkProcess\SK\HC32F460_WorkProcess\example\Source\Pipe_Monitor\Pipe_Monitor_App\EWARM\output\debug\Obj\RF_NFC_10628150809568064830.dir\type_b.o
#        D:\Myself\WorkProcess\SK\HC32F460_WorkProcess\example\Source\Pipe_Monitor\Pipe_Monitor_App\EWARM\output\debug\Obj\User_Data_5391006662705040797.dir\User_Data.o
#        D:\Myself\WorkProcess\SK\HC32F460_WorkProcess\example\Source\Pipe_Monitor\Pipe_Monitor_App\EWARM\output\debug\Obj\WatchDog_9188475617120297074.dir\WatchDog.o
#        --no_out_extension -o
#        D:\Myself\WorkProcess\SK\HC32F460_WorkProcess\example\Source\Pipe_Monitor\Pipe_Monitor_App\EWARM\output\debug\Exe\Pipe_Monitor_App.out
#        --map
#        D:\Myself\WorkProcess\SK\HC32F460_WorkProcess\example\Source\Pipe_Monitor\Pipe_Monitor_App\EWARM\output\debug\List\Pipe_Monitor_App.map
#        --config
#        D:\Myself\WorkProcess\SK\HC32F460_WorkProcess\example\Source\Pipe_Monitor\Pipe_Monitor_App\EWARM\HC32F460xE.icf
#        --semihosting --entry __iar_program_start --redirect
#        __write=__write_buffered --vfe --text_out locale --cpu=Cortex-M4
#        --fpu=VFPv4_sp) --dependencies=n
#        D:\Myself\WorkProcess\SK\HC32F460_WorkProcess\example\Source\Pipe_Monitor\Pipe_Monitor_App\EWARM\output\debug\Exe\Pipe_Monitor_App.out.iar_deps
#
###############################################################################

*******************************************************************************
*** RUNTIME MODEL ATTRIBUTES
***

CppFlavor       = *
__CPP_Runtime   = 1
__SystemLibrary = DLib
__dlib_version  = 6


*******************************************************************************
*** HEAP SELECTION
***

The basic heap was selected because --advanced_heap
was not specified and the application did not appear to
be primarily optimized for speed.


*******************************************************************************
*** PLACEMENT SUMMARY
***

"A0":  place at address 0x1'4000 { ro section .intvec };
"P1":  place in [from 0x1'4000 to 0x7'ffff] |
                [from 0x300'0c00 to 0x300'0ffb] { ro };
define block CSTACK with size = 8K, alignment = 8 { };
define block HEAP with size = 8K, alignment = 8 { };
"P2":  place in [from 0x1fff'8000 to 0x1fff'ffff] |
                [from 0x2000'0000 to 0x2000'ffff repeat 2] |
                [from 0x2002'0000 to 0x2002'6fff] |
                [from 0x200f'0000 to 0x200f'0fff] {
          rw, block CSTACK, block HEAP };
initialize by copy { rw };

  Section            Kind         Address      Size  Object
  -------            ----         -------      ----  ------
Absolute sections:                             0x20
  .rodata            const          0x400      0x20  hc32f460_icg.o [20]
                                  - 0x420      0x20

"A0":                                         0x280
  .intvec            ro code     0x1'4000     0x280  startup_hc32f460.o [19]
                               - 0x1'4280     0x280

"P1":                                      0x2'1ed5
  .text              ro code     0x1'4280    0x2c08  4G_EC200U.o [1]
  .text              ro code     0x1'6e88      0x66  ABImemset.o [31]
  .text              ro code     0x1'6eee      0x1e  xsscin.o [29]
  .text              ro code     0x1'6f0c     0x4d8  hc32f460_gpio.o [20]
  .text              ro code     0x1'73e4      0x6c  hc32f460_utility.o [20]
  .text              ro code     0x1'7450     0x6c4  drv_RTC.o [24]
  .text              ro code     0x1'7b14      0x28  sscanf.o [29]
  .text              ro code     0x1'7b3c      0xe0  mktime64.o [29]
  .text              ro code     0x1'7c1c      0x40  sprintf.o [29]
  .text              ro code     0x1'7c5c      0x36  strlen.o [31]
  .text              ro code     0x1'7c92      0x1e  strcat.o [29]
  .text              ro code     0x1'7cb0      0xa6  ABImemcpy.o [31]
  .text              ro code     0x1'7d56       0xa  xsprout.o [29]
  .text              ro code     0x1'7d60     0xff8  drv_Storage_W25Q128.o [16]
  .text              ro code     0x1'8d58      0x48  FltToDbl.o [30]
  .text              ro code     0x1'8da0     0x25e  DblAddSub.o [30]
  .rodata            const       0x1'8ffe       0x2  drv_LKT4202.o [4]
  .text              ro code     0x1'9000      0x1c  U32ToDbl.o [30]
  .text              ro code     0x1'901c     0x246  DblDiv.o [30]
  .rodata            const       0x1'9262       0x2  drv_LKT4202.o [4]
  .text              ro code     0x1'9264      0x18  strcpy.o [31]
  .text              ro code     0x1'927c      0x4c  WatchDog.o [18]
  .text              ro code     0x1'92c8    0x12cc  drv_USART.o [27]
  .text              ro code     0x1'a594      0xb6  User_Data.o [17]
  .text              ro code     0x1'a64a       0x2  hc32f460_utility.o [20]
  .text              ro code     0x1'a64c     0xa10  hc32f460_pwc.o [20]
  .text              ro code     0x1'b05c     0xffc  hc32f460_clk.o [20]
  .text              ro code     0x1'c058      0x68  DblToFlt.o [30]
  .text              ro code     0x1'c0c0     0x8a4  hc32f460_rtc.o [20]
  .text              ro code     0x1'c964     0xb40  hc32f460_interrupts.o [20]
  .text              ro code     0x1'd4a4      0x16  strchr.o [31]
  .rodata            const       0x1'd4ba       0x2  drv_LKT4202.o [4]
  .text              ro code     0x1'd4bc     0xd7c  xscanffull_nomb.o [29]
  .text              ro code     0x1'e238      0xcc  xDaysTo64.o [29]
  .text              ro code     0x1'e304     0x15c  xttotm64.o [29]
  .text              ro code     0x1'e460       0x4  xTzoff_nop.o [29]
  .text              ro code     0x1'e464     0xd1a  xprintflarge_nomb.o [29]
  .rodata            const       0x1'f17e       0x2  drv_LKT4202.o [4]
  .text              ro code     0x1'f180     0x7b4  hc32f460_spi.o [20]
  .text              ro code     0x1'f934    0x1114  Mainloop.o [9]
  .text              ro code     0x2'0a48      0x12  strcmp.o [31]
  .rodata            const       0x2'0a5a       0x2  drv_LKT4202.o [4]
  .text              ro code     0x2'0a5c     0xa48  hc32f460_usart.o [20]
  .text              ro code     0x2'14a4     0xac0  hc32f460_dmac.o [20]
  .text              ro code     0x2'1f64     0x934  hc32f460_timer0.o [20]
  .text              ro code     0x2'2898     0x3c8  BT_TB05.o [2]
  .text              ro code     0x2'2c60      0x68  memcmp.o [31]
  .text              ro code     0x2'2cc8     0x110  system_hc32f460.o [19]
  .text              ro code     0x2'2dd8     0x17c  hc32f460_exint_nmi_swi.o [20]
  .text              ro code     0x2'2f54      0x14  isspace.o [29]
  .text              ro code     0x2'2f68      0x14  isalpha.o [29]
  .text              ro code     0x2'2f7c      0x4c  xlocale_c.o [29]
  .text              ro code     0x2'2fc8     0x362  strto64.o [30]
  .rodata            const       0x2'332a       0x2  drv_LKT4202.o [4]
  .text              ro code     0x2'332c     0x13a  ldexp.o [30]
  .rodata            const       0x2'3466       0x2  xlocale_c.o [29]
  .text              ro code     0x2'3468     0x1b2  iar_Stoullx.o [29]
  .rodata            const       0x2'361a       0x2  xlocale_c.o [29]
  .text              ro code     0x2'361c      0xa6  iar_Stollx.o [29]
  .rodata            const       0x2'36c2       0x1  xlocale_c.o [29]
  .text              ro code     0x2'36c4      0x40  xfail_s.o [29]
  .text              ro code     0x2'3704      0x58  memchr.o [31]
  .text              ro code     0x2'375c     0x274  I64DivMod.o [31]
  .text              ro code     0x2'39d0       0x6  xisdst_nop64.o [29]
  .text              ro code     0x2'39d8      0x70  frexp.o [30]
  .text              ro code     0x2'3a48      0x22  DblToU32.o [30]
  .text              ro code     0x2'3a6c     0x1aa  DblMul.o [30]
  .text              ro code     0x2'3c18     0x454  drv_ADC.o [21]
  .text              ro code     0x2'406c     0xc9c  OLED.o [11]
  .text              ro code     0x2'4d08      0x66  RF_NFC.o [13]
  .text              ro code     0x2'4d70     0x244  RXNTTL518.o [14]
  .text              ro code     0x2'4fb4     0x55c  LC86L_BD.o [3]
  .text              ro code     0x2'5510     0x3ac  Photosensitive_XYC_ALS.o [12]
  .text              ro code     0x2'58bc     0x2da  drv_SC7A20H.o [15]
  .text              ro code     0x2'5b98      0x34  DblCmpLe.o [30]
  .text              ro code     0x2'5bcc    0x1dbc  ModbusRTU.o [10]
  .text              ro code     0x2'7988      0x74  drv_OTS_Temperature.o [23]
  .text              ro code     0x2'79fc      0x34  DblCmpGe.o [30]
  .text              ro code     0x2'7a30      0x2c  strstr.o [29]
  .text              ro code     0x2'7a5c     0x98c  drv_Timer.o [26]
  .text              ro code     0x2'83e8    0x1db4  MQTT_SK.o [7]
  .text              ro code     0x2'a19c    0x1694  ModbusRTU_Device_BT.o [10]
  .text              ro code     0x2'b830     0x122  iar_Stopfx.o [29]
  .text              ro code     0x2'b954     0x1b8  iar_Stoflt.o [29]
  .text              ro code     0x2'bb0c      0x22  S32ToDbl.o [30]
  .text              ro code     0x2'bb30     0x208  iar_Stoxflt.o [29]
  .text              ro code     0x2'bd38      0x14  tolower.o [29]
  .text              ro code     0x2'bd4c       0x6  abort.o [29]
  .text              ro code     0x2'bd54       0x2  I64DivZer.o [31]
  .text              ro code     0x2'bd58     0x578  hc32f460_adc.o [20]
  .text              ro code     0x2'c2d0     0x928  drv_IIC.o [22]
  .text              ro code     0x2'cbf8      0x2a  strncmp.o [29]
  .text              ro code     0x2'cc24     0x102  sqrt.o [30]
  .text              ro code     0x2'cd28      0x2a  math_wrappers64.o [30]
  .text              ro code     0x2'cd54      0x36  DblToS32.o [30]
  .text              ro code     0x2'cd8c      0x46  U64ToDbl.o [30]
  .text              ro code     0x2'cdd4     0x180  hc32f460_ots.o [20]
  .text              ro code     0x2'cf54     0x9d0  hc32f460_timer4_oco.o [20]
  .text              ro code     0x2'd924    0x1e64  Display.o [11]
  .text              ro code     0x2'f788     0x368  hc32f460_timer4_cnt.o [20]
  .text              ro code     0x2'faf0      0x4c  strtok.o [29]
  .text              ro code     0x2'fb3c     0x152  iar_Stoulx.o [29]
  .text              ro code     0x2'fc90      0x14  exit.o [32]
  .text              ro code     0x2'fca4     0xaa0  hc32f460_i2c.o [20]
  .text              ro code     0x3'0744      0xbc  atan64.o [30]
  .text              ro code     0x3'0800     0x68c  pow64.o [30]
  .text              ro code     0x3'0e8c      0x22  strspn.o [29]
  .text              ro code     0x3'0eae      0x22  strcspn.o [29]
  .text              ro code     0x3'0ed0     0x1c8  iar_Atan64.o [30]
  .text              ro code     0x3'1098      0x20  DblCmpEq.o [30]
  .text              ro code     0x3'10b8     0x32c  iar_Exp64.o [30]
  .rodata            const       0x3'13e4     0x708  Font.o [11]
  .text              ro code     0x3'1aec     0x634  main.o [28]
  .text              ro code     0x3'2120      0x90  hc32f460_efm.o [20]
  .text              ro code     0x3'21b0     0x188  hc32f460_sram.o [20]
  .text              ro code     0x3'2338      0xdc  drv_SPI.o [25]
  .text              ro code     0x3'2414     0x198  Lora_TP1109.o [6]
  .text              ro code     0x3'25ac     0x1e4  Magnetic_Bar.o [8]
  .text              ro code     0x3'2790     0x458  drv_LKT4202.o [4]
  .rodata            const       0x3'2be8     0x5a0  Font.o [11]
  .rodata            const       0x3'3188     0x4c8  Font.o [11]
  .rodata            const       0x3'3650     0x420  pow64.o [30]
  .rodata            const       0x3'3a70     0x400  Font.o [11]
  .rodata            const       0x3'3e70     0x230  ModbusRTU_Device_BT.o [10]
  .rodata            const       0x3'40a0     0x200  ModbusRTU.o [10]
  .rodata            const       0x3'42a0     0x200  RXNTTL518.o [14]
  .rodata            const       0x3'44a0     0x100  ModbusRTU.o [10]
  .rodata            const       0x3'45a0     0x100  ModbusRTU.o [10]
  .text              ro code     0x3'46a0      0xa2  packbits_init.o [31]
  .rodata            const       0x3'4744      0x64  4G_EC200U.o [1]
  .rodata            const       0x3'47a8      0x54  hc32f460_exint_nmi_swi.o [20]
  .rodata            const       0x3'47fc      0x54  MQTT_SK.o [7]
  .rodata            const       0x3'4850      0x50  hc32f460_interrupts.o [20]
  .rodata            const       0x3'48a0      0x50  hc32f460_timer4_cnt.o [20]
  .rodata            const       0x3'48f0      0x50  hc32f460_timer4_oco.o [20]
  .rodata            const       0x3'4940      0x50  iar_Stoulx.o [29]
  .rodata            const       0x3'4990      0x50  iar_Stoullx.o [29]
  .rodata            const       0x3'49e0      0x4c  4G_EC200U.o [1]
  .rodata            const       0x3'4a2c      0x4c  4G_EC200U.o [1]
  .rodata            const       0x3'4a78      0x4c  hc32f460_dmac.o [20]
  .rodata            const       0x3'4ac4      0x4c  hc32f460_gpio.o [20]
  .rodata            const       0x3'4b10      0x4c  hc32f460_sram.o [20]
  .rodata            const       0x3'4b5c      0x4c  hc32f460_timer0.o [20]
  .rodata            const       0x3'4ba8      0x4c  hc32f460_usart.o [20]
  .rodata            const       0x3'4bf4      0x48  hc32f460_adc.o [20]
  .rodata            const       0x3'4c3c      0x48  hc32f460_clk.o [20]
  .rodata            const       0x3'4c84      0x48  hc32f460_efm.o [20]
  .rodata            const       0x3'4ccc      0x48  hc32f460_i2c.o [20]
  .rodata            const       0x3'4d14      0x48  hc32f460_ots.o [20]
  .rodata            const       0x3'4d5c      0x48  hc32f460_pwc.o [20]
  .rodata            const       0x3'4da4      0x48  hc32f460_rtc.o [20]
  .rodata            const       0x3'4dec      0x48  hc32f460_spi.o [20]
  .rodata            const       0x3'4e34      0x48  MQTT_SK.o [7]
  .rodata            const       0x3'4e7c      0x3c  4G_EC200U.o [1]
  .rodata            const       0x3'4eb8      0x48  strto64.o [30]
  .text              ro code     0x3'4f00      0x44  startup_hc32f460.o [19]
  .rodata            const       0x3'4f44      0x3c  4G_EC200U.o [1]
  .rodata            const       0x3'4f80      0x40  iar_Atan64.o [30]
  .rodata            const       0x3'4fc0      0x3c  MQTT_SK.o [7]
  .rodata            const       0x3'4ffc      0x3c  MQTT_SK.o [7]
  .rodata            const       0x3'5038      0x38  4G_EC200U.o [1]
  .rodata            const       0x3'5070      0x38  4G_EC200U.o [1]
  .rodata            const       0x3'50a8      0x38  4G_EC200U.o [1]
  .rodata            const       0x3'50e0      0x38  4G_EC200U.o [1]
  .rodata            const       0x3'5118      0x38  4G_EC200U.o [1]
  .rodata            const       0x3'5150      0x38  MQTT_SK.o [7]
  .text              ro code     0x3'5188      0x38  zero_init3.o [31]
  .rodata            const       0x3'51c0      0x34  4G_EC200U.o [1]
  .rodata            const       0x3'51f4      0x34  MQTT_SK.o [7]
  .rodata            const       0x3'5228      0x34  MQTT_SK.o [7]
  .rodata            const       0x3'525c      0x34  MQTT_SK.o [7]
  .rodata            const       0x3'5290      0x34  MQTT_SK.o [7]
  .rodata            const       0x3'52c4      0x30  4G_EC200U.o [1]
  .rodata            const       0x3'52f4      0x28  xscanffull_nomb.o [29]
  .text              ro code     0x3'531c      0x28  data_init.o [31]
  .rodata            const       0x3'5344      0x24  xscanffull_nomb.o [29]
  .text              ro code     0x3'5368      0x22  fpinit_M.o [30]
  .iar.init_table    const       0x3'538c      0x2c  - Linker created -
  .rodata            const       0x3'53b8      0x20  4G_EC200U.o [1]
  .rodata            const       0x3'53d8      0x20  4G_EC200U.o [1]
  .rodata            const       0x3'53f8      0x20  4G_EC200U.o [1]
  .rodata            const       0x3'5418      0x20  drv_LKT4202.o [4]
  .rodata            const       0x3'5438      0x20  drv_LKT4202.o [4]
  .rodata            const       0x3'5458      0x20  drv_RTC.o [24]
  .text              ro code     0x3'5478      0x1e  cmain.o [31]
  .text              ro code     0x3'5496       0x4  low_level_init.o [29]
  .text              ro code     0x3'549a       0x4  exit.o [29]
  .text              ro code     0x3'54a0       0xa  cexit.o [31]
  .rodata            const       0x3'54ac      0x1c  4G_EC200U.o [1]
  .rodata            const       0x3'54c8      0x1c  MQTT_SK.o [7]
  .rodata            const       0x3'54e4      0x1c  MQTT_SK.o [7]
  .rodata            const       0x3'5500      0x1c  MQTT_SK.o [7]
  .text              ro code     0x3'551c      0x1c  cstartup_M.o [31]
  .rodata            const       0x3'5538      0x18  4G_EC200U.o [1]
  .rodata            const       0x3'5550      0x18  MQTT_SK.o [7]
  .rodata            const       0x3'5568      0x18  MQTT_SK.o [7]
  .rodata            const       0x3'5580      0x18  MQTT_SK.o [7]
  .rodata            const       0x3'5598      0x18  MQTT_SK.o [7]
  .rodata            const       0x3'55b0      0x18  MQTT_SK.o [7]
  .rodata            const       0x3'55c8      0x18  MQTT_SK.o [7]
  .rodata            const       0x3'55e0      0x18  MQTT_SK.o [7]
  .rodata            const       0x3'55f8      0x18  MQTT_SK.o [7]
  .rodata            const       0x3'5610      0x18  MQTT_SK.o [7]
  .rodata            const       0x3'5628      0x18  MQTT_SK.o [7]
  .rodata            const       0x3'5640      0x14  4G_EC200U.o [1]
  .rodata            const       0x3'5654      0x14  4G_EC200U.o [1]
  .rodata            const       0x3'5668      0x14  4G_EC200U.o [1]
  .rodata            const       0x3'567c      0x14  4G_EC200U.o [1]
  .rodata            const       0x3'5690      0x14  4G_EC200U.o [1]
  .rodata            const       0x3'56a4      0x14  4G_EC200U.o [1]
  .rodata            const       0x3'56b8      0x14  4G_EC200U.o [1]
  .rodata            const       0x3'56cc      0x14  4G_EC200U.o [1]
  .rodata            const       0x3'56e0      0x14  4G_EC200U.o [1]
  .rodata            const       0x3'56f4      0x14  4G_EC200U.o [1]
  .rodata            const       0x3'5708      0x14  4G_EC200U.o [1]
  .rodata            const       0x3'571c      0x14  4G_EC200U.o [1]
  .rodata            const       0x3'5730      0x14  4G_EC200U.o [1]
  .rodata            const       0x3'5744      0x14  4G_EC200U.o [1]
  .rodata            const       0x3'5758      0x14  4G_EC200U.o [1]
  .rodata            const       0x3'576c      0x14  4G_EC200U.o [1]
  .rodata            const       0x3'5780      0x14  4G_EC200U.o [1]
  .rodata            const       0x3'5794      0x14  4G_EC200U.o [1]
  .rodata            const       0x3'57a8      0x14  4G_EC200U.o [1]
  .rodata            const       0x3'57bc      0x14  4G_EC200U.o [1]
  .rodata            const       0x3'57d0      0x14  4G_EC200U.o [1]
  .rodata            const       0x3'57e4      0x14  4G_EC200U.o [1]
  .rodata            const       0x3'57f8      0x14  BT_TB05.o [2]
  .rodata            const       0x3'580c      0x14  Mainloop.o [9]
  .rodata            const       0x3'5820      0x14  MQTT_SK.o [7]
  .rodata            const       0x3'5834      0x14  MQTT_SK.o [7]
  .rodata            const       0x3'5848      0x14  MQTT_SK.o [7]
  .rodata            const       0x3'585c      0x14  MQTT_SK.o [7]
  .rodata            const       0x3'5870      0x14  MQTT_SK.o [7]
  .rodata            const       0x3'5884      0x14  MQTT_SK.o [7]
  .rodata            const       0x3'5898      0x14  MQTT_SK.o [7]
  .rodata            const       0x3'58ac      0x14  MQTT_SK.o [7]
  .rodata            const       0x3'58c0      0x14  MQTT_SK.o [7]
  .rodata            const       0x3'58d4      0x14  MQTT_SK.o [7]
  .rodata            const       0x3'58e8      0x14  MQTT_SK.o [7]
  .rodata            const       0x3'58fc      0x14  MQTT_SK.o [7]
  .rodata            const       0x3'5910      0x14  MQTT_SK.o [7]
  .rodata            const       0x3'5924      0x14  MQTT_SK.o [7]
  .rodata            const       0x3'5938      0x14  MQTT_SK.o [7]
  .rodata            const       0x3'594c      0x14  MQTT_SK.o [7]
  .rodata            const       0x3'5960      0x14  MQTT_SK.o [7]
  .rodata            const       0x3'5974      0x14  MQTT_SK.o [7]
  .rodata            const       0x3'5988      0x14  MQTT_SK.o [7]
  .rodata            const       0x3'599c      0x14  MQTT_SK.o [7]
  .rodata            const       0x3'59b0      0x14  MQTT_SK.o [7]
  .rodata            const       0x3'59c4      0x14  MQTT_SK.o [7]
  .rodata            const       0x3'59d8      0x14  MQTT_SK.o [7]
  .rodata            const       0x3'59ec      0x14  MQTT_SK.o [7]
  .rodata            const       0x3'5a00      0x14  MQTT_SK.o [7]
  .rodata            const       0x3'5a14      0x14  MQTT_SK.o [7]
  .rodata            const       0x3'5a28      0x14  MQTT_SK.o [7]
  .rodata            const       0x3'5a3c      0x14  MQTT_SK.o [7]
  .rodata            const       0x3'5a50      0x14  MQTT_SK.o [7]
  .rodata            const       0x3'5a64      0x14  MQTT_SK.o [7]
  .rodata            const       0x3'5a78      0x14  MQTT_SK.o [7]
  .rodata            const       0x3'5a8c      0x14  MQTT_SK.o [7]
  .rodata            const       0x3'5aa0      0x14  MQTT_SK.o [7]
  .rodata            const       0x3'5ab4      0x14  MQTT_SK.o [7]
  .rodata            const       0x3'5ac8      0x14  MQTT_SK.o [7]
  .rodata            const       0x3'5adc      0x14  MQTT_SK.o [7]
  .rodata            const       0x3'5af0      0x10  4G_EC200U.o [1]
  .rodata            const       0x3'5b00      0x10  4G_EC200U.o [1]
  .rodata            const       0x3'5b10      0x10  4G_EC200U.o [1]
  .rodata            const       0x3'5b20      0x10  4G_EC200U.o [1]
  .rodata            const       0x3'5b30      0x10  4G_EC200U.o [1]
  .rodata            const       0x3'5b40      0x10  4G_EC200U.o [1]
  .rodata            const       0x3'5b50      0x10  4G_EC200U.o [1]
  .rodata            const       0x3'5b60      0x10  4G_EC200U.o [1]
  .rodata            const       0x3'5b70      0x10  4G_EC200U.o [1]
  .rodata            const       0x3'5b80      0x10  4G_EC200U.o [1]
  .rodata            const       0x3'5b90      0x10  4G_EC200U.o [1]
  .rodata            const       0x3'5ba0      0x10  4G_EC200U.o [1]
  .rodata            const       0x3'5bb0      0x10  4G_EC200U.o [1]
  .rodata            const       0x3'5bc0      0x10  BT_TB05.o [2]
  .rodata            const       0x3'5bd0      0x10  hc32f460_usart.o [20]
  .rodata            const       0x3'5be0      0x10  main.o [28]
  .rodata            const       0x3'5bf0      0x10  ModbusRTU.o [10]
  .rodata            const       0x3'5c00      0x10  MQTT_SK.o [7]
  .rodata            const       0x3'5c10      0x10  MQTT_SK.o [7]
  .rodata            const       0x3'5c20      0x10  MQTT_SK.o [7]
  .rodata            const       0x3'5c30      0x10  MQTT_SK.o [7]
  .rodata            const       0x3'5c40      0x10  MQTT_SK.o [7]
  .rodata            const       0x3'5c50      0x10  MQTT_SK.o [7]
  .rodata            const       0x3'5c60      0x10  MQTT_SK.o [7]
  .rodata            const       0x3'5c70      0x10  MQTT_SK.o [7]
  .rodata            const       0x3'5c80      0x10  MQTT_SK.o [7]
  .rodata            const       0x3'5c90      0x10  MQTT_SK.o [7]
  .rodata            const       0x3'5ca0      0x10  MQTT_SK.o [7]
  .rodata            const       0x3'5cb0      0x10  MQTT_SK.o [7]
  .rodata            const       0x3'5cc0      0x10  MQTT_SK.o [7]
  .rodata            const       0x3'5cd0      0x10  MQTT_SK.o [7]
  .rodata            const       0x3'5ce0      0x10  MQTT_SK.o [7]
  .rodata            const       0x3'5cf0      0x10  MQTT_SK.o [7]
  .rodata            const       0x3'5d00      0x10  MQTT_SK.o [7]
  .rodata            const       0x3'5d10      0x10  MQTT_SK.o [7]
  .rodata            const       0x3'5d20      0x10  MQTT_SK.o [7]
  .rodata            const       0x3'5d30      0x10  MQTT_SK.o [7]
  .rodata            const       0x3'5d40      0x10  MQTT_SK.o [7]
  .rodata            const       0x3'5d50       0xc  4G_EC200U.o [1]
  .rodata            const       0x3'5d5c       0xc  4G_EC200U.o [1]
  .rodata            const       0x3'5d68       0xc  4G_EC200U.o [1]
  .rodata            const       0x3'5d74       0xc  4G_EC200U.o [1]
  .rodata            const       0x3'5d80       0xc  4G_EC200U.o [1]
  .rodata            const       0x3'5d8c       0xc  4G_EC200U.o [1]
  .rodata            const       0x3'5d98       0xc  4G_EC200U.o [1]
  .rodata            const       0x3'5da4       0xc  4G_EC200U.o [1]
  .rodata            const       0x3'5db0       0xc  4G_EC200U.o [1]
  .rodata            const       0x3'5dbc       0xc  4G_EC200U.o [1]
  .rodata            const       0x3'5dc8       0xc  4G_EC200U.o [1]
  .rodata            const       0x3'5dd4       0xc  4G_EC200U.o [1]
  .rodata            const       0x3'5de0       0xc  4G_EC200U.o [1]
  .rodata            const       0x3'5dec       0xc  4G_EC200U.o [1]
  .rodata            const       0x3'5df8       0xc  4G_EC200U.o [1]
  .rodata            const       0x3'5e04       0xc  4G_EC200U.o [1]
  .rodata            const       0x3'5e10       0xc  4G_EC200U.o [1]
  .rodata            const       0x3'5e1c       0xc  4G_EC200U.o [1]
  .rodata            const       0x3'5e28       0xc  4G_EC200U.o [1]
  .rodata            const       0x3'5e34       0xc  4G_EC200U.o [1]
  .rodata            const       0x3'5e40       0xc  BT_TB05.o [2]
  .rodata            const       0x3'5e4c       0xc  drv_LKT4202.o [4]
  .rodata            const       0x3'5e58       0xc  drv_LKT4202.o [4]
  .rodata            const       0x3'5e64       0xc  drv_USART.o [27]
  .rodata            const       0x3'5e70       0xc  drv_USART.o [27]
  .rodata            const       0x3'5e7c       0xc  drv_USART.o [27]
  .rodata            const       0x3'5e88       0xc  Mainloop.o [9]
  .rodata            const       0x3'5e94       0xc  Mainloop.o [9]
  .rodata            const       0x3'5ea0       0xc  ModbusRTU.o [10]
  .rodata            const       0x3'5eac       0xc  ModbusRTU.o [10]
  .rodata            const       0x3'5eb8       0xc  MQTT_SK.o [7]
  .rodata            const       0x3'5ec4       0xc  MQTT_SK.o [7]
  .rodata            const       0x3'5ed0       0xc  MQTT_SK.o [7]
  .rodata            const       0x3'5edc       0xc  MQTT_SK.o [7]
  .rodata            const       0x3'5ee8       0x8  4G_EC200U.o [1]
  .rodata            const       0x3'5ef0       0x8  4G_EC200U.o [1]
  .rodata            const       0x3'5ef8       0x8  4G_EC200U.o [1]
  .rodata            const       0x3'5f00       0x8  4G_EC200U.o [1]
  .rodata            const       0x3'5f08       0x8  4G_EC200U.o [1]
  .rodata            const       0x3'5f10       0x8  4G_EC200U.o [1]
  .rodata            const       0x3'5f18       0x8  4G_EC200U.o [1]
  .rodata            const       0x3'5f20       0x8  4G_EC200U.o [1]
  .rodata            const       0x3'5f28       0x8  4G_EC200U.o [1]
  .rodata            const       0x3'5f30       0x8  4G_EC200U.o [1]
  .rodata            const       0x3'5f38       0x8  4G_EC200U.o [1]
  .rodata            const       0x3'5f40       0x8  4G_EC200U.o [1]
  .rodata            const       0x3'5f48       0x8  4G_EC200U.o [1]
  .rodata            const       0x3'5f50       0x8  4G_EC200U.o [1]
  .rodata            const       0x3'5f58       0x8  4G_EC200U.o [1]
  .rodata            const       0x3'5f60       0x8  4G_EC200U.o [1]
  .rodata            const       0x3'5f68       0x8  4G_EC200U.o [1]
  .rodata            const       0x3'5f70       0x8  Display.o [11]
  .rodata            const       0x3'5f78       0x8  drv_LKT4202.o [4]
  .rodata            const       0x3'5f80       0x8  drv_LKT4202.o [4]
  .rodata            const       0x3'5f88       0x8  drv_SC7A20H.o [15]
  .rodata            const       0x3'5f90       0x8  LC86L_BD.o [3]
  .rodata            const       0x3'5f98       0x8  LC86L_BD.o [3]
  .rodata            const       0x3'5fa0       0x8  main.o [28]
  .rodata            const       0x3'5fa8       0x8  Mainloop.o [9]
  .rodata            const       0x3'5fb0       0x8  Mainloop.o [9]
  .rodata            const       0x3'5fb8       0x8  MQTT_SK.o [7]
  .rodata            const       0x3'5fc0       0x8  MQTT_SK.o [7]
  .rodata            const       0x3'5fc8       0x8  MQTT_SK.o [7]
  .rodata            const       0x3'5fd0       0x8  MQTT_SK.o [7]
  .rodata            const       0x3'5fd8       0x4  drv_RTC.o [24]
  .text              ro code     0x3'5fdc       0x4  startup_hc32f460.o [19]
  .text              ro code     0x3'5fe0       0x4  startup_hc32f460.o [19]
  .text              ro code     0x3'5fe4       0x4  startup_hc32f460.o [19]
  .text              ro code     0x3'5fe8       0x4  startup_hc32f460.o [19]
  .text              ro code     0x3'5fec       0x4  startup_hc32f460.o [19]
  .text              ro code     0x3'5ff0       0x4  startup_hc32f460.o [19]
  .text              ro code     0x3'5ff4       0x4  startup_hc32f460.o [19]
  .text              ro code     0x3'5ff8       0x4  startup_hc32f460.o [19]
  .text              ro code     0x3'5ffc       0x4  startup_hc32f460.o [19]
  .text              ro code     0x3'6000       0x4  startup_hc32f460.o [19]
  .text              ro code     0x3'6004       0x4  startup_hc32f460.o [19]
  .text              ro code     0x3'6008       0x4  startup_hc32f460.o [19]
  .text              ro code     0x3'600c       0x4  startup_hc32f460.o [19]
  .text              ro code     0x3'6010       0x4  startup_hc32f460.o [19]
  .text              ro code     0x3'6014       0x4  startup_hc32f460.o [19]
  .text              ro code     0x3'6018       0x4  startup_hc32f460.o [19]
  .rodata            const       0x3'601c       0x0  zero_init3.o [31]
  .rodata            const       0x3'601c       0x0  packbits_init.o [31]
  Initializer bytes  const       0x3'601c     0x139  <for P2 s0>
                               - 0x3'6155  0x2'1ed5

"P2", part 1 of 3:                            0x307
  P2 s0                       0x2000'0000     0x307  <Init block>
    .data            inited   0x2000'0000     0x108  User_Data.o [17]
    .data            inited   0x2000'0108      0x8c  RXNTTL518.o [14]
    .data            inited   0x2000'0194      0x80  ModbusRTU_Device_BT.o [10]
    .data            inited   0x2000'0214      0x48  xlocale_c.o [29]
    .data            inited   0x2000'025c      0x38  xlocale_c.o [29]
    .data            inited   0x2000'0294      0x24  BT_TB05.o [2]
    .data            inited   0x2000'02b8      0x20  BT_TB05.o [2]
    .data            inited   0x2000'02d8      0x14  BT_TB05.o [2]
    .data            inited   0x2000'02ec       0x8  BT_TB05.o [2]
    .data            inited   0x2000'02f4       0x4  BT_TB05.o [2]
    .data            inited   0x2000'02f8       0x4  system_hc32f460.o [19]
    .data            inited   0x2000'02fc       0x4  system_hc32f460.o [19]
    .data            inited   0x2000'0300       0x1  drv_IIC.o [22]
    .data            inited   0x2000'0301       0x1  drv_IIC.o [22]
    .data            inited   0x2000'0302       0x1  drv_IIC.o [22]
    .data            inited   0x2000'0303       0x1  drv_IIC.o [22]
    .data            inited   0x2000'0304       0x1  hc32f460_pwc.o [20]
    .data            inited   0x2000'0305       0x1  ModbusRTU.o [10]
    .data            inited   0x2000'0306       0x1  ModbusRTU.o [10]
                            - 0x2000'0307     0x307

"P2", part 2 of 3:                           0x6538
  .bss               zero     0x2000'0308    0x4dd8  User_Data.o [17]
  .bss               zero     0x2000'50e0    0x1000  drv_Storage_W25Q128.o [16]
  .bss               zero     0x2000'60e0     0x400  User_Data.o [17]
  .bss               zero     0x2000'64e0     0x200  hc32f460_interrupts.o [20]
  .bss               zero     0x2000'66e0      0x2c  User_Data.o [17]
  .bss               zero     0x2000'670c      0x2c  xttotm64.o [29]
  .bss               zero     0x2000'6738      0x24  drv_ADC.o [21]
  .bss               zero     0x2000'675c      0x14  drv_ADC.o [21]
  .bss               zero     0x2000'6770      0x14  hc32f460_pwc.o [20]
  .bss               zero     0x2000'6784      0x14  User_Data.o [17]
  .bss               zero     0x2000'6798      0x14  User_Data.o [17]
  .bss               zero     0x2000'67ac       0x8  main.o [28]
  .bss               zero     0x2000'67b4       0x4  4G_EC200U.o [1]
  .bss               zero     0x2000'67b8       0x4  BT_TB05.o [2]
  .bss               zero     0x2000'67bc       0x4  drv_RTC.o [24]
  .bss               zero     0x2000'67c0       0x4  drv_SC7A20H.o [15]
  .bss               zero     0x2000'67c4       0x4  drv_Storage_W25Q128.o [16]
  .bss               zero     0x2000'67c8       0x4  drv_Timer.o [26]
  .bss               zero     0x2000'67cc       0x4  drv_USART.o [27]
  .bss               zero     0x2000'67d0       0x4  hc32f460_exint_nmi_swi.o [20]
  .bss               zero     0x2000'67d4       0x4  hc32f460_ots.o [20]
  .bss               zero     0x2000'67d8       0x4  hc32f460_ots.o [20]
  .bss               zero     0x2000'67dc       0x4  LC86L_BD.o [3]
  .bss               zero     0x2000'67e0       0x4  Lora_TP1109.o [6]
  .bss               zero     0x2000'67e4       0x4  Magnetic_Bar.o [8]
  .bss               zero     0x2000'67e8       0x4  main.o [28]
  .bss               zero     0x2000'67ec       0x4  Mainloop.o [9]
  .bss               zero     0x2000'67f0       0x4  ModbusRTU.o [10]
  .bss               zero     0x2000'67f4       0x4  ModbusRTU_Device_BT.o [10]
  .bss               zero     0x2000'67f8       0x4  ModbusRTU_Device_BT.o [10]
  .bss               zero     0x2000'67fc       0x4  MQTT_SK.o [7]
  .bss               zero     0x2000'6800       0x4  OLED.o [11]
  .bss               zero     0x2000'6804       0x4  Photosensitive_XYC_ALS.o [12]
  .bss               zero     0x2000'6808       0x4  RXNTTL518.o [14]
  .bss               zero     0x2000'680c       0x4  strtok.o [29]
  .bss               zero     0x2000'6810       0x4  xfail_s.o [29]
  .bss               zero     0x2000'6814       0x2  BT_TB05.o [2]
  .bss               zero     0x2000'6816       0x2  drv_Timer.o [26]
  .bss               zero     0x2000'6818       0x2  ModbusRTU_Device_BT.o [10]
  .bss               zero     0x2000'681a       0x2  ModbusRTU_Device_BT.o [10]
  .bss               zero     0x2000'681c       0x1  4G_EC200U.o [1]
  .bss               zero     0x2000'681d       0x1  4G_EC200U.o [1]
  .bss               zero     0x2000'681e       0x1  4G_EC200U.o [1]
  .bss               zero     0x2000'681f       0x1  4G_EC200U.o [1]
  .bss               zero     0x2000'6820       0x1  BT_TB05.o [2]
  .bss               zero     0x2000'6821       0x1  drv_IIC.o [22]
  .bss               zero     0x2000'6822       0x1  drv_Timer.o [26]
  .bss               zero     0x2000'6823       0x1  drv_Timer.o [26]
  .bss               zero     0x2000'6824       0x1  drv_Timer.o [26]
  .bss               zero     0x2000'6825       0x1  drv_Timer.o [26]
  .bss               zero     0x2000'6826       0x1  drv_Timer.o [26]
  .bss               zero     0x2000'6827       0x1  drv_Timer.o [26]
  .bss               zero     0x2000'6828       0x1  drv_Timer.o [26]
  .bss               zero     0x2000'6829       0x1  drv_Timer.o [26]
  .bss               zero     0x2000'682a       0x1  drv_Timer.o [26]
  .bss               zero     0x2000'682b       0x1  drv_Timer.o [26]
  .bss               zero     0x2000'682c       0x1  hc32f460_dmac.o [20]
  .bss               zero     0x2000'682d       0x1  hc32f460_pwc.o [20]
  .bss               zero     0x2000'682e       0x1  hc32f460_pwc.o [20]
  .bss               zero     0x2000'682f       0x1  hc32f460_pwc.o [20]
  .bss               zero     0x2000'6830       0x1  hc32f460_pwc.o [20]
  .bss               zero     0x2000'6831       0x1  main.o [28]
  .bss               zero     0x2000'6832       0x1  main.o [28]
  .bss               zero     0x2000'6833       0x1  Mainloop.o [9]
  .bss               zero     0x2000'6834       0x1  Mainloop.o [9]
  .bss               zero     0x2000'6835       0x1  Mainloop.o [9]
  .bss               zero     0x2000'6836       0x1  Mainloop.o [9]
  .bss               zero     0x2000'6837       0x1  ModbusRTU_Device_BT.o [10]
  .bss               zero     0x2000'6838       0x1  ModbusRTU_Device_BT.o [10]
  .bss               zero     0x2000'6839       0x1  ModbusRTU_Device_BT.o [10]
  .bss               zero     0x2000'683a       0x1  User_Data.o [17]
  .bss               zero     0x2000'683b       0x1  User_Data.o [17]
  .bss               zero     0x2000'683c       0x1  User_Data.o [17]
  .bss               zero     0x2000'683d       0x1  User_Data.o [17]
  .bss               zero     0x2000'683e       0x1  User_Data.o [17]
                            - 0x2000'683f    0x6537

"P2", part 3 of 3:                           0x2000
  CSTACK                      0x2000'6840    0x2000  <Block>
    CSTACK           uninit   0x2000'6840    0x2000  <Block tail>
                            - 0x2000'8840    0x2000

Unused ranges:

         From           To      Size
         ----           --      ----
     0x3'6155     0x7'ffff  0x4'9eab
   0x300'0c00   0x300'0ffb     0x3fc
  0x1fff'8000  0x1fff'ffff    0x8000
  0x2000'0307  0x2000'0307       0x1
  0x2000'8840  0x2000'ffff    0x77c0
  0x2001'0000  0x2001'ffff  0x1'0000
  0x2002'0000  0x2002'6fff    0x7000
  0x200f'0000  0x200f'0fff    0x1000


*******************************************************************************
*** INIT TABLE
***

          Address      Size
          -------      ----
Zero (__iar_zero_init3)
    1 destination range, total size 0x6537:
          0x2000'0308  0x6537

Copy/packbits (__iar_packbits_init3)
    1 source range, total size 0x139 (40% of destination):
             0x3'601c   0x139
    1 destination range, total size 0x307:
          0x2000'0000   0x307



*******************************************************************************
*** MODULE SUMMARY
***

    Module                    ro code  ro data  rw data  ro data
                                                          (abs)
    ------                    -------  -------  -------  -------
command line/config:
    ------------------------------------------------------------
    Total:

D:\Myself\WorkProcess\SK\HC32F460_WorkProcess\example\Source\Pipe_Monitor\Pipe_Monitor_App\EWARM\output\debug\Obj\4G_EC200U_8582873453978518366.dir: [1]
    4G_EC200U.o                11'272    1'924        8
    ------------------------------------------------------------
    Total:                     11'272    1'924        8

D:\Myself\WorkProcess\SK\HC32F460_WorkProcess\example\Source\Pipe_Monitor\Pipe_Monitor_App\EWARM\output\debug\Obj\BT_TB05_12041724360499981866.dir: [2]
    BT_TB05.o                     968       88      107
    ------------------------------------------------------------
    Total:                        968       88      107

D:\Myself\WorkProcess\SK\HC32F460_WorkProcess\example\Source\Pipe_Monitor\Pipe_Monitor_App\EWARM\output\debug\Obj\LC86L_BD_9822625824417385734.dir: [3]
    LC86L_BD.o                  1'372       16        4
    ------------------------------------------------------------
    Total:                      1'372       16        4

D:\Myself\WorkProcess\SK\HC32F460_WorkProcess\example\Source\Pipe_Monitor\Pipe_Monitor_App\EWARM\output\debug\Obj\LKT4202_1925765440156868983.dir: [4]
    drv_LKT4202.o               1'112      116
    ------------------------------------------------------------
    Total:                      1'112      116

D:\Myself\WorkProcess\SK\HC32F460_WorkProcess\example\Source\Pipe_Monitor\Pipe_Monitor_App\EWARM\output\debug\Obj\LoRa_RA02_5139138412578801246.dir: [5]
    ------------------------------------------------------------
    Total:

D:\Myself\WorkProcess\SK\HC32F460_WorkProcess\example\Source\Pipe_Monitor\Pipe_Monitor_App\EWARM\output\debug\Obj\Lora_TP1109_151720617378073083.dir: [6]
    Lora_TP1109.o                 408                 4
    ------------------------------------------------------------
    Total:                        408                 4

D:\Myself\WorkProcess\SK\HC32F460_WorkProcess\example\Source\Pipe_Monitor\Pipe_Monitor_App\EWARM\output\debug\Obj\MQTT_SK_4724149239023757000.dir: [7]
    MQTT_SK.o                   7'604    2'000        4
    ------------------------------------------------------------
    Total:                      7'604    2'000        4

D:\Myself\WorkProcess\SK\HC32F460_WorkProcess\example\Source\Pipe_Monitor\Pipe_Monitor_App\EWARM\output\debug\Obj\Magnetic_Bar_17520218520042908049.dir: [8]
    Magnetic_Bar.o                484                 4
    ------------------------------------------------------------
    Total:                        484                 4

D:\Myself\WorkProcess\SK\HC32F460_WorkProcess\example\Source\Pipe_Monitor\Pipe_Monitor_App\EWARM\output\debug\Obj\Mainloop_18272944273632151421.dir: [9]
    Mainloop.o                  4'372       60        8
    ------------------------------------------------------------
    Total:                      4'372       60        8

D:\Myself\WorkProcess\SK\HC32F460_WorkProcess\example\Source\Pipe_Monitor\Pipe_Monitor_App\EWARM\output\debug\Obj\ModbusRTU_17682219295068567368.dir: [10]
    ModbusRTU.o                 7'612    1'065        6
    ModbusRTU_Device_BT.o       5'780      611      143
    ------------------------------------------------------------
    Total:                     13'392    1'676      149

D:\Myself\WorkProcess\SK\HC32F460_WorkProcess\example\Source\Pipe_Monitor\Pipe_Monitor_App\EWARM\output\debug\Obj\OLED_13473777563621607307.dir: [11]
    Display.o                   7'780        8
    Font.o                               5'488
    OLED.o                      3'228                 4
    ------------------------------------------------------------
    Total:                     11'008    5'496        4

D:\Myself\WorkProcess\SK\HC32F460_WorkProcess\example\Source\Pipe_Monitor\Pipe_Monitor_App\EWARM\output\debug\Obj\Photosensitive_XYC_ALS_28064708180949255.dir: [12]
    Photosensitive_XYC_ALS.o      940                 4
    ------------------------------------------------------------
    Total:                        940                 4

D:\Myself\WorkProcess\SK\HC32F460_WorkProcess\example\Source\Pipe_Monitor\Pipe_Monitor_App\EWARM\output\debug\Obj\RF_NFC_10628150809568064830.dir: [13]
    RF_NFC.o                      102
    ------------------------------------------------------------
    Total:                        102

D:\Myself\WorkProcess\SK\HC32F460_WorkProcess\example\Source\Pipe_Monitor\Pipe_Monitor_App\EWARM\output\debug\Obj\RXNTTL518_17808510930951076202.dir: [14]
    RXNTTL518.o                   580      569      144
    ------------------------------------------------------------
    Total:                        580      569      144

D:\Myself\WorkProcess\SK\HC32F460_WorkProcess\example\Source\Pipe_Monitor\Pipe_Monitor_App\EWARM\output\debug\Obj\SC7A20H_13085057635104233901.dir: [15]
    drv_SC7A20H.o                 730        8        4
    ------------------------------------------------------------
    Total:                        730        8        4

D:\Myself\WorkProcess\SK\HC32F460_WorkProcess\example\Source\Pipe_Monitor\Pipe_Monitor_App\EWARM\output\debug\Obj\Storage_W25Q128_4738127093883701884.dir: [16]
    drv_Storage_W25Q128.o       4'088             4'100
    ------------------------------------------------------------
    Total:                      4'088             4'100

D:\Myself\WorkProcess\SK\HC32F460_WorkProcess\example\Source\Pipe_Monitor\Pipe_Monitor_App\EWARM\output\debug\Obj\User_Data_5391006662705040797.dir: [17]
    User_Data.o                   182      106   21'305
    ------------------------------------------------------------
    Total:                        182      106   21'305

D:\Myself\WorkProcess\SK\HC32F460_WorkProcess\example\Source\Pipe_Monitor\Pipe_Monitor_App\EWARM\output\debug\Obj\WatchDog_9188475617120297074.dir: [18]
    WatchDog.o                     76
    ------------------------------------------------------------
    Total:                         76

D:\Myself\WorkProcess\SK\HC32F460_WorkProcess\example\Source\Pipe_Monitor\Pipe_Monitor_App\EWARM\output\debug\Obj\common_14919461937644757070.dir: [19]
    startup_hc32f460.o            772
    system_hc32f460.o             272        4        8
    ------------------------------------------------------------
    Total:                      1'044        4        8

D:\Myself\WorkProcess\SK\HC32F460_WorkProcess\example\Source\Pipe_Monitor\Pipe_Monitor_App\EWARM\output\debug\Obj\driver_11944700488488147666.dir: [20]
    hc32f460_adc.o              1'400       72
    hc32f460_clk.o              4'092       72
    hc32f460_dmac.o             2'752       76        1
    hc32f460_efm.o                144       72
    hc32f460_exint_nmi_swi.o      380       84        4
    hc32f460_gpio.o             1'240       76
    hc32f460_i2c.o              2'720       72
    hc32f460_icg.o                                            32
    hc32f460_interrupts.o       2'880       80      512
    hc32f460_ots.o                384       72        8
    hc32f460_pwc.o              2'576       73       25
    hc32f460_rtc.o              2'212       72
    hc32f460_spi.o              1'972       72
    hc32f460_sram.o               392       76
    hc32f460_timer0.o           2'356       76
    hc32f460_timer4_cnt.o         872       80
    hc32f460_timer4_oco.o       2'512       80
    hc32f460_usart.o            2'632       92
    hc32f460_utility.o            110
    ------------------------------------------------------------
    Total:                     31'626    1'297      550       32

D:\Myself\WorkProcess\SK\HC32F460_WorkProcess\example\Source\Pipe_Monitor\Pipe_Monitor_App\EWARM\output\debug\Obj\drv_ADC_15186207816091091275.dir: [21]
    drv_ADC.o                   1'108                56
    ------------------------------------------------------------
    Total:                      1'108                56

D:\Myself\WorkProcess\SK\HC32F460_WorkProcess\example\Source\Pipe_Monitor\Pipe_Monitor_App\EWARM\output\debug\Obj\drv_IIC_18060258103304213159.dir: [22]
    drv_IIC.o                   2'344        1        5
    ------------------------------------------------------------
    Total:                      2'344        1        5

D:\Myself\WorkProcess\SK\HC32F460_WorkProcess\example\Source\Pipe_Monitor\Pipe_Monitor_App\EWARM\output\debug\Obj\drv_OTS_Temperature_13039655784802445445.dir: [23]
    drv_OTS_Temperature.o         116
    ------------------------------------------------------------
    Total:                        116

D:\Myself\WorkProcess\SK\HC32F460_WorkProcess\example\Source\Pipe_Monitor\Pipe_Monitor_App\EWARM\output\debug\Obj\drv_RTC_2577979922006117733.dir: [24]
    drv_RTC.o                   1'732       36        4
    ------------------------------------------------------------
    Total:                      1'732       36        4

D:\Myself\WorkProcess\SK\HC32F460_WorkProcess\example\Source\Pipe_Monitor\Pipe_Monitor_App\EWARM\output\debug\Obj\drv_SPI_4333388098947449637.dir: [25]
    drv_SPI.o                     220
    ------------------------------------------------------------
    Total:                        220

D:\Myself\WorkProcess\SK\HC32F460_WorkProcess\example\Source\Pipe_Monitor\Pipe_Monitor_App\EWARM\output\debug\Obj\drv_Timer_6973001687617930806.dir: [26]
    drv_Timer.o                 2'444                16
    ------------------------------------------------------------
    Total:                      2'444                16

D:\Myself\WorkProcess\SK\HC32F460_WorkProcess\example\Source\Pipe_Monitor\Pipe_Monitor_App\EWARM\output\debug\Obj\drv_USART_14144334009435087269.dir: [27]
    drv_USART.o                 4'812       36        4
    ------------------------------------------------------------
    Total:                      4'812       36        4

D:\Myself\WorkProcess\SK\HC32F460_WorkProcess\example\Source\Pipe_Monitor\Pipe_Monitor_App\EWARM\output\debug\Obj\source_5634686896477721948.dir: [28]
    main.o                      1'588       24       14
    ------------------------------------------------------------
    Total:                      1'588       24       14

dl7M_tlf.a: [29]
    abort.o                         6
    exit.o                          4
    iar_Stoflt.o                  440
    iar_Stollx.o                  166
    iar_Stopfx.o                  290
    iar_Stoullx.o                 434       80
    iar_Stoulx.o                  338       80
    iar_Stoxflt.o                 520
    isalpha.o                      20
    isspace.o                      20
    low_level_init.o                4
    mktime64.o                    224
    sprintf.o                      64
    sscanf.o                       40
    strcat.o                       30
    strcspn.o                      34
    strncmp.o                      42
    strspn.o                       34
    strstr.o                       44
    strtok.o                       76                 4
    tolower.o                      20
    xDaysTo64.o                   204
    xTzoff_nop.o                    4
    xfail_s.o                      64                 4
    xisdst_nop64.o                  6
    xlocale_c.o                    76       57      128
    xprintflarge_nomb.o         3'354
    xscanffull_nomb.o           3'452       76
    xsprout.o                      10
    xsscin.o                       30
    xttotm64.o                    348                44
    ------------------------------------------------------------
    Total:                     10'398      293      180

m7M_tls.a: [30]
    DblAddSub.o                   606
    DblCmpEq.o                     32
    DblCmpGe.o                     52
    DblCmpLe.o                     52
    DblDiv.o                      582
    DblMul.o                      426
    DblToFlt.o                    104
    DblToS32.o                     54
    DblToU32.o                     34
    FltToDbl.o                     72
    S32ToDbl.o                     34
    U32ToDbl.o                     28
    U64ToDbl.o                     70
    atan64.o                      188
    fpinit_M.o                     34
    frexp.o                       112
    iar_Atan64.o                  456       64
    iar_Exp64.o                   812
    ldexp.o                       314
    math_wrappers64.o              42
    pow64.o                     1'676    1'056
    sqrt.o                        258
    strto64.o                     866       72
    ------------------------------------------------------------
    Total:                      6'904    1'192

rt7M_tl.a: [31]
    ABImemcpy.o                   166
    ABImemset.o                   102
    I64DivMod.o                   628
    I64DivZer.o                     2
    cexit.o                        10
    cmain.o                        30
    cstartup_M.o                   28
    data_init.o                    40
    memchr.o                       88
    memcmp.o                      104
    packbits_init.o               162
    strchr.o                       22
    strcmp.o                       18
    strcpy.o                       24
    strlen.o                       54
    zero_init3.o                   56
    ------------------------------------------------------------
    Total:                      1'534

shb_l.a: [32]
    exit.o                         20
    ------------------------------------------------------------
    Total:                         20

    Gaps                           33        6
    Linker created                          44    8'192
----------------------------------------------------------------
    Grand Total:              124'613   14'992   34'878       32


*******************************************************************************
*** ENTRY LIST
***

Entry                       Address    Size  Type      Object
-----                       -------    ----  ----      ------
.iar.init_table$$Base      0x3'538c           --   Gb  - Linker created -
.iar.init_table$$Limit     0x3'53b8           --   Gb  - Linker created -
?main                      0x3'5479          Code  Gb  cmain.o [31]
ADC_AddAdcChannel          0x2'bf6d    0xbe  Code  Gb  hc32f460_adc.o [20]
ADC_AddAvgChannel          0x2'c09d    0x66  Code  Gb  hc32f460_adc.o [20]
ADC_ConfigAvg              0x2'c035    0x64  Code  Gb  hc32f460_adc.o [20]
ADC_DeInit                 0x2'be6d   0x100  Code  Gb  hc32f460_adc.o [20]
ADC_GetChData              0x2'c1f9    0x98  Code  Gb  hc32f460_adc.o [20]
ADC_Init                   0x2'bd59   0x114  Code  Gb  hc32f460_adc.o [20]
ADC_PollingSa              0x2'c103    0xf6  Code  Gb  hc32f460_adc.o [20]
ADC_ReadAllData            0x2'c2a5    0x2c  Code  Lc  hc32f460_adc.o [20]
AdcChannelConfig           0x2'3ce9    0x70  Code  Lc  drv_ADC.o [21]
AdcClockConfig             0x2'3c19    0x78  Code  Lc  drv_ADC.o [21]
AdcInitConfig              0x2'3c91    0x58  Code  Lc  drv_ADC.o [21]
AsyncDelay                 0x2'1fcd    0x76  Code  Lc  hc32f460_timer0.o [20]
BusFault_Handler           0x1'ca41     0x8  Code  Gb  hc32f460_interrupts.o [20]
CLK_ClearFcmFlag           0x1'bfc5    0x5c  Code  Gb  hc32f460_clk.o [20]
CLK_FcmCmd                 0x1'bf1b    0x28  Code  Gb  hc32f460_clk.o [20]
CLK_FcmConfig              0x1'bc69   0x2b2  Code  Gb  hc32f460_clk.o [20]
CLK_GetClockFreq           0x1'ba21   0x116  Code  Gb  hc32f460_clk.o [20]
CLK_GetFcmCounter          0x1'bf43     0x8  Code  Gb  hc32f460_clk.o [20]
CLK_GetFcmFlag             0x1'bf5d    0x62  Code  Gb  hc32f460_clk.o [20]
CLK_GetFlagStatus          0x1'bbb9    0x8a  Code  Gb  hc32f460_clk.o [20]
CLK_LrcCmd                 0x1'b293    0x98  Code  Gb  hc32f460_clk.o [20]
CLK_MpllCmd                0x1'b4d7    0xb0  Code  Gb  hc32f460_clk.o [20]
CLK_MpllConfig             0x1'b37b   0x15c  Code  Gb  hc32f460_clk.o [20]
CLK_SetPeriClkSource       0x1'bb45    0x58  Code  Gb  hc32f460_clk.o [20]
CLK_SetPllSource           0x1'b32b    0x50  Code  Gb  hc32f460_clk.o [20]
CLK_SetSysClkSource        0x1'b779   0x104  Code  Gb  hc32f460_clk.o [20]
CLK_SysClkConfig           0x1'b891   0x188  Code  Gb  hc32f460_clk.o [20]
CLK_UpllCmd                0x1'b6d5    0xa4  Code  Gb  hc32f460_clk.o [20]
CLK_UpllConfig             0x1'b587   0x14e  Code  Gb  hc32f460_clk.o [20]
CLK_Xtal32Cmd              0x1'b1fb    0x98  Code  Gb  hc32f460_clk.o [20]
CLK_Xtal32Config           0x1'b1ab    0x50  Code  Gb  hc32f460_clk.o [20]
CLK_XtalCmd                0x1'b0b7    0xf4  Code  Gb  hc32f460_clk.o [20]
CLK_XtalConfig             0x1'b05d    0x5a  Code  Gb  hc32f460_clk.o [20]
CSTACK$$Base            0x2000'6840           --   Gb  - Linker created -
CSTACK$$Limit           0x2000'8840           --   Gb  - Linker created -
Clock_MeasureConfig        0x1'7625    0xcc  Code  Lc  drv_RTC.o [24]
Crc16                      0x2'5c0d    0x38  Code  Gb  ModbusRTU.o [10]
DMA_ChannelCfg             0x2'1a81   0x2ce  Code  Gb  hc32f460_dmac.o [20]
DMA_ChannelCmd             0x2'15ed   0x252  Code  Gb  hc32f460_dmac.o [20]
DMA_ClearIrqFlag           0x2'14f3    0xfa  Code  Gb  hc32f460_dmac.o [20]
DMA_Cmd                    0x2'14a5    0x4e  Code  Gb  hc32f460_dmac.o [20]
DMA_GetTransferCnt         0x2'19b5    0x60  Code  Gb  hc32f460_dmac.o [20]
DMA_InitChannel            0x2'1d4f   0x202  Code  Gb  hc32f460_dmac.o [20]
DMA_SetDesAddress          0x2'184d    0xa0  Code  Gb  hc32f460_dmac.o [20]
DMA_SetTransferCnt         0x2'18ed    0xc8  Code  Gb  hc32f460_dmac.o [20]
DMA_SetTriggerSrc          0x2'1a25    0x56  Code  Gb  hc32f460_dmac.o [20]
Ddl_AssertHandler          0x1'a64b     0x2  Code  Wk  hc32f460_utility.o [20]
Ddl_Delay1ms               0x1'73e5    0x28  Code  Gb  hc32f460_utility.o [20]
Ddl_Delay1us               0x1'740d    0x38  Code  Gb  hc32f460_utility.o [20]
DebugMon_Handler           0x1'ca59     0x8  Code  Gb  hc32f460_interrupts.o [20]
Dma1Btc0IrqCallback        0x1'9361    0x1c  Code  Lc  drv_USART.o [27]
Dma1Btc1IrqCallback        0x1'937d    0x1c  Code  Lc  drv_USART.o [27]
Dma1Btc2IrqCallback        0x1'9399    0x1c  Code  Lc  drv_USART.o [27]
Dma1Btc3IrqCallback        0x1'93b5    0x1c  Code  Lc  drv_USART.o [27]
Dma1Init                   0x1'93d1   0x200  Code  Lc  drv_USART.o [27]
DmaChEnState            0x2000'682c     0x1  Data  Lc  hc32f460_dmac.o [20]
Dtentox                    0x2'2fc9   0x1d8  Code  Lc  strto64.o [30]
EC200U_4G_Module_Configuration_Init
                           0x1'625d   0xb2e  Code  Gb  4G_EC200U.o [1]
EC200U_4G_Module_Configuration_Init::ucRetryCnt
                        0x2000'681d     0x1  Data  Lc  4G_EC200U.o [1]
EC200U_4G_Module_GPIO_Init
                           0x1'42c5    0x58  Code  Gb  4G_EC200U.o [1]
EFM_Lock                   0x3'2133    0x14  Code  Gb  hc32f460_efm.o [20]
EFM_SetLatency             0x3'2147    0x5c  Code  Gb  hc32f460_efm.o [20]
EFM_Unlock                 0x3'2121    0x12  Code  Gb  hc32f460_efm.o [20]
EPSINON                    0x3'5fd8     0x4  Data  Lc  drv_RTC.o [24]
EXINT_Init                 0x2'2dd9    0xa0  Code  Gb  hc32f460_exint_nmi_swi.o [20]
EXINT_IrqFlgClr            0x2'2f13    0x12  Code  Gb  hc32f460_exint_nmi_swi.o [20]
EXINT_IrqFlgGet            0x2'2e79    0x9a  Code  Gb  hc32f460_exint_nmi_swi.o [20]
ExtInt01_Callback          0x2'5579    0xa6  Code  Gb  Photosensitive_XYC_ALS.o [12]
ExtInt07_Callback          0x3'2615    0x9a  Code  Gb  Magnetic_Bar.o [8]
ExtInt13_Callback          0x3'247d    0x12  Code  Gb  Lora_TP1109.o [6]
Float_reg_rw_mode          0x2'5e81    0x94  Code  Gb  ModbusRTU.o [10]
GetSystemPara              0x1'a595     0x4  Code  Gb  User_Data.o [17]
HRC_VALUE               0x2000'02f8     0x4  Data  Gb  system_hc32f460.o [19]
HardFault_Handler          0x1'ca31     0x8  Code  Gb  hc32f460_interrupts.o [20]
I2C_AckConfig              0x3'0395    0x56  Code  Gb  hc32f460_i2c.o [20]
I2C_BaudrateConfig         0x2'fddd   0x228  Code  Gb  hc32f460_i2c.o [20]
I2C_BusWaitCmd             0x3'0183    0x6a  Code  Gb  hc32f460_i2c.o [20]
I2C_ClearStatus            0x3'0299    0x36  Code  Gb  hc32f460_i2c.o [20]
I2C_Cmd                    0x3'012d    0x56  Code  Gb  hc32f460_i2c.o [20]
I2C_DeInit                 0x3'0005    0x40  Code  Gb  hc32f460_i2c.o [20]
I2C_GenerateReStart        0x2'fd37    0x52  Code  Gb  hc32f460_i2c.o [20]
I2C_GenerateStart          0x2'fce5    0x52  Code  Gb  hc32f460_i2c.o [20]
I2C_GenerateStop           0x2'fd89    0x52  Code  Gb  hc32f460_i2c.o [20]
I2C_GetStatus              0x3'01ed    0xa0  Code  Gb  hc32f460_i2c.o [20]
I2C_Init                   0x3'004d    0xd6  Code  Gb  hc32f460_i2c.o [20]
I2C_MasterDataReceiveAndStop
                           0x3'0601    0xd4  Code  Gb  hc32f460_i2c.o [20]
I2C_ReadData               0x3'035d    0x2e  Code  Gb  hc32f460_i2c.o [20]
I2C_Restart                0x3'044b    0x4c  Code  Gb  hc32f460_i2c.o [20]
I2C_SoftwareResetCmd       0x3'02cf    0x56  Code  Gb  hc32f460_i2c.o [20]
I2C_Start                  0x3'03eb    0x60  Code  Gb  hc32f460_i2c.o [20]
I2C_Stop                   0x3'06d5    0x56  Code  Gb  hc32f460_i2c.o [20]
I2C_TransAddr              0x3'0497    0xcc  Code  Gb  hc32f460_i2c.o [20]
I2C_TransData              0x3'0563    0x9e  Code  Gb  hc32f460_i2c.o [20]
I2C_WaitStatus             0x2'fca5    0x40  Code  Gb  hc32f460_i2c.o [20]
I2C_WriteData              0x3'0325    0x30  Code  Gb  hc32f460_i2c.o [20]
I2C_XYC_ALS_Master_Receive
                           0x2'caa5    0xd4  Code  Gb  drv_IIC.o [22]
I2C_XYC_ALS_Master_Transmit
                           0x2'ca21    0x78  Code  Gb  drv_IIC.o [22]
IRQ000_Handler             0x1'ca71    0x12  Code  Gb  hc32f460_interrupts.o [20]
IRQ001_Handler             0x1'ca83    0x12  Code  Gb  hc32f460_interrupts.o [20]
IRQ002_Handler             0x1'ca95    0x12  Code  Gb  hc32f460_interrupts.o [20]
IRQ003_Handler             0x1'caa7    0x12  Code  Gb  hc32f460_interrupts.o [20]
IRQ004_Handler             0x1'cab9    0x12  Code  Gb  hc32f460_interrupts.o [20]
IRQ005_Handler             0x1'cacb    0x12  Code  Gb  hc32f460_interrupts.o [20]
IRQ006_Handler             0x1'cadd    0x12  Code  Gb  hc32f460_interrupts.o [20]
IRQ007_Handler             0x1'caef    0x12  Code  Gb  hc32f460_interrupts.o [20]
IRQ008_Handler             0x1'cb01    0x12  Code  Gb  hc32f460_interrupts.o [20]
IRQ009_Handler             0x1'cb13    0x12  Code  Gb  hc32f460_interrupts.o [20]
IRQ010_Handler             0x1'cb25    0x12  Code  Gb  hc32f460_interrupts.o [20]
IRQ011_Handler             0x1'cb37    0x12  Code  Gb  hc32f460_interrupts.o [20]
IRQ012_Handler             0x1'cb49    0x12  Code  Gb  hc32f460_interrupts.o [20]
IRQ013_Handler             0x1'cb5b    0x12  Code  Gb  hc32f460_interrupts.o [20]
IRQ014_Handler             0x1'cb6d    0x12  Code  Gb  hc32f460_interrupts.o [20]
IRQ015_Handler             0x1'cb7f    0x12  Code  Gb  hc32f460_interrupts.o [20]
IRQ016_Handler             0x1'cb91    0x12  Code  Gb  hc32f460_interrupts.o [20]
IRQ017_Handler             0x1'cba3    0x12  Code  Gb  hc32f460_interrupts.o [20]
IRQ018_Handler             0x1'cbb5    0x12  Code  Gb  hc32f460_interrupts.o [20]
IRQ019_Handler             0x1'cbc7    0x12  Code  Gb  hc32f460_interrupts.o [20]
IRQ020_Handler             0x1'cbd9    0x12  Code  Gb  hc32f460_interrupts.o [20]
IRQ021_Handler             0x1'cbeb    0x12  Code  Gb  hc32f460_interrupts.o [20]
IRQ022_Handler             0x1'cbfd    0x12  Code  Gb  hc32f460_interrupts.o [20]
IRQ023_Handler             0x1'cc0f    0x12  Code  Gb  hc32f460_interrupts.o [20]
IRQ024_Handler             0x1'cc21    0x12  Code  Gb  hc32f460_interrupts.o [20]
IRQ025_Handler             0x1'cc33    0x12  Code  Gb  hc32f460_interrupts.o [20]
IRQ026_Handler             0x1'cc45    0x12  Code  Gb  hc32f460_interrupts.o [20]
IRQ027_Handler             0x1'cc57    0x12  Code  Gb  hc32f460_interrupts.o [20]
IRQ028_Handler             0x1'cc69    0x12  Code  Gb  hc32f460_interrupts.o [20]
IRQ029_Handler             0x1'cc7b    0x12  Code  Gb  hc32f460_interrupts.o [20]
IRQ030_Handler             0x1'cc8d    0x12  Code  Gb  hc32f460_interrupts.o [20]
IRQ031_Handler             0x1'cc9f    0x12  Code  Gb  hc32f460_interrupts.o [20]
IRQ032_Handler             0x1'ccb1    0x16  Code  Gb  hc32f460_interrupts.o [20]
IRQ033_Handler             0x1'ccc7    0x16  Code  Gb  hc32f460_interrupts.o [20]
IRQ034_Handler             0x1'ccdd    0x16  Code  Gb  hc32f460_interrupts.o [20]
IRQ035_Handler             0x1'ccf3    0x16  Code  Gb  hc32f460_interrupts.o [20]
IRQ036_Handler             0x1'cd09    0x16  Code  Gb  hc32f460_interrupts.o [20]
IRQ037_Handler             0x1'cd1f    0x16  Code  Gb  hc32f460_interrupts.o [20]
IRQ038_Handler             0x1'cd35    0x16  Code  Gb  hc32f460_interrupts.o [20]
IRQ039_Handler             0x1'cd4b    0x16  Code  Gb  hc32f460_interrupts.o [20]
IRQ040_Handler             0x1'cd61    0x16  Code  Gb  hc32f460_interrupts.o [20]
IRQ041_Handler             0x1'cd77    0x16  Code  Gb  hc32f460_interrupts.o [20]
IRQ042_Handler             0x1'cd8d    0x16  Code  Gb  hc32f460_interrupts.o [20]
IRQ043_Handler             0x1'cda3    0x16  Code  Gb  hc32f460_interrupts.o [20]
IRQ044_Handler             0x1'cdb9    0x16  Code  Gb  hc32f460_interrupts.o [20]
IRQ045_Handler             0x1'cdcf    0x16  Code  Gb  hc32f460_interrupts.o [20]
IRQ046_Handler             0x1'cde5    0x16  Code  Gb  hc32f460_interrupts.o [20]
IRQ047_Handler             0x1'cdfb    0x16  Code  Gb  hc32f460_interrupts.o [20]
IRQ048_Handler             0x1'ce11    0x16  Code  Gb  hc32f460_interrupts.o [20]
IRQ049_Handler             0x1'ce27    0x16  Code  Gb  hc32f460_interrupts.o [20]
IRQ050_Handler             0x1'ce3d    0x16  Code  Gb  hc32f460_interrupts.o [20]
IRQ051_Handler             0x1'ce53    0x16  Code  Gb  hc32f460_interrupts.o [20]
IRQ052_Handler             0x1'ce69    0x16  Code  Gb  hc32f460_interrupts.o [20]
IRQ053_Handler             0x1'ce7f    0x16  Code  Gb  hc32f460_interrupts.o [20]
IRQ054_Handler             0x1'ce95    0x16  Code  Gb  hc32f460_interrupts.o [20]
IRQ055_Handler             0x1'ceab    0x16  Code  Gb  hc32f460_interrupts.o [20]
IRQ056_Handler             0x1'cec1    0x16  Code  Gb  hc32f460_interrupts.o [20]
IRQ057_Handler             0x1'ced7    0x16  Code  Gb  hc32f460_interrupts.o [20]
IRQ058_Handler             0x1'ceed    0x16  Code  Gb  hc32f460_interrupts.o [20]
IRQ059_Handler             0x1'cf03    0x16  Code  Gb  hc32f460_interrupts.o [20]
IRQ060_Handler             0x1'cf19    0x16  Code  Gb  hc32f460_interrupts.o [20]
IRQ061_Handler             0x1'cf2f    0x16  Code  Gb  hc32f460_interrupts.o [20]
IRQ062_Handler             0x1'cf45    0x16  Code  Gb  hc32f460_interrupts.o [20]
IRQ063_Handler             0x1'cf5b    0x16  Code  Gb  hc32f460_interrupts.o [20]
IRQ064_Handler             0x1'cf71    0x16  Code  Gb  hc32f460_interrupts.o [20]
IRQ065_Handler             0x1'cf87    0x16  Code  Gb  hc32f460_interrupts.o [20]
IRQ066_Handler             0x1'cf9d    0x16  Code  Gb  hc32f460_interrupts.o [20]
IRQ067_Handler             0x1'cfb3    0x16  Code  Gb  hc32f460_interrupts.o [20]
IRQ068_Handler             0x1'cfc9    0x16  Code  Gb  hc32f460_interrupts.o [20]
IRQ069_Handler             0x1'cfdf    0x16  Code  Gb  hc32f460_interrupts.o [20]
IRQ070_Handler             0x1'cff5    0x16  Code  Gb  hc32f460_interrupts.o [20]
IRQ071_Handler             0x1'd00b    0x16  Code  Gb  hc32f460_interrupts.o [20]
IRQ072_Handler             0x1'd021    0x16  Code  Gb  hc32f460_interrupts.o [20]
IRQ073_Handler             0x1'd037    0x16  Code  Gb  hc32f460_interrupts.o [20]
IRQ074_Handler             0x1'd04d    0x16  Code  Gb  hc32f460_interrupts.o [20]
IRQ075_Handler             0x1'd063    0x16  Code  Gb  hc32f460_interrupts.o [20]
IRQ076_Handler             0x1'd079    0x16  Code  Gb  hc32f460_interrupts.o [20]
IRQ077_Handler             0x1'd08f    0x16  Code  Gb  hc32f460_interrupts.o [20]
IRQ078_Handler             0x1'd0a5    0x14  Code  Gb  hc32f460_interrupts.o [20]
IRQ079_Handler             0x1'd0b9    0x14  Code  Gb  hc32f460_interrupts.o [20]
IRQ080_Handler             0x1'd0cd    0x14  Code  Gb  hc32f460_interrupts.o [20]
IRQ081_Handler             0x1'd0e1    0x14  Code  Gb  hc32f460_interrupts.o [20]
IRQ082_Handler             0x1'd0f5    0x14  Code  Gb  hc32f460_interrupts.o [20]
IRQ083_Handler             0x1'd109    0x14  Code  Gb  hc32f460_interrupts.o [20]
IRQ084_Handler             0x1'd11d    0x14  Code  Gb  hc32f460_interrupts.o [20]
IRQ085_Handler             0x1'd131    0x14  Code  Gb  hc32f460_interrupts.o [20]
IRQ086_Handler             0x1'd145    0x14  Code  Gb  hc32f460_interrupts.o [20]
IRQ087_Handler             0x1'd159    0x14  Code  Gb  hc32f460_interrupts.o [20]
IRQ088_Handler             0x1'd16d    0x14  Code  Gb  hc32f460_interrupts.o [20]
IRQ089_Handler             0x1'd181    0x14  Code  Gb  hc32f460_interrupts.o [20]
IRQ090_Handler             0x1'd195    0x14  Code  Gb  hc32f460_interrupts.o [20]
IRQ091_Handler             0x1'd1a9    0x14  Code  Gb  hc32f460_interrupts.o [20]
IRQ092_Handler             0x1'd1bd    0x14  Code  Gb  hc32f460_interrupts.o [20]
IRQ093_Handler             0x1'd1d1    0x14  Code  Gb  hc32f460_interrupts.o [20]
IRQ094_Handler             0x1'd1e5    0x14  Code  Gb  hc32f460_interrupts.o [20]
IRQ095_Handler             0x1'd1f9    0x14  Code  Gb  hc32f460_interrupts.o [20]
IRQ096_Handler             0x1'd20d    0x14  Code  Gb  hc32f460_interrupts.o [20]
IRQ097_Handler             0x1'd221    0x14  Code  Gb  hc32f460_interrupts.o [20]
IRQ098_Handler             0x1'd235    0x14  Code  Gb  hc32f460_interrupts.o [20]
IRQ099_Handler             0x1'd249    0x14  Code  Gb  hc32f460_interrupts.o [20]
IRQ100_Handler             0x1'd25d    0x14  Code  Gb  hc32f460_interrupts.o [20]
IRQ101_Handler             0x1'd271    0x14  Code  Gb  hc32f460_interrupts.o [20]
IRQ102_Handler             0x1'd285    0x14  Code  Gb  hc32f460_interrupts.o [20]
IRQ103_Handler             0x1'd299    0x14  Code  Gb  hc32f460_interrupts.o [20]
IRQ104_Handler             0x1'd2ad    0x14  Code  Gb  hc32f460_interrupts.o [20]
IRQ105_Handler             0x1'd2c1    0x14  Code  Gb  hc32f460_interrupts.o [20]
IRQ106_Handler             0x1'd2d5    0x14  Code  Gb  hc32f460_interrupts.o [20]
IRQ107_Handler             0x1'd2e9    0x14  Code  Gb  hc32f460_interrupts.o [20]
IRQ108_Handler             0x1'd305    0x14  Code  Gb  hc32f460_interrupts.o [20]
IRQ109_Handler             0x1'd319    0x14  Code  Gb  hc32f460_interrupts.o [20]
IRQ110_Handler             0x1'd32d    0x14  Code  Gb  hc32f460_interrupts.o [20]
IRQ111_Handler             0x1'd345    0x14  Code  Gb  hc32f460_interrupts.o [20]
IRQ112_Handler             0x1'd359    0x14  Code  Gb  hc32f460_interrupts.o [20]
IRQ113_Handler             0x1'd371    0x14  Code  Gb  hc32f460_interrupts.o [20]
IRQ114_Handler             0x1'd385    0x14  Code  Gb  hc32f460_interrupts.o [20]
IRQ115_Handler             0x1'd399    0x14  Code  Gb  hc32f460_interrupts.o [20]
IRQ116_Handler             0x1'd3ad    0x14  Code  Gb  hc32f460_interrupts.o [20]
IRQ117_Handler             0x1'd3c1    0x14  Code  Gb  hc32f460_interrupts.o [20]
IRQ118_Handler             0x1'd3d5    0x14  Code  Gb  hc32f460_interrupts.o [20]
IRQ119_Handler             0x1'd3e9    0x14  Code  Gb  hc32f460_interrupts.o [20]
IRQ120_Handler             0x1'd3fd    0x14  Code  Gb  hc32f460_interrupts.o [20]
IRQ121_Handler             0x1'd415    0x14  Code  Gb  hc32f460_interrupts.o [20]
[...]
func_BY_BlackLight_Camera_Test_CMD
                           0x2'71f9    0x9a  Code  Gb  ModbusRTU.o [10]
func_BlackLight_Sensor_Dispose
                           0x2'7785   0x1ea  Code  Gb  ModbusRTU.o [10]
func_BlackLight_Sensor_Dispose::enCameraType
                        0x2000'0305     0x1  Data  Lc  ModbusRTU.o [10]
func_BlackLight_Sensor_Dispose::enMoveType
                        0x2000'0306     0x1  Data  Lc  ModbusRTU.o [10]
func_Board_Power_And_Control_GPIO_Init
                           0x3'1bb1   0x154  Code  Gb  main.o [28]
func_COD_View_Show         0x2'ea1d   0x164  Code  Gb  Display.o [11]
func_COND_View_Show        0x2'e8ad   0x16e  Code  Gb  Display.o [11]
func_Connect_Server_Status_View_Show
                           0x2'e4c9    0x78  Code  Gb  Display.o [11]
func_DateTime_Battery_Status_View_Show
                           0x2'e02d   0x22c  Code  Gb  Display.o [11]
func_DeviceStart_Sensor_PowerUp_Dispose
                           0x1'fc3b    0x26  Code  Gb  Mainloop.o [9]
func_Device_ID_PD_View_Show
                           0x2'f58f    0xe2  Code  Gb  Display.o [11]
func_Device_Parameter_Factory_Reset
                           0x1'8c59    0xe6  Code  Gb  drv_Storage_W25Q128.o [16]
func_Device_Parameter_Init
                           0x1'8bd5    0x80  Code  Gb  drv_Storage_W25Q128.o [16]
func_Device_SW_HW_View_Show
                           0x2'f671    0xaa  Code  Gb  Display.o [11]
func_Device_Status_View_Show
                           0x2'e259   0x1e2  Code  Gb  Display.o [11]
func_Display_128x64        0x2'44bd    0x88  Code  Gb  OLED.o [11]
func_EC200U_4G_PownDown_Deinit
                           0x1'4281    0x44  Code  Gb  4G_EC200U.o [1]
func_Enter_LowPower_Stop_Mode
                           0x1'f96f    0xda  Code  Gb  Mainloop.o [9]
func_Flow_View_Show        0x2'e701   0x1a2  Code  Gb  Display.o [11]
func_GPSData_View_Show     0x2'f481   0x10e  Code  Gb  Display.o [11]
func_Get_DataUploadCMD_Data
                           0x1'4809  0x155c  Code  Gb  4G_EC200U.o [1]
func_Get_DevRegCMD_Data
                           0x1'431d   0x47c  Code  Gb  4G_EC200U.o [1]
func_Get_DevStatusCMD_Data
                           0x1'5ed1   0x34c  Code  Gb  4G_EC200U.o [1]
func_Get_DevStatusData     0x1'5d69   0x164  Code  Gb  4G_EC200U.o [1]
func_Get_Device_MeasData_Record
                           0x1'8b5b    0x1a  Code  Gb  drv_Storage_W25Q128.o [16]
func_Get_Device_Sensors_Value
                           0x1'fc65   0x29a  Code  Gb  Mainloop.o [9]
func_Get_Device_Sensors_Value::ucChangeCnt
                        0x2000'6834     0x1  Data  Lc  Mainloop.o [9]
func_Get_Device_Sensors_Value::ucRetryCnt
                        0x2000'6833     0x1  Data  Lc  Mainloop.o [9]
func_Get_GetConfigResult_CMD
                           0x2'9569   0x648  Code  Gb  MQTT_SK.o [7]
func_Get_MBCRC16           0x2'5bcd    0x40  Code  Gb  ModbusRTU.o [10]
func_Get_Meas_BY_Integrated_Conductivity_Sensor_Value
                           0x2'610f   0x17e  Code  Gb  ModbusRTU.o [10]
func_Get_Meas_BY_Pressure_Level_Sensor_Value
                           0x2'63e9   0x110  Code  Gb  ModbusRTU.o [10]
func_Get_Meas_BY_Radar_Level_Sensor_Value
                           0x2'6291   0x158  Code  Gb  ModbusRTU.o [10]
func_Get_Meas_HX_Flow_Sensor_Value
                           0x2'6db3   0x19a  Code  Gb  ModbusRTU.o [10]
func_Get_Meas_HX_Radar_Ultrasonic_Flow_Sensor_Value
                           0x2'6bb1   0x202  Code  Gb  ModbusRTU.o [10]
func_Get_Meas_HX_WaterQuality_COD_Sensor_Value
                           0x2'6f51   0x1ea  Code  Gb  ModbusRTU.o [10]
func_Get_Meas_HZ_Radar_Level_Sensor_Value
                           0x2'6991   0x214  Code  Gb  ModbusRTU.o [10]
func_Get_Meas_HZ_Radar_Ultrasonic_Flow_Sensor_Value
                           0x2'650d   0x480  Code  Gb  ModbusRTU.o [10]
func_Get_Photo_Data        0x2'7377   0x11a  Code  Gb  ModbusRTU.o [10]
func_Get_Server_MQTT_Dispose
                           0x2'06ad    0x9c  Code  Gb  Mainloop.o [9]
func_Get_SetConfigResult_CMD
                           0x2'83e9    0x62  Code  Gb  MQTT_SK.o [7]
func_LowPower_Stop_Mode_Init
                           0x1'fa49    0x4c  Code  Gb  Mainloop.o [9]
func_MQTT_SK_Init          0x2'a0c1     0xc  Code  Gb  MQTT_SK.o [7]
func_Mainloop_Init         0x1'f953     0xe  Code  Gb  Mainloop.o [9]
func_Meas_Sensor_Dispose
                           0x2'7495   0x2f0  Code  Gb  ModbusRTU.o [10]
func_Meas_Sensor_PowerDown_DeInit
                           0x1'fb19    0x8c  Code  Gb  Mainloop.o [9]
func_Meas_Sensor_PowerOn_Init
                           0x1'fa95    0x84  Code  Gb  Mainloop.o [9]
func_Meas_Sensor_Value_View_Show
                           0x2'f3c1    0xba  Code  Gb  Display.o [11]
func_Measure_Data_View_Show
                           0x2'ebd7   0x1f6  Code  Gb  Display.o [11]
func_Measure_WaterLevel_View_Show
                           0x2'edd5   0x32a  Code  Gb  Display.o [11]
func_Measure_Water_Quality_View_Show
                           0x2'f109   0x2b8  Code  Gb  Display.o [11]
func_NFC_Check_Dispose     0x1'fba5    0x96  Code  Gb  Mainloop.o [9]
func_NoSensor_View_Show
                           0x2'eb8d    0x4a  Code  Gb  Display.o [11]
func_Not_Certified_View_Show
                           0x2'e44d    0x7c  Code  Gb  Display.o [11]
func_OLED_PowerDown_DeInit
                           0x2'435d    0x64  Code  Gb  OLED.o [11]
func_OLED_PowerUp_Init     0x2'4249   0x114  Code  Gb  OLED.o [11]
func_OTS_Temperature_GetValue
                           0x2'79e9    0x14  Code  Gb  drv_OTS_Temperature.o [23]
func_PowerOn_View_Show     0x2'f729    0x60  Code  Gb  Display.o [11]
func_RF_NFC_PowerDown_DeInit
                           0x2'4d09    0x66  Code  Gb  RF_NFC.o [13]
func_RXNTTL518_Init        0x2'4f75    0x34  Code  Gb  RXNTTL518.o [14]
func_ReadPhoto_XYC_ALS_Data
                           0x2'5865    0x58  Code  Gb  Photosensitive_XYC_ALS.o [12]
func_Read_RXNTTL518_Version
                           0x2'4ec3     0xe  Code  Gb  RXNTTL518.o [14]
func_Rts_Control_And_SendData
                           0x2'604d    0xc2  Code  Gb  ModbusRTU.o [10]
func_Save_Device_MeasData
                           0x1'8b3d    0x1e  Code  Gb  drv_Storage_W25Q128.o [16]
func_Save_Device_MeasRecord_Dispose
                           0x1'ff29   0x462  Code  Gb  Mainloop.o [9]
func_Save_Device_MeasRecord_Dispose::ucSaveRecordFlag
                        0x2000'6835     0x1  Data  Lc  Mainloop.o [9]
func_Save_Device_Parameter
                           0x1'8091   0xaac  Code  Gb  drv_Storage_W25Q128.o [16]
func_Search_Card           0x2'4ed1    0xa4  Code  Gb  RXNTTL518.o [14]
func_Send_CMD              0x2'4dd7    0xec  Code  Gb  RXNTTL518.o [14]
func_Set_BlackLight_Move_AT_CMD
                           0x2'713b    0xb4  Code  Gb  ModbusRTU.o [10]
func_Set_Camera_Photo_CMD
                           0x2'7293    0xe4  Code  Gb  ModbusRTU.o [10]
func_SystemPara_Init       0x1'a599    0x16  Code  Gb  User_Data.o [17]
func_System_Mainloop_Dispose
                           0x2'074d   0x2bc  Code  Gb  Mainloop.o [9]
func_System_Soft_Reset     0x1'f961     0xe  Code  Gb  Mainloop.o [9]
func_WatchDog_Refresh      0x1'92ab    0x1e  Code  Gb  WatchDog.o [18]
func_WaterLevel_View_Show
                           0x2'e541   0x1c0  Code  Gb  Display.o [11]
func_diplay_NFCCheck_Menu
                           0x2'dfb1    0x7a  Code  Gb  Display.o [11]
func_display_Authorize_Menu
                           0x2'df21    0x90  Code  Gb  Display.o [11]
func_display_PowerOn_Menu
                           0x2'df11    0x10  Code  Gb  Display.o [11]
func_display_string        0x2'454d   0x7a8  Code  Gb  OLED.o [11]
func_sprintf_metricsystem
                           0x2'd925   0x426  Code  Gb  Display.o [11]
gE_4G_Module_Init_CMD   0x2000'681c     0x1  Data  Gb  4G_EC200U.o [1]
gSt_DevMeasRecordData   0x2000'66e0    0x2c  Data  Gb  User_Data.o [17]
gSt_systemPara          0x2000'0308  0x4dd8  Data  Lc  User_Data.o [17]
g_ATE_CMD               0x2000'02ec     0x8  Data  Lc  BT_TB05.o [2]
g_AT_CMD                0x2000'02f4     0x4  Data  Lc  BT_TB05.o [2]
g_AT_RESET_CMD          0x2000'02b8    0x20  Data  Lc  BT_TB05.o [2]
g_AT_SSID_CMD           0x2000'0294    0x24  Data  Lc  BT_TB05.o [2]
g_Ble_SSID              0x2000'02d8    0x14  Data  Gb  BT_TB05.o [2]
g_sSKLogo_New              0x3'3a70   0x400  Data  Gb  Font.o [11]
g_sint8_Font_16x10_12864
                           0x3'2be8   0x5a0  Data  Gb  Font.o [11]
g_sint8_Font_16x12_12864
                           0x3'13e4   0x708  Data  Gb  Font.o [11]
g_sint8_Font_6x12_AsciiDot
                           0x3'3188   0x4c8  Data  Gb  Font.o [11]
gc_SystemPosi           0x2000'683e     0x1  Data  Gb  User_Data.o [17]
gfunc_DateString_process
                           0x2'dd55   0x1bc  Code  Gb  Display.o [11]
gfunc_Modbus_Matching      0x2'b339   0x188  Code  Gb  ModbusRTU_Device_BT.o [10]
gs_DeviceDefaultPara    0x2000'0000   0x108  Data  Gb  User_Data.o [17]
guc_ERR13DelayCnt       0x2000'6820     0x1  Data  Gb  BT_TB05.o [2]
guc_LcdDipRevesAttr     0x2000'683c     0x1  Data  Gb  User_Data.o [17]
guc_NFCPWRInitFlag      0x2000'683a     0x1  Data  Gb  User_Data.o [17]
guc_NFC_Card_Flag       0x2000'683d     0x1  Data  Gb  User_Data.o [17]
guc_NFC_Card_ID         0x2000'0108    0x8c  Data  Gb  RXNTTL518.o [14]
guc_OLED_Buf            0x2000'60e0   0x400  Data  Gb  User_Data.o [17]
guc_RTURecvArr          0x2000'6798    0x14  Data  Gb  User_Data.o [17]
guc_SystemPowerInitFlag
                        0x2000'683b     0x1  Data  Gb  User_Data.o [17]
guc_TextBDData          0x2000'6784    0x14  Data  Gb  User_Data.o [17]
guc_W25Q128_Buf         0x2000'50e0  0x1000  Data  Gb  drv_Storage_W25Q128.o [16]
isalpha                    0x2'2f69    0x14  Code  Gb  isalpha.o [29]
isspace                    0x2'2f55    0x14  Code  Gb  isspace.o [29]
lcd_address                0x2'43c1    0x28  Code  Gb  OLED.o [11]
ldexp                      0x2'332d          Code  Gb  ldexp.o [30]
ldexpl                     0x2'332d          Code  Gb  ldexp.o [30]
lmos                       0x1'e2d4    0x18  Data  Lc  xDaysTo64.o [29]
lnbias                     0x3'3650   0x420  Data  Lc  pow64.o [30]
localeconv                 0x2'2fbd     0x4  Code  Gb  xlocale_c.o [29]
m_au16Adc1Value         0x2000'6738    0x24  Data  Lc  drv_ADC.o [21]
m_au16Adc2Value         0x2000'675c    0x14  Data  Lc  drv_ADC.o [21]
m_f32OffsetM            0x2000'67d8     0x4  Data  Lc  hc32f460_ots.o [20]
m_f32SlopeK             0x2000'67d4     0x4  Data  Lc  hc32f460_ots.o [20]
m_stcSysclkCfg          0x2000'67ac     0x8  Data  Lc  main.o [28]
main                       0x3'1d05   0x3e6  Code  Gb  main.o [28]
main::ucMonitorFlag     0x2000'6831     0x1  Data  Lc  main.o [28]
main::ucRetryCnt        0x2000'6832     0x1  Data  Lc  main.o [28]
memchr                     0x2'3705          Code  Gb  memchr.o [31]
memcmp                     0x2'2c61          Code  Gb  memcmp.o [31]
mktime                     0x1'7b3d    0xe0  Code  Gb  mktime64.o [29]
mos                        0x1'e2ec    0x18  Data  Lc  xDaysTo64.o [29]
nackFlag                0x2000'6821     0x1  Data  Gb  drv_IIC.o [22]
ndigs                      0x3'4940    0x28  Data  Lc  iar_Stoulx.o [29]
ndigs                      0x3'4990    0x28  Data  Lc  iar_Stoullx.o [29]
pfnNmiCallback          0x2000'67d0     0x4  Data  Lc  hc32f460_exint_nmi_swi.o [20]
pow                        0x3'0801   0x68c  Code  Gb  pow64.o [30]
powl                       0x3'0801   0x68c  Code  Gb  pow64.o [30]
pows                       0x3'4eb8    0x48  Data  Lc  strto64.o [30]
prveMBError2Exception      0x2'a19d    0x26  Code  Gb  ModbusRTU_Device_BT.o [10]
pst_BDSystemPara        0x2000'67dc     0x4  Data  Lc  LC86L_BD.o [3]
pst_BTSystemPara        0x2000'67b8     0x4  Data  Lc  BT_TB05.o [2]
pst_EC200USystemPara    0x2000'67b4     0x4  Data  Lc  4G_EC200U.o [1]
pst_LoraSystemPara      0x2000'67e0     0x4  Data  Lc  Lora_TP1109.o [6]
pst_MBSystemPara        0x2000'67f0     0x4  Data  Gb  ModbusRTU.o [10]
pst_MQTTSystemPara      0x2000'67fc     0x4  Data  Lc  MQTT_SK.o [7]
pst_MagSystemPara       0x2000'67e4     0x4  Data  Lc  Magnetic_Bar.o [8]
pst_MainSystemPara      0x2000'67e8     0x4  Data  Lc  main.o [28]
pst_MainloopSystemPara  0x2000'67ec     0x4  Data  Lc  Mainloop.o [9]
pst_OLEDSystemPara      0x2000'6800     0x4  Data  Gb  OLED.o [11]
pst_PhotoSystemPara     0x2000'6804     0x4  Data  Lc  Photosensitive_XYC_ALS.o [12]
pst_RTCSystemPara       0x2000'67bc     0x4  Data  Lc  drv_RTC.o [24]
pst_RXNTTLSystemPara    0x2000'6808     0x4  Data  Lc  RXNTTL518.o [14]
pst_SC7A20SystemPara    0x2000'67c0     0x4  Data  Lc  drv_SC7A20H.o [15]
pst_TimerSystemPara     0x2000'67c8     0x4  Data  Lc  drv_Timer.o [26]
pst_UsartSystemPara     0x2000'67cc     0x4  Data  Lc  drv_USART.o [27]
pst_W25Q128SystemPara   0x2000'67c4     0x4  Data  Gb  drv_Storage_W25Q128.o [16]
pucSndBufferCur         0x2000'67f4     0x4  Data  Lc  ModbusRTU_Device_BT.o [10]
ranmatch                   0x1'dfe7    0x46  Code  Lc  xscanffull_nomb.o [29]
scalbln                    0x2'332d          Code  Gb  ldexp.o [30]
scalblnl                   0x2'332d          Code  Gb  ldexp.o [30]
scalbn                     0x2'332d          Code  Gb  ldexp.o [30]
scalbnl                    0x2'332d          Code  Gb  ldexp.o [30]
scale                      0x1'f08b    0x46  Code  Lc  xprintflarge_nomb.o [29]
sec_hand                0x2000'6810     0x4  Data  Lc  xfail_s.o [29]
sprintf                    0x1'7c1d    0x40  Code  Gb  sprintf.o [29]
sqrt                       0x2'cc35          Code  Gb  sqrt.o [30]
sqrtl                      0x2'cc35          Code  Gb  sqrt.o [30]
sscanf                     0x1'7b15    0x28  Code  Gb  sscanf.o [29]
strcat                     0x1'7c93    0x1e  Code  Gb  strcat.o [29]
strchr                     0x1'd4a5          Code  Gb  strchr.o [31]
strcmp                     0x2'0a49          Code  Gb  strcmp.o [31]
strcpy                     0x1'9265          Code  Gb  strcpy.o [31]
strcspn                    0x3'0eaf    0x22  Code  Gb  strcspn.o [29]
strlen                     0x1'7c5d          Code  Gb  strlen.o [31]
strncmp                    0x2'cbf9    0x2a  Code  Gb  strncmp.o [29]
strspn                     0x3'0e8d    0x22  Code  Gb  strspn.o [29]
strstr                     0x2'7a31    0x2c  Code  Gb  strstr.o [29]
strtok                     0x2'faf1    0x4c  Code  Gb  strtok.o [29]
strtoll                    0x2'36bd     0x2  Code  Gb  iar_Stollx.o [29]
strtoull                   0x2'3615     0x2  Code  Gb  iar_Stoullx.o [29]
tolower                    0x2'bd39    0x14  Code  Gb  tolower.o [29]
u32ICG                        0x400    0x20  Data  Gb  hc32f460_icg.o [20]
u8HrcState              0x2000'682d     0x1  Data  Gb  hc32f460_pwc.o [20]
u8MrcState              0x2000'682e     0x1  Data  Gb  hc32f460_pwc.o [20]
u8StopFlag              0x2000'6830     0x1  Data  Gb  hc32f460_pwc.o [20]
u8SysClkSrc             0x2000'0304     0x1  Data  Gb  hc32f460_pwc.o [20]
u8WkupIntCnt            0x2000'682f     0x1  Data  Gb  hc32f460_pwc.o [20]
usRcvBufferPos          0x2000'6818     0x2  Data  Lc  ModbusRTU_Device_BT.o [10]
xFuncHandlers           0x2000'0194    0x80  Data  Lc  ModbusRTU_Device_BT.o [10]


[1] = D:\Myself\WorkProcess\SK\HC32F460_WorkProcess\example\Source\Pipe_Monitor\Pipe_Monitor_App\EWARM\output\debug\Obj\4G_EC200U_8582873453978518366.dir
[2] = D:\Myself\WorkProcess\SK\HC32F460_WorkProcess\example\Source\Pipe_Monitor\Pipe_Monitor_App\EWARM\output\debug\Obj\BT_TB05_12041724360499981866.dir
[3] = D:\Myself\WorkProcess\SK\HC32F460_WorkProcess\example\Source\Pipe_Monitor\Pipe_Monitor_App\EWARM\output\debug\Obj\LC86L_BD_9822625824417385734.dir
[4] = D:\Myself\WorkProcess\SK\HC32F460_WorkProcess\example\Source\Pipe_Monitor\Pipe_Monitor_App\EWARM\output\debug\Obj\LKT4202_1925765440156868983.dir
[5] = D:\Myself\WorkProcess\SK\HC32F460_WorkProcess\example\Source\Pipe_Monitor\Pipe_Monitor_App\EWARM\output\debug\Obj\LoRa_RA02_5139138412578801246.dir
[6] = D:\Myself\WorkProcess\SK\HC32F460_WorkProcess\example\Source\Pipe_Monitor\Pipe_Monitor_App\EWARM\output\debug\Obj\Lora_TP1109_151720617378073083.dir
[7] = D:\Myself\WorkProcess\SK\HC32F460_WorkProcess\example\Source\Pipe_Monitor\Pipe_Monitor_App\EWARM\output\debug\Obj\MQTT_SK_4724149239023757000.dir
[8] = D:\Myself\WorkProcess\SK\HC32F460_WorkProcess\example\Source\Pipe_Monitor\Pipe_Monitor_App\EWARM\output\debug\Obj\Magnetic_Bar_17520218520042908049.dir
[9] = D:\Myself\WorkProcess\SK\HC32F460_WorkProcess\example\Source\Pipe_Monitor\Pipe_Monitor_App\EWARM\output\debug\Obj\Mainloop_18272944273632151421.dir
[10] = D:\Myself\WorkProcess\SK\HC32F460_WorkProcess\example\Source\Pipe_Monitor\Pipe_Monitor_App\EWARM\output\debug\Obj\ModbusRTU_17682219295068567368.dir
[11] = D:\Myself\WorkProcess\SK\HC32F460_WorkProcess\example\Source\Pipe_Monitor\Pipe_Monitor_App\EWARM\output\debug\Obj\OLED_13473777563621607307.dir
[12] = D:\Myself\WorkProcess\SK\HC32F460_WorkProcess\example\Source\Pipe_Monitor\Pipe_Monitor_App\EWARM\output\debug\Obj\Photosensitive_XYC_ALS_28064708180949255.dir
[13] = D:\Myself\WorkProcess\SK\HC32F460_WorkProcess\example\Source\Pipe_Monitor\Pipe_Monitor_App\EWARM\output\debug\Obj\RF_NFC_10628150809568064830.dir
[14] = D:\Myself\WorkProcess\SK\HC32F460_WorkProcess\example\Source\Pipe_Monitor\Pipe_Monitor_App\EWARM\output\debug\Obj\RXNTTL518_17808510930951076202.dir
[15] = D:\Myself\WorkProcess\SK\HC32F460_WorkProcess\example\Source\Pipe_Monitor\Pipe_Monitor_App\EWARM\output\debug\Obj\SC7A20H_13085057635104233901.dir
[16] = D:\Myself\WorkProcess\SK\HC32F460_WorkProcess\example\Source\Pipe_Monitor\Pipe_Monitor_App\EWARM\output\debug\Obj\Storage_W25Q128_4738127093883701884.dir
[17] = D:\Myself\WorkProcess\SK\HC32F460_WorkProcess\example\Source\Pipe_Monitor\Pipe_Monitor_App\EWARM\output\debug\Obj\User_Data_5391006662705040797.dir
[18] = D:\Myself\WorkProcess\SK\HC32F460_WorkProcess\example\Source\Pipe_Monitor\Pipe_Monitor_App\EWARM\output\debug\Obj\WatchDog_9188475617120297074.dir
[19] = D:\Myself\WorkProcess\SK\HC32F460_WorkProcess\example\Source\Pipe_Monitor\Pipe_Monitor_App\EWARM\output\debug\Obj\common_14919461937644757070.dir
[20] = D:\Myself\WorkProcess\SK\HC32F460_WorkProcess\example\Source\Pipe_Monitor\Pipe_Monitor_App\EWARM\output\debug\Obj\driver_11944700488488147666.dir
[21] = D:\Myself\WorkProcess\SK\HC32F460_WorkProcess\example\Source\Pipe_Monitor\Pipe_Monitor_App\EWARM\output\debug\Obj\drv_ADC_15186207816091091275.dir
[22] = D:\Myself\WorkProcess\SK\HC32F460_WorkProcess\example\Source\Pipe_Monitor\Pipe_Monitor_App\EWARM\output\debug\Obj\drv_IIC_18060258103304213159.dir
[23] = D:\Myself\WorkProcess\SK\HC32F460_WorkProcess\example\Source\Pipe_Monitor\Pipe_Monitor_App\EWARM\output\debug\Obj\drv_OTS_Temperature_13039655784802445445.dir
[24] = D:\Myself\WorkProcess\SK\HC32F460_WorkProcess\example\Source\Pipe_Monitor\Pipe_Monitor_App\EWARM\output\debug\Obj\drv_RTC_2577979922006117733.dir
[25] = D:\Myself\WorkProcess\SK\HC32F460_WorkProcess\example\Source\Pipe_Monitor\Pipe_Monitor_App\EWARM\output\debug\Obj\drv_SPI_4333388098947449637.dir
[26] = D:\Myself\WorkProcess\SK\HC32F460_WorkProcess\example\Source\Pipe_Monitor\Pipe_Monitor_App\EWARM\output\debug\Obj\drv_Timer_6973001687617930806.dir
[27] = D:\Myself\WorkProcess\SK\HC32F460_WorkProcess\example\Source\Pipe_Monitor\Pipe_Monitor_App\EWARM\output\debug\Obj\drv_USART_14144334009435087269.dir
[28] = D:\Myself\WorkProcess\SK\HC32F460_WorkProcess\example\Source\Pipe_Monitor\Pipe_Monitor_App\EWARM\output\debug\Obj\source_5634686896477721948.dir
[29] = dl7M_tlf.a
[30] = m7M_tls.a
[31] = rt7M_tl.a
[32] = shb_l.a

  124'613 bytes of readonly  code memory
   14'992 bytes of readonly  data memory (+ 32 absolute)
   34'878 bytes of readwrite data memory

Errors: none
Warnings: none
