###############################################################################
#
# IAR ELF Linker V9.40.1.364/W64 for ARM                  13/Nov/2025  10:54:04
# Copyright 2007-2023 IAR Systems AB.
#
#    Output file  =
#        D:\Myself\WorkProcess\SK\HC32F460_WorkProcess\example\Source\Pipe_Monitor\Pipe_Monitor_App\EWARM\output\debug\Exe\Pipe_Monitor_App.out
#    Map file     =
#        D:\Myself\WorkProcess\SK\HC32F460_WorkProcess\example\Source\Pipe_Monitor\Pipe_Monitor_App\EWARM\output\debug\List\Pipe_Monitor_App.map
#    Command line =
#        -f
#        D:\Myself\WorkProcess\SK\HC32F460_WorkProcess\example\Source\Pipe_Monitor\Pipe_Monitor_App\EWARM\output\debug\Exe\Pipe_Monitor_App.out.rsp
#        (D:\Myself\WorkProcess\SK\HC32F460_WorkProcess\example\Source\Pipe_Monitor\Pipe_Monitor_App\EWARM\output\debug\Obj\4G_EC200U_8582873453978518366.dir\4G_EC200U.o
#        D:\Myself\WorkProcess\SK\HC32F460_WorkProcess\example\Source\Pipe_Monitor\Pipe_Monitor_App\EWARM\output\debug\Obj\BT_TB05_12041724360499981866.dir\BT_TB05.o
#        D:\Myself\WorkProcess\SK\HC32F460_WorkProcess\example\Source\Pipe_Monitor\Pipe_Monitor_App\EWARM\output\debug\Obj\OLED_13473777563621607307.dir\Display.o
#        D:\Myself\WorkProcess\SK\HC32F460_WorkProcess\example\Source\Pipe_Monitor\Pipe_Monitor_App\EWARM\output\debug\Obj\drv_ADC_15186207816091091275.dir\drv_ADC.o
#        D:\Myself\WorkProcess\SK\HC32F460_WorkProcess\example\Source\Pipe_Monitor\Pipe_Monitor_App\EWARM\output\debug\Obj\drv_IIC_18060258103304213159.dir\drv_IIC.o
#        D:\Myself\WorkProcess\SK\HC32F460_WorkProcess\example\Source\Pipe_Monitor\Pipe_Monitor_App\EWARM\output\debug\Obj\LKT4202_1925765440156868983.dir\drv_LKT4202.o
#        D:\Myself\WorkProcess\SK\HC32F460_WorkProcess\example\Source\Pipe_Monitor\Pipe_Monitor_App\EWARM\output\debug\Obj\drv_OTS_Temperature_13039655784802445445.dir\drv_OTS_Temperature.o
#        D:\Myself\WorkProcess\SK\HC32F460_WorkProcess\example\Source\Pipe_Monitor\Pipe_Monitor_App\EWARM\output\debug\Obj\drv_RTC_2577979922006117733.dir\drv_RTC.o
#        D:\Myself\WorkProcess\SK\HC32F460_WorkProcess\example\Source\Pipe_Monitor\Pipe_Monitor_App\EWARM\output\debug\Obj\SC7A20H_13085057635104233901.dir\drv_SC7A20H.o
#        D:\Myself\WorkProcess\SK\HC32F460_WorkProcess\example\Source\Pipe_Monitor\Pipe_Monitor_App\EWARM\output\debug\Obj\drv_SPI_4333388098947449637.dir\drv_SPI.o
#        D:\Myself\WorkProcess\SK\HC32F460_WorkProcess\example\Source\Pipe_Monitor\Pipe_Monitor_App\EWARM\output\debug\Obj\Storage_W25Q128_4738127093883701884.dir\drv_Storage_W25Q128.o
#        D:\Myself\WorkProcess\SK\HC32F460_WorkProcess\example\Source\Pipe_Monitor\Pipe_Monitor_App\EWARM\output\debug\Obj\drv_Timer_6973001687617930806.dir\drv_Timer.o
#        D:\Myself\WorkProcess\SK\HC32F460_WorkProcess\example\Source\Pipe_Monitor\Pipe_Monitor_App\EWARM\output\debug\Obj\drv_USART_14144334009435087269.dir\drv_USART.o
#        D:\Myself\WorkProcess\SK\HC32F460_WorkProcess\example\Source\Pipe_Monitor\Pipe_Monitor_App\EWARM\output\debug\Obj\RF_NFC_10628150809568064830.dir\fm175xx.o
#        D:\Myself\WorkProcess\SK\HC32F460_WorkProcess\example\Source\Pipe_Monitor\Pipe_Monitor_App\EWARM\output\debug\Obj\OLED_13473777563621607307.dir\Font.o
#        D:\Myself\WorkProcess\SK\HC32F460_WorkProcess\example\Source\Pipe_Monitor\Pipe_Monitor_App\EWARM\output\debug\Obj\driver_11944700488488147666.dir\hc32f460_adc.o
#        D:\Myself\WorkProcess\SK\HC32F460_WorkProcess\example\Source\Pipe_Monitor\Pipe_Monitor_App\EWARM\output\debug\Obj\driver_11944700488488147666.dir\hc32f460_clk.o
#        D:\Myself\WorkProcess\SK\HC32F460_WorkProcess\example\Source\Pipe_Monitor\Pipe_Monitor_App\EWARM\output\debug\Obj\driver_11944700488488147666.dir\hc32f460_dmac.o
#        D:\Myself\WorkProcess\SK\HC32F460_WorkProcess\example\Source\Pipe_Monitor\Pipe_Monitor_App\EWARM\output\debug\Obj\driver_11944700488488147666.dir\hc32f460_efm.o
#        D:\Myself\WorkProcess\SK\HC32F460_WorkProcess\example\Source\Pipe_Monitor\Pipe_Monitor_App\EWARM\output\debug\Obj\driver_11944700488488147666.dir\hc32f460_event_port.o
#        D:\Myself\WorkProcess\SK\HC32F460_WorkProcess\example\Source\Pipe_Monitor\Pipe_Monitor_App\EWARM\output\debug\Obj\driver_11944700488488147666.dir\hc32f460_exint_nmi_swi.o
#        D:\Myself\WorkProcess\SK\HC32F460_WorkProcess\example\Source\Pipe_Monitor\Pipe_Monitor_App\EWARM\output\debug\Obj\driver_11944700488488147666.dir\hc32f460_gpio.o
#        D:\Myself\WorkProcess\SK\HC32F460_WorkProcess\example\Source\Pipe_Monitor\Pipe_Monitor_App\EWARM\output\debug\Obj\driver_11944700488488147666.dir\hc32f460_i2c.o
#        D:\Myself\WorkProcess\SK\HC32F460_WorkProcess\example\Source\Pipe_Monitor\Pipe_Monitor_App\EWARM\output\debug\Obj\driver_11944700488488147666.dir\hc32f460_icg.o
#        D:\Myself\WorkProcess\SK\HC32F460_WorkProcess\example\Source\Pipe_Monitor\Pipe_Monitor_App\EWARM\output\debug\Obj\driver_11944700488488147666.dir\hc32f460_interrupts.o
#        D:\Myself\WorkProcess\SK\HC32F460_WorkProcess\example\Source\Pipe_Monitor\Pipe_Monitor_App\EWARM\output\debug\Obj\driver_11944700488488147666.dir\hc32f460_keyscan.o
#        D:\Myself\WorkProcess\SK\HC32F460_WorkProcess\example\Source\Pipe_Monitor\Pipe_Monitor_App\EWARM\output\debug\Obj\driver_11944700488488147666.dir\hc32f460_ots.o
#        D:\Myself\WorkProcess\SK\HC32F460_WorkProcess\example\Source\Pipe_Monitor\Pipe_Monitor_App\EWARM\output\debug\Obj\driver_11944700488488147666.dir\hc32f460_pwc.o
#        D:\Myself\WorkProcess\SK\HC32F460_WorkProcess\example\Source\Pipe_Monitor\Pipe_Monitor_App\EWARM\output\debug\Obj\driver_11944700488488147666.dir\hc32f460_rtc.o
#        D:\Myself\WorkProcess\SK\HC32F460_WorkProcess\example\Source\Pipe_Monitor\Pipe_Monitor_App\EWARM\output\debug\Obj\driver_11944700488488147666.dir\hc32f460_spi.o
#        D:\Myself\WorkProcess\SK\HC32F460_WorkProcess\example\Source\Pipe_Monitor\Pipe_Monitor_App\EWARM\output\debug\Obj\driver_11944700488488147666.dir\hc32f460_sram.o
#        D:\Myself\WorkProcess\SK\HC32F460_WorkProcess\example\Source\Pipe_Monitor\Pipe_Monitor_App\EWARM\output\debug\Obj\driver_11944700488488147666.dir\hc32f460_timer0.o
#        D:\Myself\WorkProcess\SK\HC32F460_WorkProcess\example\Source\Pipe_Monitor\Pipe_Monitor_App\EWARM\output\debug\Obj\driver_11944700488488147666.dir\hc32f460_timer4_cnt.o
#        D:\Myself\WorkProcess\SK\HC32F460_WorkProcess\example\Source\Pipe_Monitor\Pipe_Monitor_App\EWARM\output\debug\Obj\driver_11944700488488147666.dir\hc32f460_timer4_oco.o
#        D:\Myself\WorkProcess\SK\HC32F460_WorkProcess\example\Source\Pipe_Monitor\Pipe_Monitor_App\EWARM\output\debug\Obj\driver_11944700488488147666.dir\hc32f460_usart.o
#        D:\Myself\WorkProcess\SK\HC32F460_WorkProcess\example\Source\Pipe_Monitor\Pipe_Monitor_App\EWARM\output\debug\Obj\driver_11944700488488147666.dir\hc32f460_utility.o
#        D:\Myself\WorkProcess\SK\HC32F460_WorkProcess\example\Source\Pipe_Monitor\Pipe_Monitor_App\EWARM\output\debug\Obj\driver_11944700488488147666.dir\hc32f460_wdt.o
#        D:\Myself\WorkProcess\SK\HC32F460_WorkProcess\example\Source\Pipe_Monitor\Pipe_Monitor_App\EWARM\output\debug\Obj\LC86L_BD_9822625824417385734.dir\LC86L_BD.o
#        D:\Myself\WorkProcess\SK\HC32F460_WorkProcess\example\Source\Pipe_Monitor\Pipe_Monitor_App\EWARM\output\debug\Obj\LoRa_RA02_5139138412578801246.dir\LoRa_RA02.o
#        D:\Myself\WorkProcess\SK\HC32F460_WorkProcess\example\Source\Pipe_Monitor\Pipe_Monitor_App\EWARM\output\debug\Obj\Lora_TP1109_151720617378073083.dir\Lora_TP1109.o
#        D:\Myself\WorkProcess\SK\HC32F460_WorkProcess\example\Source\Pipe_Monitor\Pipe_Monitor_App\EWARM\output\debug\Obj\Magnetic_Bar_17520218520042908049.dir\Magnetic_Bar.o
#        D:\Myself\WorkProcess\SK\HC32F460_WorkProcess\example\Source\Pipe_Monitor\Pipe_Monitor_App\EWARM\output\debug\Obj\source_5634686896477721948.dir\main.o
#        D:\Myself\WorkProcess\SK\HC32F460_WorkProcess\example\Source\Pipe_Monitor\Pipe_Monitor_App\EWARM\output\debug\Obj\Mainloop_18272944273632151421.dir\Mainloop.o
#        D:\Myself\WorkProcess\SK\HC32F460_WorkProcess\example\Source\Pipe_Monitor\Pipe_Monitor_App\EWARM\output\debug\Obj\RF_NFC_10628150809568064830.dir\mifare_card.o
#        D:\Myself\WorkProcess\SK\HC32F460_WorkProcess\example\Source\Pipe_Monitor\Pipe_Monitor_App\EWARM\output\debug\Obj\ModbusRTU_17682219295068567368.dir\ModbusRTU.o
#        D:\Myself\WorkProcess\SK\HC32F460_WorkProcess\example\Source\Pipe_Monitor\Pipe_Monitor_App\EWARM\output\debug\Obj\ModbusRTU_17682219295068567368.dir\ModbusRTU_Device_BT.o
#        D:\Myself\WorkProcess\SK\HC32F460_WorkProcess\example\Source\Pipe_Monitor\Pipe_Monitor_App\EWARM\output\debug\Obj\MQTT_SK_4724149239023757000.dir\MQTT_SK.o
#        D:\Myself\WorkProcess\SK\HC32F460_WorkProcess\example\Source\Pipe_Monitor\Pipe_Monitor_App\EWARM\output\debug\Obj\OLED_13473777563621607307.dir\OLED.o
#        D:\Myself\WorkProcess\SK\HC32F460_WorkProcess\example\Source\Pipe_Monitor\Pipe_Monitor_App\EWARM\output\debug\Obj\Photosensitive_XYC_ALS_28064708180949255.dir\Photosensitive_XYC_ALS.o
#        D:\Myself\WorkProcess\SK\HC32F460_WorkProcess\example\Source\Pipe_Monitor\Pipe_Monitor_App\EWARM\output\debug\Obj\RF_NFC_10628150809568064830.dir\RF_NFC.o
#        D:\Myself\WorkProcess\SK\HC32F460_WorkProcess\example\Source\Pipe_Monitor\Pipe_Monitor_App\EWARM\output\debug\Obj\RXNTTL518_17808510930951076202.dir\RXNTTL518.o
#        D:\Myself\WorkProcess\SK\HC32F460_WorkProcess\example\Source\Pipe_Monitor\Pipe_Monitor_App\EWARM\output\debug\Obj\common_14919461937644757070.dir\startup_hc32f460.o
#        D:\Myself\WorkProcess\SK\HC32F460_WorkProcess\example\Source\Pipe_Monitor\Pipe_Monitor_App\EWARM\output\debug\Obj\common_14919461937644757070.dir\system_hc32f460.o
#        D:\Myself\WorkProcess\SK\HC32F460_WorkProcess\example\Source\Pipe_Monitor\Pipe_Monitor_App\EWARM\output\debug\Obj\RF_NFC_10628150809568064830.dir\type_a.o
#        D:\Myself\WorkProcess\SK\HC32F460_WorkProcess\example\Source\Pipe_Monitor\Pipe_Monitor_App\EWARM\output\debug\Obj\RF_NFC_10628150809568064830.dir\type_b.o
#        D:\Myself\WorkProcess\SK\HC32F460_WorkProcess\example\Source\Pipe_Monitor\Pipe_Monitor_App\EWARM\output\debug\Obj\User_Data_5391006662705040797.dir\User_Data.o
#        D:\Myself\WorkProcess\SK\HC32F460_WorkProcess\example\Source\Pipe_Monitor\Pipe_Monitor_App\EWARM\output\debug\Obj\WatchDog_9188475617120297074.dir\WatchDog.o
#        --no_out_extension -o
#        D:\Myself\WorkProcess\SK\HC32F460_WorkProcess\example\Source\Pipe_Monitor\Pipe_Monitor_App\EWARM\output\debug\Exe\Pipe_Monitor_App.out
#        --map
#        D:\Myself\WorkProcess\SK\HC32F460_WorkProcess\example\Source\Pipe_Monitor\Pipe_Monitor_App\EWARM\output\debug\List\Pipe_Monitor_App.map
#        --config
#        D:\Myself\WorkProcess\SK\HC32F460_WorkProcess\example\Source\Pipe_Monitor\Pipe_Monitor_App\EWARM\HC32F460xE.icf
#        --semihosting --entry __iar_program_start --redirect
#        __write=__write_buffered --vfe --text_out locale --cpu=Cortex-M4
#        --fpu=VFPv4_sp) --dependencies=n
#        D:\Myself\WorkProcess\SK\HC32F460_WorkProcess\example\Source\Pipe_Monitor\Pipe_Monitor_App\EWARM\output\debug\Exe\Pipe_Monitor_App.out.iar_deps
#
###############################################################################

*******************************************************************************
*** RUNTIME MODEL ATTRIBUTES
***

CppFlavor       = *
__CPP_Runtime   = 1
__SystemLibrary = DLib
__dlib_version  = 6


*******************************************************************************
*** HEAP SELECTION
***

The basic heap was selected because --advanced_heap
was not specified and the application did not appear to
be primarily optimized for speed.


*******************************************************************************
*** PLACEMENT SUMMARY
***

"A0":  place at address 0x1'4000 { ro section .intvec };
"P1":  place in [from 0x1'4000 to 0x7'ffff] |
                [from 0x300'0c00 to 0x300'0ffb] { ro };
define block CSTACK with size = 8K, alignment = 8 { };
define block HEAP with size = 8K, alignment = 8 { };
"P2":  place in [from 0x1fff'8000 to 0x1fff'ffff] |
                [from 0x2000'0000 to 0x2000'ffff repeat 2] |
                [from 0x2002'0000 to 0x2002'6fff] |
                [from 0x200f'0000 to 0x200f'0fff] {
          rw, block CSTACK, block HEAP };
initialize by copy { rw };

  Section            Kind         Address      Size  Object
  -------            ----         -------      ----  ------
Absolute sections:                             0x20
  .rodata            const          0x400      0x20  hc32f460_icg.o [20]
                                  - 0x420      0x20

"A0":                                         0x280
  .intvec            ro code     0x1'4000     0x280  startup_hc32f460.o [19]
                               - 0x1'4280     0x280

"P1":                                      0x2'2ed6
  .text              ro code     0x1'4280    0x3370  4G_EC200U.o [1]
  .text              ro code     0x1'75f0      0x66  ABImemset.o [31]
  .text              ro code     0x1'7656      0x1e  xsscin.o [29]
  .text              ro code     0x1'7674     0x4d8  hc32f460_gpio.o [20]
  .text              ro code     0x1'7b4c      0x6c  hc32f460_utility.o [20]
  .text              ro code     0x1'7bb8     0x6bc  drv_RTC.o [24]
  .text              ro code     0x1'8274      0x28  sscanf.o [29]
  .text              ro code     0x1'829c      0xe0  mktime64.o [29]
  .text              ro code     0x1'837c      0x40  sprintf.o [29]
  .text              ro code     0x1'83bc      0x36  strlen.o [31]
  .text              ro code     0x1'83f2      0x1e  strcat.o [29]
  .text              ro code     0x1'8410      0xa6  ABImemcpy.o [31]
  .text              ro code     0x1'84b6       0xa  xsprout.o [29]
  .text              ro code     0x1'84c0    0x104c  drv_Storage_W25Q128.o [16]
  .text              ro code     0x1'950c      0x48  FltToDbl.o [30]
  .text              ro code     0x1'9554     0x25e  DblAddSub.o [30]
  .rodata            const       0x1'97b2       0x2  drv_LKT4202.o [4]
  .text              ro code     0x1'97b4      0x1c  U32ToDbl.o [30]
  .text              ro code     0x1'97d0     0x246  DblDiv.o [30]
  .rodata            const       0x1'9a16       0x2  drv_LKT4202.o [4]
  .text              ro code     0x1'9a18      0x18  strcpy.o [31]
  .text              ro code     0x1'9a30      0x4c  WatchDog.o [18]
  .text              ro code     0x1'9a7c    0x12cc  drv_USART.o [27]
  .text              ro code     0x1'ad48      0xb6  User_Data.o [17]
  .text              ro code     0x1'adfe       0x2  hc32f460_utility.o [20]
  .text              ro code     0x1'ae00     0xa10  hc32f460_pwc.o [20]
  .text              ro code     0x1'b810     0xffc  hc32f460_clk.o [20]
  .text              ro code     0x1'c80c      0x68  DblToFlt.o [30]
  .text              ro code     0x1'c874     0x8a4  hc32f460_rtc.o [20]
  .text              ro code     0x1'd118     0xb40  hc32f460_interrupts.o [20]
  .text              ro code     0x1'dc58      0x16  strchr.o [31]
  .rodata            const       0x1'dc6e       0x2  drv_LKT4202.o [4]
  .text              ro code     0x1'dc70     0xd7c  xscanffull_nomb.o [29]
  .text              ro code     0x1'e9ec      0xcc  xDaysTo64.o [29]
  .text              ro code     0x1'eab8     0x15c  xttotm64.o [29]
  .text              ro code     0x1'ec14       0x4  xTzoff_nop.o [29]
  .text              ro code     0x1'ec18     0xd1a  xprintflarge_nomb.o [29]
  .rodata            const       0x1'f932       0x2  drv_LKT4202.o [4]
  .text              ro code     0x1'f934     0x7b4  hc32f460_spi.o [20]
  .text              ro code     0x2'00e8    0x1238  Mainloop.o [9]
  .text              ro code     0x2'1320      0x12  strcmp.o [31]
  .rodata            const       0x2'1332       0x2  drv_LKT4202.o [4]
  .text              ro code     0x2'1334     0xa48  hc32f460_usart.o [20]
  .text              ro code     0x2'1d7c     0xac0  hc32f460_dmac.o [20]
  .text              ro code     0x2'283c     0x934  hc32f460_timer0.o [20]
  .text              ro code     0x2'3170     0x3c8  BT_TB05.o [2]
  .text              ro code     0x2'3538      0x68  memcmp.o [31]
  .text              ro code     0x2'35a0     0x110  system_hc32f460.o [19]
  .text              ro code     0x2'36b0     0x17c  hc32f460_exint_nmi_swi.o [20]
  .text              ro code     0x2'382c      0x14  isspace.o [29]
  .text              ro code     0x2'3840      0x14  isalpha.o [29]
  .text              ro code     0x2'3854      0x4c  xlocale_c.o [29]
  .text              ro code     0x2'38a0     0x362  strto64.o [30]
  .rodata            const       0x2'3c02       0x2  drv_LKT4202.o [4]
  .text              ro code     0x2'3c04     0x13a  ldexp.o [30]
  .rodata            const       0x2'3d3e       0x2  xlocale_c.o [29]
  .text              ro code     0x2'3d40     0x1b2  iar_Stoullx.o [29]
  .rodata            const       0x2'3ef2       0x2  xlocale_c.o [29]
  .text              ro code     0x2'3ef4      0xa6  iar_Stollx.o [29]
  .rodata            const       0x2'3f9a       0x1  xlocale_c.o [29]
  .text              ro code     0x2'3f9c      0x40  xfail_s.o [29]
  .text              ro code     0x2'3fdc      0x58  memchr.o [31]
  .text              ro code     0x2'4034     0x274  I64DivMod.o [31]
  .text              ro code     0x2'42a8       0x6  xisdst_nop64.o [29]
  .text              ro code     0x2'42b0      0x70  frexp.o [30]
  .text              ro code     0x2'4320      0x22  DblToU32.o [30]
  .text              ro code     0x2'4344     0x1aa  DblMul.o [30]
  .text              ro code     0x2'44f0     0x454  drv_ADC.o [21]
  .text              ro code     0x2'4944     0xc9c  OLED.o [11]
  .text              ro code     0x2'55e0      0x66  RF_NFC.o [13]
  .text              ro code     0x2'5648     0x244  RXNTTL518.o [14]
  .text              ro code     0x2'588c     0x560  LC86L_BD.o [3]
  .text              ro code     0x2'5dec     0x3ac  Photosensitive_XYC_ALS.o [12]
  .text              ro code     0x2'6198     0x2da  drv_SC7A20H.o [15]
  .text              ro code     0x2'6474      0x34  DblCmpLe.o [30]
  .text              ro code     0x2'64a8    0x226c  ModbusRTU.o [10]
  .text              ro code     0x2'8714      0x74  drv_OTS_Temperature.o [23]
  .text              ro code     0x2'8788      0x34  DblCmpGe.o [30]
  .text              ro code     0x2'87bc      0x2c  strstr.o [29]
  .text              ro code     0x2'87e8     0x9ec  drv_Timer.o [26]
  .text              ro code     0x2'91d4    0x1d0c  MQTT_SK.o [7]
  .text              ro code     0x2'aee0    0x1688  ModbusRTU_Device_BT.o [10]
  .text              ro code     0x2'c568     0x122  iar_Stopfx.o [29]
  .text              ro code     0x2'c68c     0x1b8  iar_Stoflt.o [29]
  .text              ro code     0x2'c844      0x22  S32ToDbl.o [30]
  .text              ro code     0x2'c868     0x208  iar_Stoxflt.o [29]
  .text              ro code     0x2'ca70      0x14  tolower.o [29]
  .text              ro code     0x2'ca84       0x6  abort.o [29]
  .text              ro code     0x2'ca8c       0x2  I64DivZer.o [31]
  .text              ro code     0x2'ca90     0x578  hc32f460_adc.o [20]
  .text              ro code     0x2'd008     0x928  drv_IIC.o [22]
  .text              ro code     0x2'd930      0x2a  strncmp.o [29]
  .text              ro code     0x2'd95c     0x102  sqrt.o [30]
  .text              ro code     0x2'da60      0x2a  math_wrappers64.o [30]
  .text              ro code     0x2'da8c      0x36  DblToS32.o [30]
  .text              ro code     0x2'dac4      0x46  U64ToDbl.o [30]
  .text              ro code     0x2'db0c     0x180  hc32f460_ots.o [20]
  .text              ro code     0x2'dc8c     0x9d0  hc32f460_timer4_oco.o [20]
  .text              ro code     0x2'e65c    0x1e64  Display.o [11]
  .text              ro code     0x3'04c0     0x368  hc32f460_timer4_cnt.o [20]
  .text              ro code     0x3'0828      0x4c  strtok.o [29]
  .text              ro code     0x3'0874     0x152  iar_Stoulx.o [29]
  .text              ro code     0x3'09c8      0x14  exit.o [32]
  .text              ro code     0x3'09dc     0xaa0  hc32f460_i2c.o [20]
  .text              ro code     0x3'147c      0xbc  atan64.o [30]
  .text              ro code     0x3'1538     0x68c  pow64.o [30]
  .text              ro code     0x3'1bc4      0x22  strspn.o [29]
  .text              ro code     0x3'1be6      0x22  strcspn.o [29]
  .text              ro code     0x3'1c08     0x1c8  iar_Atan64.o [30]
  .text              ro code     0x3'1dd0      0x20  DblCmpEq.o [30]
  .text              ro code     0x3'1df0     0x32c  iar_Exp64.o [30]
  .rodata            const       0x3'211c     0x708  Font.o [11]
  .text              ro code     0x3'2824     0x648  main.o [28]
  .text              ro code     0x3'2e6c      0x90  hc32f460_efm.o [20]
  .text              ro code     0x3'2efc     0x188  hc32f460_sram.o [20]
  .text              ro code     0x3'3084      0xdc  drv_SPI.o [25]
  .text              ro code     0x3'3160     0x198  Lora_TP1109.o [6]
  .text              ro code     0x3'32f8     0x1e4  Magnetic_Bar.o [8]
  .text              ro code     0x3'34dc     0x644  drv_LKT4202.o [4]
  .rodata            const       0x3'3b20     0x5a0  Font.o [11]
  .rodata            const       0x3'40c0     0x4c8  Font.o [11]
  .rodata            const       0x3'4588     0x420  pow64.o [30]
  .rodata            const       0x3'49a8     0x400  Font.o [11]
  .rodata            const       0x3'4da8     0x230  ModbusRTU_Device_BT.o [10]
  .rodata            const       0x3'4fd8     0x200  ModbusRTU.o [10]
  .rodata            const       0x3'51d8     0x200  RXNTTL518.o [14]
  .rodata            const       0x3'53d8     0x100  ModbusRTU.o [10]
  .rodata            const       0x3'54d8     0x100  ModbusRTU.o [10]
  .text              ro code     0x3'55d8      0xa2  packbits_init.o [31]
  .rodata            const       0x3'567c      0x68  4G_EC200U.o [1]
  .rodata            const       0x3'56e4      0x64  4G_EC200U.o [1]
  .rodata            const       0x3'5748      0x54  hc32f460_exint_nmi_swi.o [20]
  .rodata            const       0x3'579c      0x54  MQTT_SK.o [7]
  .rodata            const       0x3'57f0      0x50  hc32f460_interrupts.o [20]
  .rodata            const       0x3'5840      0x50  hc32f460_timer4_cnt.o [20]
  .rodata            const       0x3'5890      0x50  hc32f460_timer4_oco.o [20]
  .rodata            const       0x3'58e0      0x50  iar_Stoulx.o [29]
  .rodata            const       0x3'5930      0x50  iar_Stoullx.o [29]
  .rodata            const       0x3'5980      0x4c  4G_EC200U.o [1]
  .rodata            const       0x3'59cc      0x4c  4G_EC200U.o [1]
  .rodata            const       0x3'5a18      0x4c  hc32f460_dmac.o [20]
  .rodata            const       0x3'5a64      0x4c  hc32f460_gpio.o [20]
  .rodata            const       0x3'5ab0      0x4c  hc32f460_sram.o [20]
  .rodata            const       0x3'5afc      0x4c  hc32f460_timer0.o [20]
  .rodata            const       0x3'5b48      0x4c  hc32f460_usart.o [20]
  .rodata            const       0x3'5b94      0x48  hc32f460_adc.o [20]
  .rodata            const       0x3'5bdc      0x48  hc32f460_clk.o [20]
  .rodata            const       0x3'5c24      0x48  hc32f460_efm.o [20]
  .rodata            const       0x3'5c6c      0x48  hc32f460_i2c.o [20]
  .rodata            const       0x3'5cb4      0x48  hc32f460_ots.o [20]
  .rodata            const       0x3'5cfc      0x48  hc32f460_pwc.o [20]
  .rodata            const       0x3'5d44      0x48  hc32f460_rtc.o [20]
  .rodata            const       0x3'5d8c      0x48  hc32f460_spi.o [20]
  .rodata            const       0x3'5dd4      0x48  MQTT_SK.o [7]
  .rodata            const       0x3'5e1c      0x3c  4G_EC200U.o [1]
  .rodata            const       0x3'5e58      0x48  strto64.o [30]
  .text              ro code     0x3'5ea0      0x44  startup_hc32f460.o [19]
  .rodata            const       0x3'5ee4      0x3c  4G_EC200U.o [1]
  .rodata            const       0x3'5f20      0x40  iar_Atan64.o [30]
  .rodata            const       0x3'5f60      0x3c  MQTT_SK.o [7]
  .rodata            const       0x3'5f9c      0x3c  MQTT_SK.o [7]
  .rodata            const       0x3'5fd8      0x38  4G_EC200U.o [1]
  .rodata            const       0x3'6010      0x38  4G_EC200U.o [1]
  .rodata            const       0x3'6048      0x38  4G_EC200U.o [1]
  .rodata            const       0x3'6080      0x38  4G_EC200U.o [1]
  .rodata            const       0x3'60b8      0x38  4G_EC200U.o [1]
  .rodata            const       0x3'60f0      0x38  MQTT_SK.o [7]
  .text              ro code     0x3'6128      0x38  zero_init3.o [31]
  .rodata            const       0x3'6160      0x34  4G_EC200U.o [1]
  .rodata            const       0x3'6194      0x34  MQTT_SK.o [7]
  .rodata            const       0x3'61c8      0x34  MQTT_SK.o [7]
  .rodata            const       0x3'61fc      0x34  MQTT_SK.o [7]
  .rodata            const       0x3'6230      0x34  MQTT_SK.o [7]
  .rodata            const       0x3'6264      0x28  4G_EC200U.o [1]
  .rodata            const       0x3'628c      0x28  4G_EC200U.o [1]
  .rodata            const       0x3'62b4      0x28  xscanffull_nomb.o [29]
  .text              ro code     0x3'62dc      0x28  data_init.o [31]
  .rodata            const       0x3'6304      0x24  4G_EC200U.o [1]
  .rodata            const       0x3'6328      0x24  xscanffull_nomb.o [29]
  .text              ro code     0x3'634c      0x22  fpinit_M.o [30]
  .iar.init_table    const       0x3'6370      0x34  - Linker created -
  .rodata            const       0x3'63a4      0x20  4G_EC200U.o [1]
  .rodata            const       0x3'63c4      0x20  4G_EC200U.o [1]
  .rodata            const       0x3'63e4      0x20  4G_EC200U.o [1]
  .rodata            const       0x3'6404      0x20  drv_LKT4202.o [4]
  .rodata            const       0x3'6424      0x20  drv_LKT4202.o [4]
  .rodata            const       0x3'6444      0x20  drv_RTC.o [24]
  .text              ro code     0x3'6464      0x1e  cmain.o [31]
  .text              ro code     0x3'6482       0x4  low_level_init.o [29]
  .text              ro code     0x3'6486       0x4  exit.o [29]
  .text              ro code     0x3'648c       0xa  cexit.o [31]
  .rodata            const       0x3'6498      0x1c  4G_EC200U.o [1]
  .rodata            const       0x3'64b4      0x1c  MQTT_SK.o [7]
  .rodata            const       0x3'64d0      0x1c  MQTT_SK.o [7]
  .text              ro code     0x3'64ec      0x1c  cstartup_M.o [31]
  .rodata            const       0x3'6508      0x18  4G_EC200U.o [1]
  .rodata            const       0x3'6520      0x18  MQTT_SK.o [7]
  .rodata            const       0x3'6538      0x18  MQTT_SK.o [7]
  .rodata            const       0x3'6550      0x18  MQTT_SK.o [7]
  .rodata            const       0x3'6568      0x18  MQTT_SK.o [7]
  .rodata            const       0x3'6580      0x18  MQTT_SK.o [7]
  .rodata            const       0x3'6598      0x18  MQTT_SK.o [7]
  .rodata            const       0x3'65b0      0x18  MQTT_SK.o [7]
  .rodata            const       0x3'65c8      0x18  MQTT_SK.o [7]
  .rodata            const       0x3'65e0      0x18  MQTT_SK.o [7]
  .rodata            const       0x3'65f8      0x18  MQTT_SK.o [7]
  .rodata            const       0x3'6610      0x18  MQTT_SK.o [7]
  .rodata            const       0x3'6628      0x14  4G_EC200U.o [1]
  .rodata            const       0x3'663c      0x14  4G_EC200U.o [1]
  .rodata            const       0x3'6650      0x14  4G_EC200U.o [1]
  .rodata            const       0x3'6664      0x14  4G_EC200U.o [1]
  .rodata            const       0x3'6678      0x14  4G_EC200U.o [1]
  .rodata            const       0x3'668c      0x14  4G_EC200U.o [1]
  .rodata            const       0x3'66a0      0x14  4G_EC200U.o [1]
  .rodata            const       0x3'66b4      0x14  4G_EC200U.o [1]
  .rodata            const       0x3'66c8      0x14  4G_EC200U.o [1]
  .rodata            const       0x3'66dc      0x14  4G_EC200U.o [1]
  .rodata            const       0x3'66f0      0x14  4G_EC200U.o [1]
  .rodata            const       0x3'6704      0x14  4G_EC200U.o [1]
  .rodata            const       0x3'6718      0x14  4G_EC200U.o [1]
  .rodata            const       0x3'672c      0x14  4G_EC200U.o [1]
  .rodata            const       0x3'6740      0x14  4G_EC200U.o [1]
  .rodata            const       0x3'6754      0x14  4G_EC200U.o [1]
  .rodata            const       0x3'6768      0x14  4G_EC200U.o [1]
  .rodata            const       0x3'677c      0x14  4G_EC200U.o [1]
  .rodata            const       0x3'6790      0x14  4G_EC200U.o [1]
  .rodata            const       0x3'67a4      0x14  4G_EC200U.o [1]
  .rodata            const       0x3'67b8      0x14  4G_EC200U.o [1]
  .rodata            const       0x3'67cc      0x14  4G_EC200U.o [1]
  .rodata            const       0x3'67e0      0x14  BT_TB05.o [2]
  .rodata            const       0x3'67f4      0x14  Mainloop.o [9]
  .rodata            const       0x3'6808      0x14  ModbusRTU.o [10]
  .rodata            const       0x3'681c      0x14  MQTT_SK.o [7]
  .rodata            const       0x3'6830      0x14  MQTT_SK.o [7]
  .rodata            const       0x3'6844      0x14  MQTT_SK.o [7]
  .rodata            const       0x3'6858      0x14  MQTT_SK.o [7]
  .rodata            const       0x3'686c      0x14  MQTT_SK.o [7]
  .rodata            const       0x3'6880      0x14  MQTT_SK.o [7]
  .rodata            const       0x3'6894      0x14  MQTT_SK.o [7]
  .rodata            const       0x3'68a8      0x14  MQTT_SK.o [7]
  .rodata            const       0x3'68bc      0x14  MQTT_SK.o [7]
  .rodata            const       0x3'68d0      0x14  MQTT_SK.o [7]
  .rodata            const       0x3'68e4      0x14  MQTT_SK.o [7]
  .rodata            const       0x3'68f8      0x14  MQTT_SK.o [7]
  .rodata            const       0x3'690c      0x14  MQTT_SK.o [7]
  .rodata            const       0x3'6920      0x14  MQTT_SK.o [7]
  .rodata            const       0x3'6934      0x14  MQTT_SK.o [7]
  .rodata            const       0x3'6948      0x14  MQTT_SK.o [7]
  .rodata            const       0x3'695c      0x14  MQTT_SK.o [7]
  .rodata            const       0x3'6970      0x14  MQTT_SK.o [7]
  .rodata            const       0x3'6984      0x14  MQTT_SK.o [7]
  .rodata            const       0x3'6998      0x14  MQTT_SK.o [7]
  .rodata            const       0x3'69ac      0x14  MQTT_SK.o [7]
  .rodata            const       0x3'69c0      0x14  MQTT_SK.o [7]
  .rodata            const       0x3'69d4      0x14  MQTT_SK.o [7]
  .rodata            const       0x3'69e8      0x14  MQTT_SK.o [7]
  .rodata            const       0x3'69fc      0x14  MQTT_SK.o [7]
  .rodata            const       0x3'6a10      0x14  MQTT_SK.o [7]
  .rodata            const       0x3'6a24      0x14  MQTT_SK.o [7]
  .rodata            const       0x3'6a38      0x14  MQTT_SK.o [7]
  .rodata            const       0x3'6a4c      0x14  MQTT_SK.o [7]
  .rodata            const       0x3'6a60      0x14  MQTT_SK.o [7]
  .rodata            const       0x3'6a74      0x14  MQTT_SK.o [7]
  .rodata            const       0x3'6a88      0x14  MQTT_SK.o [7]
  .rodata            const       0x3'6a9c      0x14  MQTT_SK.o [7]
  .rodata            const       0x3'6ab0      0x14  MQTT_SK.o [7]
  .rodata            const       0x3'6ac4      0x14  MQTT_SK.o [7]
  .rodata            const       0x3'6ad8      0x14  MQTT_SK.o [7]
  .rodata            const       0x3'6aec      0x10  4G_EC200U.o [1]
  .rodata            const       0x3'6afc      0x10  4G_EC200U.o [1]
  .rodata            const       0x3'6b0c      0x10  4G_EC200U.o [1]
  .rodata            const       0x3'6b1c      0x10  4G_EC200U.o [1]
  .rodata            const       0x3'6b2c      0x10  4G_EC200U.o [1]
  .rodata            const       0x3'6b3c      0x10  4G_EC200U.o [1]
  .rodata            const       0x3'6b4c      0x10  4G_EC200U.o [1]
  .rodata            const       0x3'6b5c      0x10  4G_EC200U.o [1]
  .rodata            const       0x3'6b6c      0x10  4G_EC200U.o [1]
  .rodata            const       0x3'6b7c      0x10  4G_EC200U.o [1]
  .rodata            const       0x3'6b8c      0x10  4G_EC200U.o [1]
  .rodata            const       0x3'6b9c      0x10  4G_EC200U.o [1]
  .rodata            const       0x3'6bac      0x10  4G_EC200U.o [1]
  .rodata            const       0x3'6bbc      0x10  BT_TB05.o [2]
  .rodata            const       0x3'6bcc      0x10  hc32f460_usart.o [20]
  .rodata            const       0x3'6bdc      0x10  main.o [28]
  .rodata            const       0x3'6bec      0x10  ModbusRTU.o [10]
  .rodata            const       0x3'6bfc      0x10  MQTT_SK.o [7]
  .rodata            const       0x3'6c0c      0x10  MQTT_SK.o [7]
  .rodata            const       0x3'6c1c      0x10  MQTT_SK.o [7]
  .rodata            const       0x3'6c2c      0x10  MQTT_SK.o [7]
  .rodata            const       0x3'6c3c      0x10  MQTT_SK.o [7]
  .rodata            const       0x3'6c4c      0x10  MQTT_SK.o [7]
  .rodata            const       0x3'6c5c      0x10  MQTT_SK.o [7]
  .rodata            const       0x3'6c6c      0x10  MQTT_SK.o [7]
  .rodata            const       0x3'6c7c      0x10  MQTT_SK.o [7]
  .rodata            const       0x3'6c8c      0x10  MQTT_SK.o [7]
  .rodata            const       0x3'6c9c      0x10  MQTT_SK.o [7]
  .rodata            const       0x3'6cac      0x10  MQTT_SK.o [7]
  .rodata            const       0x3'6cbc      0x10  MQTT_SK.o [7]
  .rodata            const       0x3'6ccc      0x10  MQTT_SK.o [7]
  .rodata            const       0x3'6cdc      0x10  MQTT_SK.o [7]
  .rodata            const       0x3'6cec      0x10  MQTT_SK.o [7]
  .rodata            const       0x3'6cfc      0x10  MQTT_SK.o [7]
  .rodata            const       0x3'6d0c      0x10  MQTT_SK.o [7]
  .rodata            const       0x3'6d1c      0x10  MQTT_SK.o [7]
  .rodata            const       0x3'6d2c      0x10  MQTT_SK.o [7]
  .rodata            const       0x3'6d3c      0x10  MQTT_SK.o [7]
  .rodata            const       0x3'6d4c       0xc  4G_EC200U.o [1]
  .rodata            const       0x3'6d58       0xc  4G_EC200U.o [1]
  .rodata            const       0x3'6d64       0xc  4G_EC200U.o [1]
  .rodata            const       0x3'6d70       0xc  4G_EC200U.o [1]
  .rodata            const       0x3'6d7c       0xc  4G_EC200U.o [1]
  .rodata            const       0x3'6d88       0xc  4G_EC200U.o [1]
  .rodata            const       0x3'6d94       0xc  4G_EC200U.o [1]
  .rodata            const       0x3'6da0       0xc  4G_EC200U.o [1]
  .rodata            const       0x3'6dac       0xc  4G_EC200U.o [1]
  .rodata            const       0x3'6db8       0xc  4G_EC200U.o [1]
  .rodata            const       0x3'6dc4       0xc  4G_EC200U.o [1]
  .rodata            const       0x3'6dd0       0xc  4G_EC200U.o [1]
  .rodata            const       0x3'6ddc       0xc  4G_EC200U.o [1]
  .rodata            const       0x3'6de8       0xc  4G_EC200U.o [1]
  .rodata            const       0x3'6df4       0xc  4G_EC200U.o [1]
  .rodata            const       0x3'6e00       0xc  4G_EC200U.o [1]
  .rodata            const       0x3'6e0c       0xc  4G_EC200U.o [1]
  .rodata            const       0x3'6e18       0xc  4G_EC200U.o [1]
  .rodata            const       0x3'6e24       0xc  4G_EC200U.o [1]
  .rodata            const       0x3'6e30       0xc  4G_EC200U.o [1]
  .rodata            const       0x3'6e3c       0xc  BT_TB05.o [2]
  .rodata            const       0x3'6e48       0xc  drv_LKT4202.o [4]
  .rodata            const       0x3'6e54       0xc  drv_LKT4202.o [4]
  .rodata            const       0x3'6e60       0xc  drv_USART.o [27]
  .rodata            const       0x3'6e6c       0xc  drv_USART.o [27]
  .rodata            const       0x3'6e78       0xc  drv_USART.o [27]
  .rodata            const       0x3'6e84       0xc  Mainloop.o [9]
  .rodata            const       0x3'6e90       0xc  Mainloop.o [9]
  .rodata            const       0x3'6e9c       0xc  ModbusRTU.o [10]
  .rodata            const       0x3'6ea8       0xc  ModbusRTU.o [10]
  .rodata            const       0x3'6eb4       0xc  MQTT_SK.o [7]
  .rodata            const       0x3'6ec0       0xc  MQTT_SK.o [7]
  .rodata            const       0x3'6ecc       0xc  MQTT_SK.o [7]
  .rodata            const       0x3'6ed8       0xc  MQTT_SK.o [7]
  .rodata            const       0x3'6ee4       0x8  4G_EC200U.o [1]
  .rodata            const       0x3'6eec       0x8  4G_EC200U.o [1]
  .rodata            const       0x3'6ef4       0x8  4G_EC200U.o [1]
  .rodata            const       0x3'6efc       0x8  4G_EC200U.o [1]
  .rodata            const       0x3'6f04       0x8  4G_EC200U.o [1]
  .rodata            const       0x3'6f0c       0x8  4G_EC200U.o [1]
  .rodata            const       0x3'6f14       0x8  4G_EC200U.o [1]
  .rodata            const       0x3'6f1c       0x8  4G_EC200U.o [1]
  .rodata            const       0x3'6f24       0x8  4G_EC200U.o [1]
  .rodata            const       0x3'6f2c       0x8  4G_EC200U.o [1]
  .rodata            const       0x3'6f34       0x8  4G_EC200U.o [1]
  .rodata            const       0x3'6f3c       0x8  4G_EC200U.o [1]
  .rodata            const       0x3'6f44       0x8  4G_EC200U.o [1]
  .rodata            const       0x3'6f4c       0x8  4G_EC200U.o [1]
  .rodata            const       0x3'6f54       0x8  4G_EC200U.o [1]
  .rodata            const       0x3'6f5c       0x8  4G_EC200U.o [1]
  .rodata            const       0x3'6f64       0x8  4G_EC200U.o [1]
  .rodata            const       0x3'6f6c       0x8  4G_EC200U.o [1]
  .rodata            const       0x3'6f74       0x8  4G_EC200U.o [1]
  .rodata            const       0x3'6f7c       0x8  Display.o [11]
  .rodata            const       0x3'6f84       0x8  drv_LKT4202.o [4]
  .rodata            const       0x3'6f8c       0x8  drv_LKT4202.o [4]
  .rodata            const       0x3'6f94       0x8  drv_SC7A20H.o [15]
  .rodata            const       0x3'6f9c       0x8  LC86L_BD.o [3]
  .rodata            const       0x3'6fa4       0x8  LC86L_BD.o [3]
  .rodata            const       0x3'6fac       0x8  Mainloop.o [9]
  .rodata            const       0x3'6fb4       0x8  Mainloop.o [9]
  .rodata            const       0x3'6fbc       0x8  MQTT_SK.o [7]
  .rodata            const       0x3'6fc4       0x8  MQTT_SK.o [7]
  .rodata            const       0x3'6fcc       0x8  MQTT_SK.o [7]
  .rodata            const       0x3'6fd4       0x8  MQTT_SK.o [7]
  .rodata            const       0x3'6fdc       0x4  drv_RTC.o [24]
  .text              ro code     0x3'6fe0       0x4  startup_hc32f460.o [19]
  .text              ro code     0x3'6fe4       0x4  startup_hc32f460.o [19]
  .text              ro code     0x3'6fe8       0x4  startup_hc32f460.o [19]
  .text              ro code     0x3'6fec       0x4  startup_hc32f460.o [19]
  .text              ro code     0x3'6ff0       0x4  startup_hc32f460.o [19]
  .text              ro code     0x3'6ff4       0x4  startup_hc32f460.o [19]
  .text              ro code     0x3'6ff8       0x4  startup_hc32f460.o [19]
  .text              ro code     0x3'6ffc       0x4  startup_hc32f460.o [19]
  .text              ro code     0x3'7000       0x4  startup_hc32f460.o [19]
  .text              ro code     0x3'7004       0x4  startup_hc32f460.o [19]
  .text              ro code     0x3'7008       0x4  startup_hc32f460.o [19]
  .text              ro code     0x3'700c       0x4  startup_hc32f460.o [19]
  .text              ro code     0x3'7010       0x4  startup_hc32f460.o [19]
  .text              ro code     0x3'7014       0x4  startup_hc32f460.o [19]
  .text              ro code     0x3'7018       0x4  startup_hc32f460.o [19]
  .text              ro code     0x3'701c       0x4  startup_hc32f460.o [19]
  .rodata            const       0x3'7020       0x0  zero_init3.o [31]
  .rodata            const       0x3'7020       0x0  packbits_init.o [31]
  Initializer bytes  const       0x3'7020     0x136  <for P2 s0>
                               - 0x3'7156  0x2'2ed6

"P2", part 1 of 4:                            0x307
  P2 s0                       0x1fff'8000     0x307  <Init block>
    .data            inited   0x1fff'8000     0x108  User_Data.o [17]
    .data            inited   0x1fff'8108      0x8c  RXNTTL518.o [14]
    .data            inited   0x1fff'8194      0x80  ModbusRTU_Device_BT.o [10]
    .data            inited   0x1fff'8214      0x48  xlocale_c.o [29]
    .data            inited   0x1fff'825c      0x38  xlocale_c.o [29]
    .data            inited   0x1fff'8294      0x24  BT_TB05.o [2]
    .data            inited   0x1fff'82b8      0x20  BT_TB05.o [2]
    .data            inited   0x1fff'82d8      0x14  BT_TB05.o [2]
    .data            inited   0x1fff'82ec       0x8  BT_TB05.o [2]
    .data            inited   0x1fff'82f4       0x4  BT_TB05.o [2]
    .data            inited   0x1fff'82f8       0x4  system_hc32f460.o [19]
    .data            inited   0x1fff'82fc       0x4  system_hc32f460.o [19]
    .data            inited   0x1fff'8300       0x1  drv_IIC.o [22]
    .data            inited   0x1fff'8301       0x1  drv_IIC.o [22]
    .data            inited   0x1fff'8302       0x1  drv_IIC.o [22]
    .data            inited   0x1fff'8303       0x1  drv_IIC.o [22]
    .data            inited   0x1fff'8304       0x1  hc32f460_pwc.o [20]
    .data            inited   0x1fff'8305       0x1  ModbusRTU.o [10]
    .data            inited   0x1fff'8306       0x1  ModbusRTU.o [10]
                            - 0x1fff'8307     0x307

"P2", part 2 of 4:                           0x1980
  .bss               zero     0x1fff'8308    0x1000  drv_Storage_W25Q128.o [16]
  .bss               zero     0x1fff'9308     0x400  User_Data.o [17]
  .bss               zero     0x1fff'9708     0x200  hc32f460_interrupts.o [20]
  .bss               zero     0x1fff'9908     0x1b8  4G_EC200U.o [1]
  .bss               zero     0x1fff'9ac0      0x64  User_Data.o [17]
  .bss               zero     0x1fff'9b24      0x2c  User_Data.o [17]
  .bss               zero     0x1fff'9b50      0x2c  xttotm64.o [29]
  .bss               zero     0x1fff'9b7c      0x24  drv_ADC.o [21]
  .bss               zero     0x1fff'9ba0      0x14  drv_ADC.o [21]
  .bss               zero     0x1fff'9bb4      0x14  hc32f460_pwc.o [20]
  .bss               zero     0x1fff'9bc8      0x14  User_Data.o [17]
  .bss               zero     0x1fff'9bdc       0x4  4G_EC200U.o [1]
  .bss               zero     0x1fff'9be0       0x8  4G_EC200U.o [1]
  .bss               zero     0x1fff'9be8       0x8  main.o [28]
  .bss               zero     0x1fff'9bf0       0x4  4G_EC200U.o [1]
  .bss               zero     0x1fff'9bf4       0x4  4G_EC200U.o [1]
  .bss               zero     0x1fff'9bf8       0x4  BT_TB05.o [2]
  .bss               zero     0x1fff'9bfc       0x4  drv_RTC.o [24]
  .bss               zero     0x1fff'9c00       0x4  drv_SC7A20H.o [15]
  .bss               zero     0x1fff'9c04       0x4  drv_Storage_W25Q128.o [16]
  .bss               zero     0x1fff'9c08       0x4  drv_Timer.o [26]
  .bss               zero     0x1fff'9c0c       0x4  drv_USART.o [27]
  .bss               zero     0x1fff'9c10       0x4  hc32f460_exint_nmi_swi.o [20]
  .bss               zero     0x1fff'9c14       0x4  hc32f460_ots.o [20]
  .bss               zero     0x1fff'9c18       0x4  hc32f460_ots.o [20]
  .bss               zero     0x1fff'9c1c       0x4  LC86L_BD.o [3]
  .bss               zero     0x1fff'9c20       0x4  Lora_TP1109.o [6]
  .bss               zero     0x1fff'9c24       0x4  Magnetic_Bar.o [8]
  .bss               zero     0x1fff'9c28       0x4  main.o [28]
  .bss               zero     0x1fff'9c2c       0x4  Mainloop.o [9]
  .bss               zero     0x1fff'9c30       0x4  ModbusRTU.o [10]
  .bss               zero     0x1fff'9c34       0x4  ModbusRTU_Device_BT.o [10]
  .bss               zero     0x1fff'9c38       0x4  ModbusRTU_Device_BT.o [10]
  .bss               zero     0x1fff'9c3c       0x4  MQTT_SK.o [7]
  .bss               zero     0x1fff'9c40       0x4  OLED.o [11]
  .bss               zero     0x1fff'9c44       0x4  Photosensitive_XYC_ALS.o [12]
  .bss               zero     0x1fff'9c48       0x4  RXNTTL518.o [14]
  .bss               zero     0x1fff'9c4c       0x4  strtok.o [29]
  .bss               zero     0x1fff'9c50       0x4  xfail_s.o [29]
  .bss               zero     0x1fff'9c54       0x2  BT_TB05.o [2]
  .bss               zero     0x1fff'9c56       0x2  drv_Timer.o [26]
  .bss               zero     0x1fff'9c58       0x2  ModbusRTU_Device_BT.o [10]
  .bss               zero     0x1fff'9c5a       0x2  ModbusRTU_Device_BT.o [10]
  .bss               zero     0x1fff'9c5c       0x1  4G_EC200U.o [1]
  .bss               zero     0x1fff'9c5d       0x1  4G_EC200U.o [1]
  .bss               zero     0x1fff'9c5e       0x1  4G_EC200U.o [1]
  .bss               zero     0x1fff'9c5f       0x1  4G_EC200U.o [1]
  .bss               zero     0x1fff'9c60       0x1  4G_EC200U.o [1]
  .bss               zero     0x1fff'9c61       0x1  4G_EC200U.o [1]
  .bss               zero     0x1fff'9c62       0x1  4G_EC200U.o [1]
  .bss               zero     0x1fff'9c63       0x1  4G_EC200U.o [1]
  .bss               zero     0x1fff'9c64       0x1  4G_EC200U.o [1]
  .bss               zero     0x1fff'9c65       0x1  BT_TB05.o [2]
  .bss               zero     0x1fff'9c66       0x1  drv_IIC.o [22]
  .bss               zero     0x1fff'9c67       0x1  drv_Timer.o [26]
  .bss               zero     0x1fff'9c68       0x1  drv_Timer.o [26]
  .bss               zero     0x1fff'9c69       0x1  drv_Timer.o [26]
  .bss               zero     0x1fff'9c6a       0x1  drv_Timer.o [26]
  .bss               zero     0x1fff'9c6b       0x1  drv_Timer.o [26]
  .bss               zero     0x1fff'9c6c       0x1  drv_Timer.o [26]
  .bss               zero     0x1fff'9c6d       0x1  drv_Timer.o [26]
  .bss               zero     0x1fff'9c6e       0x1  drv_Timer.o [26]
  .bss               zero     0x1fff'9c6f       0x1  drv_Timer.o [26]
  .bss               zero     0x1fff'9c70       0x1  drv_Timer.o [26]
  .bss               zero     0x1fff'9c71       0x1  drv_Timer.o [26]
  .bss               zero     0x1fff'9c72       0x1  hc32f460_dmac.o [20]
  .bss               zero     0x1fff'9c73       0x1  hc32f460_pwc.o [20]
  .bss               zero     0x1fff'9c74       0x1  hc32f460_pwc.o [20]
  .bss               zero     0x1fff'9c75       0x1  hc32f460_pwc.o [20]
  .bss               zero     0x1fff'9c76       0x1  hc32f460_pwc.o [20]
  .bss               zero     0x1fff'9c77       0x1  main.o [28]
  .bss               zero     0x1fff'9c78       0x1  main.o [28]
  .bss               zero     0x1fff'9c79       0x1  Mainloop.o [9]
  .bss               zero     0x1fff'9c7a       0x1  Mainloop.o [9]
  .bss               zero     0x1fff'9c7b       0x1  Mainloop.o [9]
  .bss               zero     0x1fff'9c7c       0x1  Mainloop.o [9]
  .bss               zero     0x1fff'9c7d       0x1  Mainloop.o [9]
  .bss               zero     0x1fff'9c7e       0x1  ModbusRTU_Device_BT.o [10]
  .bss               zero     0x1fff'9c7f       0x1  ModbusRTU_Device_BT.o [10]
  .bss               zero     0x1fff'9c80       0x1  ModbusRTU_Device_BT.o [10]
  .bss               zero     0x1fff'9c81       0x1  User_Data.o [17]
  .bss               zero     0x1fff'9c82       0x1  User_Data.o [17]
  .bss               zero     0x1fff'9c83       0x1  User_Data.o [17]
  .bss               zero     0x1fff'9c84       0x1  User_Data.o [17]
  .bss               zero     0x1fff'9c85       0x1  User_Data.o [17]
  .bss               zero     0x1fff'9c86       0x1  User_Data.o [17]
                            - 0x1fff'9c87    0x197f

"P2", part 3 of 4:                           0x2000
  CSTACK                      0x1fff'9c88    0x2000  <Block>
    CSTACK           uninit   0x1fff'9c88    0x2000  <Block tail>
                            - 0x1fff'bc88    0x2000

"P2", part 4 of 4:                           0xfe50
  .bss               zero     0x2001'0000    0xfe50  User_Data.o [17]
                            - 0x2001'fe50    0xfe50

Unused ranges:

         From           To      Size
         ----           --      ----
     0x3'7156     0x7'ffff  0x4'8eaa
   0x300'0c00   0x300'0ffb     0x3fc
  0x1fff'8307  0x1fff'8307       0x1
  0x1fff'bc88  0x1fff'ffff    0x4378
  0x2000'0000  0x2000'ffff  0x1'0000
  0x2001'fe50  0x2001'ffff     0x1b0
  0x2002'0000  0x2002'6fff    0x7000
  0x200f'0000  0x200f'0fff    0x1000


*******************************************************************************
*** INIT TABLE
***

          Address      Size
          -------      ----
Zero (__iar_zero_init3)
    2 destination ranges, total size 0x1'17cf:
          0x1fff'8308  0x197f
          0x2001'0000  0xfe50

Copy/packbits (__iar_packbits_init3)
    1 source range, total size 0x136 (40% of destination):
             0x3'7020   0x136
    1 destination range, total size 0x307:
          0x1fff'8000   0x307



*******************************************************************************
*** MODULE SUMMARY
***

    Module                    ro code  ro data  rw data  ro data
                                                          (abs)
    ------                    -------  -------  -------  -------
command line/config:
    ------------------------------------------------------------
    Total:

D:\Myself\WorkProcess\SK\HC32F460_WorkProcess\example\Source\Pipe_Monitor\Pipe_Monitor_App\EWARM\output\debug\Obj\4G_EC200U_8582873453978518366.dir: [1]
    4G_EC200U.o                13'168    2'112      469
    ------------------------------------------------------------
    Total:                     13'168    2'112      469

D:\Myself\WorkProcess\SK\HC32F460_WorkProcess\example\Source\Pipe_Monitor\Pipe_Monitor_App\EWARM\output\debug\Obj\BT_TB05_12041724360499981866.dir: [2]
    BT_TB05.o                     968       88      107
    ------------------------------------------------------------
    Total:                        968       88      107

D:\Myself\WorkProcess\SK\HC32F460_WorkProcess\example\Source\Pipe_Monitor\Pipe_Monitor_App\EWARM\output\debug\Obj\LC86L_BD_9822625824417385734.dir: [3]
    LC86L_BD.o                  1'376       16        4
    ------------------------------------------------------------
    Total:                      1'376       16        4

D:\Myself\WorkProcess\SK\HC32F460_WorkProcess\example\Source\Pipe_Monitor\Pipe_Monitor_App\EWARM\output\debug\Obj\LKT4202_1925765440156868983.dir: [4]
    drv_LKT4202.o               1'604      116
    ------------------------------------------------------------
    Total:                      1'604      116

D:\Myself\WorkProcess\SK\HC32F460_WorkProcess\example\Source\Pipe_Monitor\Pipe_Monitor_App\EWARM\output\debug\Obj\LoRa_RA02_5139138412578801246.dir: [5]
    ------------------------------------------------------------
    Total:

D:\Myself\WorkProcess\SK\HC32F460_WorkProcess\example\Source\Pipe_Monitor\Pipe_Monitor_App\EWARM\output\debug\Obj\Lora_TP1109_151720617378073083.dir: [6]
    Lora_TP1109.o                 408                 4
    ------------------------------------------------------------
    Total:                        408                 4

D:\Myself\WorkProcess\SK\HC32F460_WorkProcess\example\Source\Pipe_Monitor\Pipe_Monitor_App\EWARM\output\debug\Obj\MQTT_SK_4724149239023757000.dir: [7]
    MQTT_SK.o                   7'436    1'996        4
    ------------------------------------------------------------
    Total:                      7'436    1'996        4

D:\Myself\WorkProcess\SK\HC32F460_WorkProcess\example\Source\Pipe_Monitor\Pipe_Monitor_App\EWARM\output\debug\Obj\Magnetic_Bar_17520218520042908049.dir: [8]
    Magnetic_Bar.o                484                 4
    ------------------------------------------------------------
    Total:                        484                 4

D:\Myself\WorkProcess\SK\HC32F460_WorkProcess\example\Source\Pipe_Monitor\Pipe_Monitor_App\EWARM\output\debug\Obj\Mainloop_18272944273632151421.dir: [9]
    Mainloop.o                  4'664       60        9
    ------------------------------------------------------------
    Total:                      4'664       60        9

D:\Myself\WorkProcess\SK\HC32F460_WorkProcess\example\Source\Pipe_Monitor\Pipe_Monitor_App\EWARM\output\debug\Obj\ModbusRTU_17682219295068567368.dir: [10]
    ModbusRTU.o                 8'812    1'085        6
    ModbusRTU_Device_BT.o       5'768      611      143
    ------------------------------------------------------------
    Total:                     14'580    1'696      149

D:\Myself\WorkProcess\SK\HC32F460_WorkProcess\example\Source\Pipe_Monitor\Pipe_Monitor_App\EWARM\output\debug\Obj\OLED_13473777563621607307.dir: [11]
    Display.o                   7'780        8
    Font.o                               5'488
    OLED.o                      3'228                 4
    ------------------------------------------------------------
    Total:                     11'008    5'496        4

D:\Myself\WorkProcess\SK\HC32F460_WorkProcess\example\Source\Pipe_Monitor\Pipe_Monitor_App\EWARM\output\debug\Obj\Photosensitive_XYC_ALS_28064708180949255.dir: [12]
    Photosensitive_XYC_ALS.o      940                 4
    ------------------------------------------------------------
    Total:                        940                 4

D:\Myself\WorkProcess\SK\HC32F460_WorkProcess\example\Source\Pipe_Monitor\Pipe_Monitor_App\EWARM\output\debug\Obj\RF_NFC_10628150809568064830.dir: [13]
    RF_NFC.o                      102
    ------------------------------------------------------------
    Total:                        102

D:\Myself\WorkProcess\SK\HC32F460_WorkProcess\example\Source\Pipe_Monitor\Pipe_Monitor_App\EWARM\output\debug\Obj\RXNTTL518_17808510930951076202.dir: [14]
    RXNTTL518.o                   580      568      144
    ------------------------------------------------------------
    Total:                        580      568      144

D:\Myself\WorkProcess\SK\HC32F460_WorkProcess\example\Source\Pipe_Monitor\Pipe_Monitor_App\EWARM\output\debug\Obj\SC7A20H_13085057635104233901.dir: [15]
    drv_SC7A20H.o                 730        8        4
    ------------------------------------------------------------
    Total:                        730        8        4

D:\Myself\WorkProcess\SK\HC32F460_WorkProcess\example\Source\Pipe_Monitor\Pipe_Monitor_App\EWARM\output\debug\Obj\Storage_W25Q128_4738127093883701884.dir: [16]
    drv_Storage_W25Q128.o       4'172             4'100
    ------------------------------------------------------------
    Total:                      4'172             4'100

D:\Myself\WorkProcess\SK\HC32F460_WorkProcess\example\Source\Pipe_Monitor\Pipe_Monitor_App\EWARM\output\debug\Obj\User_Data_5391006662705040797.dir: [17]
    User_Data.o                   182      105   66'562
    ------------------------------------------------------------
    Total:                        182      105   66'562

D:\Myself\WorkProcess\SK\HC32F460_WorkProcess\example\Source\Pipe_Monitor\Pipe_Monitor_App\EWARM\output\debug\Obj\WatchDog_9188475617120297074.dir: [18]
    WatchDog.o                     76
    ------------------------------------------------------------
    Total:                         76

D:\Myself\WorkProcess\SK\HC32F460_WorkProcess\example\Source\Pipe_Monitor\Pipe_Monitor_App\EWARM\output\debug\Obj\common_14919461937644757070.dir: [19]
    startup_hc32f460.o            772
    system_hc32f460.o             272        3        8
    ------------------------------------------------------------
    Total:                      1'044        3        8

D:\Myself\WorkProcess\SK\HC32F460_WorkProcess\example\Source\Pipe_Monitor\Pipe_Monitor_App\EWARM\output\debug\Obj\driver_11944700488488147666.dir: [20]
    hc32f460_adc.o              1'400       72
    hc32f460_clk.o              4'092       72
    hc32f460_dmac.o             2'752       76        1
    hc32f460_efm.o                144       72
    hc32f460_exint_nmi_swi.o      380       84        4
    hc32f460_gpio.o             1'240       76
    hc32f460_i2c.o              2'720       72
    hc32f460_icg.o                                            32
    hc32f460_interrupts.o       2'880       80      512
    hc32f460_ots.o                384       72        8
    hc32f460_pwc.o              2'576       73       25
    hc32f460_rtc.o              2'212       72
    hc32f460_spi.o              1'972       72
    hc32f460_sram.o               392       76
    hc32f460_timer0.o           2'356       76
    hc32f460_timer4_cnt.o         872       80
    hc32f460_timer4_oco.o       2'512       80
    hc32f460_usart.o            2'632       92
    hc32f460_utility.o            110
    ------------------------------------------------------------
    Total:                     31'626    1'297      550       32

D:\Myself\WorkProcess\SK\HC32F460_WorkProcess\example\Source\Pipe_Monitor\Pipe_Monitor_App\EWARM\output\debug\Obj\drv_ADC_15186207816091091275.dir: [21]
    drv_ADC.o                   1'108                56
    ------------------------------------------------------------
    Total:                      1'108                56

D:\Myself\WorkProcess\SK\HC32F460_WorkProcess\example\Source\Pipe_Monitor\Pipe_Monitor_App\EWARM\output\debug\Obj\drv_IIC_18060258103304213159.dir: [22]
    drv_IIC.o                   2'344        1        5
    ------------------------------------------------------------
    Total:                      2'344        1        5

D:\Myself\WorkProcess\SK\HC32F460_WorkProcess\example\Source\Pipe_Monitor\Pipe_Monitor_App\EWARM\output\debug\Obj\drv_OTS_Temperature_13039655784802445445.dir: [23]
    drv_OTS_Temperature.o         116
    ------------------------------------------------------------
    Total:                        116

D:\Myself\WorkProcess\SK\HC32F460_WorkProcess\example\Source\Pipe_Monitor\Pipe_Monitor_App\EWARM\output\debug\Obj\drv_RTC_2577979922006117733.dir: [24]
    drv_RTC.o                   1'724       36        4
    ------------------------------------------------------------
    Total:                      1'724       36        4

D:\Myself\WorkProcess\SK\HC32F460_WorkProcess\example\Source\Pipe_Monitor\Pipe_Monitor_App\EWARM\output\debug\Obj\drv_SPI_4333388098947449637.dir: [25]
    drv_SPI.o                     220
    ------------------------------------------------------------
    Total:                        220

D:\Myself\WorkProcess\SK\HC32F460_WorkProcess\example\Source\Pipe_Monitor\Pipe_Monitor_App\EWARM\output\debug\Obj\drv_Timer_6973001687617930806.dir: [26]
    drv_Timer.o                 2'540                17
    ------------------------------------------------------------
    Total:                      2'540                17

D:\Myself\WorkProcess\SK\HC32F460_WorkProcess\example\Source\Pipe_Monitor\Pipe_Monitor_App\EWARM\output\debug\Obj\drv_USART_14144334009435087269.dir: [27]
    drv_USART.o                 4'812       36        4
    ------------------------------------------------------------
    Total:                      4'812       36        4

D:\Myself\WorkProcess\SK\HC32F460_WorkProcess\example\Source\Pipe_Monitor\Pipe_Monitor_App\EWARM\output\debug\Obj\source_5634686896477721948.dir: [28]
    main.o                      1'608       16       14
    ------------------------------------------------------------
    Total:                      1'608       16       14

dl7M_tlf.a: [29]
    abort.o                         6
    exit.o                          4
    iar_Stoflt.o                  440
    iar_Stollx.o                  166
    iar_Stopfx.o                  290
    iar_Stoullx.o                 434       80
    iar_Stoulx.o                  338       80
    iar_Stoxflt.o                 520
    isalpha.o                      20
    isspace.o                      20
    low_level_init.o                4
    mktime64.o                    224
    sprintf.o                      64
    sscanf.o                       40
    strcat.o                       30
    strcspn.o                      34
    strncmp.o                      42
    strspn.o                       34
    strstr.o                       44
    strtok.o                       76                 4
    tolower.o                      20
    xDaysTo64.o                   204
    xTzoff_nop.o                    4
    xfail_s.o                      64                 4
    xisdst_nop64.o                  6
    xlocale_c.o                    76       57      128
    xprintflarge_nomb.o         3'354
    xscanffull_nomb.o           3'452       76
    xsprout.o                      10
    xsscin.o                       30
    xttotm64.o                    348                44
    ------------------------------------------------------------
    Total:                     10'398      293      180

m7M_tls.a: [30]
    DblAddSub.o                   606
    DblCmpEq.o                     32
    DblCmpGe.o                     52
    DblCmpLe.o                     52
    DblDiv.o                      582
    DblMul.o                      426
    DblToFlt.o                    104
    DblToS32.o                     54
    DblToU32.o                     34
    FltToDbl.o                     72
    S32ToDbl.o                     34
    U32ToDbl.o                     28
    U64ToDbl.o                     70
    atan64.o                      188
    fpinit_M.o                     34
    frexp.o                       112
    iar_Atan64.o                  456       64
    iar_Exp64.o                   812
    ldexp.o                       314
    math_wrappers64.o              42
    pow64.o                     1'676    1'056
    sqrt.o                        258
    strto64.o                     866       72
    ------------------------------------------------------------
    Total:                      6'904    1'192

rt7M_tl.a: [31]
    ABImemcpy.o                   166
    ABImemset.o                   102
    I64DivMod.o                   628
    I64DivZer.o                     2
    cexit.o                        10
    cmain.o                        30
    cstartup_M.o                   28
    data_init.o                    40
    memchr.o                       88
    memcmp.o                      104
    packbits_init.o               162
    strchr.o                       22
    strcmp.o                       18
    strcpy.o                       24
    strlen.o                       54
    zero_init3.o                   56
    ------------------------------------------------------------
    Total:                      1'534

shb_l.a: [32]
    exit.o                         20
    ------------------------------------------------------------
    Total:                         20

    Gaps                           33        6
    Linker created                          52    8'192
----------------------------------------------------------------
    Grand Total:              128'509   15'193   80'598       32


*******************************************************************************
*** ENTRY LIST
***

Entry                       Address    Size  Type      Object
-----                       -------    ----  ----      ------
.iar.init_table$$Base      0x3'6370           --   Gb  - Linker created -
.iar.init_table$$Limit     0x3'63a4           --   Gb  - Linker created -
?main                      0x3'6465          Code  Gb  cmain.o [31]
ADC_AddAdcChannel          0x2'cca5    0xbe  Code  Gb  hc32f460_adc.o [20]
ADC_AddAvgChannel          0x2'cdd5    0x66  Code  Gb  hc32f460_adc.o [20]
ADC_ConfigAvg              0x2'cd6d    0x64  Code  Gb  hc32f460_adc.o [20]
ADC_DeInit                 0x2'cba5   0x100  Code  Gb  hc32f460_adc.o [20]
ADC_GetChData              0x2'cf31    0x98  Code  Gb  hc32f460_adc.o [20]
ADC_Init                   0x2'ca91   0x114  Code  Gb  hc32f460_adc.o [20]
ADC_PollingSa              0x2'ce3b    0xf6  Code  Gb  hc32f460_adc.o [20]
ADC_ReadAllData            0x2'cfdd    0x2c  Code  Lc  hc32f460_adc.o [20]
AdcChannelConfig           0x2'45c1    0x70  Code  Lc  drv_ADC.o [21]
AdcClockConfig             0x2'44f1    0x78  Code  Lc  drv_ADC.o [21]
AdcInitConfig              0x2'4569    0x58  Code  Lc  drv_ADC.o [21]
AsyncDelay                 0x2'28a5    0x76  Code  Lc  hc32f460_timer0.o [20]
BusFault_Handler           0x1'd1f5     0x8  Code  Gb  hc32f460_interrupts.o [20]
CLK_ClearFcmFlag           0x1'c779    0x5c  Code  Gb  hc32f460_clk.o [20]
CLK_FcmCmd                 0x1'c6cf    0x28  Code  Gb  hc32f460_clk.o [20]
CLK_FcmConfig              0x1'c41d   0x2b2  Code  Gb  hc32f460_clk.o [20]
CLK_GetClockFreq           0x1'c1d5   0x116  Code  Gb  hc32f460_clk.o [20]
CLK_GetFcmCounter          0x1'c6f7     0x8  Code  Gb  hc32f460_clk.o [20]
CLK_GetFcmFlag             0x1'c711    0x62  Code  Gb  hc32f460_clk.o [20]
CLK_GetFlagStatus          0x1'c36d    0x8a  Code  Gb  hc32f460_clk.o [20]
CLK_LrcCmd                 0x1'ba47    0x98  Code  Gb  hc32f460_clk.o [20]
CLK_MpllCmd                0x1'bc8b    0xb0  Code  Gb  hc32f460_clk.o [20]
CLK_MpllConfig             0x1'bb2f   0x15c  Code  Gb  hc32f460_clk.o [20]
CLK_SetPeriClkSource       0x1'c2f9    0x58  Code  Gb  hc32f460_clk.o [20]
CLK_SetPllSource           0x1'badf    0x50  Code  Gb  hc32f460_clk.o [20]
CLK_SetSysClkSource        0x1'bf2d   0x104  Code  Gb  hc32f460_clk.o [20]
CLK_SysClkConfig           0x1'c045   0x188  Code  Gb  hc32f460_clk.o [20]
CLK_UpllCmd                0x1'be89    0xa4  Code  Gb  hc32f460_clk.o [20]
CLK_UpllConfig             0x1'bd3b   0x14e  Code  Gb  hc32f460_clk.o [20]
CLK_Xtal32Cmd              0x1'b9af    0x98  Code  Gb  hc32f460_clk.o [20]
CLK_Xtal32Config           0x1'b95f    0x50  Code  Gb  hc32f460_clk.o [20]
CLK_XtalCmd                0x1'b86b    0xf4  Code  Gb  hc32f460_clk.o [20]
CLK_XtalConfig             0x1'b811    0x5a  Code  Gb  hc32f460_clk.o [20]
CSTACK$$Base            0x1fff'9c88           --   Gb  - Linker created -
CSTACK$$Limit           0x1fff'bc88           --   Gb  - Linker created -
Clock_MeasureConfig        0x1'7d8d    0xcc  Code  Lc  drv_RTC.o [24]
Crc16                      0x2'64e9    0x38  Code  Gb  ModbusRTU.o [10]
DMA_ChannelCfg             0x2'2359   0x2ce  Code  Gb  hc32f460_dmac.o [20]
DMA_ChannelCmd             0x2'1ec5   0x252  Code  Gb  hc32f460_dmac.o [20]
DMA_ClearIrqFlag           0x2'1dcb    0xfa  Code  Gb  hc32f460_dmac.o [20]
DMA_Cmd                    0x2'1d7d    0x4e  Code  Gb  hc32f460_dmac.o [20]
DMA_GetTransferCnt         0x2'228d    0x60  Code  Gb  hc32f460_dmac.o [20]
DMA_InitChannel            0x2'2627   0x202  Code  Gb  hc32f460_dmac.o [20]
DMA_SetDesAddress          0x2'2125    0xa0  Code  Gb  hc32f460_dmac.o [20]
DMA_SetTransferCnt         0x2'21c5    0xc8  Code  Gb  hc32f460_dmac.o [20]
DMA_SetTriggerSrc          0x2'22fd    0x56  Code  Gb  hc32f460_dmac.o [20]
Ddl_AssertHandler          0x1'adff     0x2  Code  Wk  hc32f460_utility.o [20]
Ddl_Delay1ms               0x1'7b4d    0x28  Code  Gb  hc32f460_utility.o [20]
Ddl_Delay1us               0x1'7b75    0x38  Code  Gb  hc32f460_utility.o [20]
DebugMon_Handler           0x1'd20d     0x8  Code  Gb  hc32f460_interrupts.o [20]
Dma1Btc0IrqCallback        0x1'9b15    0x1c  Code  Lc  drv_USART.o [27]
Dma1Btc1IrqCallback        0x1'9b31    0x1c  Code  Lc  drv_USART.o [27]
Dma1Btc2IrqCallback        0x1'9b4d    0x1c  Code  Lc  drv_USART.o [27]
Dma1Btc3IrqCallback        0x1'9b69    0x1c  Code  Lc  drv_USART.o [27]
Dma1Init                   0x1'9b85   0x200  Code  Lc  drv_USART.o [27]
DmaChEnState            0x1fff'9c72     0x1  Data  Lc  hc32f460_dmac.o [20]
Dtentox                    0x2'38a1   0x1d8  Code  Lc  strto64.o [30]
EC200U_4G_Module_Configuration_Init
                           0x1'683d   0xcae  Code  Gb  4G_EC200U.o [1]
EC200U_4G_Module_Configuration_Init::ucRetryCnt
                        0x1fff'9c62     0x1  Data  Lc  4G_EC200U.o [1]
EC200U_4G_Module_GPIO_Init
                           0x1'42dd    0x70  Code  Gb  4G_EC200U.o [1]
EFM_Lock                   0x3'2e7f    0x14  Code  Gb  hc32f460_efm.o [20]
EFM_SetLatency             0x3'2e93    0x5c  Code  Gb  hc32f460_efm.o [20]
EFM_Unlock                 0x3'2e6d    0x12  Code  Gb  hc32f460_efm.o [20]
EPSINON                    0x3'6fdc     0x4  Data  Lc  drv_RTC.o [24]
EXINT_Init                 0x2'36b1    0xa0  Code  Gb  hc32f460_exint_nmi_swi.o [20]
EXINT_IrqFlgClr            0x2'37eb    0x12  Code  Gb  hc32f460_exint_nmi_swi.o [20]
EXINT_IrqFlgGet            0x2'3751    0x9a  Code  Gb  hc32f460_exint_nmi_swi.o [20]
ExtInt01_Callback          0x2'5e55    0xa6  Code  Gb  Photosensitive_XYC_ALS.o [12]
ExtInt07_Callback          0x3'3361    0x9a  Code  Gb  Magnetic_Bar.o [8]
ExtInt13_Callback          0x3'31c9    0x12  Code  Gb  Lora_TP1109.o [6]
Float_reg_rw_mode          0x2'67d1    0x94  Code  Gb  ModbusRTU.o [10]
GetSystemPara              0x1'ad49     0x4  Code  Gb  User_Data.o [17]
HRC_VALUE               0x1fff'82f8     0x4  Data  Gb  system_hc32f460.o [19]
HardFault_Handler          0x1'd1e5     0x8  Code  Gb  hc32f460_interrupts.o [20]
I2C_AckConfig              0x3'10cd    0x56  Code  Gb  hc32f460_i2c.o [20]
I2C_BaudrateConfig         0x3'0b15   0x228  Code  Gb  hc32f460_i2c.o [20]
I2C_BusWaitCmd             0x3'0ebb    0x6a  Code  Gb  hc32f460_i2c.o [20]
I2C_ClearStatus            0x3'0fd1    0x36  Code  Gb  hc32f460_i2c.o [20]
I2C_Cmd                    0x3'0e65    0x56  Code  Gb  hc32f460_i2c.o [20]
I2C_DeInit                 0x3'0d3d    0x40  Code  Gb  hc32f460_i2c.o [20]
I2C_GenerateReStart        0x3'0a6f    0x52  Code  Gb  hc32f460_i2c.o [20]
I2C_GenerateStart          0x3'0a1d    0x52  Code  Gb  hc32f460_i2c.o [20]
I2C_GenerateStop           0x3'0ac1    0x52  Code  Gb  hc32f460_i2c.o [20]
I2C_GetStatus              0x3'0f25    0xa0  Code  Gb  hc32f460_i2c.o [20]
I2C_Init                   0x3'0d85    0xd6  Code  Gb  hc32f460_i2c.o [20]
I2C_MasterDataReceiveAndStop
                           0x3'1339    0xd4  Code  Gb  hc32f460_i2c.o [20]
I2C_ReadData               0x3'1095    0x2e  Code  Gb  hc32f460_i2c.o [20]
I2C_Restart                0x3'1183    0x4c  Code  Gb  hc32f460_i2c.o [20]
I2C_SoftwareResetCmd       0x3'1007    0x56  Code  Gb  hc32f460_i2c.o [20]
I2C_Start                  0x3'1123    0x60  Code  Gb  hc32f460_i2c.o [20]
I2C_Stop                   0x3'140d    0x56  Code  Gb  hc32f460_i2c.o [20]
I2C_TransAddr              0x3'11cf    0xcc  Code  Gb  hc32f460_i2c.o [20]
I2C_TransData              0x3'129b    0x9e  Code  Gb  hc32f460_i2c.o [20]
I2C_WaitStatus             0x3'09dd    0x40  Code  Gb  hc32f460_i2c.o [20]
I2C_WriteData              0x3'105d    0x30  Code  Gb  hc32f460_i2c.o [20]
I2C_XYC_ALS_Master_Receive
                           0x2'd7dd    0xd4  Code  Gb  drv_IIC.o [22]
I2C_XYC_ALS_Master_Transmit
                           0x2'd759    0x78  Code  Gb  drv_IIC.o [22]
IRQ000_Handler             0x1'd225    0x12  Code  Gb  hc32f460_interrupts.o [20]
IRQ001_Handler             0x1'd237    0x12  Code  Gb  hc32f460_interrupts.o [20]
IRQ002_Handler             0x1'd249    0x12  Code  Gb  hc32f460_interrupts.o [20]
IRQ003_Handler             0x1'd25b    0x12  Code  Gb  hc32f460_interrupts.o [20]
IRQ004_Handler             0x1'd26d    0x12  Code  Gb  hc32f460_interrupts.o [20]
IRQ005_Handler             0x1'd27f    0x12  Code  Gb  hc32f460_interrupts.o [20]
IRQ006_Handler             0x1'd291    0x12  Code  Gb  hc32f460_interrupts.o [20]
IRQ007_Handler             0x1'd2a3    0x12  Code  Gb  hc32f460_interrupts.o [20]
IRQ008_Handler             0x1'd2b5    0x12  Code  Gb  hc32f460_interrupts.o [20]
IRQ009_Handler             0x1'd2c7    0x12  Code  Gb  hc32f460_interrupts.o [20]
IRQ010_Handler             0x1'd2d9    0x12  Code  Gb  hc32f460_interrupts.o [20]
IRQ011_Handler             0x1'd2eb    0x12  Code  Gb  hc32f460_interrupts.o [20]
IRQ012_Handler             0x1'd2fd    0x12  Code  Gb  hc32f460_interrupts.o [20]
IRQ013_Handler             0x1'd30f    0x12  Code  Gb  hc32f460_interrupts.o [20]
IRQ014_Handler             0x1'd321    0x12  Code  Gb  hc32f460_interrupts.o [20]
IRQ015_Handler             0x1'd333    0x12  Code  Gb  hc32f460_interrupts.o [20]
IRQ016_Handler             0x1'd345    0x12  Code  Gb  hc32f460_interrupts.o [20]
IRQ017_Handler             0x1'd357    0x12  Code  Gb  hc32f460_interrupts.o [20]
IRQ018_Handler             0x1'd369    0x12  Code  Gb  hc32f460_interrupts.o [20]
IRQ019_Handler             0x1'd37b    0x12  Code  Gb  hc32f460_interrupts.o [20]
IRQ020_Handler             0x1'd38d    0x12  Code  Gb  hc32f460_interrupts.o [20]
IRQ021_Handler             0x1'd39f    0x12  Code  Gb  hc32f460_interrupts.o [20]
IRQ022_Handler             0x1'd3b1    0x12  Code  Gb  hc32f460_interrupts.o [20]
IRQ023_Handler             0x1'd3c3    0x12  Code  Gb  hc32f460_interrupts.o [20]
IRQ024_Handler             0x1'd3d5    0x12  Code  Gb  hc32f460_interrupts.o [20]
IRQ025_Handler             0x1'd3e7    0x12  Code  Gb  hc32f460_interrupts.o [20]
IRQ026_Handler             0x1'd3f9    0x12  Code  Gb  hc32f460_interrupts.o [20]
IRQ027_Handler             0x1'd40b    0x12  Code  Gb  hc32f460_interrupts.o [20]
IRQ028_Handler             0x1'd41d    0x12  Code  Gb  hc32f460_interrupts.o [20]
IRQ029_Handler             0x1'd42f    0x12  Code  Gb  hc32f460_interrupts.o [20]
IRQ030_Handler             0x1'd441    0x12  Code  Gb  hc32f460_interrupts.o [20]
IRQ031_Handler             0x1'd453    0x12  Code  Gb  hc32f460_interrupts.o [20]
IRQ032_Handler             0x1'd465    0x16  Code  Gb  hc32f460_interrupts.o [20]
IRQ033_Handler             0x1'd47b    0x16  Code  Gb  hc32f460_interrupts.o [20]
IRQ034_Handler             0x1'd491    0x16  Code  Gb  hc32f460_interrupts.o [20]
IRQ035_Handler             0x1'd4a7    0x16  Code  Gb  hc32f460_interrupts.o [20]
IRQ036_Handler             0x1'd4bd    0x16  Code  Gb  hc32f460_interrupts.o [20]
IRQ037_Handler             0x1'd4d3    0x16  Code  Gb  hc32f460_interrupts.o [20]
IRQ038_Handler             0x1'd4e9    0x16  Code  Gb  hc32f460_interrupts.o [20]
IRQ039_Handler             0x1'd4ff    0x16  Code  Gb  hc32f460_interrupts.o [20]
IRQ040_Handler             0x1'd515    0x16  Code  Gb  hc32f460_interrupts.o [20]
IRQ041_Handler             0x1'd52b    0x16  Code  Gb  hc32f460_interrupts.o [20]
IRQ042_Handler             0x1'd541    0x16  Code  Gb  hc32f460_interrupts.o [20]
IRQ043_Handler             0x1'd557    0x16  Code  Gb  hc32f460_interrupts.o [20]
IRQ044_Handler             0x1'd56d    0x16  Code  Gb  hc32f460_interrupts.o [20]
IRQ045_Handler             0x1'd583    0x16  Code  Gb  hc32f460_interrupts.o [20]
IRQ046_Handler             0x1'd599    0x16  Code  Gb  hc32f460_interrupts.o [20]
IRQ047_Handler             0x1'd5af    0x16  Code  Gb  hc32f460_interrupts.o [20]
IRQ048_Handler             0x1'd5c5    0x16  Code  Gb  hc32f460_interrupts.o [20]
IRQ049_Handler             0x1'd5db    0x16  Code  Gb  hc32f460_interrupts.o [20]
IRQ050_Handler             0x1'd5f1    0x16  Code  Gb  hc32f460_interrupts.o [20]
IRQ051_Handler             0x1'd607    0x16  Code  Gb  hc32f460_interrupts.o [20]
IRQ052_Handler             0x1'd61d    0x16  Code  Gb  hc32f460_interrupts.o [20]
IRQ053_Handler             0x1'd633    0x16  Code  Gb  hc32f460_interrupts.o [20]
IRQ054_Handler             0x1'd649    0x16  Code  Gb  hc32f460_interrupts.o [20]
IRQ055_Handler             0x1'd65f    0x16  Code  Gb  hc32f460_interrupts.o [20]
IRQ056_Handler             0x1'd675    0x16  Code  Gb  hc32f460_interrupts.o [20]
IRQ057_Handler             0x1'd68b    0x16  Code  Gb  hc32f460_interrupts.o [20]
IRQ058_Handler             0x1'd6a1    0x16  Code  Gb  hc32f460_interrupts.o [20]
IRQ059_Handler             0x1'd6b7    0x16  Code  Gb  hc32f460_interrupts.o [20]
IRQ060_Handler             0x1'd6cd    0x16  Code  Gb  hc32f460_interrupts.o [20]
IRQ061_Handler             0x1'd6e3    0x16  Code  Gb  hc32f460_interrupts.o [20]
IRQ062_Handler             0x1'd6f9    0x16  Code  Gb  hc32f460_interrupts.o [20]
IRQ063_Handler             0x1'd70f    0x16  Code  Gb  hc32f460_interrupts.o [20]
IRQ064_Handler             0x1'd725    0x16  Code  Gb  hc32f460_interrupts.o [20]
IRQ065_Handler             0x1'd73b    0x16  Code  Gb  hc32f460_interrupts.o [20]
IRQ066_Handler             0x1'd751    0x16  Code  Gb  hc32f460_interrupts.o [20]
IRQ067_Handler             0x1'd767    0x16  Code  Gb  hc32f460_interrupts.o [20]
IRQ068_Handler             0x1'd77d    0x16  Code  Gb  hc32f460_interrupts.o [20]
IRQ069_Handler             0x1'd793    0x16  Code  Gb  hc32f460_interrupts.o [20]
IRQ070_Handler             0x1'd7a9    0x16  Code  Gb  hc32f460_interrupts.o [20]
IRQ071_Handler             0x1'd7bf    0x16  Code  Gb  hc32f460_interrupts.o [20]
IRQ072_Handler             0x1'd7d5    0x16  Code  Gb  hc32f460_interrupts.o [20]
IRQ073_Handler             0x1'd7eb    0x16  Code  Gb  hc32f460_interrupts.o [20]
IRQ074_Handler             0x1'd801    0x16  Code  Gb  hc32f460_interrupts.o [20]
IRQ075_Handler             0x1'd817    0x16  Code  Gb  hc32f460_interrupts.o [20]
IRQ076_Handler             0x1'd82d    0x16  Code  Gb  hc32f460_interrupts.o [20]
IRQ077_Handler             0x1'd843    0x16  Code  Gb  hc32f460_interrupts.o [20]
IRQ078_Handler             0x1'd859    0x14  Code  Gb  hc32f460_interrupts.o [20]
IRQ079_Handler             0x1'd86d    0x14  Code  Gb  hc32f460_interrupts.o [20]
IRQ080_Handler             0x1'd881    0x14  Code  Gb  hc32f460_interrupts.o [20]
IRQ081_Handler             0x1'd895    0x14  Code  Gb  hc32f460_interrupts.o [20]
IRQ082_Handler             0x1'd8a9    0x14  Code  Gb  hc32f460_interrupts.o [20]
IRQ083_Handler             0x1'd8bd    0x14  Code  Gb  hc32f460_interrupts.o [20]
IRQ084_Handler             0x1'd8d1    0x14  Code  Gb  hc32f460_interrupts.o [20]
IRQ085_Handler             0x1'd8e5    0x14  Code  Gb  hc32f460_interrupts.o [20]
IRQ086_Handler             0x1'd8f9    0x14  Code  Gb  hc32f460_interrupts.o [20]
IRQ087_Handler             0x1'd90d    0x14  Code  Gb  hc32f460_interrupts.o [20]
IRQ088_Handler             0x1'd921    0x14  Code  Gb  hc32f460_interrupts.o [20]
IRQ089_Handler             0x1'd935    0x14  Code  Gb  hc32f460_interrupts.o [20]
IRQ090_Handler             0x1'd949    0x14  Code  Gb  hc32f460_interrupts.o [20]
IRQ091_Handler             0x1'd95d    0x14  Code  Gb  hc32f460_interrupts.o [20]
IRQ092_Handler             0x1'd971    0x14  Code  Gb  hc32f460_interrupts.o [20]
IRQ093_Handler             0x1'd985    0x14  Code  Gb  hc32f460_interrupts.o [20]
IRQ094_Handler             0x1'd999    0x14  Code  Gb  hc32f460_interrupts.o [20]
IRQ095_Handler             0x1'd9ad    0x14  Code  Gb  hc32f460_interrupts.o [20]
IRQ096_Handler             0x1'd9c1    0x14  Code  Gb  hc32f460_interrupts.o [20]
IRQ097_Handler             0x1'd9d5    0x14  Code  Gb  hc32f460_interrupts.o [20]
IRQ098_Handler             0x1'd9e9    0x14  Code  Gb  hc32f460_interrupts.o [20]
IRQ099_Handler             0x1'd9fd    0x14  Code  Gb  hc32f460_interrupts.o [20]
IRQ100_Handler             0x1'da11    0x14  Code  Gb  hc32f460_interrupts.o [20]
IRQ101_Handler             0x1'da25    0x14  Code  Gb  hc32f460_interrupts.o [20]
IRQ102_Handler             0x1'da39    0x14  Code  Gb  hc32f460_interrupts.o [20]
IRQ103_Handler             0x1'da4d    0x14  Code  Gb  hc32f460_interrupts.o [20]
IRQ104_Handler             0x1'da61    0x14  Code  Gb  hc32f460_interrupts.o [20]
IRQ105_Handler             0x1'da75    0x14  Code  Gb  hc32f460_interrupts.o [20]
[...]
func_Device_Parameter_Init
                           0x1'9389    0x80  Code  Gb  drv_Storage_W25Q128.o [16]
func_Device_SW_HW_View_Show
                           0x3'03a9    0xaa  Code  Gb  Display.o [11]
func_Device_Status_View_Show
                           0x2'ef91   0x1e2  Code  Gb  Display.o [11]
func_Display_128x64        0x2'4d95    0x88  Code  Gb  OLED.o [11]
func_EC200U_4G_PownDown_Deinit
                           0x1'4281    0x5c  Code  Gb  4G_EC200U.o [1]
func_Enter_LowPower_Stop_Mode
                           0x2'0123    0xda  Code  Gb  Mainloop.o [9]
func_Flow_View_Show        0x2'f439   0x1a2  Code  Gb  Display.o [11]
func_GPSData_View_Show     0x3'01b9   0x10e  Code  Gb  Display.o [11]
func_Get_BlackLightDataUploadCMD_Data
                           0x1'48d3   0x186  Code  Gb  4G_EC200U.o [1]
func_Get_DataUploadCMD_Data
                           0x1'4ae5  0x1262  Code  Gb  4G_EC200U.o [1]
func_Get_DevRegCMD_Data
                           0x1'434d   0x526  Code  Gb  4G_EC200U.o [1]
func_Get_DevStatusCMD_Data
                           0x1'6449   0x37a  Code  Gb  4G_EC200U.o [1]
func_Get_DevStatusData     0x1'62c5   0x166  Code  Gb  4G_EC200U.o [1]
func_Get_Device_MeasData_Record
                           0x1'930f    0x1a  Code  Gb  drv_Storage_W25Q128.o [16]
func_Get_Device_Sensors_Value
                           0x2'0419   0x298  Code  Gb  Mainloop.o [9]
func_Get_Device_Sensors_Value::ucChangeCnt
                        0x1fff'9c7a     0x1  Data  Lc  Mainloop.o [9]
func_Get_Device_Sensors_Value::ucRetryCnt
                        0x1fff'9c79     0x1  Data  Lc  Mainloop.o [9]
func_Get_GetConfigResult_CMD
                           0x2'a2a1   0x64a  Code  Gb  MQTT_SK.o [7]
func_Get_MBCRC16           0x2'64a9    0x40  Code  Gb  ModbusRTU.o [10]
func_Get_Meas_BY_Integrated_Conductivity_Sensor_Value
                           0x2'6a9f   0x216  Code  Gb  ModbusRTU.o [10]
func_Get_Meas_BY_Pressure_Level_Sensor_Value
                           0x2'6e19   0x118  Code  Gb  ModbusRTU.o [10]
func_Get_Meas_BY_Radar_Level_Sensor_Value
                           0x2'6cb9   0x160  Code  Gb  ModbusRTU.o [10]
func_Get_Meas_HX_Flow_Sensor_Value
                           0x2'78d7   0x28c  Code  Gb  ModbusRTU.o [10]
func_Get_Meas_HX_Radar_Ultrasonic_Flow_Sensor_Value
                           0x2'7669   0x26e  Code  Gb  ModbusRTU.o [10]
func_Get_Meas_HX_WaterQuality_COD_Sensor_Value
                           0x2'7b71   0x22e  Code  Gb  ModbusRTU.o [10]
func_Get_Meas_HZ_Radar_Level_Sensor_Value
                           0x2'7415   0x24e  Code  Gb  ModbusRTU.o [10]
func_Get_Meas_HZ_Radar_Ultrasonic_Flow_Sensor_Value
                           0x2'6f45   0x4c4  Code  Gb  ModbusRTU.o [10]
func_Get_Photo_Data        0x2'7fcf   0x11e  Code  Gb  ModbusRTU.o [10]
func_Get_Server_MQTT_Dispose
                           0x2'0f81    0x9c  Code  Gb  Mainloop.o [9]
func_Get_SetConfigResult_CMD
                           0x2'91d5    0x62  Code  Gb  MQTT_SK.o [7]
func_Get_StatusUploadCMD_Data
                           0x1'5d55   0x56c  Code  Gb  4G_EC200U.o [1]
func_LowPower_Stop_Mode_Init
                           0x2'01fd    0x4c  Code  Gb  Mainloop.o [9]
func_MQTT_SK_Init          0x2'ae05     0xc  Code  Gb  MQTT_SK.o [7]
func_Mainloop_Init         0x2'0107     0xe  Code  Gb  Mainloop.o [9]
func_Meas_Sensor_Dispose
                           0x2'80f5   0x2f2  Code  Gb  ModbusRTU.o [10]
func_Meas_Sensor_PowerDown_DeInit
                           0x2'02cd    0x8c  Code  Gb  Mainloop.o [9]
func_Meas_Sensor_PowerOn_Init
                           0x2'0249    0x84  Code  Gb  Mainloop.o [9]
func_Meas_Sensor_Value_View_Show
                           0x3'00f9    0xba  Code  Gb  Display.o [11]
func_Measure_Data_View_Show
                           0x2'f90f   0x1f6  Code  Gb  Display.o [11]
func_Measure_WaterLevel_View_Show
                           0x2'fb0d   0x32a  Code  Gb  Display.o [11]
func_Measure_Water_Quality_View_Show
                           0x2'fe41   0x2b8  Code  Gb  Display.o [11]
func_NFC_Check_Dispose     0x2'0359    0x96  Code  Gb  Mainloop.o [9]
func_NoSensor_View_Show
                           0x2'f8c5    0x4a  Code  Gb  Display.o [11]
func_Not_Certified_View_Show
                           0x2'f185    0x7c  Code  Gb  Display.o [11]
func_OLED_PowerDown_DeInit
                           0x2'4c35    0x64  Code  Gb  OLED.o [11]
func_OLED_PowerUp_Init     0x2'4b21   0x114  Code  Gb  OLED.o [11]
func_OTS_Temperature_GetValue
                           0x2'8775    0x14  Code  Gb  drv_OTS_Temperature.o [23]
func_PowerOn_View_Show     0x3'0461    0x60  Code  Gb  Display.o [11]
func_RF_NFC_PowerDown_DeInit
                           0x2'55e1    0x66  Code  Gb  RF_NFC.o [13]
func_RXNTTL518_Init        0x2'584d    0x34  Code  Gb  RXNTTL518.o [14]
func_ReadPhoto_XYC_ALS_Data
                           0x2'6141    0x58  Code  Gb  Photosensitive_XYC_ALS.o [12]
func_Read_RXNTTL518_Version
                           0x2'579b     0xe  Code  Gb  RXNTTL518.o [14]
func_Rts_Control_And_SendData
                           0x2'69c1    0xde  Code  Gb  ModbusRTU.o [10]
func_Save_Device_MeasData
                           0x1'92f1    0x1e  Code  Gb  drv_Storage_W25Q128.o [16]
func_Save_Device_MeasRecord_Dispose
                           0x2'06d9   0x4ea  Code  Gb  Mainloop.o [9]
func_Save_Device_MeasRecord_Dispose::ucRecordFlag
                        0x1fff'9c7b     0x1  Data  Lc  Mainloop.o [9]
func_Save_Device_MeasRecord_Dispose::ucSaveRecordFlag
                        0x1fff'9c7c     0x1  Data  Lc  Mainloop.o [9]
func_Save_Device_Parameter
                           0x1'87f1   0xb00  Code  Gb  drv_Storage_W25Q128.o [16]
func_Search_Card           0x2'57a9    0xa4  Code  Gb  RXNTTL518.o [14]
func_Send_CMD              0x2'56af    0xec  Code  Gb  RXNTTL518.o [14]
func_Set_BlackLight_Move_AT_CMD
                           0x2'7d9f    0xb2  Code  Gb  ModbusRTU.o [10]
func_Set_Camera_Photo_CMD
                           0x2'7eeb    0xe4  Code  Gb  ModbusRTU.o [10]
func_SystemPara_Init       0x1'ad4d    0x16  Code  Gb  User_Data.o [17]
func_System_Mainloop_Dispose
                           0x2'1021   0x2ba  Code  Gb  Mainloop.o [9]
func_System_Soft_Reset     0x2'0115     0xe  Code  Gb  Mainloop.o [9]
func_WatchDog_Refresh      0x1'9a5f    0x1e  Code  Gb  WatchDog.o [18]
func_WaterLevel_View_Show
                           0x2'f279   0x1c0  Code  Gb  Display.o [11]
func_diplay_NFCCheck_Menu
                           0x2'ece9    0x7a  Code  Gb  Display.o [11]
func_display_Authorize_Menu
                           0x2'ec59    0x90  Code  Gb  Display.o [11]
func_display_PowerOn_Menu
                           0x2'ec49    0x10  Code  Gb  Display.o [11]
func_display_string        0x2'4e25   0x7a8  Code  Gb  OLED.o [11]
func_sprintf_metricsystem
                           0x2'e65d   0x426  Code  Gb  Display.o [11]
gE_4G_Module_Init_CMD   0x1fff'9c86     0x1  Data  Gb  User_Data.o [17]
gSt_DevMeasRecordData   0x1fff'9b24    0x2c  Data  Gb  User_Data.o [17]
gSt_systemPara          0x2001'0000  0xfe50  Data  Lc  User_Data.o [17]
g_ATE_CMD               0x1fff'82ec     0x8  Data  Lc  BT_TB05.o [2]
g_AT_CMD                0x1fff'82f4     0x4  Data  Lc  BT_TB05.o [2]
g_AT_RESET_CMD          0x1fff'82b8    0x20  Data  Lc  BT_TB05.o [2]
g_AT_SSID_CMD           0x1fff'8294    0x24  Data  Lc  BT_TB05.o [2]
g_Ble_SSID              0x1fff'82d8    0x14  Data  Gb  BT_TB05.o [2]
g_sSKLogo_New              0x3'49a8   0x400  Data  Gb  Font.o [11]
g_sint8_Font_16x10_12864
                           0x3'3b20   0x5a0  Data  Gb  Font.o [11]
g_sint8_Font_16x12_12864
                           0x3'211c   0x708  Data  Gb  Font.o [11]
g_sint8_Font_6x12_AsciiDot
                           0x3'40c0   0x4c8  Data  Gb  Font.o [11]
gc_SystemPosi           0x1fff'9c85     0x1  Data  Gb  User_Data.o [17]
gfunc_DateString_process
                           0x2'ea8d   0x1bc  Code  Gb  Display.o [11]
gfunc_Modbus_Matching      0x2'c071   0x188  Code  Gb  ModbusRTU_Device_BT.o [10]
gs_DeviceDefaultPara    0x1fff'8000   0x108  Data  Gb  User_Data.o [17]
guc_ERR13DelayCnt       0x1fff'9c65     0x1  Data  Gb  BT_TB05.o [2]
guc_LcdDipRevesAttr     0x1fff'9c83     0x1  Data  Gb  User_Data.o [17]
guc_NFCPWRInitFlag      0x1fff'9c81     0x1  Data  Gb  User_Data.o [17]
guc_NFC_Card_Flag       0x1fff'9c84     0x1  Data  Gb  User_Data.o [17]
guc_NFC_Card_ID         0x1fff'8108    0x8c  Data  Gb  RXNTTL518.o [14]
guc_OLED_Buf            0x1fff'9308   0x400  Data  Gb  User_Data.o [17]
guc_RTURecvArr          0x1fff'9ac0    0x64  Data  Gb  User_Data.o [17]
guc_SystemPowerInitFlag
                        0x1fff'9c82     0x1  Data  Gb  User_Data.o [17]
guc_TextBDData          0x1fff'9bc8    0x14  Data  Gb  User_Data.o [17]
guc_W25Q128_Buf         0x1fff'8308  0x1000  Data  Gb  drv_Storage_W25Q128.o [16]
hex_to_str                 0x1'4873    0x60  Code  Gb  4G_EC200U.o [1]
isalpha                    0x2'3841    0x14  Code  Gb  isalpha.o [29]
isspace                    0x2'382d    0x14  Code  Gb  isspace.o [29]
lcd_address                0x2'4c99    0x28  Code  Gb  OLED.o [11]
ldexp                      0x2'3c05          Code  Gb  ldexp.o [30]
ldexpl                     0x2'3c05          Code  Gb  ldexp.o [30]
lmos                       0x1'ea88    0x18  Data  Lc  xDaysTo64.o [29]
lnbias                     0x3'4588   0x420  Data  Lc  pow64.o [30]
localeconv                 0x2'3895     0x4  Code  Gb  xlocale_c.o [29]
m_au16Adc1Value         0x1fff'9b7c    0x24  Data  Lc  drv_ADC.o [21]
m_au16Adc2Value         0x1fff'9ba0    0x14  Data  Lc  drv_ADC.o [21]
m_f32OffsetM            0x1fff'9c18     0x4  Data  Lc  hc32f460_ots.o [20]
m_f32SlopeK             0x1fff'9c14     0x4  Data  Lc  hc32f460_ots.o [20]
m_stcSysclkCfg          0x1fff'9be8     0x8  Data  Lc  main.o [28]
main                       0x3'2a3d   0x414  Code  Gb  main.o [28]
main::ucMonitorFlag     0x1fff'9c77     0x1  Data  Lc  main.o [28]
main::ucRetryCnt        0x1fff'9c78     0x1  Data  Lc  main.o [28]
memchr                     0x2'3fdd          Code  Gb  memchr.o [31]
memcmp                     0x2'3539          Code  Gb  memcmp.o [31]
mktime                     0x1'829d    0xe0  Code  Gb  mktime64.o [29]
mos                        0x1'eaa0    0x18  Data  Lc  xDaysTo64.o [29]
nackFlag                0x1fff'9c66     0x1  Data  Gb  drv_IIC.o [22]
ndigs                      0x3'58e0    0x28  Data  Lc  iar_Stoulx.o [29]
ndigs                      0x3'5930    0x28  Data  Lc  iar_Stoullx.o [29]
now                     0x1fff'9be0     0x8  Data  Gb  4G_EC200U.o [1]
pfnNmiCallback          0x1fff'9c10     0x4  Data  Lc  hc32f460_exint_nmi_swi.o [20]
pow                        0x3'1539   0x68c  Code  Gb  pow64.o [30]
powl                       0x3'1539   0x68c  Code  Gb  pow64.o [30]
pows                       0x3'5e58    0x48  Data  Lc  strto64.o [30]
prveMBError2Exception      0x2'aee1    0x26  Code  Gb  ModbusRTU_Device_BT.o [10]
pst_BDSystemPara        0x1fff'9c1c     0x4  Data  Lc  LC86L_BD.o [3]
pst_BTSystemPara        0x1fff'9bf8     0x4  Data  Lc  BT_TB05.o [2]
pst_EC200USystemPara    0x1fff'9bdc     0x4  Data  Lc  4G_EC200U.o [1]
pst_LoraSystemPara      0x1fff'9c20     0x4  Data  Lc  Lora_TP1109.o [6]
pst_MBSystemPara        0x1fff'9c30     0x4  Data  Gb  ModbusRTU.o [10]
pst_MQTTSystemPara      0x1fff'9c3c     0x4  Data  Lc  MQTT_SK.o [7]
pst_MagSystemPara       0x1fff'9c24     0x4  Data  Lc  Magnetic_Bar.o [8]
pst_MainSystemPara      0x1fff'9c28     0x4  Data  Lc  main.o [28]
pst_MainloopSystemPara  0x1fff'9c2c     0x4  Data  Lc  Mainloop.o [9]
pst_OLEDSystemPara      0x1fff'9c40     0x4  Data  Gb  OLED.o [11]
pst_PhotoSystemPara     0x1fff'9c44     0x4  Data  Lc  Photosensitive_XYC_ALS.o [12]
pst_RTCSystemPara       0x1fff'9bfc     0x4  Data  Lc  drv_RTC.o [24]
pst_RXNTTLSystemPara    0x1fff'9c48     0x4  Data  Lc  RXNTTL518.o [14]
pst_SC7A20SystemPara    0x1fff'9c00     0x4  Data  Lc  drv_SC7A20H.o [15]
pst_TimerSystemPara     0x1fff'9c08     0x4  Data  Lc  drv_Timer.o [26]
pst_UsartSystemPara     0x1fff'9c0c     0x4  Data  Lc  drv_USART.o [27]
pst_W25Q128SystemPara   0x1fff'9c04     0x4  Data  Gb  drv_Storage_W25Q128.o [16]
pucSndBufferCur         0x1fff'9c34     0x4  Data  Lc  ModbusRTU_Device_BT.o [10]
ranmatch                   0x1'e79b    0x46  Code  Lc  xscanffull_nomb.o [29]
scalbln                    0x2'3c05          Code  Gb  ldexp.o [30]
scalblnl                   0x2'3c05          Code  Gb  ldexp.o [30]
scalbn                     0x2'3c05          Code  Gb  ldexp.o [30]
scalbnl                    0x2'3c05          Code  Gb  ldexp.o [30]
scale                      0x1'f83f    0x46  Code  Lc  xprintflarge_nomb.o [29]
sec_hand                0x1fff'9c50     0x4  Data  Lc  xfail_s.o [29]
sprintf                    0x1'837d    0x40  Code  Gb  sprintf.o [29]
sqrt                       0x2'd96d          Code  Gb  sqrt.o [30]
sqrtl                      0x2'd96d          Code  Gb  sqrt.o [30]
sscanf                     0x1'8275    0x28  Code  Gb  sscanf.o [29]
st_TempValue            0x1fff'9908   0x1b8  Data  Gb  4G_EC200U.o [1]
strcat                     0x1'83f3    0x1e  Code  Gb  strcat.o [29]
strchr                     0x1'dc59          Code  Gb  strchr.o [31]
strcmp                     0x2'1321          Code  Gb  strcmp.o [31]
strcpy                     0x1'9a19          Code  Gb  strcpy.o [31]
strcspn                    0x3'1be7    0x22  Code  Gb  strcspn.o [29]
strlen                     0x1'83bd          Code  Gb  strlen.o [31]
strncmp                    0x2'd931    0x2a  Code  Gb  strncmp.o [29]
strspn                     0x3'1bc5    0x22  Code  Gb  strspn.o [29]
strstr                     0x2'87bd    0x2c  Code  Gb  strstr.o [29]
strtok                     0x3'0829    0x4c  Code  Gb  strtok.o [29]
strtoll                    0x2'3f95     0x2  Code  Gb  iar_Stollx.o [29]
strtoull                   0x2'3eed     0x2  Code  Gb  iar_Stoullx.o [29]
tolower                    0x2'ca71    0x14  Code  Gb  tolower.o [29]
u32ICG                        0x400    0x20  Data  Gb  hc32f460_icg.o [20]
u8HrcState              0x1fff'9c73     0x1  Data  Gb  hc32f460_pwc.o [20]
u8MrcState              0x1fff'9c74     0x1  Data  Gb  hc32f460_pwc.o [20]
u8StopFlag              0x1fff'9c76     0x1  Data  Gb  hc32f460_pwc.o [20]
u8SysClkSrc             0x1fff'8304     0x1  Data  Gb  hc32f460_pwc.o [20]
u8WkupIntCnt            0x1fff'9c75     0x1  Data  Gb  hc32f460_pwc.o [20]
ucMeasSensorExistFlag   0x1fff'9c61     0x1  Data  Gb  4G_EC200U.o [1]
ucMeasWaterVolumeFlag   0x1fff'9c60     0x1  Data  Gb  4G_EC200U.o [1]
ucRecordCnt             0x1fff'9c5c     0x1  Data  Gb  4G_EC200U.o [1]
ucWaterLevel_Radar_Flag
                        0x1fff'9c5d     0x1  Data  Gb  4G_EC200U.o [1]
ucWaterQuality_COD_Flag
                        0x1fff'9c5e     0x1  Data  Gb  4G_EC200U.o [1]
ucWaterQuality_COND_Flag
                        0x1fff'9c5f     0x1  Data  Gb  4G_EC200U.o [1]
ulRecordCnt             0x1fff'9bf4     0x4  Data  Gb  4G_EC200U.o [1]
ulTime                  0x1fff'9bf0     0x4  Data  Gb  4G_EC200U.o [1]
usRcvBufferPos          0x1fff'9c58     0x2  Data  Lc  ModbusRTU_Device_BT.o [10]
xFuncHandlers           0x1fff'8194    0x80  Data  Lc  ModbusRTU_Device_BT.o [10]


[1] = D:\Myself\WorkProcess\SK\HC32F460_WorkProcess\example\Source\Pipe_Monitor\Pipe_Monitor_App\EWARM\output\debug\Obj\4G_EC200U_8582873453978518366.dir
[2] = D:\Myself\WorkProcess\SK\HC32F460_WorkProcess\example\Source\Pipe_Monitor\Pipe_Monitor_App\EWARM\output\debug\Obj\BT_TB05_12041724360499981866.dir
[3] = D:\Myself\WorkProcess\SK\HC32F460_WorkProcess\example\Source\Pipe_Monitor\Pipe_Monitor_App\EWARM\output\debug\Obj\LC86L_BD_9822625824417385734.dir
[4] = D:\Myself\WorkProcess\SK\HC32F460_WorkProcess\example\Source\Pipe_Monitor\Pipe_Monitor_App\EWARM\output\debug\Obj\LKT4202_1925765440156868983.dir
[5] = D:\Myself\WorkProcess\SK\HC32F460_WorkProcess\example\Source\Pipe_Monitor\Pipe_Monitor_App\EWARM\output\debug\Obj\LoRa_RA02_5139138412578801246.dir
[6] = D:\Myself\WorkProcess\SK\HC32F460_WorkProcess\example\Source\Pipe_Monitor\Pipe_Monitor_App\EWARM\output\debug\Obj\Lora_TP1109_151720617378073083.dir
[7] = D:\Myself\WorkProcess\SK\HC32F460_WorkProcess\example\Source\Pipe_Monitor\Pipe_Monitor_App\EWARM\output\debug\Obj\MQTT_SK_4724149239023757000.dir
[8] = D:\Myself\WorkProcess\SK\HC32F460_WorkProcess\example\Source\Pipe_Monitor\Pipe_Monitor_App\EWARM\output\debug\Obj\Magnetic_Bar_17520218520042908049.dir
[9] = D:\Myself\WorkProcess\SK\HC32F460_WorkProcess\example\Source\Pipe_Monitor\Pipe_Monitor_App\EWARM\output\debug\Obj\Mainloop_18272944273632151421.dir
[10] = D:\Myself\WorkProcess\SK\HC32F460_WorkProcess\example\Source\Pipe_Monitor\Pipe_Monitor_App\EWARM\output\debug\Obj\ModbusRTU_17682219295068567368.dir
[11] = D:\Myself\WorkProcess\SK\HC32F460_WorkProcess\example\Source\Pipe_Monitor\Pipe_Monitor_App\EWARM\output\debug\Obj\OLED_13473777563621607307.dir
[12] = D:\Myself\WorkProcess\SK\HC32F460_WorkProcess\example\Source\Pipe_Monitor\Pipe_Monitor_App\EWARM\output\debug\Obj\Photosensitive_XYC_ALS_28064708180949255.dir
[13] = D:\Myself\WorkProcess\SK\HC32F460_WorkProcess\example\Source\Pipe_Monitor\Pipe_Monitor_App\EWARM\output\debug\Obj\RF_NFC_10628150809568064830.dir
[14] = D:\Myself\WorkProcess\SK\HC32F460_WorkProcess\example\Source\Pipe_Monitor\Pipe_Monitor_App\EWARM\output\debug\Obj\RXNTTL518_17808510930951076202.dir
[15] = D:\Myself\WorkProcess\SK\HC32F460_WorkProcess\example\Source\Pipe_Monitor\Pipe_Monitor_App\EWARM\output\debug\Obj\SC7A20H_13085057635104233901.dir
[16] = D:\Myself\WorkProcess\SK\HC32F460_WorkProcess\example\Source\Pipe_Monitor\Pipe_Monitor_App\EWARM\output\debug\Obj\Storage_W25Q128_4738127093883701884.dir
[17] = D:\Myself\WorkProcess\SK\HC32F460_WorkProcess\example\Source\Pipe_Monitor\Pipe_Monitor_App\EWARM\output\debug\Obj\User_Data_5391006662705040797.dir
[18] = D:\Myself\WorkProcess\SK\HC32F460_WorkProcess\example\Source\Pipe_Monitor\Pipe_Monitor_App\EWARM\output\debug\Obj\WatchDog_9188475617120297074.dir
[19] = D:\Myself\WorkProcess\SK\HC32F460_WorkProcess\example\Source\Pipe_Monitor\Pipe_Monitor_App\EWARM\output\debug\Obj\common_14919461937644757070.dir
[20] = D:\Myself\WorkProcess\SK\HC32F460_WorkProcess\example\Source\Pipe_Monitor\Pipe_Monitor_App\EWARM\output\debug\Obj\driver_11944700488488147666.dir
[21] = D:\Myself\WorkProcess\SK\HC32F460_WorkProcess\example\Source\Pipe_Monitor\Pipe_Monitor_App\EWARM\output\debug\Obj\drv_ADC_15186207816091091275.dir
[22] = D:\Myself\WorkProcess\SK\HC32F460_WorkProcess\example\Source\Pipe_Monitor\Pipe_Monitor_App\EWARM\output\debug\Obj\drv_IIC_18060258103304213159.dir
[23] = D:\Myself\WorkProcess\SK\HC32F460_WorkProcess\example\Source\Pipe_Monitor\Pipe_Monitor_App\EWARM\output\debug\Obj\drv_OTS_Temperature_13039655784802445445.dir
[24] = D:\Myself\WorkProcess\SK\HC32F460_WorkProcess\example\Source\Pipe_Monitor\Pipe_Monitor_App\EWARM\output\debug\Obj\drv_RTC_2577979922006117733.dir
[25] = D:\Myself\WorkProcess\SK\HC32F460_WorkProcess\example\Source\Pipe_Monitor\Pipe_Monitor_App\EWARM\output\debug\Obj\drv_SPI_4333388098947449637.dir
[26] = D:\Myself\WorkProcess\SK\HC32F460_WorkProcess\example\Source\Pipe_Monitor\Pipe_Monitor_App\EWARM\output\debug\Obj\drv_Timer_6973001687617930806.dir
[27] = D:\Myself\WorkProcess\SK\HC32F460_WorkProcess\example\Source\Pipe_Monitor\Pipe_Monitor_App\EWARM\output\debug\Obj\drv_USART_14144334009435087269.dir
[28] = D:\Myself\WorkProcess\SK\HC32F460_WorkProcess\example\Source\Pipe_Monitor\Pipe_Monitor_App\EWARM\output\debug\Obj\source_5634686896477721948.dir
[29] = dl7M_tlf.a
[30] = m7M_tls.a
[31] = rt7M_tl.a
[32] = shb_l.a

  128'509 bytes of readonly  code memory
   15'193 bytes of readonly  data memory (+ 32 absolute)
   80'598 bytes of readwrite data memory

Errors: none
Warnings: none
