###############################################################################
#
# IAR ELF Linker V9.40.1.364/W64 for ARM                  28/Oct/2025  08:35:30
# Copyright 2007-2023 IAR Systems AB.
#
#    Output file  =
#        D:\Myself\WorkProcess\SK\HC32F460_WorkProcess\example\Source\Pipe_Monitor\Pipe_Monitor_App\EWARM\output\debug\Exe\Pipe_Monitor_App.out
#    Map file     =
#        D:\Myself\WorkProcess\SK\HC32F460_WorkProcess\example\Source\Pipe_Monitor\Pipe_Monitor_App\EWARM\output\debug\List\Pipe_Monitor_App.map
#    Command line =
#        -f
#        D:\Myself\WorkProcess\SK\HC32F460_WorkProcess\example\Source\Pipe_Monitor\Pipe_Monitor_App\EWARM\output\debug\Exe\Pipe_Monitor_App.out.rsp
#        (D:\Myself\WorkProcess\SK\HC32F460_WorkProcess\example\Source\Pipe_Monitor\Pipe_Monitor_App\EWARM\output\debug\Obj\4G_EC200U_8582873453978518366.dir\4G_EC200U.o
#        D:\Myself\WorkProcess\SK\HC32F460_WorkProcess\example\Source\Pipe_Monitor\Pipe_Monitor_App\EWARM\output\debug\Obj\BT_TB05_12041724360499981866.dir\BT_TB05.o
#        D:\Myself\WorkProcess\SK\HC32F460_WorkProcess\example\Source\Pipe_Monitor\Pipe_Monitor_App\EWARM\output\debug\Obj\OLED_13473777563621607307.dir\Display.o
#        D:\Myself\WorkProcess\SK\HC32F460_WorkProcess\example\Source\Pipe_Monitor\Pipe_Monitor_App\EWARM\output\debug\Obj\drv_ADC_15186207816091091275.dir\drv_ADC.o
#        D:\Myself\WorkProcess\SK\HC32F460_WorkProcess\example\Source\Pipe_Monitor\Pipe_Monitor_App\EWARM\output\debug\Obj\drv_IIC_18060258103304213159.dir\drv_IIC.o
#        D:\Myself\WorkProcess\SK\HC32F460_WorkProcess\example\Source\Pipe_Monitor\Pipe_Monitor_App\EWARM\output\debug\Obj\LKT4202_1925765440156868983.dir\drv_LKT4202.o
#        D:\Myself\WorkProcess\SK\HC32F460_WorkProcess\example\Source\Pipe_Monitor\Pipe_Monitor_App\EWARM\output\debug\Obj\drv_OTS_Temperature_13039655784802445445.dir\drv_OTS_Temperature.o
#        D:\Myself\WorkProcess\SK\HC32F460_WorkProcess\example\Source\Pipe_Monitor\Pipe_Monitor_App\EWARM\output\debug\Obj\drv_RTC_2577979922006117733.dir\drv_RTC.o
#        D:\Myself\WorkProcess\SK\HC32F460_WorkProcess\example\Source\Pipe_Monitor\Pipe_Monitor_App\EWARM\output\debug\Obj\SC7A20H_13085057635104233901.dir\drv_SC7A20H.o
#        D:\Myself\WorkProcess\SK\HC32F460_WorkProcess\example\Source\Pipe_Monitor\Pipe_Monitor_App\EWARM\output\debug\Obj\drv_SPI_4333388098947449637.dir\drv_SPI.o
#        D:\Myself\WorkProcess\SK\HC32F460_WorkProcess\example\Source\Pipe_Monitor\Pipe_Monitor_App\EWARM\output\debug\Obj\Storage_W25Q128_4738127093883701884.dir\drv_Storage_W25Q128.o
#        D:\Myself\WorkProcess\SK\HC32F460_WorkProcess\example\Source\Pipe_Monitor\Pipe_Monitor_App\EWARM\output\debug\Obj\drv_Timer_6973001687617930806.dir\drv_Timer.o
#        D:\Myself\WorkProcess\SK\HC32F460_WorkProcess\example\Source\Pipe_Monitor\Pipe_Monitor_App\EWARM\output\debug\Obj\drv_USART_14144334009435087269.dir\drv_USART.o
#        D:\Myself\WorkProcess\SK\HC32F460_WorkProcess\example\Source\Pipe_Monitor\Pipe_Monitor_App\EWARM\output\debug\Obj\RF_NFC_10628150809568064830.dir\fm175xx.o
#        D:\Myself\WorkProcess\SK\HC32F460_WorkProcess\example\Source\Pipe_Monitor\Pipe_Monitor_App\EWARM\output\debug\Obj\OLED_13473777563621607307.dir\Font.o
#        D:\Myself\WorkProcess\SK\HC32F460_WorkProcess\example\Source\Pipe_Monitor\Pipe_Monitor_App\EWARM\output\debug\Obj\driver_11944700488488147666.dir\hc32f460_adc.o
#        D:\Myself\WorkProcess\SK\HC32F460_WorkProcess\example\Source\Pipe_Monitor\Pipe_Monitor_App\EWARM\output\debug\Obj\driver_11944700488488147666.dir\hc32f460_clk.o
#        D:\Myself\WorkProcess\SK\HC32F460_WorkProcess\example\Source\Pipe_Monitor\Pipe_Monitor_App\EWARM\output\debug\Obj\driver_11944700488488147666.dir\hc32f460_dmac.o
#        D:\Myself\WorkProcess\SK\HC32F460_WorkProcess\example\Source\Pipe_Monitor\Pipe_Monitor_App\EWARM\output\debug\Obj\driver_11944700488488147666.dir\hc32f460_efm.o
#        D:\Myself\WorkProcess\SK\HC32F460_WorkProcess\example\Source\Pipe_Monitor\Pipe_Monitor_App\EWARM\output\debug\Obj\driver_11944700488488147666.dir\hc32f460_event_port.o
#        D:\Myself\WorkProcess\SK\HC32F460_WorkProcess\example\Source\Pipe_Monitor\Pipe_Monitor_App\EWARM\output\debug\Obj\driver_11944700488488147666.dir\hc32f460_exint_nmi_swi.o
#        D:\Myself\WorkProcess\SK\HC32F460_WorkProcess\example\Source\Pipe_Monitor\Pipe_Monitor_App\EWARM\output\debug\Obj\driver_11944700488488147666.dir\hc32f460_gpio.o
#        D:\Myself\WorkProcess\SK\HC32F460_WorkProcess\example\Source\Pipe_Monitor\Pipe_Monitor_App\EWARM\output\debug\Obj\driver_11944700488488147666.dir\hc32f460_i2c.o
#        D:\Myself\WorkProcess\SK\HC32F460_WorkProcess\example\Source\Pipe_Monitor\Pipe_Monitor_App\EWARM\output\debug\Obj\driver_11944700488488147666.dir\hc32f460_icg.o
#        D:\Myself\WorkProcess\SK\HC32F460_WorkProcess\example\Source\Pipe_Monitor\Pipe_Monitor_App\EWARM\output\debug\Obj\driver_11944700488488147666.dir\hc32f460_interrupts.o
#        D:\Myself\WorkProcess\SK\HC32F460_WorkProcess\example\Source\Pipe_Monitor\Pipe_Monitor_App\EWARM\output\debug\Obj\driver_11944700488488147666.dir\hc32f460_keyscan.o
#        D:\Myself\WorkProcess\SK\HC32F460_WorkProcess\example\Source\Pipe_Monitor\Pipe_Monitor_App\EWARM\output\debug\Obj\driver_11944700488488147666.dir\hc32f460_ots.o
#        D:\Myself\WorkProcess\SK\HC32F460_WorkProcess\example\Source\Pipe_Monitor\Pipe_Monitor_App\EWARM\output\debug\Obj\driver_11944700488488147666.dir\hc32f460_pwc.o
#        D:\Myself\WorkProcess\SK\HC32F460_WorkProcess\example\Source\Pipe_Monitor\Pipe_Monitor_App\EWARM\output\debug\Obj\driver_11944700488488147666.dir\hc32f460_rtc.o
#        D:\Myself\WorkProcess\SK\HC32F460_WorkProcess\example\Source\Pipe_Monitor\Pipe_Monitor_App\EWARM\output\debug\Obj\driver_11944700488488147666.dir\hc32f460_spi.o
#        D:\Myself\WorkProcess\SK\HC32F460_WorkProcess\example\Source\Pipe_Monitor\Pipe_Monitor_App\EWARM\output\debug\Obj\driver_11944700488488147666.dir\hc32f460_sram.o
#        D:\Myself\WorkProcess\SK\HC32F460_WorkProcess\example\Source\Pipe_Monitor\Pipe_Monitor_App\EWARM\output\debug\Obj\driver_11944700488488147666.dir\hc32f460_timer0.o
#        D:\Myself\WorkProcess\SK\HC32F460_WorkProcess\example\Source\Pipe_Monitor\Pipe_Monitor_App\EWARM\output\debug\Obj\driver_11944700488488147666.dir\hc32f460_timer4_cnt.o
#        D:\Myself\WorkProcess\SK\HC32F460_WorkProcess\example\Source\Pipe_Monitor\Pipe_Monitor_App\EWARM\output\debug\Obj\driver_11944700488488147666.dir\hc32f460_timer4_oco.o
#        D:\Myself\WorkProcess\SK\HC32F460_WorkProcess\example\Source\Pipe_Monitor\Pipe_Monitor_App\EWARM\output\debug\Obj\driver_11944700488488147666.dir\hc32f460_usart.o
#        D:\Myself\WorkProcess\SK\HC32F460_WorkProcess\example\Source\Pipe_Monitor\Pipe_Monitor_App\EWARM\output\debug\Obj\driver_11944700488488147666.dir\hc32f460_utility.o
#        D:\Myself\WorkProcess\SK\HC32F460_WorkProcess\example\Source\Pipe_Monitor\Pipe_Monitor_App\EWARM\output\debug\Obj\driver_11944700488488147666.dir\hc32f460_wdt.o
#        D:\Myself\WorkProcess\SK\HC32F460_WorkProcess\example\Source\Pipe_Monitor\Pipe_Monitor_App\EWARM\output\debug\Obj\LC86L_BD_9822625824417385734.dir\LC86L_BD.o
#        D:\Myself\WorkProcess\SK\HC32F460_WorkProcess\example\Source\Pipe_Monitor\Pipe_Monitor_App\EWARM\output\debug\Obj\LoRa_RA02_5139138412578801246.dir\LoRa_RA02.o
#        D:\Myself\WorkProcess\SK\HC32F460_WorkProcess\example\Source\Pipe_Monitor\Pipe_Monitor_App\EWARM\output\debug\Obj\Lora_TP1109_151720617378073083.dir\Lora_TP1109.o
#        D:\Myself\WorkProcess\SK\HC32F460_WorkProcess\example\Source\Pipe_Monitor\Pipe_Monitor_App\EWARM\output\debug\Obj\Magnetic_Bar_17520218520042908049.dir\Magnetic_Bar.o
#        D:\Myself\WorkProcess\SK\HC32F460_WorkProcess\example\Source\Pipe_Monitor\Pipe_Monitor_App\EWARM\output\debug\Obj\source_5634686896477721948.dir\main.o
#        D:\Myself\WorkProcess\SK\HC32F460_WorkProcess\example\Source\Pipe_Monitor\Pipe_Monitor_App\EWARM\output\debug\Obj\Mainloop_18272944273632151421.dir\Mainloop.o
#        D:\Myself\WorkProcess\SK\HC32F460_WorkProcess\example\Source\Pipe_Monitor\Pipe_Monitor_App\EWARM\output\debug\Obj\RF_NFC_10628150809568064830.dir\mifare_card.o
#        D:\Myself\WorkProcess\SK\HC32F460_WorkProcess\example\Source\Pipe_Monitor\Pipe_Monitor_App\EWARM\output\debug\Obj\ModbusRTU_17682219295068567368.dir\ModbusRTU.o
#        D:\Myself\WorkProcess\SK\HC32F460_WorkProcess\example\Source\Pipe_Monitor\Pipe_Monitor_App\EWARM\output\debug\Obj\ModbusRTU_17682219295068567368.dir\ModbusRTU_Device_BT.o
#        D:\Myself\WorkProcess\SK\HC32F460_WorkProcess\example\Source\Pipe_Monitor\Pipe_Monitor_App\EWARM\output\debug\Obj\MQTT_SK_4724149239023757000.dir\MQTT_SK.o
#        D:\Myself\WorkProcess\SK\HC32F460_WorkProcess\example\Source\Pipe_Monitor\Pipe_Monitor_App\EWARM\output\debug\Obj\OLED_13473777563621607307.dir\OLED.o
#        D:\Myself\WorkProcess\SK\HC32F460_WorkProcess\example\Source\Pipe_Monitor\Pipe_Monitor_App\EWARM\output\debug\Obj\Photosensitive_XYC_ALS_28064708180949255.dir\Photosensitive_XYC_ALS.o
#        D:\Myself\WorkProcess\SK\HC32F460_WorkProcess\example\Source\Pipe_Monitor\Pipe_Monitor_App\EWARM\output\debug\Obj\RF_NFC_10628150809568064830.dir\RF_NFC.o
#        D:\Myself\WorkProcess\SK\HC32F460_WorkProcess\example\Source\Pipe_Monitor\Pipe_Monitor_App\EWARM\output\debug\Obj\RXNTTL518_17808510930951076202.dir\RXNTTL518.o
#        D:\Myself\WorkProcess\SK\HC32F460_WorkProcess\example\Source\Pipe_Monitor\Pipe_Monitor_App\EWARM\output\debug\Obj\common_14919461937644757070.dir\startup_hc32f460.o
#        D:\Myself\WorkProcess\SK\HC32F460_WorkProcess\example\Source\Pipe_Monitor\Pipe_Monitor_App\EWARM\output\debug\Obj\common_14919461937644757070.dir\system_hc32f460.o
#        D:\Myself\WorkProcess\SK\HC32F460_WorkProcess\example\Source\Pipe_Monitor\Pipe_Monitor_App\EWARM\output\debug\Obj\RF_NFC_10628150809568064830.dir\type_a.o
#        D:\Myself\WorkProcess\SK\HC32F460_WorkProcess\example\Source\Pipe_Monitor\Pipe_Monitor_App\EWARM\output\debug\Obj\RF_NFC_10628150809568064830.dir\type_b.o
#        D:\Myself\WorkProcess\SK\HC32F460_WorkProcess\example\Source\Pipe_Monitor\Pipe_Monitor_App\EWARM\output\debug\Obj\User_Data_5391006662705040797.dir\User_Data.o
#        D:\Myself\WorkProcess\SK\HC32F460_WorkProcess\example\Source\Pipe_Monitor\Pipe_Monitor_App\EWARM\output\debug\Obj\WatchDog_9188475617120297074.dir\WatchDog.o
#        --no_out_extension -o
#        D:\Myself\WorkProcess\SK\HC32F460_WorkProcess\example\Source\Pipe_Monitor\Pipe_Monitor_App\EWARM\output\debug\Exe\Pipe_Monitor_App.out
#        --map
#        D:\Myself\WorkProcess\SK\HC32F460_WorkProcess\example\Source\Pipe_Monitor\Pipe_Monitor_App\EWARM\output\debug\List\Pipe_Monitor_App.map
#        --config
#        D:\Myself\WorkProcess\SK\HC32F460_WorkProcess\example\Source\Pipe_Monitor\Pipe_Monitor_App\EWARM\HC32F460xE.icf
#        --semihosting --entry __iar_program_start --redirect
#        __write=__write_buffered --vfe --text_out locale --cpu=Cortex-M4
#        --fpu=VFPv4_sp) --dependencies=n
#        D:\Myself\WorkProcess\SK\HC32F460_WorkProcess\example\Source\Pipe_Monitor\Pipe_Monitor_App\EWARM\output\debug\Exe\Pipe_Monitor_App.out.iar_deps
#
###############################################################################

*******************************************************************************
*** RUNTIME MODEL ATTRIBUTES
***

CppFlavor       = *
__CPP_Runtime   = 1
__SystemLibrary = DLib
__dlib_version  = 6


*******************************************************************************
*** HEAP SELECTION
***

The basic heap was selected because --advanced_heap
was not specified and the application did not appear to
be primarily optimized for speed.


*******************************************************************************
*** PLACEMENT SUMMARY
***

"A0":  place at address 0x1'4000 { ro section .intvec };
"P1":  place in [from 0x1'4000 to 0x7'ffff] |
                [from 0x300'0c00 to 0x300'0ffb] { ro };
define block CSTACK with size = 8K, alignment = 8 { };
define block HEAP with size = 8K, alignment = 8 { };
"P2":  place in [from 0x1fff'8000 to 0x1fff'ffff] |
                [from 0x2000'0000 to 0x2000'ffff repeat 2] |
                [from 0x2002'0000 to 0x2002'6fff] |
                [from 0x200f'0000 to 0x200f'0fff] {
          rw, block CSTACK, block HEAP };
initialize by copy { rw };

  Section            Kind         Address      Size  Object
  -------            ----         -------      ----  ------
Absolute sections:                             0x20
  .rodata            const          0x400      0x20  hc32f460_icg.o [20]
                                  - 0x420      0x20

"A0":                                         0x280
  .intvec            ro code     0x1'4000     0x280  startup_hc32f460.o [19]
                               - 0x1'4280     0x280

"P1":                                      0x2'1d1d
  .text              ro code     0x1'4280    0x2fe4  4G_EC200U.o [1]
  .text              ro code     0x1'7264      0x66  ABImemset.o [31]
  .text              ro code     0x1'72ca      0x1e  xsscin.o [29]
  .text              ro code     0x1'72e8     0x4d8  hc32f460_gpio.o [20]
  .text              ro code     0x1'77c0      0x6c  hc32f460_utility.o [20]
  .text              ro code     0x1'782c     0x6bc  drv_RTC.o [24]
  .text              ro code     0x1'7ee8      0x28  sscanf.o [29]
  .text              ro code     0x1'7f10      0xe0  mktime64.o [29]
  .text              ro code     0x1'7ff0      0x40  sprintf.o [29]
  .text              ro code     0x1'8030      0x36  strlen.o [31]
  .text              ro code     0x1'8066      0x1e  strcat.o [29]
  .text              ro code     0x1'8084      0xa6  ABImemcpy.o [31]
  .text              ro code     0x1'812a       0xa  xsprout.o [29]
  .text              ro code     0x1'8134    0x104c  drv_Storage_W25Q128.o [16]
  .text              ro code     0x1'9180      0x48  FltToDbl.o [30]
  .text              ro code     0x1'91c8     0x25e  DblAddSub.o [30]
  .rodata            const       0x1'9426       0x2  drv_LKT4202.o [4]
  .text              ro code     0x1'9428      0x1c  U32ToDbl.o [30]
  .text              ro code     0x1'9444     0x246  DblDiv.o [30]
  .rodata            const       0x1'968a       0x2  drv_LKT4202.o [4]
  .text              ro code     0x1'968c      0x18  strcpy.o [31]
  .text              ro code     0x1'96a4      0x4c  WatchDog.o [18]
  .text              ro code     0x1'96f0    0x12cc  drv_USART.o [27]
  .text              ro code     0x1'a9bc      0xb6  User_Data.o [17]
  .text              ro code     0x1'aa72       0x2  hc32f460_utility.o [20]
  .text              ro code     0x1'aa74     0xa10  hc32f460_pwc.o [20]
  .text              ro code     0x1'b484     0xffc  hc32f460_clk.o [20]
  .text              ro code     0x1'c480      0x68  DblToFlt.o [30]
  .text              ro code     0x1'c4e8     0x8a4  hc32f460_rtc.o [20]
  .text              ro code     0x1'cd8c     0xb40  hc32f460_interrupts.o [20]
  .text              ro code     0x1'd8cc      0x16  strchr.o [31]
  .rodata            const       0x1'd8e2       0x2  drv_LKT4202.o [4]
  .text              ro code     0x1'd8e4     0x640  xscanfsmall_nomb.o [29]
  .text              ro code     0x1'df24      0xcc  xDaysTo64.o [29]
  .text              ro code     0x1'dff0     0x15c  xttotm64.o [29]
  .text              ro code     0x1'e14c       0x4  xTzoff_nop.o [29]
  .text              ro code     0x1'e150     0xd1a  xprintflarge_nomb.o [29]
  .rodata            const       0x1'ee6a       0x2  drv_LKT4202.o [4]
  .text              ro code     0x1'ee6c     0x7b4  hc32f460_spi.o [20]
  .text              ro code     0x1'f620    0x1140  Mainloop.o [9]
  .text              ro code     0x2'0760      0x12  strcmp.o [31]
  .rodata            const       0x2'0772       0x2  drv_LKT4202.o [4]
  .text              ro code     0x2'0774     0xa48  hc32f460_usart.o [20]
  .text              ro code     0x2'11bc     0xac0  hc32f460_dmac.o [20]
  .text              ro code     0x2'1c7c     0x934  hc32f460_timer0.o [20]
  .text              ro code     0x2'25b0     0x3c8  BT_TB05.o [2]
  .text              ro code     0x2'2978      0x68  memcmp.o [31]
  .text              ro code     0x2'29e0     0x110  system_hc32f460.o [19]
  .text              ro code     0x2'2af0     0x17c  hc32f460_exint_nmi_swi.o [20]
  .text              ro code     0x2'2c6c      0x14  isspace.o [29]
  .text              ro code     0x2'2c80     0x156  iar_Stoulx.o [29]
  .text              ro code     0x2'2dd6      0x90  iar_Stolx.o [29]
  .rodata            const       0x2'2e66       0x2  drv_LKT4202.o [4]
  .text              ro code     0x2'2e68      0x40  xfail_s.o [29]
  .text              ro code     0x2'2ea8     0x274  I64DivMod.o [31]
  .text              ro code     0x2'311c       0x6  xisdst_nop64.o [29]
  .rodata            const       0x2'3122       0x2  xlocale_c.o [29]
  .text              ro code     0x2'3124      0x58  memchr.o [31]
  .text              ro code     0x2'317c      0x70  frexp.o [30]
  .text              ro code     0x2'31ec      0x22  DblToU32.o [30]
  .rodata            const       0x2'320e       0x2  xlocale_c.o [29]
  .text              ro code     0x2'3210     0x1aa  DblMul.o [30]
  .rodata            const       0x2'33ba       0x1  xlocale_c.o [29]
  .text              ro code     0x2'33bc      0x4c  xlocale_c.o [29]
  .text              ro code     0x2'3408     0x454  drv_ADC.o [21]
  .text              ro code     0x2'385c     0xc9c  OLED.o [11]
  .text              ro code     0x2'44f8      0x66  RF_NFC.o [13]
  .text              ro code     0x2'4560     0x244  RXNTTL518.o [14]
  .text              ro code     0x2'47a4     0x560  LC86L_BD.o [3]
  .text              ro code     0x2'4d04     0x3ac  Photosensitive_XYC_ALS.o [12]
  .text              ro code     0x2'50b0     0x2da  drv_SC7A20H.o [15]
  .text              ro code     0x2'538c      0x34  DblCmpLe.o [30]
  .text              ro code     0x2'53c0    0x1fec  ModbusRTU.o [10]
  .text              ro code     0x2'73ac      0x74  drv_OTS_Temperature.o [23]
  .text              ro code     0x2'7420      0x34  DblCmpGe.o [30]
  .text              ro code     0x2'7454      0x2c  strstr.o [29]
  .text              ro code     0x2'7480     0x9a0  drv_Timer.o [26]
  .text              ro code     0x2'7e20    0x1d0c  MQTT_SK.o [7]
  .text              ro code     0x2'9b2c    0x1688  ModbusRTU_Device_BT.o [10]
  .text              ro code     0x2'b1b4      0x14  tolower.o [29]
  .text              ro code     0x2'b1c8       0x6  abort.o [29]
  .text              ro code     0x2'b1d0       0x2  I64DivZer.o [31]
  .text              ro code     0x2'b1d4     0x578  hc32f460_adc.o [20]
  .text              ro code     0x2'b74c     0x928  drv_IIC.o [22]
  .text              ro code     0x2'c074      0x2a  strncmp.o [29]
  .text              ro code     0x2'c0a0      0x22  S32ToDbl.o [30]
  .text              ro code     0x2'c0c4     0x102  sqrt.o [30]
  .text              ro code     0x2'c1c8      0x2a  math_wrappers64.o [30]
  .text              ro code     0x2'c1f4      0x36  DblToS32.o [30]
  .text              ro code     0x2'c22c      0x46  U64ToDbl.o [30]
  .text              ro code     0x2'c274     0x180  hc32f460_ots.o [20]
  .text              ro code     0x2'c3f4     0x9d0  hc32f460_timer4_oco.o [20]
  .text              ro code     0x2'cdc4    0x1e64  Display.o [11]
  .text              ro code     0x2'ec28     0x368  hc32f460_timer4_cnt.o [20]
  .text              ro code     0x2'ef90      0x4c  strtok.o [29]
  .text              ro code     0x2'efdc      0x14  exit.o [32]
  .text              ro code     0x2'eff0     0xaa0  hc32f460_i2c.o [20]
  .text              ro code     0x2'fa90     0x362  strto64.o [30]
  .text              ro code     0x2'fdf4      0xbc  atan64.o [30]
  .text              ro code     0x2'feb0     0x68c  pow64.o [30]
  .text              ro code     0x3'053c      0x22  strspn.o [29]
  .text              ro code     0x3'055e      0x22  strcspn.o [29]
  .text              ro code     0x3'0580     0x13a  ldexp.o [30]
  .text              ro code     0x3'06ba     0x122  iar_Stopfx.o [29]
  .text              ro code     0x3'07dc     0x1b8  iar_Stoflt.o [29]
  .text              ro code     0x3'0994     0x208  iar_Stoxflt.o [29]
  .text              ro code     0x3'0b9c     0x1c8  iar_Atan64.o [30]
  .text              ro code     0x3'0d64      0x20  DblCmpEq.o [30]
  .text              ro code     0x3'0d84     0x32c  iar_Exp64.o [30]
  .text              ro code     0x3'10b0      0x14  isalpha.o [29]
  .rodata            const       0x3'10c4     0x708  Font.o [11]
  .text              ro code     0x3'17cc     0x644  drv_LKT4202.o [4]
  .text              ro code     0x3'1e10     0x624  main.o [28]
  .text              ro code     0x3'2434      0x90  hc32f460_efm.o [20]
  .text              ro code     0x3'24c4     0x188  hc32f460_sram.o [20]
  .text              ro code     0x3'264c      0xdc  drv_SPI.o [25]
  .text              ro code     0x3'2728     0x198  Lora_TP1109.o [6]
  .text              ro code     0x3'28c0     0x1e4  Magnetic_Bar.o [8]
  .rodata            const       0x3'2aa4     0x5a0  Font.o [11]
  .rodata            const       0x3'3044     0x4c8  Font.o [11]
  .rodata            const       0x3'350c      0x64  4G_EC200U.o [1]
  .rodata            const       0x3'3570     0x420  pow64.o [30]
  .rodata            const       0x3'3990     0x400  Font.o [11]
  .rodata            const       0x3'3d90     0x230  ModbusRTU_Device_BT.o [10]
  .rodata            const       0x3'3fc0     0x200  ModbusRTU.o [10]
  .rodata            const       0x3'41c0     0x200  RXNTTL518.o [14]
  .rodata            const       0x3'43c0     0x100  ModbusRTU.o [10]
  .rodata            const       0x3'44c0     0x100  ModbusRTU.o [10]
  .text              ro code     0x3'45c0      0xa2  packbits_init.o [31]
  .rodata            const       0x3'4664      0x54  hc32f460_exint_nmi_swi.o [20]
  .rodata            const       0x3'46b8      0x54  MQTT_SK.o [7]
  .rodata            const       0x3'470c      0x50  hc32f460_interrupts.o [20]
  .rodata            const       0x3'475c      0x50  hc32f460_timer4_cnt.o [20]
  .rodata            const       0x3'47ac      0x50  hc32f460_timer4_oco.o [20]
  .rodata            const       0x3'47fc      0x50  iar_Stoulx.o [29]
  .rodata            const       0x3'484c      0x4c  4G_EC200U.o [1]
  .rodata            const       0x3'4898      0x4c  4G_EC200U.o [1]
  .rodata            const       0x3'48e4      0x4c  hc32f460_dmac.o [20]
  .rodata            const       0x3'4930      0x4c  hc32f460_gpio.o [20]
  .rodata            const       0x3'497c      0x4c  hc32f460_sram.o [20]
  .rodata            const       0x3'49c8      0x4c  hc32f460_timer0.o [20]
  .rodata            const       0x3'4a14      0x4c  hc32f460_usart.o [20]
  .rodata            const       0x3'4a60      0x48  hc32f460_adc.o [20]
  .rodata            const       0x3'4aa8      0x48  hc32f460_clk.o [20]
  .rodata            const       0x3'4af0      0x48  hc32f460_efm.o [20]
  .rodata            const       0x3'4b38      0x48  hc32f460_i2c.o [20]
  .rodata            const       0x3'4b80      0x48  hc32f460_ots.o [20]
  .rodata            const       0x3'4bc8      0x48  hc32f460_pwc.o [20]
  .rodata            const       0x3'4c10      0x48  hc32f460_rtc.o [20]
  .rodata            const       0x3'4c58      0x48  hc32f460_spi.o [20]
  .rodata            const       0x3'4ca0      0x48  MQTT_SK.o [7]
  .rodata            const       0x3'4ce8      0x48  strto64.o [30]
  .text              ro code     0x3'4d30      0x44  startup_hc32f460.o [19]
  .rodata            const       0x3'4d74      0x3c  4G_EC200U.o [1]
  .rodata            const       0x3'4db0      0x40  iar_Atan64.o [30]
  .rodata            const       0x3'4df0      0x3c  4G_EC200U.o [1]
  .rodata            const       0x3'4e2c      0x3c  MQTT_SK.o [7]
  .rodata            const       0x3'4e68      0x3c  MQTT_SK.o [7]
  .rodata            const       0x3'4ea4      0x38  4G_EC200U.o [1]
  .rodata            const       0x3'4edc      0x38  4G_EC200U.o [1]
  .rodata            const       0x3'4f14      0x38  4G_EC200U.o [1]
  .rodata            const       0x3'4f4c      0x38  4G_EC200U.o [1]
  .rodata            const       0x3'4f84      0x38  4G_EC200U.o [1]
  .rodata            const       0x3'4fbc      0x38  MQTT_SK.o [7]
  .text              ro code     0x3'4ff4      0x38  zero_init3.o [31]
  .rodata            const       0x3'502c      0x34  4G_EC200U.o [1]
  .rodata            const       0x3'5060      0x34  MQTT_SK.o [7]
  .rodata            const       0x3'5094      0x34  MQTT_SK.o [7]
  .rodata            const       0x3'50c8      0x34  MQTT_SK.o [7]
  .rodata            const       0x3'50fc      0x34  MQTT_SK.o [7]
  .rodata            const       0x3'5130      0x30  4G_EC200U.o [1]
  .text              ro code     0x3'5160      0x28  data_init.o [31]
  .rodata            const       0x3'5188      0x24  xscanfsmall_nomb.o [29]
  .text              ro code     0x3'51ac      0x22  fpinit_M.o [30]
  .iar.init_table    const       0x3'51d0      0x2c  - Linker created -
  .rodata            const       0x3'51fc      0x20  4G_EC200U.o [1]
  .rodata            const       0x3'521c      0x20  4G_EC200U.o [1]
  .rodata            const       0x3'523c      0x20  4G_EC200U.o [1]
  .rodata            const       0x3'525c      0x20  drv_LKT4202.o [4]
  .rodata            const       0x3'527c      0x20  drv_LKT4202.o [4]
  .rodata            const       0x3'529c      0x20  drv_RTC.o [24]
  .text              ro code     0x3'52bc      0x1e  cmain.o [31]
  .text              ro code     0x3'52da       0x4  low_level_init.o [29]
  .text              ro code     0x3'52de       0x4  exit.o [29]
  .text              ro code     0x3'52e4       0xa  cexit.o [31]
  .rodata            const       0x3'52f0      0x1c  4G_EC200U.o [1]
  .rodata            const       0x3'530c      0x1c  MQTT_SK.o [7]
  .rodata            const       0x3'5328      0x1c  MQTT_SK.o [7]
  .text              ro code     0x3'5344      0x1c  cstartup_M.o [31]
  .rodata            const       0x3'5360      0x18  4G_EC200U.o [1]
  .rodata            const       0x3'5378      0x18  MQTT_SK.o [7]
  .rodata            const       0x3'5390      0x18  MQTT_SK.o [7]
  .rodata            const       0x3'53a8      0x18  MQTT_SK.o [7]
  .rodata            const       0x3'53c0      0x18  MQTT_SK.o [7]
  .rodata            const       0x3'53d8      0x18  MQTT_SK.o [7]
  .rodata            const       0x3'53f0      0x18  MQTT_SK.o [7]
  .rodata            const       0x3'5408      0x18  MQTT_SK.o [7]
  .rodata            const       0x3'5420      0x18  MQTT_SK.o [7]
  .rodata            const       0x3'5438      0x18  MQTT_SK.o [7]
  .rodata            const       0x3'5450      0x18  MQTT_SK.o [7]
  .rodata            const       0x3'5468      0x18  MQTT_SK.o [7]
  .rodata            const       0x3'5480      0x14  4G_EC200U.o [1]
  .rodata            const       0x3'5494      0x14  4G_EC200U.o [1]
  .rodata            const       0x3'54a8      0x14  4G_EC200U.o [1]
  .rodata            const       0x3'54bc      0x14  4G_EC200U.o [1]
  .rodata            const       0x3'54d0      0x14  4G_EC200U.o [1]
  .rodata            const       0x3'54e4      0x14  4G_EC200U.o [1]
  .rodata            const       0x3'54f8      0x14  4G_EC200U.o [1]
  .rodata            const       0x3'550c      0x14  4G_EC200U.o [1]
  .rodata            const       0x3'5520      0x14  4G_EC200U.o [1]
  .rodata            const       0x3'5534      0x14  4G_EC200U.o [1]
  .rodata            const       0x3'5548      0x14  4G_EC200U.o [1]
  .rodata            const       0x3'555c      0x14  4G_EC200U.o [1]
  .rodata            const       0x3'5570      0x14  4G_EC200U.o [1]
  .rodata            const       0x3'5584      0x14  4G_EC200U.o [1]
  .rodata            const       0x3'5598      0x14  4G_EC200U.o [1]
  .rodata            const       0x3'55ac      0x14  4G_EC200U.o [1]
  .rodata            const       0x3'55c0      0x14  4G_EC200U.o [1]
  .rodata            const       0x3'55d4      0x14  4G_EC200U.o [1]
  .rodata            const       0x3'55e8      0x14  4G_EC200U.o [1]
  .rodata            const       0x3'55fc      0x14  4G_EC200U.o [1]
  .rodata            const       0x3'5610      0x14  4G_EC200U.o [1]
  .rodata            const       0x3'5624      0x14  4G_EC200U.o [1]
  .rodata            const       0x3'5638      0x14  BT_TB05.o [2]
  .rodata            const       0x3'564c      0x14  Mainloop.o [9]
  .rodata            const       0x3'5660      0x14  MQTT_SK.o [7]
  .rodata            const       0x3'5674      0x14  MQTT_SK.o [7]
  .rodata            const       0x3'5688      0x14  MQTT_SK.o [7]
  .rodata            const       0x3'569c      0x14  MQTT_SK.o [7]
  .rodata            const       0x3'56b0      0x14  MQTT_SK.o [7]
  .rodata            const       0x3'56c4      0x14  MQTT_SK.o [7]
  .rodata            const       0x3'56d8      0x14  MQTT_SK.o [7]
  .rodata            const       0x3'56ec      0x14  MQTT_SK.o [7]
  .rodata            const       0x3'5700      0x14  MQTT_SK.o [7]
  .rodata            const       0x3'5714      0x14  MQTT_SK.o [7]
  .rodata            const       0x3'5728      0x14  MQTT_SK.o [7]
  .rodata            const       0x3'573c      0x14  MQTT_SK.o [7]
  .rodata            const       0x3'5750      0x14  MQTT_SK.o [7]
  .rodata            const       0x3'5764      0x14  MQTT_SK.o [7]
  .rodata            const       0x3'5778      0x14  MQTT_SK.o [7]
  .rodata            const       0x3'578c      0x14  MQTT_SK.o [7]
  .rodata            const       0x3'57a0      0x14  MQTT_SK.o [7]
  .rodata            const       0x3'57b4      0x14  MQTT_SK.o [7]
  .rodata            const       0x3'57c8      0x14  MQTT_SK.o [7]
  .rodata            const       0x3'57dc      0x14  MQTT_SK.o [7]
  .rodata            const       0x3'57f0      0x14  MQTT_SK.o [7]
  .rodata            const       0x3'5804      0x14  MQTT_SK.o [7]
  .rodata            const       0x3'5818      0x14  MQTT_SK.o [7]
  .rodata            const       0x3'582c      0x14  MQTT_SK.o [7]
  .rodata            const       0x3'5840      0x14  MQTT_SK.o [7]
  .rodata            const       0x3'5854      0x14  MQTT_SK.o [7]
  .rodata            const       0x3'5868      0x14  MQTT_SK.o [7]
  .rodata            const       0x3'587c      0x14  MQTT_SK.o [7]
  .rodata            const       0x3'5890      0x14  MQTT_SK.o [7]
  .rodata            const       0x3'58a4      0x14  MQTT_SK.o [7]
  .rodata            const       0x3'58b8      0x14  MQTT_SK.o [7]
  .rodata            const       0x3'58cc      0x14  MQTT_SK.o [7]
  .rodata            const       0x3'58e0      0x14  MQTT_SK.o [7]
  .rodata            const       0x3'58f4      0x14  MQTT_SK.o [7]
  .rodata            const       0x3'5908      0x14  MQTT_SK.o [7]
  .rodata            const       0x3'591c      0x14  MQTT_SK.o [7]
  .rodata            const       0x3'5930      0x10  4G_EC200U.o [1]
  .rodata            const       0x3'5940      0x10  4G_EC200U.o [1]
  .rodata            const       0x3'5950      0x10  4G_EC200U.o [1]
  .rodata            const       0x3'5960      0x10  4G_EC200U.o [1]
  .rodata            const       0x3'5970      0x10  4G_EC200U.o [1]
  .rodata            const       0x3'5980      0x10  4G_EC200U.o [1]
  .rodata            const       0x3'5990      0x10  4G_EC200U.o [1]
  .rodata            const       0x3'59a0      0x10  4G_EC200U.o [1]
  .rodata            const       0x3'59b0      0x10  4G_EC200U.o [1]
  .rodata            const       0x3'59c0      0x10  4G_EC200U.o [1]
  .rodata            const       0x3'59d0      0x10  4G_EC200U.o [1]
  .rodata            const       0x3'59e0      0x10  4G_EC200U.o [1]
  .rodata            const       0x3'59f0      0x10  4G_EC200U.o [1]
  .rodata            const       0x3'5a00      0x10  BT_TB05.o [2]
  .rodata            const       0x3'5a10      0x10  hc32f460_usart.o [20]
  .rodata            const       0x3'5a20      0x10  main.o [28]
  .rodata            const       0x3'5a30      0x10  ModbusRTU.o [10]
  .rodata            const       0x3'5a40      0x10  MQTT_SK.o [7]
  .rodata            const       0x3'5a50      0x10  MQTT_SK.o [7]
  .rodata            const       0x3'5a60      0x10  MQTT_SK.o [7]
  .rodata            const       0x3'5a70      0x10  MQTT_SK.o [7]
  .rodata            const       0x3'5a80      0x10  MQTT_SK.o [7]
  .rodata            const       0x3'5a90      0x10  MQTT_SK.o [7]
  .rodata            const       0x3'5aa0      0x10  MQTT_SK.o [7]
  .rodata            const       0x3'5ab0      0x10  MQTT_SK.o [7]
  .rodata            const       0x3'5ac0      0x10  MQTT_SK.o [7]
  .rodata            const       0x3'5ad0      0x10  MQTT_SK.o [7]
  .rodata            const       0x3'5ae0      0x10  MQTT_SK.o [7]
  .rodata            const       0x3'5af0      0x10  MQTT_SK.o [7]
  .rodata            const       0x3'5b00      0x10  MQTT_SK.o [7]
  .rodata            const       0x3'5b10      0x10  MQTT_SK.o [7]
  .rodata            const       0x3'5b20      0x10  MQTT_SK.o [7]
  .rodata            const       0x3'5b30      0x10  MQTT_SK.o [7]
  .rodata            const       0x3'5b40      0x10  MQTT_SK.o [7]
  .rodata            const       0x3'5b50      0x10  MQTT_SK.o [7]
  .rodata            const       0x3'5b60      0x10  MQTT_SK.o [7]
  .rodata            const       0x3'5b70      0x10  MQTT_SK.o [7]
  .rodata            const       0x3'5b80      0x10  MQTT_SK.o [7]
  .rodata            const       0x3'5b90       0xc  4G_EC200U.o [1]
  .rodata            const       0x3'5b9c       0xc  4G_EC200U.o [1]
  .rodata            const       0x3'5ba8       0xc  4G_EC200U.o [1]
  .rodata            const       0x3'5bb4       0xc  4G_EC200U.o [1]
  .rodata            const       0x3'5bc0       0xc  4G_EC200U.o [1]
  .rodata            const       0x3'5bcc       0xc  4G_EC200U.o [1]
  .rodata            const       0x3'5bd8       0xc  4G_EC200U.o [1]
  .rodata            const       0x3'5be4       0xc  4G_EC200U.o [1]
  .rodata            const       0x3'5bf0       0xc  4G_EC200U.o [1]
  .rodata            const       0x3'5bfc       0xc  4G_EC200U.o [1]
  .rodata            const       0x3'5c08       0xc  4G_EC200U.o [1]
  .rodata            const       0x3'5c14       0xc  4G_EC200U.o [1]
  .rodata            const       0x3'5c20       0xc  4G_EC200U.o [1]
  .rodata            const       0x3'5c2c       0xc  4G_EC200U.o [1]
  .rodata            const       0x3'5c38       0xc  4G_EC200U.o [1]
  .rodata            const       0x3'5c44       0xc  4G_EC200U.o [1]
  .rodata            const       0x3'5c50       0xc  4G_EC200U.o [1]
  .rodata            const       0x3'5c5c       0xc  4G_EC200U.o [1]
  .rodata            const       0x3'5c68       0xc  4G_EC200U.o [1]
  .rodata            const       0x3'5c74       0xc  4G_EC200U.o [1]
  .rodata            const       0x3'5c80       0xc  BT_TB05.o [2]
  .rodata            const       0x3'5c8c       0xc  drv_LKT4202.o [4]
  .rodata            const       0x3'5c98       0xc  drv_LKT4202.o [4]
  .rodata            const       0x3'5ca4       0xc  drv_USART.o [27]
  .rodata            const       0x3'5cb0       0xc  drv_USART.o [27]
  .rodata            const       0x3'5cbc       0xc  drv_USART.o [27]
  .rodata            const       0x3'5cc8       0xc  Mainloop.o [9]
  .rodata            const       0x3'5cd4       0xc  Mainloop.o [9]
  .rodata            const       0x3'5ce0       0xc  ModbusRTU.o [10]
  .rodata            const       0x3'5cec       0xc  ModbusRTU.o [10]
  .rodata            const       0x3'5cf8       0xc  MQTT_SK.o [7]
  .rodata            const       0x3'5d04       0xc  MQTT_SK.o [7]
  .rodata            const       0x3'5d10       0xc  MQTT_SK.o [7]
  .rodata            const       0x3'5d1c       0xc  MQTT_SK.o [7]
  .rodata            const       0x3'5d28       0x8  4G_EC200U.o [1]
  .rodata            const       0x3'5d30       0x8  4G_EC200U.o [1]
  .rodata            const       0x3'5d38       0x8  4G_EC200U.o [1]
  .rodata            const       0x3'5d40       0x8  4G_EC200U.o [1]
  .rodata            const       0x3'5d48       0x8  4G_EC200U.o [1]
  .rodata            const       0x3'5d50       0x8  4G_EC200U.o [1]
  .rodata            const       0x3'5d58       0x8  4G_EC200U.o [1]
  .rodata            const       0x3'5d60       0x8  4G_EC200U.o [1]
  .rodata            const       0x3'5d68       0x8  4G_EC200U.o [1]
  .rodata            const       0x3'5d70       0x8  4G_EC200U.o [1]
  .rodata            const       0x3'5d78       0x8  4G_EC200U.o [1]
  .rodata            const       0x3'5d80       0x8  4G_EC200U.o [1]
  .rodata            const       0x3'5d88       0x8  4G_EC200U.o [1]
  .rodata            const       0x3'5d90       0x8  4G_EC200U.o [1]
  .rodata            const       0x3'5d98       0x8  4G_EC200U.o [1]
  .rodata            const       0x3'5da0       0x8  4G_EC200U.o [1]
  .rodata            const       0x3'5da8       0x8  4G_EC200U.o [1]
  .rodata            const       0x3'5db0       0x8  4G_EC200U.o [1]
  .rodata            const       0x3'5db8       0x8  4G_EC200U.o [1]
  .rodata            const       0x3'5dc0       0x8  Display.o [11]
  .rodata            const       0x3'5dc8       0x8  drv_LKT4202.o [4]
  .rodata            const       0x3'5dd0       0x8  drv_LKT4202.o [4]
  .rodata            const       0x3'5dd8       0x8  drv_SC7A20H.o [15]
  .rodata            const       0x3'5de0       0x8  LC86L_BD.o [3]
  .rodata            const       0x3'5de8       0x8  LC86L_BD.o [3]
  .rodata            const       0x3'5df0       0x8  Mainloop.o [9]
  .rodata            const       0x3'5df8       0x8  Mainloop.o [9]
  .rodata            const       0x3'5e00       0x8  MQTT_SK.o [7]
  .rodata            const       0x3'5e08       0x8  MQTT_SK.o [7]
  .rodata            const       0x3'5e10       0x8  MQTT_SK.o [7]
  .rodata            const       0x3'5e18       0x8  MQTT_SK.o [7]
  .rodata            const       0x3'5e20       0x4  drv_RTC.o [24]
  .text              ro code     0x3'5e24       0x4  startup_hc32f460.o [19]
  .text              ro code     0x3'5e28       0x4  startup_hc32f460.o [19]
  .text              ro code     0x3'5e2c       0x4  startup_hc32f460.o [19]
  .text              ro code     0x3'5e30       0x4  startup_hc32f460.o [19]
  .text              ro code     0x3'5e34       0x4  startup_hc32f460.o [19]
  .text              ro code     0x3'5e38       0x4  startup_hc32f460.o [19]
  .text              ro code     0x3'5e3c       0x4  startup_hc32f460.o [19]
  .text              ro code     0x3'5e40       0x4  startup_hc32f460.o [19]
  .text              ro code     0x3'5e44       0x4  startup_hc32f460.o [19]
  .text              ro code     0x3'5e48       0x4  startup_hc32f460.o [19]
  .text              ro code     0x3'5e4c       0x4  startup_hc32f460.o [19]
  .text              ro code     0x3'5e50       0x4  startup_hc32f460.o [19]
  .text              ro code     0x3'5e54       0x4  startup_hc32f460.o [19]
  .text              ro code     0x3'5e58       0x4  startup_hc32f460.o [19]
  .text              ro code     0x3'5e5c       0x4  startup_hc32f460.o [19]
  .text              ro code     0x3'5e60       0x4  startup_hc32f460.o [19]
  .rodata            const       0x3'5e64       0x0  zero_init3.o [31]
  .rodata            const       0x3'5e64       0x0  packbits_init.o [31]
  Initializer bytes  const       0x3'5e64     0x139  <for P2 s0>
                               - 0x3'5f9d  0x2'1d1d

"P2", part 1 of 3:                            0x307
  P2 s0                       0x2000'0000     0x307  <Init block>
    .data            inited   0x2000'0000     0x108  User_Data.o [17]
    .data            inited   0x2000'0108      0x8c  RXNTTL518.o [14]
    .data            inited   0x2000'0194      0x80  ModbusRTU_Device_BT.o [10]
    .data            inited   0x2000'0214      0x48  xlocale_c.o [29]
    .data            inited   0x2000'025c      0x38  xlocale_c.o [29]
    .data            inited   0x2000'0294      0x24  BT_TB05.o [2]
    .data            inited   0x2000'02b8      0x20  BT_TB05.o [2]
    .data            inited   0x2000'02d8      0x14  BT_TB05.o [2]
    .data            inited   0x2000'02ec       0x8  BT_TB05.o [2]
    .data            inited   0x2000'02f4       0x4  BT_TB05.o [2]
    .data            inited   0x2000'02f8       0x4  system_hc32f460.o [19]
    .data            inited   0x2000'02fc       0x4  system_hc32f460.o [19]
    .data            inited   0x2000'0300       0x1  drv_IIC.o [22]
    .data            inited   0x2000'0301       0x1  drv_IIC.o [22]
    .data            inited   0x2000'0302       0x1  drv_IIC.o [22]
    .data            inited   0x2000'0303       0x1  drv_IIC.o [22]
    .data            inited   0x2000'0304       0x1  hc32f460_pwc.o [20]
    .data            inited   0x2000'0305       0x1  ModbusRTU.o [10]
    .data            inited   0x2000'0306       0x1  ModbusRTU.o [10]
                            - 0x2000'0307     0x307

"P2", part 2 of 3:                           0x6af8
  .bss               zero     0x2000'0308    0x51c8  User_Data.o [17]
  .bss               zero     0x2000'54d0    0x1000  drv_Storage_W25Q128.o [16]
  .bss               zero     0x2000'64d0     0x400  User_Data.o [17]
  .bss               zero     0x2000'68d0     0x200  hc32f460_interrupts.o [20]
  .bss               zero     0x2000'6ad0     0x1b8  4G_EC200U.o [1]
  .bss               zero     0x2000'6c88      0x2c  User_Data.o [17]
  .bss               zero     0x2000'6cb4      0x2c  xttotm64.o [29]
  .bss               zero     0x2000'6ce0      0x24  drv_ADC.o [21]
  .bss               zero     0x2000'6d04      0x14  drv_ADC.o [21]
  .bss               zero     0x2000'6d18      0x14  hc32f460_pwc.o [20]
  .bss               zero     0x2000'6d2c      0x14  User_Data.o [17]
  .bss               zero     0x2000'6d40      0x14  User_Data.o [17]
  .bss               zero     0x2000'6d54       0x4  4G_EC200U.o [1]
  .bss               zero     0x2000'6d58       0x8  4G_EC200U.o [1]
  .bss               zero     0x2000'6d60       0x8  main.o [28]
  .bss               zero     0x2000'6d68       0x4  4G_EC200U.o [1]
  .bss               zero     0x2000'6d6c       0x4  4G_EC200U.o [1]
  .bss               zero     0x2000'6d70       0x4  BT_TB05.o [2]
  .bss               zero     0x2000'6d74       0x4  drv_RTC.o [24]
  .bss               zero     0x2000'6d78       0x4  drv_SC7A20H.o [15]
  .bss               zero     0x2000'6d7c       0x4  drv_Storage_W25Q128.o [16]
  .bss               zero     0x2000'6d80       0x4  drv_Timer.o [26]
  .bss               zero     0x2000'6d84       0x4  drv_USART.o [27]
  .bss               zero     0x2000'6d88       0x4  hc32f460_exint_nmi_swi.o [20]
  .bss               zero     0x2000'6d8c       0x4  hc32f460_ots.o [20]
  .bss               zero     0x2000'6d90       0x4  hc32f460_ots.o [20]
  .bss               zero     0x2000'6d94       0x4  LC86L_BD.o [3]
  .bss               zero     0x2000'6d98       0x4  Lora_TP1109.o [6]
  .bss               zero     0x2000'6d9c       0x4  Magnetic_Bar.o [8]
  .bss               zero     0x2000'6da0       0x4  main.o [28]
  .bss               zero     0x2000'6da4       0x4  Mainloop.o [9]
  .bss               zero     0x2000'6da8       0x4  ModbusRTU.o [10]
  .bss               zero     0x2000'6dac       0x4  ModbusRTU_Device_BT.o [10]
  .bss               zero     0x2000'6db0       0x4  ModbusRTU_Device_BT.o [10]
  .bss               zero     0x2000'6db4       0x4  MQTT_SK.o [7]
  .bss               zero     0x2000'6db8       0x4  OLED.o [11]
  .bss               zero     0x2000'6dbc       0x4  Photosensitive_XYC_ALS.o [12]
  .bss               zero     0x2000'6dc0       0x4  RXNTTL518.o [14]
  .bss               zero     0x2000'6dc4       0x4  strtok.o [29]
  .bss               zero     0x2000'6dc8       0x4  xfail_s.o [29]
  .bss               zero     0x2000'6dcc       0x2  BT_TB05.o [2]
  .bss               zero     0x2000'6dce       0x2  drv_Timer.o [26]
  .bss               zero     0x2000'6dd0       0x2  ModbusRTU_Device_BT.o [10]
  .bss               zero     0x2000'6dd2       0x2  ModbusRTU_Device_BT.o [10]
  .bss               zero     0x2000'6dd4       0x1  4G_EC200U.o [1]
  .bss               zero     0x2000'6dd5       0x1  4G_EC200U.o [1]
  .bss               zero     0x2000'6dd6       0x1  4G_EC200U.o [1]
  .bss               zero     0x2000'6dd7       0x1  4G_EC200U.o [1]
  .bss               zero     0x2000'6dd8       0x1  4G_EC200U.o [1]
  .bss               zero     0x2000'6dd9       0x1  4G_EC200U.o [1]
  .bss               zero     0x2000'6dda       0x1  4G_EC200U.o [1]
  .bss               zero     0x2000'6ddb       0x1  4G_EC200U.o [1]
  .bss               zero     0x2000'6ddc       0x1  4G_EC200U.o [1]
  .bss               zero     0x2000'6ddd       0x1  BT_TB05.o [2]
  .bss               zero     0x2000'6dde       0x1  drv_IIC.o [22]
  .bss               zero     0x2000'6ddf       0x1  drv_Timer.o [26]
  .bss               zero     0x2000'6de0       0x1  drv_Timer.o [26]
  .bss               zero     0x2000'6de1       0x1  drv_Timer.o [26]
  .bss               zero     0x2000'6de2       0x1  drv_Timer.o [26]
  .bss               zero     0x2000'6de3       0x1  drv_Timer.o [26]
  .bss               zero     0x2000'6de4       0x1  drv_Timer.o [26]
  .bss               zero     0x2000'6de5       0x1  drv_Timer.o [26]
  .bss               zero     0x2000'6de6       0x1  drv_Timer.o [26]
  .bss               zero     0x2000'6de7       0x1  drv_Timer.o [26]
  .bss               zero     0x2000'6de8       0x1  drv_Timer.o [26]
  .bss               zero     0x2000'6de9       0x1  hc32f460_dmac.o [20]
  .bss               zero     0x2000'6dea       0x1  hc32f460_pwc.o [20]
  .bss               zero     0x2000'6deb       0x1  hc32f460_pwc.o [20]
  .bss               zero     0x2000'6dec       0x1  hc32f460_pwc.o [20]
  .bss               zero     0x2000'6ded       0x1  hc32f460_pwc.o [20]
  .bss               zero     0x2000'6dee       0x1  main.o [28]
  .bss               zero     0x2000'6def       0x1  main.o [28]
  .bss               zero     0x2000'6df0       0x1  Mainloop.o [9]
  .bss               zero     0x2000'6df1       0x1  Mainloop.o [9]
  .bss               zero     0x2000'6df2       0x1  Mainloop.o [9]
  .bss               zero     0x2000'6df3       0x1  Mainloop.o [9]
  .bss               zero     0x2000'6df4       0x1  Mainloop.o [9]
  .bss               zero     0x2000'6df5       0x1  ModbusRTU_Device_BT.o [10]
  .bss               zero     0x2000'6df6       0x1  ModbusRTU_Device_BT.o [10]
  .bss               zero     0x2000'6df7       0x1  ModbusRTU_Device_BT.o [10]
  .bss               zero     0x2000'6df8       0x1  User_Data.o [17]
  .bss               zero     0x2000'6df9       0x1  User_Data.o [17]
  .bss               zero     0x2000'6dfa       0x1  User_Data.o [17]
  .bss               zero     0x2000'6dfb       0x1  User_Data.o [17]
  .bss               zero     0x2000'6dfc       0x1  User_Data.o [17]
  .bss               zero     0x2000'6dfd       0x1  User_Data.o [17]
                            - 0x2000'6dfe    0x6af6

"P2", part 3 of 3:                           0x2000
  CSTACK                      0x2000'6e00    0x2000  <Block>
    CSTACK           uninit   0x2000'6e00    0x2000  <Block tail>
                            - 0x2000'8e00    0x2000

Unused ranges:

         From           To      Size
         ----           --      ----
     0x3'5f9d     0x7'ffff  0x4'a063
   0x300'0c00   0x300'0ffb     0x3fc
  0x1fff'8000  0x1fff'ffff    0x8000
  0x2000'0307  0x2000'0307       0x1
  0x2000'8e00  0x2000'ffff    0x7200
  0x2001'0000  0x2001'ffff  0x1'0000
  0x2002'0000  0x2002'6fff    0x7000
  0x200f'0000  0x200f'0fff    0x1000


*******************************************************************************
*** INIT TABLE
***

          Address      Size
          -------      ----
Zero (__iar_zero_init3)
    1 destination range, total size 0x6af6:
          0x2000'0308  0x6af6

Copy/packbits (__iar_packbits_init3)
    1 source range, total size 0x139 (40% of destination):
             0x3'5e64   0x139
    1 destination range, total size 0x307:
          0x2000'0000   0x307



*******************************************************************************
*** MODULE SUMMARY
***

    Module                    ro code  ro data  rw data  ro data
                                                          (abs)
    ------                    -------  -------  -------  -------
command line/config:
    ------------------------------------------------------------
    Total:

D:\Myself\WorkProcess\SK\HC32F460_WorkProcess\example\Source\Pipe_Monitor\Pipe_Monitor_App\EWARM\output\debug\Obj\4G_EC200U_8582873453978518366.dir: [1]
    4G_EC200U.o                12'260    1'940      469
    ------------------------------------------------------------
    Total:                     12'260    1'940      469

D:\Myself\WorkProcess\SK\HC32F460_WorkProcess\example\Source\Pipe_Monitor\Pipe_Monitor_App\EWARM\output\debug\Obj\BT_TB05_12041724360499981866.dir: [2]
    BT_TB05.o                     968       88      107
    ------------------------------------------------------------
    Total:                        968       88      107

D:\Myself\WorkProcess\SK\HC32F460_WorkProcess\example\Source\Pipe_Monitor\Pipe_Monitor_App\EWARM\output\debug\Obj\LC86L_BD_9822625824417385734.dir: [3]
    LC86L_BD.o                  1'376       16        4
    ------------------------------------------------------------
    Total:                      1'376       16        4

D:\Myself\WorkProcess\SK\HC32F460_WorkProcess\example\Source\Pipe_Monitor\Pipe_Monitor_App\EWARM\output\debug\Obj\LKT4202_1925765440156868983.dir: [4]
    drv_LKT4202.o               1'604      116
    ------------------------------------------------------------
    Total:                      1'604      116

D:\Myself\WorkProcess\SK\HC32F460_WorkProcess\example\Source\Pipe_Monitor\Pipe_Monitor_App\EWARM\output\debug\Obj\LoRa_RA02_5139138412578801246.dir: [5]
    ------------------------------------------------------------
    Total:

D:\Myself\WorkProcess\SK\HC32F460_WorkProcess\example\Source\Pipe_Monitor\Pipe_Monitor_App\EWARM\output\debug\Obj\Lora_TP1109_151720617378073083.dir: [6]
    Lora_TP1109.o                 408                 4
    ------------------------------------------------------------
    Total:                        408                 4

D:\Myself\WorkProcess\SK\HC32F460_WorkProcess\example\Source\Pipe_Monitor\Pipe_Monitor_App\EWARM\output\debug\Obj\MQTT_SK_4724149239023757000.dir: [7]
    MQTT_SK.o                   7'436    1'996        4
    ------------------------------------------------------------
    Total:                      7'436    1'996        4

D:\Myself\WorkProcess\SK\HC32F460_WorkProcess\example\Source\Pipe_Monitor\Pipe_Monitor_App\EWARM\output\debug\Obj\Magnetic_Bar_17520218520042908049.dir: [8]
    Magnetic_Bar.o                484                 4
    ------------------------------------------------------------
    Total:                        484                 4

D:\Myself\WorkProcess\SK\HC32F460_WorkProcess\example\Source\Pipe_Monitor\Pipe_Monitor_App\EWARM\output\debug\Obj\Mainloop_18272944273632151421.dir: [9]
    Mainloop.o                  4'416       60        9
    ------------------------------------------------------------
    Total:                      4'416       60        9

D:\Myself\WorkProcess\SK\HC32F460_WorkProcess\example\Source\Pipe_Monitor\Pipe_Monitor_App\EWARM\output\debug\Obj\ModbusRTU_17682219295068567368.dir: [10]
    ModbusRTU.o                 8'172    1'065        6
    ModbusRTU_Device_BT.o       5'768      611      143
    ------------------------------------------------------------
    Total:                     13'940    1'676      149

D:\Myself\WorkProcess\SK\HC32F460_WorkProcess\example\Source\Pipe_Monitor\Pipe_Monitor_App\EWARM\output\debug\Obj\OLED_13473777563621607307.dir: [11]
    Display.o                   7'780        8
    Font.o                               5'488
    OLED.o                      3'228                 4
    ------------------------------------------------------------
    Total:                     11'008    5'496        4

D:\Myself\WorkProcess\SK\HC32F460_WorkProcess\example\Source\Pipe_Monitor\Pipe_Monitor_App\EWARM\output\debug\Obj\Photosensitive_XYC_ALS_28064708180949255.dir: [12]
    Photosensitive_XYC_ALS.o      940                 4
    ------------------------------------------------------------
    Total:                        940                 4

D:\Myself\WorkProcess\SK\HC32F460_WorkProcess\example\Source\Pipe_Monitor\Pipe_Monitor_App\EWARM\output\debug\Obj\RF_NFC_10628150809568064830.dir: [13]
    RF_NFC.o                      102
    ------------------------------------------------------------
    Total:                        102

D:\Myself\WorkProcess\SK\HC32F460_WorkProcess\example\Source\Pipe_Monitor\Pipe_Monitor_App\EWARM\output\debug\Obj\RXNTTL518_17808510930951076202.dir: [14]
    RXNTTL518.o                   580      569      144
    ------------------------------------------------------------
    Total:                        580      569      144

D:\Myself\WorkProcess\SK\HC32F460_WorkProcess\example\Source\Pipe_Monitor\Pipe_Monitor_App\EWARM\output\debug\Obj\SC7A20H_13085057635104233901.dir: [15]
    drv_SC7A20H.o                 730        8        4
    ------------------------------------------------------------
    Total:                        730        8        4

D:\Myself\WorkProcess\SK\HC32F460_WorkProcess\example\Source\Pipe_Monitor\Pipe_Monitor_App\EWARM\output\debug\Obj\Storage_W25Q128_4738127093883701884.dir: [16]
    drv_Storage_W25Q128.o       4'172             4'100
    ------------------------------------------------------------
    Total:                      4'172             4'100

D:\Myself\WorkProcess\SK\HC32F460_WorkProcess\example\Source\Pipe_Monitor\Pipe_Monitor_App\EWARM\output\debug\Obj\User_Data_5391006662705040797.dir: [17]
    User_Data.o                   182      106   22'314
    ------------------------------------------------------------
    Total:                        182      106   22'314

D:\Myself\WorkProcess\SK\HC32F460_WorkProcess\example\Source\Pipe_Monitor\Pipe_Monitor_App\EWARM\output\debug\Obj\WatchDog_9188475617120297074.dir: [18]
    WatchDog.o                     76
    ------------------------------------------------------------
    Total:                         76

D:\Myself\WorkProcess\SK\HC32F460_WorkProcess\example\Source\Pipe_Monitor\Pipe_Monitor_App\EWARM\output\debug\Obj\common_14919461937644757070.dir: [19]
    startup_hc32f460.o            772
    system_hc32f460.o             272        4        8
    ------------------------------------------------------------
    Total:                      1'044        4        8

D:\Myself\WorkProcess\SK\HC32F460_WorkProcess\example\Source\Pipe_Monitor\Pipe_Monitor_App\EWARM\output\debug\Obj\driver_11944700488488147666.dir: [20]
    hc32f460_adc.o              1'400       72
    hc32f460_clk.o              4'092       72
    hc32f460_dmac.o             2'752       76        1
    hc32f460_efm.o                144       72
    hc32f460_exint_nmi_swi.o      380       84        4
    hc32f460_gpio.o             1'240       76
    hc32f460_i2c.o              2'720       72
    hc32f460_icg.o                                            32
    hc32f460_interrupts.o       2'880       80      512
    hc32f460_ots.o                384       72        8
    hc32f460_pwc.o              2'576       73       25
    hc32f460_rtc.o              2'212       72
    hc32f460_spi.o              1'972       72
    hc32f460_sram.o               392       76
    hc32f460_timer0.o           2'356       76
    hc32f460_timer4_cnt.o         872       80
    hc32f460_timer4_oco.o       2'512       80
    hc32f460_usart.o            2'632       92
    hc32f460_utility.o            110
    ------------------------------------------------------------
    Total:                     31'626    1'297      550       32

D:\Myself\WorkProcess\SK\HC32F460_WorkProcess\example\Source\Pipe_Monitor\Pipe_Monitor_App\EWARM\output\debug\Obj\drv_ADC_15186207816091091275.dir: [21]
    drv_ADC.o                   1'108                56
    ------------------------------------------------------------
    Total:                      1'108                56

D:\Myself\WorkProcess\SK\HC32F460_WorkProcess\example\Source\Pipe_Monitor\Pipe_Monitor_App\EWARM\output\debug\Obj\drv_IIC_18060258103304213159.dir: [22]
    drv_IIC.o                   2'344        1        5
    ------------------------------------------------------------
    Total:                      2'344        1        5

D:\Myself\WorkProcess\SK\HC32F460_WorkProcess\example\Source\Pipe_Monitor\Pipe_Monitor_App\EWARM\output\debug\Obj\drv_OTS_Temperature_13039655784802445445.dir: [23]
    drv_OTS_Temperature.o         116
    ------------------------------------------------------------
    Total:                        116

D:\Myself\WorkProcess\SK\HC32F460_WorkProcess\example\Source\Pipe_Monitor\Pipe_Monitor_App\EWARM\output\debug\Obj\drv_RTC_2577979922006117733.dir: [24]
    drv_RTC.o                   1'724       36        4
    ------------------------------------------------------------
    Total:                      1'724       36        4

D:\Myself\WorkProcess\SK\HC32F460_WorkProcess\example\Source\Pipe_Monitor\Pipe_Monitor_App\EWARM\output\debug\Obj\drv_SPI_4333388098947449637.dir: [25]
    drv_SPI.o                     220
    ------------------------------------------------------------
    Total:                        220

D:\Myself\WorkProcess\SK\HC32F460_WorkProcess\example\Source\Pipe_Monitor\Pipe_Monitor_App\EWARM\output\debug\Obj\drv_Timer_6973001687617930806.dir: [26]
    drv_Timer.o                 2'464                16
    ------------------------------------------------------------
    Total:                      2'464                16

D:\Myself\WorkProcess\SK\HC32F460_WorkProcess\example\Source\Pipe_Monitor\Pipe_Monitor_App\EWARM\output\debug\Obj\drv_USART_14144334009435087269.dir: [27]
    drv_USART.o                 4'812       36        4
    ------------------------------------------------------------
    Total:                      4'812       36        4

D:\Myself\WorkProcess\SK\HC32F460_WorkProcess\example\Source\Pipe_Monitor\Pipe_Monitor_App\EWARM\output\debug\Obj\source_5634686896477721948.dir: [28]
    main.o                      1'572       16       14
    ------------------------------------------------------------
    Total:                      1'572       16       14

dl7M_tlf.a: [29]
    abort.o                         6
    exit.o                          4
    iar_Stoflt.o                  440
    iar_Stolx.o                   144
    iar_Stopfx.o                  290
    iar_Stoulx.o                  342       80
    iar_Stoxflt.o                 520
    isalpha.o                      20
    isspace.o                      20
    low_level_init.o                4
    mktime64.o                    224
    sprintf.o                      64
    sscanf.o                       40
    strcat.o                       30
    strcspn.o                      34
    strncmp.o                      42
    strspn.o                       34
    strstr.o                       44
    strtok.o                       76                 4
    tolower.o                      20
    xDaysTo64.o                   204
    xTzoff_nop.o                    4
    xfail_s.o                      64                 4
    xisdst_nop64.o                  6
    xlocale_c.o                    76       57      128
    xprintflarge_nomb.o         3'354
    xscanfsmall_nomb.o          1'600       36
    xsprout.o                      10
    xsscin.o                       30
    xttotm64.o                    348                44
    ------------------------------------------------------------
    Total:                      8'094      173      180

m7M_tls.a: [30]
    DblAddSub.o                   606
    DblCmpEq.o                     32
    DblCmpGe.o                     52
    DblCmpLe.o                     52
    DblDiv.o                      582
    DblMul.o                      426
    DblToFlt.o                    104
    DblToS32.o                     54
    DblToU32.o                     34
    FltToDbl.o                     72
    S32ToDbl.o                     34
    U32ToDbl.o                     28
    U64ToDbl.o                     70
    atan64.o                      188
    fpinit_M.o                     34
    frexp.o                       112
    iar_Atan64.o                  456       64
    iar_Exp64.o                   812
    ldexp.o                       314
    math_wrappers64.o              42
    pow64.o                     1'676    1'056
    sqrt.o                        258
    strto64.o                     866       72
    ------------------------------------------------------------
    Total:                      6'904    1'192

rt7M_tl.a: [31]
    ABImemcpy.o                   166
    ABImemset.o                   102
    I64DivMod.o                   628
    I64DivZer.o                     2
    cexit.o                        10
    cmain.o                        30
    cstartup_M.o                   28
    data_init.o                    40
    memchr.o                       88
    memcmp.o                      104
    packbits_init.o               162
    strchr.o                       22
    strcmp.o                       18
    strcpy.o                       24
    strlen.o                       54
    zero_init3.o                   56
    ------------------------------------------------------------
    Total:                      1'534

shb_l.a: [32]
    exit.o                         20
    ------------------------------------------------------------
    Total:                         20

    Gaps                           25        6
    Linker created                          44    8'192
----------------------------------------------------------------
    Grand Total:              124'289   14'876   36'349       32


*******************************************************************************
*** ENTRY LIST
***

Entry                       Address    Size  Type      Object
-----                       -------    ----  ----      ------
.iar.init_table$$Base      0x3'51d0           --   Gb  - Linker created -
.iar.init_table$$Limit     0x3'51fc           --   Gb  - Linker created -
?main                      0x3'52bd          Code  Gb  cmain.o [31]
ADC_AddAdcChannel          0x2'b3e9    0xbe  Code  Gb  hc32f460_adc.o [20]
ADC_AddAvgChannel          0x2'b519    0x66  Code  Gb  hc32f460_adc.o [20]
ADC_ConfigAvg              0x2'b4b1    0x64  Code  Gb  hc32f460_adc.o [20]
ADC_DeInit                 0x2'b2e9   0x100  Code  Gb  hc32f460_adc.o [20]
ADC_GetChData              0x2'b675    0x98  Code  Gb  hc32f460_adc.o [20]
ADC_Init                   0x2'b1d5   0x114  Code  Gb  hc32f460_adc.o [20]
ADC_PollingSa              0x2'b57f    0xf6  Code  Gb  hc32f460_adc.o [20]
ADC_ReadAllData            0x2'b721    0x2c  Code  Lc  hc32f460_adc.o [20]
AdcChannelConfig           0x2'34d9    0x70  Code  Lc  drv_ADC.o [21]
AdcClockConfig             0x2'3409    0x78  Code  Lc  drv_ADC.o [21]
AdcInitConfig              0x2'3481    0x58  Code  Lc  drv_ADC.o [21]
AsyncDelay                 0x2'1ce5    0x76  Code  Lc  hc32f460_timer0.o [20]
BusFault_Handler           0x1'ce69     0x8  Code  Gb  hc32f460_interrupts.o [20]
CLK_ClearFcmFlag           0x1'c3ed    0x5c  Code  Gb  hc32f460_clk.o [20]
CLK_FcmCmd                 0x1'c343    0x28  Code  Gb  hc32f460_clk.o [20]
CLK_FcmConfig              0x1'c091   0x2b2  Code  Gb  hc32f460_clk.o [20]
CLK_GetClockFreq           0x1'be49   0x116  Code  Gb  hc32f460_clk.o [20]
CLK_GetFcmCounter          0x1'c36b     0x8  Code  Gb  hc32f460_clk.o [20]
CLK_GetFcmFlag             0x1'c385    0x62  Code  Gb  hc32f460_clk.o [20]
CLK_GetFlagStatus          0x1'bfe1    0x8a  Code  Gb  hc32f460_clk.o [20]
CLK_LrcCmd                 0x1'b6bb    0x98  Code  Gb  hc32f460_clk.o [20]
CLK_MpllCmd                0x1'b8ff    0xb0  Code  Gb  hc32f460_clk.o [20]
CLK_MpllConfig             0x1'b7a3   0x15c  Code  Gb  hc32f460_clk.o [20]
CLK_SetPeriClkSource       0x1'bf6d    0x58  Code  Gb  hc32f460_clk.o [20]
CLK_SetPllSource           0x1'b753    0x50  Code  Gb  hc32f460_clk.o [20]
CLK_SetSysClkSource        0x1'bba1   0x104  Code  Gb  hc32f460_clk.o [20]
CLK_SysClkConfig           0x1'bcb9   0x188  Code  Gb  hc32f460_clk.o [20]
CLK_UpllCmd                0x1'bafd    0xa4  Code  Gb  hc32f460_clk.o [20]
CLK_UpllConfig             0x1'b9af   0x14e  Code  Gb  hc32f460_clk.o [20]
CLK_Xtal32Cmd              0x1'b623    0x98  Code  Gb  hc32f460_clk.o [20]
CLK_Xtal32Config           0x1'b5d3    0x50  Code  Gb  hc32f460_clk.o [20]
CLK_XtalCmd                0x1'b4df    0xf4  Code  Gb  hc32f460_clk.o [20]
CLK_XtalConfig             0x1'b485    0x5a  Code  Gb  hc32f460_clk.o [20]
CSTACK$$Base            0x2000'6e00           --   Gb  - Linker created -
CSTACK$$Limit           0x2000'8e00           --   Gb  - Linker created -
Clock_MeasureConfig        0x1'7a01    0xcc  Code  Lc  drv_RTC.o [24]
Crc16                      0x2'5401    0x38  Code  Gb  ModbusRTU.o [10]
DMA_ChannelCfg             0x2'1799   0x2ce  Code  Gb  hc32f460_dmac.o [20]
DMA_ChannelCmd             0x2'1305   0x252  Code  Gb  hc32f460_dmac.o [20]
DMA_ClearIrqFlag           0x2'120b    0xfa  Code  Gb  hc32f460_dmac.o [20]
DMA_Cmd                    0x2'11bd    0x4e  Code  Gb  hc32f460_dmac.o [20]
DMA_GetTransferCnt         0x2'16cd    0x60  Code  Gb  hc32f460_dmac.o [20]
DMA_InitChannel            0x2'1a67   0x202  Code  Gb  hc32f460_dmac.o [20]
DMA_SetDesAddress          0x2'1565    0xa0  Code  Gb  hc32f460_dmac.o [20]
DMA_SetTransferCnt         0x2'1605    0xc8  Code  Gb  hc32f460_dmac.o [20]
DMA_SetTriggerSrc          0x2'173d    0x56  Code  Gb  hc32f460_dmac.o [20]
Ddl_AssertHandler          0x1'aa73     0x2  Code  Wk  hc32f460_utility.o [20]
Ddl_Delay1ms               0x1'77c1    0x28  Code  Gb  hc32f460_utility.o [20]
Ddl_Delay1us               0x1'77e9    0x38  Code  Gb  hc32f460_utility.o [20]
DebugMon_Handler           0x1'ce81     0x8  Code  Gb  hc32f460_interrupts.o [20]
Dma1Btc0IrqCallback        0x1'9789    0x1c  Code  Lc  drv_USART.o [27]
Dma1Btc1IrqCallback        0x1'97a5    0x1c  Code  Lc  drv_USART.o [27]
Dma1Btc2IrqCallback        0x1'97c1    0x1c  Code  Lc  drv_USART.o [27]
Dma1Btc3IrqCallback        0x1'97dd    0x1c  Code  Lc  drv_USART.o [27]
Dma1Init                   0x1'97f9   0x200  Code  Lc  drv_USART.o [27]
DmaChEnState            0x2000'6de9     0x1  Data  Lc  hc32f460_dmac.o [20]
Dtentox                    0x2'fa91   0x1d8  Code  Lc  strto64.o [30]
EC200U_4G_Module_Configuration_Init
                           0x1'6549   0xc1e  Code  Gb  4G_EC200U.o [1]
EC200U_4G_Module_Configuration_Init::ucRetryCnt
                        0x2000'6dda     0x1  Data  Lc  4G_EC200U.o [1]
EC200U_4G_Module_GPIO_Init
                           0x1'42c5    0x58  Code  Gb  4G_EC200U.o [1]
EFM_Lock                   0x3'2447    0x14  Code  Gb  hc32f460_efm.o [20]
EFM_SetLatency             0x3'245b    0x5c  Code  Gb  hc32f460_efm.o [20]
EFM_Unlock                 0x3'2435    0x12  Code  Gb  hc32f460_efm.o [20]
EPSINON                    0x3'5e20     0x4  Data  Lc  drv_RTC.o [24]
EXINT_Init                 0x2'2af1    0xa0  Code  Gb  hc32f460_exint_nmi_swi.o [20]
EXINT_IrqFlgClr            0x2'2c2b    0x12  Code  Gb  hc32f460_exint_nmi_swi.o [20]
EXINT_IrqFlgGet            0x2'2b91    0x9a  Code  Gb  hc32f460_exint_nmi_swi.o [20]
ExtInt01_Callback          0x2'4d6d    0xa6  Code  Gb  Photosensitive_XYC_ALS.o [12]
ExtInt07_Callback          0x3'2929    0x9a  Code  Gb  Magnetic_Bar.o [8]
ExtInt13_Callback          0x3'2791    0x12  Code  Gb  Lora_TP1109.o [6]
Float_reg_rw_mode          0x2'568f    0x94  Code  Gb  ModbusRTU.o [10]
GetSystemPara              0x1'a9bd     0x4  Code  Gb  User_Data.o [17]
HRC_VALUE               0x2000'02f8     0x4  Data  Gb  system_hc32f460.o [19]
HardFault_Handler          0x1'ce59     0x8  Code  Gb  hc32f460_interrupts.o [20]
I2C_AckConfig              0x2'f6e1    0x56  Code  Gb  hc32f460_i2c.o [20]
I2C_BaudrateConfig         0x2'f129   0x228  Code  Gb  hc32f460_i2c.o [20]
I2C_BusWaitCmd             0x2'f4cf    0x6a  Code  Gb  hc32f460_i2c.o [20]
I2C_ClearStatus            0x2'f5e5    0x36  Code  Gb  hc32f460_i2c.o [20]
I2C_Cmd                    0x2'f479    0x56  Code  Gb  hc32f460_i2c.o [20]
I2C_DeInit                 0x2'f351    0x40  Code  Gb  hc32f460_i2c.o [20]
I2C_GenerateReStart        0x2'f083    0x52  Code  Gb  hc32f460_i2c.o [20]
I2C_GenerateStart          0x2'f031    0x52  Code  Gb  hc32f460_i2c.o [20]
I2C_GenerateStop           0x2'f0d5    0x52  Code  Gb  hc32f460_i2c.o [20]
I2C_GetStatus              0x2'f539    0xa0  Code  Gb  hc32f460_i2c.o [20]
I2C_Init                   0x2'f399    0xd6  Code  Gb  hc32f460_i2c.o [20]
I2C_MasterDataReceiveAndStop
                           0x2'f94d    0xd4  Code  Gb  hc32f460_i2c.o [20]
I2C_ReadData               0x2'f6a9    0x2e  Code  Gb  hc32f460_i2c.o [20]
I2C_Restart                0x2'f797    0x4c  Code  Gb  hc32f460_i2c.o [20]
I2C_SoftwareResetCmd       0x2'f61b    0x56  Code  Gb  hc32f460_i2c.o [20]
I2C_Start                  0x2'f737    0x60  Code  Gb  hc32f460_i2c.o [20]
I2C_Stop                   0x2'fa21    0x56  Code  Gb  hc32f460_i2c.o [20]
I2C_TransAddr              0x2'f7e3    0xcc  Code  Gb  hc32f460_i2c.o [20]
I2C_TransData              0x2'f8af    0x9e  Code  Gb  hc32f460_i2c.o [20]
I2C_WaitStatus             0x2'eff1    0x40  Code  Gb  hc32f460_i2c.o [20]
I2C_WriteData              0x2'f671    0x30  Code  Gb  hc32f460_i2c.o [20]
I2C_XYC_ALS_Master_Receive
                           0x2'bf21    0xd4  Code  Gb  drv_IIC.o [22]
I2C_XYC_ALS_Master_Transmit
                           0x2'be9d    0x78  Code  Gb  drv_IIC.o [22]
IRQ000_Handler             0x1'ce99    0x12  Code  Gb  hc32f460_interrupts.o [20]
IRQ001_Handler             0x1'ceab    0x12  Code  Gb  hc32f460_interrupts.o [20]
IRQ002_Handler             0x1'cebd    0x12  Code  Gb  hc32f460_interrupts.o [20]
IRQ003_Handler             0x1'cecf    0x12  Code  Gb  hc32f460_interrupts.o [20]
IRQ004_Handler             0x1'cee1    0x12  Code  Gb  hc32f460_interrupts.o [20]
IRQ005_Handler             0x1'cef3    0x12  Code  Gb  hc32f460_interrupts.o [20]
IRQ006_Handler             0x1'cf05    0x12  Code  Gb  hc32f460_interrupts.o [20]
IRQ007_Handler             0x1'cf17    0x12  Code  Gb  hc32f460_interrupts.o [20]
IRQ008_Handler             0x1'cf29    0x12  Code  Gb  hc32f460_interrupts.o [20]
IRQ009_Handler             0x1'cf3b    0x12  Code  Gb  hc32f460_interrupts.o [20]
IRQ010_Handler             0x1'cf4d    0x12  Code  Gb  hc32f460_interrupts.o [20]
IRQ011_Handler             0x1'cf5f    0x12  Code  Gb  hc32f460_interrupts.o [20]
IRQ012_Handler             0x1'cf71    0x12  Code  Gb  hc32f460_interrupts.o [20]
IRQ013_Handler             0x1'cf83    0x12  Code  Gb  hc32f460_interrupts.o [20]
IRQ014_Handler             0x1'cf95    0x12  Code  Gb  hc32f460_interrupts.o [20]
IRQ015_Handler             0x1'cfa7    0x12  Code  Gb  hc32f460_interrupts.o [20]
IRQ016_Handler             0x1'cfb9    0x12  Code  Gb  hc32f460_interrupts.o [20]
IRQ017_Handler             0x1'cfcb    0x12  Code  Gb  hc32f460_interrupts.o [20]
IRQ018_Handler             0x1'cfdd    0x12  Code  Gb  hc32f460_interrupts.o [20]
IRQ019_Handler             0x1'cfef    0x12  Code  Gb  hc32f460_interrupts.o [20]
IRQ020_Handler             0x1'd001    0x12  Code  Gb  hc32f460_interrupts.o [20]
IRQ021_Handler             0x1'd013    0x12  Code  Gb  hc32f460_interrupts.o [20]
IRQ022_Handler             0x1'd025    0x12  Code  Gb  hc32f460_interrupts.o [20]
IRQ023_Handler             0x1'd037    0x12  Code  Gb  hc32f460_interrupts.o [20]
IRQ024_Handler             0x1'd049    0x12  Code  Gb  hc32f460_interrupts.o [20]
IRQ025_Handler             0x1'd05b    0x12  Code  Gb  hc32f460_interrupts.o [20]
IRQ026_Handler             0x1'd06d    0x12  Code  Gb  hc32f460_interrupts.o [20]
IRQ027_Handler             0x1'd07f    0x12  Code  Gb  hc32f460_interrupts.o [20]
IRQ028_Handler             0x1'd091    0x12  Code  Gb  hc32f460_interrupts.o [20]
IRQ029_Handler             0x1'd0a3    0x12  Code  Gb  hc32f460_interrupts.o [20]
IRQ030_Handler             0x1'd0b5    0x12  Code  Gb  hc32f460_interrupts.o [20]
IRQ031_Handler             0x1'd0c7    0x12  Code  Gb  hc32f460_interrupts.o [20]
IRQ032_Handler             0x1'd0d9    0x16  Code  Gb  hc32f460_interrupts.o [20]
IRQ033_Handler             0x1'd0ef    0x16  Code  Gb  hc32f460_interrupts.o [20]
IRQ034_Handler             0x1'd105    0x16  Code  Gb  hc32f460_interrupts.o [20]
IRQ035_Handler             0x1'd11b    0x16  Code  Gb  hc32f460_interrupts.o [20]
IRQ036_Handler             0x1'd131    0x16  Code  Gb  hc32f460_interrupts.o [20]
IRQ037_Handler             0x1'd147    0x16  Code  Gb  hc32f460_interrupts.o [20]
IRQ038_Handler             0x1'd15d    0x16  Code  Gb  hc32f460_interrupts.o [20]
IRQ039_Handler             0x1'd173    0x16  Code  Gb  hc32f460_interrupts.o [20]
IRQ040_Handler             0x1'd189    0x16  Code  Gb  hc32f460_interrupts.o [20]
IRQ041_Handler             0x1'd19f    0x16  Code  Gb  hc32f460_interrupts.o [20]
IRQ042_Handler             0x1'd1b5    0x16  Code  Gb  hc32f460_interrupts.o [20]
IRQ043_Handler             0x1'd1cb    0x16  Code  Gb  hc32f460_interrupts.o [20]
IRQ044_Handler             0x1'd1e1    0x16  Code  Gb  hc32f460_interrupts.o [20]
IRQ045_Handler             0x1'd1f7    0x16  Code  Gb  hc32f460_interrupts.o [20]
IRQ046_Handler             0x1'd20d    0x16  Code  Gb  hc32f460_interrupts.o [20]
IRQ047_Handler             0x1'd223    0x16  Code  Gb  hc32f460_interrupts.o [20]
IRQ048_Handler             0x1'd239    0x16  Code  Gb  hc32f460_interrupts.o [20]
IRQ049_Handler             0x1'd24f    0x16  Code  Gb  hc32f460_interrupts.o [20]
IRQ050_Handler             0x1'd265    0x16  Code  Gb  hc32f460_interrupts.o [20]
IRQ051_Handler             0x1'd27b    0x16  Code  Gb  hc32f460_interrupts.o [20]
IRQ052_Handler             0x1'd291    0x16  Code  Gb  hc32f460_interrupts.o [20]
IRQ053_Handler             0x1'd2a7    0x16  Code  Gb  hc32f460_interrupts.o [20]
IRQ054_Handler             0x1'd2bd    0x16  Code  Gb  hc32f460_interrupts.o [20]
IRQ055_Handler             0x1'd2d3    0x16  Code  Gb  hc32f460_interrupts.o [20]
IRQ056_Handler             0x1'd2e9    0x16  Code  Gb  hc32f460_interrupts.o [20]
IRQ057_Handler             0x1'd2ff    0x16  Code  Gb  hc32f460_interrupts.o [20]
IRQ058_Handler             0x1'd315    0x16  Code  Gb  hc32f460_interrupts.o [20]
IRQ059_Handler             0x1'd32b    0x16  Code  Gb  hc32f460_interrupts.o [20]
IRQ060_Handler             0x1'd341    0x16  Code  Gb  hc32f460_interrupts.o [20]
IRQ061_Handler             0x1'd357    0x16  Code  Gb  hc32f460_interrupts.o [20]
IRQ062_Handler             0x1'd36d    0x16  Code  Gb  hc32f460_interrupts.o [20]
IRQ063_Handler             0x1'd383    0x16  Code  Gb  hc32f460_interrupts.o [20]
IRQ064_Handler             0x1'd399    0x16  Code  Gb  hc32f460_interrupts.o [20]
IRQ065_Handler             0x1'd3af    0x16  Code  Gb  hc32f460_interrupts.o [20]
IRQ066_Handler             0x1'd3c5    0x16  Code  Gb  hc32f460_interrupts.o [20]
IRQ067_Handler             0x1'd3db    0x16  Code  Gb  hc32f460_interrupts.o [20]
IRQ068_Handler             0x1'd3f1    0x16  Code  Gb  hc32f460_interrupts.o [20]
IRQ069_Handler             0x1'd407    0x16  Code  Gb  hc32f460_interrupts.o [20]
IRQ070_Handler             0x1'd41d    0x16  Code  Gb  hc32f460_interrupts.o [20]
IRQ071_Handler             0x1'd433    0x16  Code  Gb  hc32f460_interrupts.o [20]
IRQ072_Handler             0x1'd449    0x16  Code  Gb  hc32f460_interrupts.o [20]
IRQ073_Handler             0x1'd45f    0x16  Code  Gb  hc32f460_interrupts.o [20]
IRQ074_Handler             0x1'd475    0x16  Code  Gb  hc32f460_interrupts.o [20]
IRQ075_Handler             0x1'd48b    0x16  Code  Gb  hc32f460_interrupts.o [20]
IRQ076_Handler             0x1'd4a1    0x16  Code  Gb  hc32f460_interrupts.o [20]
IRQ077_Handler             0x1'd4b7    0x16  Code  Gb  hc32f460_interrupts.o [20]
IRQ078_Handler             0x1'd4cd    0x14  Code  Gb  hc32f460_interrupts.o [20]
IRQ079_Handler             0x1'd4e1    0x14  Code  Gb  hc32f460_interrupts.o [20]
IRQ080_Handler             0x1'd4f5    0x14  Code  Gb  hc32f460_interrupts.o [20]
IRQ081_Handler             0x1'd509    0x14  Code  Gb  hc32f460_interrupts.o [20]
IRQ082_Handler             0x1'd51d    0x14  Code  Gb  hc32f460_interrupts.o [20]
IRQ083_Handler             0x1'd531    0x14  Code  Gb  hc32f460_interrupts.o [20]
IRQ084_Handler             0x1'd545    0x14  Code  Gb  hc32f460_interrupts.o [20]
IRQ085_Handler             0x1'd559    0x14  Code  Gb  hc32f460_interrupts.o [20]
IRQ086_Handler             0x1'd56d    0x14  Code  Gb  hc32f460_interrupts.o [20]
IRQ087_Handler             0x1'd581    0x14  Code  Gb  hc32f460_interrupts.o [20]
IRQ088_Handler             0x1'd595    0x14  Code  Gb  hc32f460_interrupts.o [20]
IRQ089_Handler             0x1'd5a9    0x14  Code  Gb  hc32f460_interrupts.o [20]
IRQ090_Handler             0x1'd5bd    0x14  Code  Gb  hc32f460_interrupts.o [20]
IRQ091_Handler             0x1'd5d1    0x14  Code  Gb  hc32f460_interrupts.o [20]
IRQ092_Handler             0x1'd5e5    0x14  Code  Gb  hc32f460_interrupts.o [20]
IRQ093_Handler             0x1'd5f9    0x14  Code  Gb  hc32f460_interrupts.o [20]
IRQ094_Handler             0x1'd60d    0x14  Code  Gb  hc32f460_interrupts.o [20]
IRQ095_Handler             0x1'd621    0x14  Code  Gb  hc32f460_interrupts.o [20]
IRQ096_Handler             0x1'd635    0x14  Code  Gb  hc32f460_interrupts.o [20]
IRQ097_Handler             0x1'd649    0x14  Code  Gb  hc32f460_interrupts.o [20]
IRQ098_Handler             0x1'd65d    0x14  Code  Gb  hc32f460_interrupts.o [20]
IRQ099_Handler             0x1'd671    0x14  Code  Gb  hc32f460_interrupts.o [20]
IRQ100_Handler             0x1'd685    0x14  Code  Gb  hc32f460_interrupts.o [20]
IRQ101_Handler             0x1'd699    0x14  Code  Gb  hc32f460_interrupts.o [20]
IRQ102_Handler             0x1'd6ad    0x14  Code  Gb  hc32f460_interrupts.o [20]
IRQ103_Handler             0x1'd6c1    0x14  Code  Gb  hc32f460_interrupts.o [20]
IRQ104_Handler             0x1'd6d5    0x14  Code  Gb  hc32f460_interrupts.o [20]
IRQ105_Handler             0x1'd6e9    0x14  Code  Gb  hc32f460_interrupts.o [20]
IRQ106_Handler             0x1'd6fd    0x14  Code  Gb  hc32f460_interrupts.o [20]
IRQ107_Handler             0x1'd711    0x14  Code  Gb  hc32f460_interrupts.o [20]
IRQ108_Handler             0x1'd72d    0x14  Code  Gb  hc32f460_interrupts.o [20]
IRQ109_Handler             0x1'd741    0x14  Code  Gb  hc32f460_interrupts.o [20]
IRQ110_Handler             0x1'd755    0x14  Code  Gb  hc32f460_interrupts.o [20]
IRQ111_Handler             0x1'd76d    0x14  Code  Gb  hc32f460_interrupts.o [20]
IRQ112_Handler             0x1'd781    0x14  Code  Gb  hc32f460_interrupts.o [20]
IRQ113_Handler             0x1'd799    0x14  Code  Gb  hc32f460_interrupts.o [20]
IRQ114_Handler             0x1'd7ad    0x14  Code  Gb  hc32f460_interrupts.o [20]
[...]
                           0x2'd4cd   0x22c  Code  Gb  Display.o [11]
func_DeviceStart_Sensor_PowerUp_Dispose
                           0x1'f927    0x26  Code  Gb  Mainloop.o [9]
func_Device_ID_PD_View_Show
                           0x2'ea2f    0xe2  Code  Gb  Display.o [11]
func_Device_Parameter_Factory_Reset
                           0x1'9081    0xe6  Code  Gb  drv_Storage_W25Q128.o [16]
func_Device_Parameter_Init
                           0x1'8ffd    0x80  Code  Gb  drv_Storage_W25Q128.o [16]
func_Device_SW_HW_View_Show
                           0x2'eb11    0xaa  Code  Gb  Display.o [11]
func_Device_Status_View_Show
                           0x2'd6f9   0x1e2  Code  Gb  Display.o [11]
func_Display_128x64        0x2'3cad    0x88  Code  Gb  OLED.o [11]
func_EC200U_4G_PownDown_Deinit
                           0x1'4281    0x44  Code  Gb  4G_EC200U.o [1]
func_Enter_LowPower_Stop_Mode
                           0x1'f65b    0xda  Code  Gb  Mainloop.o [9]
func_Flow_View_Show        0x2'dba1   0x1a2  Code  Gb  Display.o [11]
func_GPSData_View_Show     0x2'e921   0x10e  Code  Gb  Display.o [11]
func_Get_DataUploadCMD_Data
                           0x1'4831  0x1236  Code  Gb  4G_EC200U.o [1]
func_Get_DevRegCMD_Data
                           0x1'431d   0x4a0  Code  Gb  4G_EC200U.o [1]
func_Get_DevStatusCMD_Data
                           0x1'6155   0x37a  Code  Gb  4G_EC200U.o [1]
func_Get_DevStatusData     0x1'5fd1   0x166  Code  Gb  4G_EC200U.o [1]
func_Get_Device_MeasData_Record
                           0x1'8f83    0x1a  Code  Gb  drv_Storage_W25Q128.o [16]
func_Get_Device_Sensors_Value
                           0x1'f951   0x298  Code  Gb  Mainloop.o [9]
func_Get_Device_Sensors_Value::ucChangeCnt
                        0x2000'6df1     0x1  Data  Lc  Mainloop.o [9]
func_Get_Device_Sensors_Value::ucRetryCnt
                        0x2000'6df0     0x1  Data  Lc  Mainloop.o [9]
func_Get_GetConfigResult_CMD
                           0x2'8eed   0x64a  Code  Gb  MQTT_SK.o [7]
func_Get_MBCRC16           0x2'53c1    0x40  Code  Gb  ModbusRTU.o [10]
func_Get_Meas_BY_Integrated_Conductivity_Sensor_Value
                           0x2'595d   0x1b0  Code  Gb  ModbusRTU.o [10]
func_Get_Meas_BY_Pressure_Level_Sensor_Value
                           0x2'5c71   0x118  Code  Gb  ModbusRTU.o [10]
func_Get_Meas_BY_Radar_Level_Sensor_Value
                           0x2'5b11   0x160  Code  Gb  ModbusRTU.o [10]
func_Get_Meas_HX_Flow_Sensor_Value
                           0x2'6737   0x1f4  Code  Gb  ModbusRTU.o [10]
func_Get_Meas_HX_Radar_Ultrasonic_Flow_Sensor_Value
                           0x2'64c9   0x26e  Code  Gb  ModbusRTU.o [10]
func_Get_Meas_HX_WaterQuality_COD_Sensor_Value
                           0x2'6939   0x22e  Code  Gb  ModbusRTU.o [10]
func_Get_Meas_HZ_Radar_Level_Sensor_Value
                           0x2'6275   0x24e  Code  Gb  ModbusRTU.o [10]
func_Get_Meas_HZ_Radar_Ultrasonic_Flow_Sensor_Value
                           0x2'5d9d   0x4ca  Code  Gb  ModbusRTU.o [10]
func_Get_Photo_Data        0x2'6d97   0x11a  Code  Gb  ModbusRTU.o [10]
func_Get_Server_MQTT_Dispose
                           0x2'03c5    0x9c  Code  Gb  Mainloop.o [9]
func_Get_SetConfigResult_CMD
                           0x2'7e21    0x62  Code  Gb  MQTT_SK.o [7]
func_Get_StatusUploadCMD_Data
                           0x1'5a75   0x556  Code  Gb  4G_EC200U.o [1]
func_LowPower_Stop_Mode_Init
                           0x1'f735    0x4c  Code  Gb  Mainloop.o [9]
func_MQTT_SK_Init          0x2'9a51     0xc  Code  Gb  MQTT_SK.o [7]
func_Mainloop_Init         0x1'f63f     0xe  Code  Gb  Mainloop.o [9]
func_Meas_Sensor_Dispose
                           0x2'6eb9   0x2f2  Code  Gb  ModbusRTU.o [10]
func_Meas_Sensor_PowerDown_DeInit
                           0x1'f805    0x8c  Code  Gb  Mainloop.o [9]
func_Meas_Sensor_PowerOn_Init
                           0x1'f781    0x84  Code  Gb  Mainloop.o [9]
func_Meas_Sensor_Value_View_Show
                           0x2'e861    0xba  Code  Gb  Display.o [11]
func_Measure_Data_View_Show
                           0x2'e077   0x1f6  Code  Gb  Display.o [11]
func_Measure_WaterLevel_View_Show
                           0x2'e275   0x32a  Code  Gb  Display.o [11]
func_Measure_Water_Quality_View_Show
                           0x2'e5a9   0x2b8  Code  Gb  Display.o [11]
func_NFC_Check_Dispose     0x1'f891    0x96  Code  Gb  Mainloop.o [9]
func_NoSensor_View_Show
                           0x2'e02d    0x4a  Code  Gb  Display.o [11]
func_Not_Certified_View_Show
                           0x2'd8ed    0x7c  Code  Gb  Display.o [11]
func_OLED_PowerDown_DeInit
                           0x2'3b4d    0x64  Code  Gb  OLED.o [11]
func_OLED_PowerUp_Init     0x2'3a39   0x114  Code  Gb  OLED.o [11]
func_OTS_Temperature_GetValue
                           0x2'740d    0x14  Code  Gb  drv_OTS_Temperature.o [23]
func_PowerOn_View_Show     0x2'ebc9    0x60  Code  Gb  Display.o [11]
func_RF_NFC_PowerDown_DeInit
                           0x2'44f9    0x66  Code  Gb  RF_NFC.o [13]
func_RXNTTL518_Init        0x2'4765    0x34  Code  Gb  RXNTTL518.o [14]
func_ReadPhoto_XYC_ALS_Data
                           0x2'5059    0x58  Code  Gb  Photosensitive_XYC_ALS.o [12]
func_Read_RXNTTL518_Version
                           0x2'46b3     0xe  Code  Gb  RXNTTL518.o [14]
func_Rts_Control_And_SendData
                           0x2'587f    0xde  Code  Gb  ModbusRTU.o [10]
func_Save_Device_MeasData
                           0x1'8f65    0x1e  Code  Gb  drv_Storage_W25Q128.o [16]
func_Save_Device_MeasRecord_Dispose
                           0x1'fc11   0x46e  Code  Gb  Mainloop.o [9]
func_Save_Device_MeasRecord_Dispose::ucRecordFlag
                        0x2000'6df2     0x1  Data  Lc  Mainloop.o [9]
func_Save_Device_MeasRecord_Dispose::ucSaveRecordFlag
                        0x2000'6df3     0x1  Data  Lc  Mainloop.o [9]
func_Save_Device_Parameter
                           0x1'8465   0xb00  Code  Gb  drv_Storage_W25Q128.o [16]
func_Search_Card           0x2'46c1    0xa4  Code  Gb  RXNTTL518.o [14]
func_Send_CMD              0x2'45c7    0xec  Code  Gb  RXNTTL518.o [14]
func_Set_BlackLight_Move_AT_CMD
                           0x2'6b67    0xb2  Code  Gb  ModbusRTU.o [10]
func_Set_Camera_Photo_CMD
                           0x2'6cb3    0xe4  Code  Gb  ModbusRTU.o [10]
func_SystemPara_Init       0x1'a9c1    0x16  Code  Gb  User_Data.o [17]
func_System_Mainloop_Dispose
                           0x2'0461   0x2ba  Code  Gb  Mainloop.o [9]
func_System_Soft_Reset     0x1'f64d     0xe  Code  Gb  Mainloop.o [9]
func_WatchDog_Refresh      0x1'96d3    0x1e  Code  Gb  WatchDog.o [18]
func_WaterLevel_View_Show
                           0x2'd9e1   0x1c0  Code  Gb  Display.o [11]
func_diplay_NFCCheck_Menu
                           0x2'd451    0x7a  Code  Gb  Display.o [11]
func_display_Authorize_Menu
                           0x2'd3c1    0x90  Code  Gb  Display.o [11]
func_display_PowerOn_Menu
                           0x2'd3b1    0x10  Code  Gb  Display.o [11]
func_display_string        0x2'3d3d   0x7a8  Code  Gb  OLED.o [11]
func_sprintf_metricsystem
                           0x2'cdc5   0x426  Code  Gb  Display.o [11]
gE_4G_Module_Init_CMD   0x2000'6dfd     0x1  Data  Gb  User_Data.o [17]
gSt_DevMeasRecordData   0x2000'6c88    0x2c  Data  Gb  User_Data.o [17]
gSt_systemPara          0x2000'0308  0x51c8  Data  Lc  User_Data.o [17]
g_ATE_CMD               0x2000'02ec     0x8  Data  Lc  BT_TB05.o [2]
g_AT_CMD                0x2000'02f4     0x4  Data  Lc  BT_TB05.o [2]
g_AT_RESET_CMD          0x2000'02b8    0x20  Data  Lc  BT_TB05.o [2]
g_AT_SSID_CMD           0x2000'0294    0x24  Data  Lc  BT_TB05.o [2]
g_Ble_SSID              0x2000'02d8    0x14  Data  Gb  BT_TB05.o [2]
g_sSKLogo_New              0x3'3990   0x400  Data  Gb  Font.o [11]
g_sint8_Font_16x10_12864
                           0x3'2aa4   0x5a0  Data  Gb  Font.o [11]
g_sint8_Font_16x12_12864
                           0x3'10c4   0x708  Data  Gb  Font.o [11]
g_sint8_Font_6x12_AsciiDot
                           0x3'3044   0x4c8  Data  Gb  Font.o [11]
gc_SystemPosi           0x2000'6dfc     0x1  Data  Gb  User_Data.o [17]
gfunc_DateString_process
                           0x2'd1f5   0x1bc  Code  Gb  Display.o [11]
gfunc_Modbus_Matching      0x2'acbd   0x188  Code  Gb  ModbusRTU_Device_BT.o [10]
gs_DeviceDefaultPara    0x2000'0000   0x108  Data  Gb  User_Data.o [17]
guc_ERR13DelayCnt       0x2000'6ddd     0x1  Data  Gb  BT_TB05.o [2]
guc_LcdDipRevesAttr     0x2000'6dfa     0x1  Data  Gb  User_Data.o [17]
guc_NFCPWRInitFlag      0x2000'6df8     0x1  Data  Gb  User_Data.o [17]
guc_NFC_Card_Flag       0x2000'6dfb     0x1  Data  Gb  User_Data.o [17]
guc_NFC_Card_ID         0x2000'0108    0x8c  Data  Gb  RXNTTL518.o [14]
guc_OLED_Buf            0x2000'64d0   0x400  Data  Gb  User_Data.o [17]
guc_RTURecvArr          0x2000'6d40    0x14  Data  Gb  User_Data.o [17]
guc_SystemPowerInitFlag
                        0x2000'6df9     0x1  Data  Gb  User_Data.o [17]
guc_TextBDData          0x2000'6d2c    0x14  Data  Gb  User_Data.o [17]
guc_W25Q128_Buf         0x2000'54d0  0x1000  Data  Gb  drv_Storage_W25Q128.o [16]
isalpha                    0x3'10b1    0x14  Code  Gb  isalpha.o [29]
isspace                    0x2'2c6d    0x14  Code  Gb  isspace.o [29]
lcd_address                0x2'3bb1    0x28  Code  Gb  OLED.o [11]
ldexp                      0x3'0581          Code  Gb  ldexp.o [30]
ldexpl                     0x3'0581          Code  Gb  ldexp.o [30]
lmos                       0x1'dfc0    0x18  Data  Lc  xDaysTo64.o [29]
lnbias                     0x3'3570   0x420  Data  Lc  pow64.o [30]
localeconv                 0x2'33fd     0x4  Code  Gb  xlocale_c.o [29]
m_au16Adc1Value         0x2000'6ce0    0x24  Data  Lc  drv_ADC.o [21]
m_au16Adc2Value         0x2000'6d04    0x14  Data  Lc  drv_ADC.o [21]
m_f32OffsetM            0x2000'6d90     0x4  Data  Lc  hc32f460_ots.o [20]
m_f32SlopeK             0x2000'6d8c     0x4  Data  Lc  hc32f460_ots.o [20]
m_stcSysclkCfg          0x2000'6d60     0x8  Data  Lc  main.o [28]
main                       0x3'2029   0x3f0  Code  Gb  main.o [28]
main::ucMonitorFlag     0x2000'6dee     0x1  Data  Lc  main.o [28]
main::ucRetryCnt        0x2000'6def     0x1  Data  Lc  main.o [28]
memchr                     0x2'3125          Code  Gb  memchr.o [31]
memcmp                     0x2'2979          Code  Gb  memcmp.o [31]
mktime                     0x1'7f11    0xe0  Code  Gb  mktime64.o [29]
mos                        0x1'dfd8    0x18  Data  Lc  xDaysTo64.o [29]
nackFlag                0x2000'6dde     0x1  Data  Gb  drv_IIC.o [22]
ndigs                      0x3'47fc    0x28  Data  Lc  iar_Stoulx.o [29]
now                     0x2000'6d58     0x8  Data  Gb  4G_EC200U.o [1]
pfnNmiCallback          0x2000'6d88     0x4  Data  Lc  hc32f460_exint_nmi_swi.o [20]
pow                        0x2'feb1   0x68c  Code  Gb  pow64.o [30]
powl                       0x2'feb1   0x68c  Code  Gb  pow64.o [30]
pows                       0x3'4ce8    0x48  Data  Lc  strto64.o [30]
prveMBError2Exception      0x2'9b2d    0x26  Code  Gb  ModbusRTU_Device_BT.o [10]
pst_BDSystemPara        0x2000'6d94     0x4  Data  Lc  LC86L_BD.o [3]
pst_BTSystemPara        0x2000'6d70     0x4  Data  Lc  BT_TB05.o [2]
pst_EC200USystemPara    0x2000'6d54     0x4  Data  Lc  4G_EC200U.o [1]
pst_LoraSystemPara      0x2000'6d98     0x4  Data  Lc  Lora_TP1109.o [6]
pst_MBSystemPara        0x2000'6da8     0x4  Data  Gb  ModbusRTU.o [10]
pst_MQTTSystemPara      0x2000'6db4     0x4  Data  Lc  MQTT_SK.o [7]
pst_MagSystemPara       0x2000'6d9c     0x4  Data  Lc  Magnetic_Bar.o [8]
pst_MainSystemPara      0x2000'6da0     0x4  Data  Lc  main.o [28]
pst_MainloopSystemPara  0x2000'6da4     0x4  Data  Lc  Mainloop.o [9]
pst_OLEDSystemPara      0x2000'6db8     0x4  Data  Gb  OLED.o [11]
pst_PhotoSystemPara     0x2000'6dbc     0x4  Data  Lc  Photosensitive_XYC_ALS.o [12]
pst_RTCSystemPara       0x2000'6d74     0x4  Data  Lc  drv_RTC.o [24]
pst_RXNTTLSystemPara    0x2000'6dc0     0x4  Data  Lc  RXNTTL518.o [14]
pst_SC7A20SystemPara    0x2000'6d78     0x4  Data  Lc  drv_SC7A20H.o [15]
pst_TimerSystemPara     0x2000'6d80     0x4  Data  Lc  drv_Timer.o [26]
pst_UsartSystemPara     0x2000'6d84     0x4  Data  Lc  drv_USART.o [27]
pst_W25Q128SystemPara   0x2000'6d7c     0x4  Data  Gb  drv_Storage_W25Q128.o [16]
pucSndBufferCur         0x2000'6dac     0x4  Data  Lc  ModbusRTU_Device_BT.o [10]
scalbln                    0x3'0581          Code  Gb  ldexp.o [30]
scalblnl                   0x3'0581          Code  Gb  ldexp.o [30]
scalbn                     0x3'0581          Code  Gb  ldexp.o [30]
scalbnl                    0x3'0581          Code  Gb  ldexp.o [30]
scale                      0x1'ed77    0x46  Code  Lc  xprintflarge_nomb.o [29]
sec_hand                0x2000'6dc8     0x4  Data  Lc  xfail_s.o [29]
sprintf                    0x1'7ff1    0x40  Code  Gb  sprintf.o [29]
sqrt                       0x2'c0d5          Code  Gb  sqrt.o [30]
sqrtl                      0x2'c0d5          Code  Gb  sqrt.o [30]
sscanf                     0x1'7ee9    0x28  Code  Gb  sscanf.o [29]
st_TempValue            0x2000'6ad0   0x1b8  Data  Gb  4G_EC200U.o [1]
strcat                     0x1'8067    0x1e  Code  Gb  strcat.o [29]
strchr                     0x1'd8cd          Code  Gb  strchr.o [31]
strcmp                     0x2'0761          Code  Gb  strcmp.o [31]
strcpy                     0x1'968d          Code  Gb  strcpy.o [31]
strcspn                    0x3'055f    0x22  Code  Gb  strcspn.o [29]
strlen                     0x1'8031          Code  Gb  strlen.o [31]
strncmp                    0x2'c075    0x2a  Code  Gb  strncmp.o [29]
strspn                     0x3'053d    0x22  Code  Gb  strspn.o [29]
strstr                     0x2'7455    0x2c  Code  Gb  strstr.o [29]
strtok                     0x2'ef91    0x4c  Code  Gb  strtok.o [29]
strtol                     0x2'2e63     0x4  Code  Gb  iar_Stolx.o [29]
strtoul                    0x2'2dd1     0x2  Code  Gb  iar_Stoulx.o [29]
tolower                    0x2'b1b5    0x14  Code  Gb  tolower.o [29]
u32ICG                        0x400    0x20  Data  Gb  hc32f460_icg.o [20]
u8HrcState              0x2000'6dea     0x1  Data  Gb  hc32f460_pwc.o [20]
u8MrcState              0x2000'6deb     0x1  Data  Gb  hc32f460_pwc.o [20]
u8StopFlag              0x2000'6ded     0x1  Data  Gb  hc32f460_pwc.o [20]
u8SysClkSrc             0x2000'0304     0x1  Data  Gb  hc32f460_pwc.o [20]
u8WkupIntCnt            0x2000'6dec     0x1  Data  Gb  hc32f460_pwc.o [20]
ucMeasSensorExistFlag   0x2000'6dd9     0x1  Data  Gb  4G_EC200U.o [1]
ucMeasWaterVolumeFlag   0x2000'6dd8     0x1  Data  Gb  4G_EC200U.o [1]
ucRecordCnt             0x2000'6dd4     0x1  Data  Gb  4G_EC200U.o [1]
ucWaterLevel_Radar_Flag
                        0x2000'6dd5     0x1  Data  Gb  4G_EC200U.o [1]
ucWaterQuality_COD_Flag
                        0x2000'6dd6     0x1  Data  Gb  4G_EC200U.o [1]
ucWaterQuality_COND_Flag
                        0x2000'6dd7     0x1  Data  Gb  4G_EC200U.o [1]
ulRecordCnt             0x2000'6d6c     0x4  Data  Gb  4G_EC200U.o [1]
ulTime                  0x2000'6d68     0x4  Data  Gb  4G_EC200U.o [1]
usRcvBufferPos          0x2000'6dd0     0x2  Data  Lc  ModbusRTU_Device_BT.o [10]
xFuncHandlers           0x2000'0194    0x80  Data  Lc  ModbusRTU_Device_BT.o [10]


[1] = D:\Myself\WorkProcess\SK\HC32F460_WorkProcess\example\Source\Pipe_Monitor\Pipe_Monitor_App\EWARM\output\debug\Obj\4G_EC200U_8582873453978518366.dir
[2] = D:\Myself\WorkProcess\SK\HC32F460_WorkProcess\example\Source\Pipe_Monitor\Pipe_Monitor_App\EWARM\output\debug\Obj\BT_TB05_12041724360499981866.dir
[3] = D:\Myself\WorkProcess\SK\HC32F460_WorkProcess\example\Source\Pipe_Monitor\Pipe_Monitor_App\EWARM\output\debug\Obj\LC86L_BD_9822625824417385734.dir
[4] = D:\Myself\WorkProcess\SK\HC32F460_WorkProcess\example\Source\Pipe_Monitor\Pipe_Monitor_App\EWARM\output\debug\Obj\LKT4202_1925765440156868983.dir
[5] = D:\Myself\WorkProcess\SK\HC32F460_WorkProcess\example\Source\Pipe_Monitor\Pipe_Monitor_App\EWARM\output\debug\Obj\LoRa_RA02_5139138412578801246.dir
[6] = D:\Myself\WorkProcess\SK\HC32F460_WorkProcess\example\Source\Pipe_Monitor\Pipe_Monitor_App\EWARM\output\debug\Obj\Lora_TP1109_151720617378073083.dir
[7] = D:\Myself\WorkProcess\SK\HC32F460_WorkProcess\example\Source\Pipe_Monitor\Pipe_Monitor_App\EWARM\output\debug\Obj\MQTT_SK_4724149239023757000.dir
[8] = D:\Myself\WorkProcess\SK\HC32F460_WorkProcess\example\Source\Pipe_Monitor\Pipe_Monitor_App\EWARM\output\debug\Obj\Magnetic_Bar_17520218520042908049.dir
[9] = D:\Myself\WorkProcess\SK\HC32F460_WorkProcess\example\Source\Pipe_Monitor\Pipe_Monitor_App\EWARM\output\debug\Obj\Mainloop_18272944273632151421.dir
[10] = D:\Myself\WorkProcess\SK\HC32F460_WorkProcess\example\Source\Pipe_Monitor\Pipe_Monitor_App\EWARM\output\debug\Obj\ModbusRTU_17682219295068567368.dir
[11] = D:\Myself\WorkProcess\SK\HC32F460_WorkProcess\example\Source\Pipe_Monitor\Pipe_Monitor_App\EWARM\output\debug\Obj\OLED_13473777563621607307.dir
[12] = D:\Myself\WorkProcess\SK\HC32F460_WorkProcess\example\Source\Pipe_Monitor\Pipe_Monitor_App\EWARM\output\debug\Obj\Photosensitive_XYC_ALS_28064708180949255.dir
[13] = D:\Myself\WorkProcess\SK\HC32F460_WorkProcess\example\Source\Pipe_Monitor\Pipe_Monitor_App\EWARM\output\debug\Obj\RF_NFC_10628150809568064830.dir
[14] = D:\Myself\WorkProcess\SK\HC32F460_WorkProcess\example\Source\Pipe_Monitor\Pipe_Monitor_App\EWARM\output\debug\Obj\RXNTTL518_17808510930951076202.dir
[15] = D:\Myself\WorkProcess\SK\HC32F460_WorkProcess\example\Source\Pipe_Monitor\Pipe_Monitor_App\EWARM\output\debug\Obj\SC7A20H_13085057635104233901.dir
[16] = D:\Myself\WorkProcess\SK\HC32F460_WorkProcess\example\Source\Pipe_Monitor\Pipe_Monitor_App\EWARM\output\debug\Obj\Storage_W25Q128_4738127093883701884.dir
[17] = D:\Myself\WorkProcess\SK\HC32F460_WorkProcess\example\Source\Pipe_Monitor\Pipe_Monitor_App\EWARM\output\debug\Obj\User_Data_5391006662705040797.dir
[18] = D:\Myself\WorkProcess\SK\HC32F460_WorkProcess\example\Source\Pipe_Monitor\Pipe_Monitor_App\EWARM\output\debug\Obj\WatchDog_9188475617120297074.dir
[19] = D:\Myself\WorkProcess\SK\HC32F460_WorkProcess\example\Source\Pipe_Monitor\Pipe_Monitor_App\EWARM\output\debug\Obj\common_14919461937644757070.dir
[20] = D:\Myself\WorkProcess\SK\HC32F460_WorkProcess\example\Source\Pipe_Monitor\Pipe_Monitor_App\EWARM\output\debug\Obj\driver_11944700488488147666.dir
[21] = D:\Myself\WorkProcess\SK\HC32F460_WorkProcess\example\Source\Pipe_Monitor\Pipe_Monitor_App\EWARM\output\debug\Obj\drv_ADC_15186207816091091275.dir
[22] = D:\Myself\WorkProcess\SK\HC32F460_WorkProcess\example\Source\Pipe_Monitor\Pipe_Monitor_App\EWARM\output\debug\Obj\drv_IIC_18060258103304213159.dir
[23] = D:\Myself\WorkProcess\SK\HC32F460_WorkProcess\example\Source\Pipe_Monitor\Pipe_Monitor_App\EWARM\output\debug\Obj\drv_OTS_Temperature_13039655784802445445.dir
[24] = D:\Myself\WorkProcess\SK\HC32F460_WorkProcess\example\Source\Pipe_Monitor\Pipe_Monitor_App\EWARM\output\debug\Obj\drv_RTC_2577979922006117733.dir
[25] = D:\Myself\WorkProcess\SK\HC32F460_WorkProcess\example\Source\Pipe_Monitor\Pipe_Monitor_App\EWARM\output\debug\Obj\drv_SPI_4333388098947449637.dir
[26] = D:\Myself\WorkProcess\SK\HC32F460_WorkProcess\example\Source\Pipe_Monitor\Pipe_Monitor_App\EWARM\output\debug\Obj\drv_Timer_6973001687617930806.dir
[27] = D:\Myself\WorkProcess\SK\HC32F460_WorkProcess\example\Source\Pipe_Monitor\Pipe_Monitor_App\EWARM\output\debug\Obj\drv_USART_14144334009435087269.dir
[28] = D:\Myself\WorkProcess\SK\HC32F460_WorkProcess\example\Source\Pipe_Monitor\Pipe_Monitor_App\EWARM\output\debug\Obj\source_5634686896477721948.dir
[29] = dl7M_tlf.a
[30] = m7M_tls.a
[31] = rt7M_tl.a
[32] = shb_l.a

  124'289 bytes of readonly  code memory
   14'876 bytes of readonly  data memory (+ 32 absolute)
   36'349 bytes of readwrite data memory

Errors: none
Warnings: none
