###############################################################################
#
# IAR ELF Linker V9.40.1.364/W64 for ARM                  09/Jan/2026  17:44:29
# Copyright 2007-2023 IAR Systems AB.
#
#    Output file  =
#        D:\Myself\WorkProcess\SK\HC32F460_WorkProcess\example\Source\Pipe_Monitor\Pipe_Monitor_App\EWARM\output\debug\Exe\Pipe_Monitor_App.out
#    Map file     =
#        D:\Myself\WorkProcess\SK\HC32F460_WorkProcess\example\Source\Pipe_Monitor\Pipe_Monitor_App\EWARM\output\debug\List\Pipe_Monitor_App.map
#    Command line =
#        -f
#        D:\Myself\WorkProcess\SK\HC32F460_WorkProcess\example\Source\Pipe_Monitor\Pipe_Monitor_App\EWARM\output\debug\Exe\Pipe_Monitor_App.out.rsp
#        (D:\Myself\WorkProcess\SK\HC32F460_WorkProcess\example\Source\Pipe_Monitor\Pipe_Monitor_App\EWARM\output\debug\Obj\4G_EC200U_8582873453978518366.dir\4G_EC200U.o
#        D:\Myself\WorkProcess\SK\HC32F460_WorkProcess\example\Source\Pipe_Monitor\Pipe_Monitor_App\EWARM\output\debug\Obj\BT_TB05_12041724360499981866.dir\BT_TB05.o
#        D:\Myself\WorkProcess\SK\HC32F460_WorkProcess\example\Source\Pipe_Monitor\Pipe_Monitor_App\EWARM\output\debug\Obj\OLED_13473777563621607307.dir\Display.o
#        D:\Myself\WorkProcess\SK\HC32F460_WorkProcess\example\Source\Pipe_Monitor\Pipe_Monitor_App\EWARM\output\debug\Obj\drv_ADC_15186207816091091275.dir\drv_ADC.o
#        D:\Myself\WorkProcess\SK\HC32F460_WorkProcess\example\Source\Pipe_Monitor\Pipe_Monitor_App\EWARM\output\debug\Obj\drv_IIC_18060258103304213159.dir\drv_IIC.o
#        D:\Myself\WorkProcess\SK\HC32F460_WorkProcess\example\Source\Pipe_Monitor\Pipe_Monitor_App\EWARM\output\debug\Obj\LKT4202_1925765440156868983.dir\drv_LKT4202.o
#        D:\Myself\WorkProcess\SK\HC32F460_WorkProcess\example\Source\Pipe_Monitor\Pipe_Monitor_App\EWARM\output\debug\Obj\drv_OTS_Temperature_13039655784802445445.dir\drv_OTS_Temperature.o
#        D:\Myself\WorkProcess\SK\HC32F460_WorkProcess\example\Source\Pipe_Monitor\Pipe_Monitor_App\EWARM\output\debug\Obj\drv_RTC_2577979922006117733.dir\drv_RTC.o
#        D:\Myself\WorkProcess\SK\HC32F460_WorkProcess\example\Source\Pipe_Monitor\Pipe_Monitor_App\EWARM\output\debug\Obj\SC7A20H_13085057635104233901.dir\drv_SC7A20H.o
#        D:\Myself\WorkProcess\SK\HC32F460_WorkProcess\example\Source\Pipe_Monitor\Pipe_Monitor_App\EWARM\output\debug\Obj\drv_SPI_4333388098947449637.dir\drv_SPI.o
#        D:\Myself\WorkProcess\SK\HC32F460_WorkProcess\example\Source\Pipe_Monitor\Pipe_Monitor_App\EWARM\output\debug\Obj\Storage_W25Q128_4738127093883701884.dir\drv_Storage_W25Q128.o
#        D:\Myself\WorkProcess\SK\HC32F460_WorkProcess\example\Source\Pipe_Monitor\Pipe_Monitor_App\EWARM\output\debug\Obj\drv_Timer_6973001687617930806.dir\drv_Timer.o
#        D:\Myself\WorkProcess\SK\HC32F460_WorkProcess\example\Source\Pipe_Monitor\Pipe_Monitor_App\EWARM\output\debug\Obj\drv_USART_14144334009435087269.dir\drv_USART.o
#        D:\Myself\WorkProcess\SK\HC32F460_WorkProcess\example\Source\Pipe_Monitor\Pipe_Monitor_App\EWARM\output\debug\Obj\RF_NFC_10628150809568064830.dir\fm175xx.o
#        D:\Myself\WorkProcess\SK\HC32F460_WorkProcess\example\Source\Pipe_Monitor\Pipe_Monitor_App\EWARM\output\debug\Obj\OLED_13473777563621607307.dir\Font.o
#        D:\Myself\WorkProcess\SK\HC32F460_WorkProcess\example\Source\Pipe_Monitor\Pipe_Monitor_App\EWARM\output\debug\Obj\driver_11944700488488147666.dir\hc32f460_adc.o
#        D:\Myself\WorkProcess\SK\HC32F460_WorkProcess\example\Source\Pipe_Monitor\Pipe_Monitor_App\EWARM\output\debug\Obj\driver_11944700488488147666.dir\hc32f460_clk.o
#        D:\Myself\WorkProcess\SK\HC32F460_WorkProcess\example\Source\Pipe_Monitor\Pipe_Monitor_App\EWARM\output\debug\Obj\driver_11944700488488147666.dir\hc32f460_dmac.o
#        D:\Myself\WorkProcess\SK\HC32F460_WorkProcess\example\Source\Pipe_Monitor\Pipe_Monitor_App\EWARM\output\debug\Obj\driver_11944700488488147666.dir\hc32f460_efm.o
#        D:\Myself\WorkProcess\SK\HC32F460_WorkProcess\example\Source\Pipe_Monitor\Pipe_Monitor_App\EWARM\output\debug\Obj\driver_11944700488488147666.dir\hc32f460_event_port.o
#        D:\Myself\WorkProcess\SK\HC32F460_WorkProcess\example\Source\Pipe_Monitor\Pipe_Monitor_App\EWARM\output\debug\Obj\driver_11944700488488147666.dir\hc32f460_exint_nmi_swi.o
#        D:\Myself\WorkProcess\SK\HC32F460_WorkProcess\example\Source\Pipe_Monitor\Pipe_Monitor_App\EWARM\output\debug\Obj\driver_11944700488488147666.dir\hc32f460_gpio.o
#        D:\Myself\WorkProcess\SK\HC32F460_WorkProcess\example\Source\Pipe_Monitor\Pipe_Monitor_App\EWARM\output\debug\Obj\driver_11944700488488147666.dir\hc32f460_i2c.o
#        D:\Myself\WorkProcess\SK\HC32F460_WorkProcess\example\Source\Pipe_Monitor\Pipe_Monitor_App\EWARM\output\debug\Obj\driver_11944700488488147666.dir\hc32f460_icg.o
#        D:\Myself\WorkProcess\SK\HC32F460_WorkProcess\example\Source\Pipe_Monitor\Pipe_Monitor_App\EWARM\output\debug\Obj\driver_11944700488488147666.dir\hc32f460_interrupts.o
#        D:\Myself\WorkProcess\SK\HC32F460_WorkProcess\example\Source\Pipe_Monitor\Pipe_Monitor_App\EWARM\output\debug\Obj\driver_11944700488488147666.dir\hc32f460_keyscan.o
#        D:\Myself\WorkProcess\SK\HC32F460_WorkProcess\example\Source\Pipe_Monitor\Pipe_Monitor_App\EWARM\output\debug\Obj\driver_11944700488488147666.dir\hc32f460_ots.o
#        D:\Myself\WorkProcess\SK\HC32F460_WorkProcess\example\Source\Pipe_Monitor\Pipe_Monitor_App\EWARM\output\debug\Obj\driver_11944700488488147666.dir\hc32f460_pwc.o
#        D:\Myself\WorkProcess\SK\HC32F460_WorkProcess\example\Source\Pipe_Monitor\Pipe_Monitor_App\EWARM\output\debug\Obj\driver_11944700488488147666.dir\hc32f460_rtc.o
#        D:\Myself\WorkProcess\SK\HC32F460_WorkProcess\example\Source\Pipe_Monitor\Pipe_Monitor_App\EWARM\output\debug\Obj\driver_11944700488488147666.dir\hc32f460_spi.o
#        D:\Myself\WorkProcess\SK\HC32F460_WorkProcess\example\Source\Pipe_Monitor\Pipe_Monitor_App\EWARM\output\debug\Obj\driver_11944700488488147666.dir\hc32f460_sram.o
#        D:\Myself\WorkProcess\SK\HC32F460_WorkProcess\example\Source\Pipe_Monitor\Pipe_Monitor_App\EWARM\output\debug\Obj\driver_11944700488488147666.dir\hc32f460_timer0.o
#        D:\Myself\WorkProcess\SK\HC32F460_WorkProcess\example\Source\Pipe_Monitor\Pipe_Monitor_App\EWARM\output\debug\Obj\driver_11944700488488147666.dir\hc32f460_timer4_cnt.o
#        D:\Myself\WorkProcess\SK\HC32F460_WorkProcess\example\Source\Pipe_Monitor\Pipe_Monitor_App\EWARM\output\debug\Obj\driver_11944700488488147666.dir\hc32f460_timer4_oco.o
#        D:\Myself\WorkProcess\SK\HC32F460_WorkProcess\example\Source\Pipe_Monitor\Pipe_Monitor_App\EWARM\output\debug\Obj\driver_11944700488488147666.dir\hc32f460_usart.o
#        D:\Myself\WorkProcess\SK\HC32F460_WorkProcess\example\Source\Pipe_Monitor\Pipe_Monitor_App\EWARM\output\debug\Obj\driver_11944700488488147666.dir\hc32f460_utility.o
#        D:\Myself\WorkProcess\SK\HC32F460_WorkProcess\example\Source\Pipe_Monitor\Pipe_Monitor_App\EWARM\output\debug\Obj\driver_11944700488488147666.dir\hc32f460_wdt.o
#        D:\Myself\WorkProcess\SK\HC32F460_WorkProcess\example\Source\Pipe_Monitor\Pipe_Monitor_App\EWARM\output\debug\Obj\LC86L_BD_9822625824417385734.dir\LC86L_BD.o
#        D:\Myself\WorkProcess\SK\HC32F460_WorkProcess\example\Source\Pipe_Monitor\Pipe_Monitor_App\EWARM\output\debug\Obj\LoRa_RA02_5139138412578801246.dir\LoRa_RA02.o
#        D:\Myself\WorkProcess\SK\HC32F460_WorkProcess\example\Source\Pipe_Monitor\Pipe_Monitor_App\EWARM\output\debug\Obj\Lora_TP1109_151720617378073083.dir\Lora_TP1109.o
#        D:\Myself\WorkProcess\SK\HC32F460_WorkProcess\example\Source\Pipe_Monitor\Pipe_Monitor_App\EWARM\output\debug\Obj\Magnetic_Bar_17520218520042908049.dir\Magnetic_Bar.o
#        D:\Myself\WorkProcess\SK\HC32F460_WorkProcess\example\Source\Pipe_Monitor\Pipe_Monitor_App\EWARM\output\debug\Obj\source_5634686896477721948.dir\main.o
#        D:\Myself\WorkProcess\SK\HC32F460_WorkProcess\example\Source\Pipe_Monitor\Pipe_Monitor_App\EWARM\output\debug\Obj\Mainloop_18272944273632151421.dir\Mainloop.o
#        D:\Myself\WorkProcess\SK\HC32F460_WorkProcess\example\Source\Pipe_Monitor\Pipe_Monitor_App\EWARM\output\debug\Obj\RF_NFC_10628150809568064830.dir\mifare_card.o
#        D:\Myself\WorkProcess\SK\HC32F460_WorkProcess\example\Source\Pipe_Monitor\Pipe_Monitor_App\EWARM\output\debug\Obj\ModbusRTU_17682219295068567368.dir\ModbusRTU.o
#        D:\Myself\WorkProcess\SK\HC32F460_WorkProcess\example\Source\Pipe_Monitor\Pipe_Monitor_App\EWARM\output\debug\Obj\ModbusRTU_17682219295068567368.dir\ModbusRTU_Device_BT.o
#        D:\Myself\WorkProcess\SK\HC32F460_WorkProcess\example\Source\Pipe_Monitor\Pipe_Monitor_App\EWARM\output\debug\Obj\MQTT_SK_4724149239023757000.dir\MQTT_SK.o
#        D:\Myself\WorkProcess\SK\HC32F460_WorkProcess\example\Source\Pipe_Monitor\Pipe_Monitor_App\EWARM\output\debug\Obj\OLED_13473777563621607307.dir\OLED.o
#        D:\Myself\WorkProcess\SK\HC32F460_WorkProcess\example\Source\Pipe_Monitor\Pipe_Monitor_App\EWARM\output\debug\Obj\Photosensitive_XYC_ALS_28064708180949255.dir\Photosensitive_XYC_ALS.o
#        D:\Myself\WorkProcess\SK\HC32F460_WorkProcess\example\Source\Pipe_Monitor\Pipe_Monitor_App\EWARM\output\debug\Obj\RF_NFC_10628150809568064830.dir\RF_NFC.o
#        D:\Myself\WorkProcess\SK\HC32F460_WorkProcess\example\Source\Pipe_Monitor\Pipe_Monitor_App\EWARM\output\debug\Obj\RXNTTL518_17808510930951076202.dir\RXNTTL518.o
#        D:\Myself\WorkProcess\SK\HC32F460_WorkProcess\example\Source\Pipe_Monitor\Pipe_Monitor_App\EWARM\output\debug\Obj\common_14919461937644757070.dir\startup_hc32f460.o
#        D:\Myself\WorkProcess\SK\HC32F460_WorkProcess\example\Source\Pipe_Monitor\Pipe_Monitor_App\EWARM\output\debug\Obj\common_14919461937644757070.dir\system_hc32f460.o
#        D:\Myself\WorkProcess\SK\HC32F460_WorkProcess\example\Source\Pipe_Monitor\Pipe_Monitor_App\EWARM\output\debug\Obj\RF_NFC_10628150809568064830.dir\type_a.o
#        D:\Myself\WorkProcess\SK\HC32F460_WorkProcess\example\Source\Pipe_Monitor\Pipe_Monitor_App\EWARM\output\debug\Obj\RF_NFC_10628150809568064830.dir\type_b.o
#        D:\Myself\WorkProcess\SK\HC32F460_WorkProcess\example\Source\Pipe_Monitor\Pipe_Monitor_App\EWARM\output\debug\Obj\User_Data_5391006662705040797.dir\User_Data.o
#        D:\Myself\WorkProcess\SK\HC32F460_WorkProcess\example\Source\Pipe_Monitor\Pipe_Monitor_App\EWARM\output\debug\Obj\WatchDog_9188475617120297074.dir\WatchDog.o
#        --no_out_extension -o
#        D:\Myself\WorkProcess\SK\HC32F460_WorkProcess\example\Source\Pipe_Monitor\Pipe_Monitor_App\EWARM\output\debug\Exe\Pipe_Monitor_App.out
#        --map
#        D:\Myself\WorkProcess\SK\HC32F460_WorkProcess\example\Source\Pipe_Monitor\Pipe_Monitor_App\EWARM\output\debug\List\Pipe_Monitor_App.map
#        --config
#        D:\Myself\WorkProcess\SK\HC32F460_WorkProcess\example\Source\Pipe_Monitor\Pipe_Monitor_App\EWARM\HC32F460xE.icf
#        --semihosting --entry __iar_program_start --redirect
#        __write=__write_buffered --vfe --text_out locale --cpu=Cortex-M4
#        --fpu=VFPv4_sp) --dependencies=n
#        D:\Myself\WorkProcess\SK\HC32F460_WorkProcess\example\Source\Pipe_Monitor\Pipe_Monitor_App\EWARM\output\debug\Exe\Pipe_Monitor_App.out.iar_deps
#
###############################################################################

*******************************************************************************
*** RUNTIME MODEL ATTRIBUTES
***

CppFlavor       = *
__CPP_Runtime   = 1
__SystemLibrary = DLib
__dlib_version  = 6


*******************************************************************************
*** HEAP SELECTION
***

The basic heap was selected because --advanced_heap
was not specified and the application did not appear to
be primarily optimized for speed.


*******************************************************************************
*** PLACEMENT SUMMARY
***

"A0":  place at address 0x1'4000 { ro section .intvec };
"P1":  place in [from 0x1'4000 to 0x7'ffff] |
                [from 0x300'0c00 to 0x300'0ffb] { ro };
define block CSTACK with size = 8K, alignment = 8 { };
define block HEAP with size = 8K, alignment = 8 { };
"P2":  place in [from 0x1fff'8000 to 0x1fff'ffff] |
                [from 0x2000'0000 to 0x2000'ffff repeat 2] |
                [from 0x2002'0000 to 0x2002'6fff] |
                [from 0x200f'0000 to 0x200f'0fff] {
          rw, block CSTACK, block HEAP };
initialize by copy { rw };

  Section            Kind         Address      Size  Object
  -------            ----         -------      ----  ------
Absolute sections:                             0x20
  .rodata            const          0x400      0x20  hc32f460_icg.o [20]
                                  - 0x420      0x20

"A0":                                         0x280
  .intvec            ro code     0x1'4000     0x280  startup_hc32f460.o [19]
                               - 0x1'4280     0x280

"P1":                                      0x2'6c11
  .text              ro code     0x1'4280    0x37a4  4G_EC200U.o [1]
  .text              ro code     0x1'7a24      0x66  ABImemset.o [31]
  .text              ro code     0x1'7a8a      0x1e  xsscin.o [29]
  .text              ro code     0x1'7aa8     0x4d8  hc32f460_gpio.o [20]
  .text              ro code     0x1'7f80      0x6c  hc32f460_utility.o [20]
  .text              ro code     0x1'7fec     0x710  drv_RTC.o [24]
  .text              ro code     0x1'86fc      0x28  sscanf.o [29]
  .text              ro code     0x1'8724      0xe0  mktime64.o [29]
  .text              ro code     0x1'8804      0x40  sprintf.o [29]
  .text              ro code     0x1'8844      0x36  strlen.o [31]
  .text              ro code     0x1'887a      0x1e  strcat.o [29]
  .text              ro code     0x1'8898      0xa6  ABImemcpy.o [31]
  .text              ro code     0x1'893e       0xa  xsprout.o [29]
  .text              ro code     0x1'8948    0x1c7c  drv_Storage_W25Q128.o [16]
  .text              ro code     0x1'a5c4      0x48  FltToDbl.o [30]
  .text              ro code     0x1'a60c     0x25e  DblAddSub.o [30]
  .rodata            const       0x1'a86a       0x2  drv_LKT4202.o [4]
  .text              ro code     0x1'a86c      0x1c  U32ToDbl.o [30]
  .text              ro code     0x1'a888     0x246  DblDiv.o [30]
  .rodata            const       0x1'aace       0x2  drv_LKT4202.o [4]
  .text              ro code     0x1'aad0      0x18  strcpy.o [31]
  .text              ro code     0x1'aae8      0x4c  WatchDog.o [18]
  .text              ro code     0x1'ab34    0x12cc  drv_USART.o [27]
  .text              ro code     0x1'be00      0xb6  User_Data.o [17]
  .text              ro code     0x1'beb6       0x2  hc32f460_utility.o [20]
  .text              ro code     0x1'beb8     0xa10  hc32f460_pwc.o [20]
  .text              ro code     0x1'c8c8     0xffc  hc32f460_clk.o [20]
  .text              ro code     0x1'd8c4      0x68  DblToFlt.o [30]
  .text              ro code     0x1'd92c     0x8a4  hc32f460_rtc.o [20]
  .text              ro code     0x1'e1d0     0xb40  hc32f460_interrupts.o [20]
  .text              ro code     0x1'ed10      0x16  strchr.o [31]
  .rodata            const       0x1'ed26       0x2  drv_LKT4202.o [4]
  .text              ro code     0x1'ed28     0xd7c  xscanffull_nomb.o [29]
  .text              ro code     0x1'faa4      0xcc  xDaysTo64.o [29]
  .text              ro code     0x1'fb70     0x15c  xttotm64.o [29]
  .text              ro code     0x1'fccc       0x4  xTzoff_nop.o [29]
  .text              ro code     0x1'fcd0     0xd1a  xprintflarge_nomb.o [29]
  .rodata            const       0x2'09ea       0x2  drv_LKT4202.o [4]
  .text              ro code     0x2'09ec     0x7b4  hc32f460_spi.o [20]
  .text              ro code     0x2'11a0    0x1460  Mainloop.o [9]
  .text              ro code     0x2'2600      0x12  strcmp.o [31]
  .rodata            const       0x2'2612       0x2  drv_LKT4202.o [4]
  .text              ro code     0x2'2614     0xa48  hc32f460_usart.o [20]
  .text              ro code     0x2'305c     0xac0  hc32f460_dmac.o [20]
  .text              ro code     0x2'3b1c     0x934  hc32f460_timer0.o [20]
  .text              ro code     0x2'4450     0x3c8  BT_TB05.o [2]
  .text              ro code     0x2'4818      0x68  memcmp.o [31]
  .text              ro code     0x2'4880     0x110  system_hc32f460.o [19]
  .text              ro code     0x2'4990     0x17c  hc32f460_exint_nmi_swi.o [20]
  .text              ro code     0x2'4b0c      0x14  isspace.o [29]
  .text              ro code     0x2'4b20      0x14  isalpha.o [29]
  .text              ro code     0x2'4b34      0x4c  xlocale_c.o [29]
  .text              ro code     0x2'4b80     0x362  strto64.o [30]
  .rodata            const       0x2'4ee2       0x2  drv_LKT4202.o [4]
  .text              ro code     0x2'4ee4     0x13a  ldexp.o [30]
  .rodata            const       0x2'501e       0x2  xlocale_c.o [29]
  .text              ro code     0x2'5020     0x1b2  iar_Stoullx.o [29]
  .rodata            const       0x2'51d2       0x2  xlocale_c.o [29]
  .text              ro code     0x2'51d4      0xa6  iar_Stollx.o [29]
  .rodata            const       0x2'527a       0x1  xlocale_c.o [29]
  .text              ro code     0x2'527c      0x40  xfail_s.o [29]
  .text              ro code     0x2'52bc      0x58  memchr.o [31]
  .text              ro code     0x2'5314     0x274  I64DivMod.o [31]
  .text              ro code     0x2'5588       0x6  xisdst_nop64.o [29]
  .text              ro code     0x2'5590      0x70  frexp.o [30]
  .text              ro code     0x2'5600      0x22  DblToU32.o [30]
  .text              ro code     0x2'5624     0x1aa  DblMul.o [30]
  .text              ro code     0x2'57d0     0x560  LC86L_BD.o [3]
  .text              ro code     0x2'5d30     0xaa0  drv_Timer.o [26]
  .text              ro code     0x2'67d0     0x1c4  Lora_TP1109.o [6]
  .text              ro code     0x2'6994     0x558  drv_ADC.o [21]
  .text              ro code     0x2'6eec     0xc9c  OLED.o [11]
  .text              ro code     0x2'7b88      0x66  RF_NFC.o [13]
  .text              ro code     0x2'7bf0     0x244  RXNTTL518.o [14]
  .text              ro code     0x2'7e34     0x3ac  Photosensitive_XYC_ALS.o [12]
  .text              ro code     0x2'81e0     0x2da  drv_SC7A20H.o [15]
  .text              ro code     0x2'84bc    0x212c  Display.o [11]
  .text              ro code     0x2'a5e8      0x34  DblCmpLe.o [30]
  .text              ro code     0x2'a61c    0x2918  ModbusRTU.o [10]
  .text              ro code     0x2'cf34      0x74  drv_OTS_Temperature.o [23]
  .text              ro code     0x2'cfa8      0x34  DblCmpGe.o [30]
  .text              ro code     0x2'cfdc      0x2c  strstr.o [29]
  .text              ro code     0x2'd008    0x2e64  MQTT_SK.o [7]
  .text              ro code     0x2'fe6c    0x1f18  ModbusRTU_Device_BT.o [10]
  .text              ro code     0x3'1d84     0x122  iar_Stopfx.o [29]
  .text              ro code     0x3'1ea8     0x1b8  iar_Stoflt.o [29]
  .text              ro code     0x3'2060      0x22  S32ToDbl.o [30]
  .text              ro code     0x3'2084     0x208  iar_Stoxflt.o [29]
  .text              ro code     0x3'228c      0x14  tolower.o [29]
  .text              ro code     0x3'22a0       0x6  abort.o [29]
  .text              ro code     0x3'22a8       0x2  I64DivZer.o [31]
  .text              ro code     0x3'22ac     0x9d0  hc32f460_timer4_oco.o [20]
  .text              ro code     0x3'2c7c     0x368  hc32f460_timer4_cnt.o [20]
  .text              ro code     0x3'2fe4     0x578  hc32f460_adc.o [20]
  .text              ro code     0x3'355c     0x928  drv_IIC.o [22]
  .text              ro code     0x3'3e84      0x2a  strncmp.o [29]
  .text              ro code     0x3'3eb0     0x102  sqrt.o [30]
  .text              ro code     0x3'3fb4      0x2a  math_wrappers64.o [30]
  .text              ro code     0x3'3fe0      0x36  DblToS32.o [30]
  .text              ro code     0x3'4018      0x46  U64ToDbl.o [30]
  .text              ro code     0x3'4060     0x180  hc32f460_ots.o [20]
  .text              ro code     0x3'41e0      0x4c  strtok.o [29]
  .text              ro code     0x3'422c     0x152  iar_Stoulx.o [29]
  .text              ro code     0x3'4380      0x14  exit.o [32]
  .text              ro code     0x3'4394     0xaa0  hc32f460_i2c.o [20]
  .text              ro code     0x3'4e34      0xbc  atan64.o [30]
  .text              ro code     0x3'4ef0     0x68c  pow64.o [30]
  .text              ro code     0x3'557c      0x22  strspn.o [29]
  .text              ro code     0x3'559e      0x22  strcspn.o [29]
  .text              ro code     0x3'55c0     0x1c8  iar_Atan64.o [30]
  .text              ro code     0x3'5788      0x20  DblCmpEq.o [30]
  .text              ro code     0x3'57a8     0x32c  iar_Exp64.o [30]
  .rodata            const       0x3'5ad4     0x780  Font.o [11]
  .text              ro code     0x3'6254     0x71c  main.o [28]
  .text              ro code     0x3'6970      0x90  hc32f460_efm.o [20]
  .text              ro code     0x3'6a00     0x188  hc32f460_sram.o [20]
  .text              ro code     0x3'6b88      0xdc  drv_SPI.o [25]
  .text              ro code     0x3'6c64     0x204  Magnetic_Bar.o [8]
  .text              ro code     0x3'6e68     0x644  drv_LKT4202.o [4]
  .rodata            const       0x3'74ac     0x5a0  Font.o [11]
  .rodata            const       0x3'7a4c     0x4c8  Font.o [11]
  .rodata            const       0x3'7f14      0x64  4G_EC200U.o [1]
  .rodata            const       0x3'7f78     0x420  pow64.o [30]
  .rodata            const       0x3'8398     0x400  Font.o [11]
  .rodata            const       0x3'8798     0x348  ModbusRTU_Device_BT.o [10]
  .rodata            const       0x3'8ae0     0x200  ModbusRTU.o [10]
  .rodata            const       0x3'8ce0     0x200  RXNTTL518.o [14]
  .rodata            const       0x3'8ee0     0x100  ModbusRTU.o [10]
  .rodata            const       0x3'8fe0     0x100  ModbusRTU.o [10]
  .text              ro code     0x3'90e0      0xa2  packbits_init.o [31]
  .rodata            const       0x3'9184      0x68  4G_EC200U.o [1]
  .rodata            const       0x3'91ec      0x54  hc32f460_exint_nmi_swi.o [20]
  .rodata            const       0x3'9240      0x54  MQTT_SK.o [7]
  .rodata            const       0x3'9294      0x50  hc32f460_interrupts.o [20]
  .rodata            const       0x3'92e4      0x50  hc32f460_timer4_cnt.o [20]
  .rodata            const       0x3'9334      0x50  hc32f460_timer4_oco.o [20]
  .rodata            const       0x3'9384      0x50  iar_Stoulx.o [29]
  .rodata            const       0x3'93d4      0x50  iar_Stoullx.o [29]
  .rodata            const       0x3'9424      0x4c  4G_EC200U.o [1]
  .rodata            const       0x3'9470      0x4c  4G_EC200U.o [1]
  .rodata            const       0x3'94bc      0x4c  hc32f460_dmac.o [20]
  .rodata            const       0x3'9508      0x4c  hc32f460_gpio.o [20]
  .rodata            const       0x3'9554      0x4c  hc32f460_sram.o [20]
  .rodata            const       0x3'95a0      0x4c  hc32f460_timer0.o [20]
  .rodata            const       0x3'95ec      0x4c  hc32f460_usart.o [20]
  .rodata            const       0x3'9638      0x48  hc32f460_adc.o [20]
  .rodata            const       0x3'9680      0x48  hc32f460_clk.o [20]
  .rodata            const       0x3'96c8      0x48  hc32f460_efm.o [20]
  .rodata            const       0x3'9710      0x48  hc32f460_i2c.o [20]
  .rodata            const       0x3'9758      0x48  hc32f460_ots.o [20]
  .rodata            const       0x3'97a0      0x48  hc32f460_pwc.o [20]
  .rodata            const       0x3'97e8      0x48  hc32f460_rtc.o [20]
  .rodata            const       0x3'9830      0x48  hc32f460_spi.o [20]
  .rodata            const       0x3'9878      0x48  MQTT_SK.o [7]
  .rodata            const       0x3'98c0      0x48  strto64.o [30]
  .text              ro code     0x3'9910      0x44  startup_hc32f460.o [19]
  .rodata            const       0x3'9954      0x3c  4G_EC200U.o [1]
  .rodata            const       0x3'9990      0x40  iar_Atan64.o [30]
  .rodata            const       0x3'99d0      0x3c  4G_EC200U.o [1]
  .rodata            const       0x3'9a0c      0x3c  MQTT_SK.o [7]
  .rodata            const       0x3'9a48      0x3c  MQTT_SK.o [7]
  .rodata            const       0x3'9a84      0x38  4G_EC200U.o [1]
  .rodata            const       0x3'9abc      0x38  4G_EC200U.o [1]
  .rodata            const       0x3'9af4      0x38  4G_EC200U.o [1]
  .rodata            const       0x3'9b2c      0x38  4G_EC200U.o [1]
  .rodata            const       0x3'9b64      0x38  4G_EC200U.o [1]
  .rodata            const       0x3'9b9c      0x38  MQTT_SK.o [7]
  .text              ro code     0x3'9bd4      0x38  zero_init3.o [31]
  .rodata            const       0x3'9c0c      0x34  4G_EC200U.o [1]
  .rodata            const       0x3'9c40      0x34  MQTT_SK.o [7]
  .rodata            const       0x3'9c74      0x30  MQTT_SK.o [7]
  .rodata            const       0x3'9ca4      0x28  4G_EC200U.o [1]
  .rodata            const       0x3'9ccc      0x28  4G_EC200U.o [1]
  .rodata            const       0x3'9cf4      0x28  xscanffull_nomb.o [29]
  .text              ro code     0x3'9d1c      0x28  data_init.o [31]
  .rodata            const       0x3'9d44      0x24  4G_EC200U.o [1]
  .rodata            const       0x3'9d68      0x24  MQTT_SK.o [7]
  .rodata            const       0x3'9d8c      0x24  xscanffull_nomb.o [29]
  .text              ro code     0x3'9db0      0x22  fpinit_M.o [30]
  .iar.init_table    const       0x3'9dd4      0x34  - Linker created -
  .rodata            const       0x3'9e08      0x20  4G_EC200U.o [1]
  .rodata            const       0x3'9e28      0x20  4G_EC200U.o [1]
  .rodata            const       0x3'9e48      0x20  4G_EC200U.o [1]
  .rodata            const       0x3'9e68      0x20  drv_LKT4202.o [4]
  .rodata            const       0x3'9e88      0x20  drv_LKT4202.o [4]
  .rodata            const       0x3'9ea8      0x20  drv_RTC.o [24]
  .rodata            const       0x3'9ec8      0x20  MQTT_SK.o [7]
  .rodata            const       0x3'9ee8      0x20  MQTT_SK.o [7]
  .text              ro code     0x3'9f08      0x1e  cmain.o [31]
  .text              ro code     0x3'9f26       0x4  low_level_init.o [29]
  .text              ro code     0x3'9f2a       0x4  exit.o [29]
  .text              ro code     0x3'9f30       0xa  cexit.o [31]
  .rodata            const       0x3'9f3c      0x1c  4G_EC200U.o [1]
  .rodata            const       0x3'9f58      0x1c  MQTT_SK.o [7]
  .rodata            const       0x3'9f74      0x1c  MQTT_SK.o [7]
  .rodata            const       0x3'9f90      0x1c  MQTT_SK.o [7]
  .rodata            const       0x3'9fac      0x1c  MQTT_SK.o [7]
  .rodata            const       0x3'9fc8      0x1c  MQTT_SK.o [7]
  .text              ro code     0x3'9fe4      0x1c  cstartup_M.o [31]
  .rodata            const       0x3'a000      0x18  4G_EC200U.o [1]
  .rodata            const       0x3'a018      0x18  MQTT_SK.o [7]
  .rodata            const       0x3'a030      0x18  MQTT_SK.o [7]
  .rodata            const       0x3'a048      0x18  MQTT_SK.o [7]
  .rodata            const       0x3'a060      0x18  MQTT_SK.o [7]
  .rodata            const       0x3'a078      0x18  MQTT_SK.o [7]
  .rodata            const       0x3'a090      0x18  MQTT_SK.o [7]
  .rodata            const       0x3'a0a8      0x14  4G_EC200U.o [1]
  .rodata            const       0x3'a0bc      0x14  4G_EC200U.o [1]
  .rodata            const       0x3'a0d0      0x14  4G_EC200U.o [1]
  .rodata            const       0x3'a0e4      0x14  4G_EC200U.o [1]
  .rodata            const       0x3'a0f8      0x14  4G_EC200U.o [1]
  .rodata            const       0x3'a10c      0x14  4G_EC200U.o [1]
  .rodata            const       0x3'a120      0x14  4G_EC200U.o [1]
  .rodata            const       0x3'a134      0x14  4G_EC200U.o [1]
  .rodata            const       0x3'a148      0x14  4G_EC200U.o [1]
  .rodata            const       0x3'a15c      0x14  4G_EC200U.o [1]
  .rodata            const       0x3'a170      0x14  4G_EC200U.o [1]
  .rodata            const       0x3'a184      0x14  4G_EC200U.o [1]
  .rodata            const       0x3'a198      0x14  4G_EC200U.o [1]
  .rodata            const       0x3'a1ac      0x14  4G_EC200U.o [1]
  .rodata            const       0x3'a1c0      0x14  4G_EC200U.o [1]
  .rodata            const       0x3'a1d4      0x14  4G_EC200U.o [1]
  .rodata            const       0x3'a1e8      0x14  4G_EC200U.o [1]
  .rodata            const       0x3'a1fc      0x14  4G_EC200U.o [1]
  .rodata            const       0x3'a210      0x14  4G_EC200U.o [1]
  .rodata            const       0x3'a224      0x14  4G_EC200U.o [1]
  .rodata            const       0x3'a238      0x14  4G_EC200U.o [1]
  .rodata            const       0x3'a24c      0x14  4G_EC200U.o [1]
  .rodata            const       0x3'a260      0x14  BT_TB05.o [2]
  .rodata            const       0x3'a274      0x14  Mainloop.o [9]
  .rodata            const       0x3'a288      0x14  ModbusRTU.o [10]
  .rodata            const       0x3'a29c      0x14  MQTT_SK.o [7]
  .rodata            const       0x3'a2b0      0x14  MQTT_SK.o [7]
  .rodata            const       0x3'a2c4      0x14  MQTT_SK.o [7]
  .rodata            const       0x3'a2d8      0x14  MQTT_SK.o [7]
  .rodata            const       0x3'a2ec      0x14  MQTT_SK.o [7]
  .rodata            const       0x3'a300      0x14  MQTT_SK.o [7]
  .rodata            const       0x3'a314      0x14  MQTT_SK.o [7]
  .rodata            const       0x3'a328      0x14  MQTT_SK.o [7]
  .rodata            const       0x3'a33c      0x14  MQTT_SK.o [7]
  .rodata            const       0x3'a350      0x14  MQTT_SK.o [7]
  .rodata            const       0x3'a364      0x14  MQTT_SK.o [7]
  .rodata            const       0x3'a378      0x14  MQTT_SK.o [7]
  .rodata            const       0x3'a38c      0x14  MQTT_SK.o [7]
  .rodata            const       0x3'a3a0      0x14  MQTT_SK.o [7]
  .rodata            const       0x3'a3b4      0x14  MQTT_SK.o [7]
  .rodata            const       0x3'a3c8      0x14  MQTT_SK.o [7]
  .rodata            const       0x3'a3dc      0x14  MQTT_SK.o [7]
  .rodata            const       0x3'a3f0      0x14  MQTT_SK.o [7]
  .rodata            const       0x3'a404      0x14  MQTT_SK.o [7]
  .rodata            const       0x3'a418      0x14  MQTT_SK.o [7]
  .rodata            const       0x3'a42c      0x14  MQTT_SK.o [7]
  .rodata            const       0x3'a440      0x14  MQTT_SK.o [7]
  .rodata            const       0x3'a454      0x14  MQTT_SK.o [7]
  .rodata            const       0x3'a468      0x14  MQTT_SK.o [7]
  .rodata            const       0x3'a47c      0x14  MQTT_SK.o [7]
  .rodata            const       0x3'a490      0x14  MQTT_SK.o [7]
  .rodata            const       0x3'a4a4      0x14  MQTT_SK.o [7]
  .rodata            const       0x3'a4b8      0x14  MQTT_SK.o [7]
  .rodata            const       0x3'a4cc      0x14  MQTT_SK.o [7]
  .rodata            const       0x3'a4e0      0x14  MQTT_SK.o [7]
  .rodata            const       0x3'a4f4      0x10  4G_EC200U.o [1]
  .rodata            const       0x3'a504      0x10  4G_EC200U.o [1]
  .rodata            const       0x3'a514      0x10  4G_EC200U.o [1]
  .rodata            const       0x3'a524      0x10  4G_EC200U.o [1]
  .rodata            const       0x3'a534      0x10  4G_EC200U.o [1]
  .rodata            const       0x3'a544      0x10  4G_EC200U.o [1]
  .rodata            const       0x3'a554      0x10  4G_EC200U.o [1]
  .rodata            const       0x3'a564      0x10  4G_EC200U.o [1]
  .rodata            const       0x3'a574      0x10  4G_EC200U.o [1]
  .rodata            const       0x3'a584      0x10  4G_EC200U.o [1]
  .rodata            const       0x3'a594      0x10  4G_EC200U.o [1]
  .rodata            const       0x3'a5a4      0x10  4G_EC200U.o [1]
  .rodata            const       0x3'a5b4      0x10  4G_EC200U.o [1]
  .rodata            const       0x3'a5c4      0x10  BT_TB05.o [2]
  .rodata            const       0x3'a5d4      0x10  hc32f460_usart.o [20]
  .rodata            const       0x3'a5e4      0x10  main.o [28]
  .rodata            const       0x3'a5f4      0x10  ModbusRTU.o [10]
  .rodata            const       0x3'a604      0x10  MQTT_SK.o [7]
  .rodata            const       0x3'a614      0x10  MQTT_SK.o [7]
  .rodata            const       0x3'a624      0x10  MQTT_SK.o [7]
  .rodata            const       0x3'a634      0x10  MQTT_SK.o [7]
  .rodata            const       0x3'a644      0x10  MQTT_SK.o [7]
  .rodata            const       0x3'a654      0x10  MQTT_SK.o [7]
  .rodata            const       0x3'a664      0x10  MQTT_SK.o [7]
  .rodata            const       0x3'a674      0x10  MQTT_SK.o [7]
  .rodata            const       0x3'a684      0x10  MQTT_SK.o [7]
  .rodata            const       0x3'a694      0x10  MQTT_SK.o [7]
  .rodata            const       0x3'a6a4      0x10  MQTT_SK.o [7]
  .rodata            const       0x3'a6b4      0x10  MQTT_SK.o [7]
  .rodata            const       0x3'a6c4      0x10  MQTT_SK.o [7]
  .rodata            const       0x3'a6d4      0x10  MQTT_SK.o [7]
  .rodata            const       0x3'a6e4      0x10  MQTT_SK.o [7]
  .rodata            const       0x3'a6f4      0x10  MQTT_SK.o [7]
  .rodata            const       0x3'a704      0x10  MQTT_SK.o [7]
  .rodata            const       0x3'a714      0x10  MQTT_SK.o [7]
  .rodata            const       0x3'a724      0x10  MQTT_SK.o [7]
  .rodata            const       0x3'a734      0x10  MQTT_SK.o [7]
  .rodata            const       0x3'a744      0x10  MQTT_SK.o [7]
  .rodata            const       0x3'a754      0x10  MQTT_SK.o [7]
  .rodata            const       0x3'a764      0x10  MQTT_SK.o [7]
  .rodata            const       0x3'a774      0x10  MQTT_SK.o [7]
  .rodata            const       0x3'a784      0x10  MQTT_SK.o [7]
  .rodata            const       0x3'a794      0x10  MQTT_SK.o [7]
  .rodata            const       0x3'a7a4      0x10  MQTT_SK.o [7]
  .rodata            const       0x3'a7b4      0x10  MQTT_SK.o [7]
  .rodata            const       0x3'a7c4      0x10  MQTT_SK.o [7]
  .rodata            const       0x3'a7d4      0x10  MQTT_SK.o [7]
  .rodata            const       0x3'a7e4      0x10  MQTT_SK.o [7]
  .rodata            const       0x3'a7f4      0x10  MQTT_SK.o [7]
  .rodata            const       0x3'a804      0x10  MQTT_SK.o [7]
  .rodata            const       0x3'a814      0x10  MQTT_SK.o [7]
  .rodata            const       0x3'a824      0x10  MQTT_SK.o [7]
  .rodata            const       0x3'a834      0x10  MQTT_SK.o [7]
  .rodata            const       0x3'a844      0x10  MQTT_SK.o [7]
  .rodata            const       0x3'a854      0x10  MQTT_SK.o [7]
  .rodata            const       0x3'a864      0x10  MQTT_SK.o [7]
  .rodata            const       0x3'a874      0x10  MQTT_SK.o [7]
  .rodata            const       0x3'a884      0x10  MQTT_SK.o [7]
  .rodata            const       0x3'a894      0x10  MQTT_SK.o [7]
  .rodata            const       0x3'a8a4      0x10  MQTT_SK.o [7]
  .rodata            const       0x3'a8b4      0x10  MQTT_SK.o [7]
  .rodata            const       0x3'a8c4      0x10  MQTT_SK.o [7]
  .rodata            const       0x3'a8d4      0x10  MQTT_SK.o [7]
  .rodata            const       0x3'a8e4      0x10  MQTT_SK.o [7]
  .rodata            const       0x3'a8f4      0x10  MQTT_SK.o [7]
  .rodata            const       0x3'a904      0x10  MQTT_SK.o [7]
  .rodata            const       0x3'a914      0x10  MQTT_SK.o [7]
  .rodata            const       0x3'a924      0x10  MQTT_SK.o [7]
  .rodata            const       0x3'a934      0x10  MQTT_SK.o [7]
  .rodata            const       0x3'a944      0x10  MQTT_SK.o [7]
  .rodata            const       0x3'a954      0x10  MQTT_SK.o [7]
  .rodata            const       0x3'a964      0x10  MQTT_SK.o [7]
  .rodata            const       0x3'a974      0x10  MQTT_SK.o [7]
  .rodata            const       0x3'a984      0x10  MQTT_SK.o [7]
  .rodata            const       0x3'a994      0x10  MQTT_SK.o [7]
  .rodata            const       0x3'a9a4      0x10  MQTT_SK.o [7]
  .rodata            const       0x3'a9b4      0x10  MQTT_SK.o [7]
  .rodata            const       0x3'a9c4       0xc  4G_EC200U.o [1]
  .rodata            const       0x3'a9d0       0xc  4G_EC200U.o [1]
  .rodata            const       0x3'a9dc       0xc  4G_EC200U.o [1]
  .rodata            const       0x3'a9e8       0xc  4G_EC200U.o [1]
  .rodata            const       0x3'a9f4       0xc  4G_EC200U.o [1]
  .rodata            const       0x3'aa00       0xc  4G_EC200U.o [1]
  .rodata            const       0x3'aa0c       0xc  4G_EC200U.o [1]
  .rodata            const       0x3'aa18       0xc  4G_EC200U.o [1]
  .rodata            const       0x3'aa24       0xc  4G_EC200U.o [1]
  .rodata            const       0x3'aa30       0xc  4G_EC200U.o [1]
  .rodata            const       0x3'aa3c       0xc  4G_EC200U.o [1]
  .rodata            const       0x3'aa48       0xc  4G_EC200U.o [1]
  .rodata            const       0x3'aa54       0xc  4G_EC200U.o [1]
  .rodata            const       0x3'aa60       0xc  4G_EC200U.o [1]
  .rodata            const       0x3'aa6c       0xc  4G_EC200U.o [1]
  .rodata            const       0x3'aa78       0xc  4G_EC200U.o [1]
  .rodata            const       0x3'aa84       0xc  4G_EC200U.o [1]
  .rodata            const       0x3'aa90       0xc  4G_EC200U.o [1]
  .rodata            const       0x3'aa9c       0xc  4G_EC200U.o [1]
  .rodata            const       0x3'aaa8       0xc  4G_EC200U.o [1]
  .rodata            const       0x3'aab4       0xc  BT_TB05.o [2]
  .rodata            const       0x3'aac0       0xc  drv_LKT4202.o [4]
  .rodata            const       0x3'aacc       0xc  drv_LKT4202.o [4]
  .rodata            const       0x3'aad8       0xc  drv_USART.o [27]
  .rodata            const       0x3'aae4       0xc  drv_USART.o [27]
  .rodata            const       0x3'aaf0       0xc  drv_USART.o [27]
  .rodata            const       0x3'aafc       0xc  Mainloop.o [9]
  .rodata            const       0x3'ab08       0xc  Mainloop.o [9]
  .rodata            const       0x3'ab14       0xc  ModbusRTU.o [10]
  .rodata            const       0x3'ab20       0xc  ModbusRTU.o [10]
  .rodata            const       0x3'ab2c       0xc  MQTT_SK.o [7]
  .rodata            const       0x3'ab38       0xc  MQTT_SK.o [7]
  .rodata            const       0x3'ab44       0xc  MQTT_SK.o [7]
  .rodata            const       0x3'ab50       0xc  MQTT_SK.o [7]
  .rodata            const       0x3'ab5c       0xc  MQTT_SK.o [7]
  .rodata            const       0x3'ab68       0xc  MQTT_SK.o [7]
  .rodata            const       0x3'ab74       0xc  MQTT_SK.o [7]
  .rodata            const       0x3'ab80       0xc  MQTT_SK.o [7]
  .rodata            const       0x3'ab8c       0xc  MQTT_SK.o [7]
  .rodata            const       0x3'ab98       0xc  MQTT_SK.o [7]
  .rodata            const       0x3'aba4       0xc  MQTT_SK.o [7]
  .rodata            const       0x3'abb0       0xc  MQTT_SK.o [7]
  .rodata            const       0x3'abbc       0xc  MQTT_SK.o [7]
  .rodata            const       0x3'abc8       0xc  MQTT_SK.o [7]
  .rodata            const       0x3'abd4       0xc  MQTT_SK.o [7]
  .rodata            const       0x3'abe0       0xc  MQTT_SK.o [7]
  .rodata            const       0x3'abec       0xc  MQTT_SK.o [7]
  .rodata            const       0x3'abf8       0xc  MQTT_SK.o [7]
  .rodata            const       0x3'ac04       0xc  MQTT_SK.o [7]
  .rodata            const       0x3'ac10       0x8  4G_EC200U.o [1]
  .rodata            const       0x3'ac18       0x8  4G_EC200U.o [1]
  .rodata            const       0x3'ac20       0x8  4G_EC200U.o [1]
  .rodata            const       0x3'ac28       0x8  4G_EC200U.o [1]
  .rodata            const       0x3'ac30       0x8  4G_EC200U.o [1]
  .rodata            const       0x3'ac38       0x8  4G_EC200U.o [1]
  .rodata            const       0x3'ac40       0x8  4G_EC200U.o [1]
  .rodata            const       0x3'ac48       0x8  4G_EC200U.o [1]
  .rodata            const       0x3'ac50       0x8  4G_EC200U.o [1]
  .rodata            const       0x3'ac58       0x8  4G_EC200U.o [1]
  .rodata            const       0x3'ac60       0x8  4G_EC200U.o [1]
  .rodata            const       0x3'ac68       0x8  4G_EC200U.o [1]
  .rodata            const       0x3'ac70       0x8  4G_EC200U.o [1]
  .rodata            const       0x3'ac78       0x8  4G_EC200U.o [1]
  .rodata            const       0x3'ac80       0x8  4G_EC200U.o [1]
  .rodata            const       0x3'ac88       0x8  4G_EC200U.o [1]
  .rodata            const       0x3'ac90       0x8  4G_EC200U.o [1]
  .rodata            const       0x3'ac98       0x8  4G_EC200U.o [1]
  .rodata            const       0x3'aca0       0x8  4G_EC200U.o [1]
  .rodata            const       0x3'aca8       0x8  Display.o [11]
  .rodata            const       0x3'acb0       0x8  drv_LKT4202.o [4]
  .rodata            const       0x3'acb8       0x8  drv_LKT4202.o [4]
  .rodata            const       0x3'acc0       0x8  drv_SC7A20H.o [15]
  .rodata            const       0x3'acc8       0x8  LC86L_BD.o [3]
  .rodata            const       0x3'acd0       0x8  LC86L_BD.o [3]
  .rodata            const       0x3'acd8       0x8  Mainloop.o [9]
  .rodata            const       0x3'ace0       0x8  Mainloop.o [9]
  .rodata            const       0x3'ace8       0x8  MQTT_SK.o [7]
  .rodata            const       0x3'acf0       0x8  MQTT_SK.o [7]
  .rodata            const       0x3'acf8       0x8  MQTT_SK.o [7]
  .rodata            const       0x3'ad00       0x8  MQTT_SK.o [7]
  .rodata            const       0x3'ad08       0x8  MQTT_SK.o [7]
  .rodata            const       0x3'ad10       0x4  drv_RTC.o [24]
  .text              ro code     0x3'ad14       0x4  startup_hc32f460.o [19]
  .text              ro code     0x3'ad18       0x4  startup_hc32f460.o [19]
  .text              ro code     0x3'ad1c       0x4  startup_hc32f460.o [19]
  .text              ro code     0x3'ad20       0x4  startup_hc32f460.o [19]
  .text              ro code     0x3'ad24       0x4  startup_hc32f460.o [19]
  .text              ro code     0x3'ad28       0x4  startup_hc32f460.o [19]
  .text              ro code     0x3'ad2c       0x4  startup_hc32f460.o [19]
  .text              ro code     0x3'ad30       0x4  startup_hc32f460.o [19]
  .text              ro code     0x3'ad34       0x4  startup_hc32f460.o [19]
  .text              ro code     0x3'ad38       0x4  startup_hc32f460.o [19]
  .text              ro code     0x3'ad3c       0x4  startup_hc32f460.o [19]
  .text              ro code     0x3'ad40       0x4  startup_hc32f460.o [19]
  .text              ro code     0x3'ad44       0x4  startup_hc32f460.o [19]
  .text              ro code     0x3'ad48       0x4  startup_hc32f460.o [19]
  .text              ro code     0x3'ad4c       0x4  startup_hc32f460.o [19]
  .text              ro code     0x3'ad50       0x4  startup_hc32f460.o [19]
  .rodata            const       0x3'ad54       0x0  zero_init3.o [31]
  .rodata            const       0x3'ad54       0x0  packbits_init.o [31]
  Initializer bytes  const       0x3'ad54     0x13d  <for P2 s0>
                               - 0x3'ae91  0x2'6c11

"P2", part 1 of 4:                            0x3af
  P2 s0                       0x1fff'8000     0x3af  <Init block>
    .data            inited   0x1fff'8000     0x1b0  User_Data.o [17]
    .data            inited   0x1fff'81b0      0x8c  RXNTTL518.o [14]
    .data            inited   0x1fff'823c      0x80  ModbusRTU_Device_BT.o [10]
    .data            inited   0x1fff'82bc      0x48  xlocale_c.o [29]
    .data            inited   0x1fff'8304      0x38  xlocale_c.o [29]
    .data            inited   0x1fff'833c      0x24  BT_TB05.o [2]
    .data            inited   0x1fff'8360      0x20  BT_TB05.o [2]
    .data            inited   0x1fff'8380      0x14  BT_TB05.o [2]
    .data            inited   0x1fff'8394       0x8  BT_TB05.o [2]
    .data            inited   0x1fff'839c       0x4  BT_TB05.o [2]
    .data            inited   0x1fff'83a0       0x4  system_hc32f460.o [19]
    .data            inited   0x1fff'83a4       0x4  system_hc32f460.o [19]
    .data            inited   0x1fff'83a8       0x1  drv_IIC.o [22]
    .data            inited   0x1fff'83a9       0x1  drv_IIC.o [22]
    .data            inited   0x1fff'83aa       0x1  drv_IIC.o [22]
    .data            inited   0x1fff'83ab       0x1  drv_IIC.o [22]
    .data            inited   0x1fff'83ac       0x1  hc32f460_pwc.o [20]
    .data            inited   0x1fff'83ad       0x1  ModbusRTU.o [10]
    .data            inited   0x1fff'83ae       0x1  ModbusRTU.o [10]
                            - 0x1fff'83af     0x3af

"P2", part 2 of 4:                           0x1984
  .bss               zero     0x1fff'83b0    0x1000  drv_Storage_W25Q128.o [16]
  .bss               zero     0x1fff'93b0     0x400  User_Data.o [17]
  .bss               zero     0x1fff'97b0     0x200  hc32f460_interrupts.o [20]
  .bss               zero     0x1fff'99b0     0x1b8  4G_EC200U.o [1]
  .bss               zero     0x1fff'9b68      0x64  User_Data.o [17]
  .bss               zero     0x1fff'9bcc      0x2c  User_Data.o [17]
  .bss               zero     0x1fff'9bf8      0x2c  xttotm64.o [29]
  .bss               zero     0x1fff'9c24      0x24  drv_ADC.o [21]
  .bss               zero     0x1fff'9c48      0x14  drv_ADC.o [21]
  .bss               zero     0x1fff'9c5c      0x14  hc32f460_pwc.o [20]
  .bss               zero     0x1fff'9c70      0x14  User_Data.o [17]
  .bss               zero     0x1fff'9c84       0x4  4G_EC200U.o [1]
  .bss               zero     0x1fff'9c88       0x8  4G_EC200U.o [1]
  .bss               zero     0x1fff'9c90       0x8  main.o [28]
  .bss               zero     0x1fff'9c98       0x4  4G_EC200U.o [1]
  .bss               zero     0x1fff'9c9c       0x4  4G_EC200U.o [1]
  .bss               zero     0x1fff'9ca0       0x4  BT_TB05.o [2]
  .bss               zero     0x1fff'9ca4       0x4  drv_RTC.o [24]
  .bss               zero     0x1fff'9ca8       0x4  drv_SC7A20H.o [15]
  .bss               zero     0x1fff'9cac       0x4  drv_Storage_W25Q128.o [16]
  .bss               zero     0x1fff'9cb0       0x4  drv_Timer.o [26]
  .bss               zero     0x1fff'9cb4       0x4  drv_USART.o [27]
  .bss               zero     0x1fff'9cb8       0x4  hc32f460_exint_nmi_swi.o [20]
  .bss               zero     0x1fff'9cbc       0x4  hc32f460_ots.o [20]
  .bss               zero     0x1fff'9cc0       0x4  hc32f460_ots.o [20]
  .bss               zero     0x1fff'9cc4       0x4  LC86L_BD.o [3]
  .bss               zero     0x1fff'9cc8       0x4  Lora_TP1109.o [6]
  .bss               zero     0x1fff'9ccc       0x4  Magnetic_Bar.o [8]
  .bss               zero     0x1fff'9cd0       0x4  main.o [28]
  .bss               zero     0x1fff'9cd4       0x4  Mainloop.o [9]
  .bss               zero     0x1fff'9cd8       0x4  ModbusRTU.o [10]
  .bss               zero     0x1fff'9cdc       0x4  ModbusRTU_Device_BT.o [10]
  .bss               zero     0x1fff'9ce0       0x4  ModbusRTU_Device_BT.o [10]
  .bss               zero     0x1fff'9ce4       0x4  MQTT_SK.o [7]
  .bss               zero     0x1fff'9ce8       0x4  OLED.o [11]
  .bss               zero     0x1fff'9cec       0x4  Photosensitive_XYC_ALS.o [12]
  .bss               zero     0x1fff'9cf0       0x4  RXNTTL518.o [14]
  .bss               zero     0x1fff'9cf4       0x4  strtok.o [29]
  .bss               zero     0x1fff'9cf8       0x4  xfail_s.o [29]
  .bss               zero     0x1fff'9cfc       0x2  BT_TB05.o [2]
  .bss               zero     0x1fff'9cfe       0x2  drv_Timer.o [26]
  .bss               zero     0x1fff'9d00       0x2  ModbusRTU_Device_BT.o [10]
  .bss               zero     0x1fff'9d02       0x2  ModbusRTU_Device_BT.o [10]
  .bss               zero     0x1fff'9d04       0x1  4G_EC200U.o [1]
  .bss               zero     0x1fff'9d05       0x1  4G_EC200U.o [1]
  .bss               zero     0x1fff'9d06       0x1  4G_EC200U.o [1]
  .bss               zero     0x1fff'9d07       0x1  4G_EC200U.o [1]
  .bss               zero     0x1fff'9d08       0x1  4G_EC200U.o [1]
  .bss               zero     0x1fff'9d09       0x1  4G_EC200U.o [1]
  .bss               zero     0x1fff'9d0a       0x1  4G_EC200U.o [1]
  .bss               zero     0x1fff'9d0b       0x1  4G_EC200U.o [1]
  .bss               zero     0x1fff'9d0c       0x1  4G_EC200U.o [1]
  .bss               zero     0x1fff'9d0d       0x1  BT_TB05.o [2]
  .bss               zero     0x1fff'9d0e       0x1  drv_IIC.o [22]
  .bss               zero     0x1fff'9d0f       0x1  drv_RTC.o [24]
  .bss               zero     0x1fff'9d10       0x1  drv_Timer.o [26]
  .bss               zero     0x1fff'9d11       0x1  drv_Timer.o [26]
  .bss               zero     0x1fff'9d12       0x1  drv_Timer.o [26]
  .bss               zero     0x1fff'9d13       0x1  drv_Timer.o [26]
  .bss               zero     0x1fff'9d14       0x1  drv_Timer.o [26]
  .bss               zero     0x1fff'9d15       0x1  drv_Timer.o [26]
  .bss               zero     0x1fff'9d16       0x1  drv_Timer.o [26]
  .bss               zero     0x1fff'9d17       0x1  drv_Timer.o [26]
  .bss               zero     0x1fff'9d18       0x1  drv_Timer.o [26]
  .bss               zero     0x1fff'9d19       0x1  drv_Timer.o [26]
  .bss               zero     0x1fff'9d1a       0x1  drv_Timer.o [26]
  .bss               zero     0x1fff'9d1b       0x1  drv_Timer.o [26]
  .bss               zero     0x1fff'9d1c       0x1  hc32f460_dmac.o [20]
  .bss               zero     0x1fff'9d1d       0x1  hc32f460_pwc.o [20]
  .bss               zero     0x1fff'9d1e       0x1  hc32f460_pwc.o [20]
  .bss               zero     0x1fff'9d1f       0x1  hc32f460_pwc.o [20]
  .bss               zero     0x1fff'9d20       0x1  hc32f460_pwc.o [20]
  .bss               zero     0x1fff'9d21       0x1  main.o [28]
  .bss               zero     0x1fff'9d22       0x1  main.o [28]
  .bss               zero     0x1fff'9d23       0x1  Mainloop.o [9]
  .bss               zero     0x1fff'9d24       0x1  Mainloop.o [9]
  .bss               zero     0x1fff'9d25       0x1  Mainloop.o [9]
  .bss               zero     0x1fff'9d26       0x1  Mainloop.o [9]
  .bss               zero     0x1fff'9d27       0x1  Mainloop.o [9]
  .bss               zero     0x1fff'9d28       0x1  ModbusRTU.o [10]
  .bss               zero     0x1fff'9d29       0x1  ModbusRTU_Device_BT.o [10]
  .bss               zero     0x1fff'9d2a       0x1  ModbusRTU_Device_BT.o [10]
  .bss               zero     0x1fff'9d2b       0x1  ModbusRTU_Device_BT.o [10]
  .bss               zero     0x1fff'9d2c       0x1  User_Data.o [17]
  .bss               zero     0x1fff'9d2d       0x1  User_Data.o [17]
  .bss               zero     0x1fff'9d2e       0x1  User_Data.o [17]
  .bss               zero     0x1fff'9d2f       0x1  User_Data.o [17]
  .bss               zero     0x1fff'9d30       0x1  User_Data.o [17]
  .bss               zero     0x1fff'9d31       0x1  User_Data.o [17]
                            - 0x1fff'9d32    0x1982

"P2", part 3 of 4:                           0x2000
  CSTACK                      0x1fff'9d38    0x2000  <Block>
    CSTACK           uninit   0x1fff'9d38    0x2000  <Block tail>
                            - 0x1fff'bd38    0x2000

"P2", part 4 of 4:                           0xff08
  .bss               zero     0x2001'0000    0xff08  User_Data.o [17]
                            - 0x2001'ff08    0xff08

Unused ranges:

         From           To      Size
         ----           --      ----
     0x3'ae91     0x7'ffff  0x4'516f
   0x300'0c00   0x300'0ffb     0x3fc
  0x1fff'83af  0x1fff'83af       0x1
  0x1fff'9d34  0x1fff'9d37       0x4
  0x1fff'bd38  0x1fff'ffff    0x42c8
  0x2000'0000  0x2000'ffff  0x1'0000
  0x2001'ff08  0x2001'ffff      0xf8
  0x2002'0000  0x2002'6fff    0x7000
  0x200f'0000  0x200f'0fff    0x1000


*******************************************************************************
*** INIT TABLE
***

          Address      Size
          -------      ----
Zero (__iar_zero_init3)
    2 destination ranges, total size 0x1'188a:
          0x1fff'83b0  0x1982
          0x2001'0000  0xff08

Copy/packbits (__iar_packbits_init3)
    1 source range, total size 0x13d (33% of destination):
             0x3'ad54   0x13d
    1 destination range, total size 0x3af:
          0x1fff'8000   0x3af



*******************************************************************************
*** MODULE SUMMARY
***

    Module                    ro code  ro data  rw data  ro data
                                                          (abs)
    ------                    -------  -------  -------  -------
command line/config:
    ------------------------------------------------------------
    Total:

D:\Myself\WorkProcess\SK\HC32F460_WorkProcess\example\Source\Pipe_Monitor\Pipe_Monitor_App\EWARM\output\debug\Obj\4G_EC200U_8582873453978518366.dir: [1]
    4G_EC200U.o                14'244    2'112      469
    ------------------------------------------------------------
    Total:                     14'244    2'112      469

D:\Myself\WorkProcess\SK\HC32F460_WorkProcess\example\Source\Pipe_Monitor\Pipe_Monitor_App\EWARM\output\debug\Obj\BT_TB05_12041724360499981866.dir: [2]
    BT_TB05.o                     968       81      107
    ------------------------------------------------------------
    Total:                        968       81      107

D:\Myself\WorkProcess\SK\HC32F460_WorkProcess\example\Source\Pipe_Monitor\Pipe_Monitor_App\EWARM\output\debug\Obj\LC86L_BD_9822625824417385734.dir: [3]
    LC86L_BD.o                  1'376       16        4
    ------------------------------------------------------------
    Total:                      1'376       16        4

D:\Myself\WorkProcess\SK\HC32F460_WorkProcess\example\Source\Pipe_Monitor\Pipe_Monitor_App\EWARM\output\debug\Obj\LKT4202_1925765440156868983.dir: [4]
    drv_LKT4202.o               1'604      116
    ------------------------------------------------------------
    Total:                      1'604      116

D:\Myself\WorkProcess\SK\HC32F460_WorkProcess\example\Source\Pipe_Monitor\Pipe_Monitor_App\EWARM\output\debug\Obj\LoRa_RA02_5139138412578801246.dir: [5]
    ------------------------------------------------------------
    Total:

D:\Myself\WorkProcess\SK\HC32F460_WorkProcess\example\Source\Pipe_Monitor\Pipe_Monitor_App\EWARM\output\debug\Obj\Lora_TP1109_151720617378073083.dir: [6]
    Lora_TP1109.o                 452                 4
    ------------------------------------------------------------
    Total:                        452                 4

D:\Myself\WorkProcess\SK\HC32F460_WorkProcess\example\Source\Pipe_Monitor\Pipe_Monitor_App\EWARM\output\debug\Obj\MQTT_SK_4724149239023757000.dir: [7]
    MQTT_SK.o                  11'876    2'644        4
    ------------------------------------------------------------
    Total:                     11'876    2'644        4

D:\Myself\WorkProcess\SK\HC32F460_WorkProcess\example\Source\Pipe_Monitor\Pipe_Monitor_App\EWARM\output\debug\Obj\Magnetic_Bar_17520218520042908049.dir: [8]
    Magnetic_Bar.o                516                 4
    ------------------------------------------------------------
    Total:                        516                 4

D:\Myself\WorkProcess\SK\HC32F460_WorkProcess\example\Source\Pipe_Monitor\Pipe_Monitor_App\EWARM\output\debug\Obj\Mainloop_18272944273632151421.dir: [9]
    Mainloop.o                  5'216       60        9
    ------------------------------------------------------------
    Total:                      5'216       60        9

D:\Myself\WorkProcess\SK\HC32F460_WorkProcess\example\Source\Pipe_Monitor\Pipe_Monitor_App\EWARM\output\debug\Obj\ModbusRTU_17682219295068567368.dir: [10]
    ModbusRTU.o                10'520    1'085        7
    ModbusRTU_Device_BT.o       7'960      883      143
    ------------------------------------------------------------
    Total:                     18'480    1'968      150

D:\Myself\WorkProcess\SK\HC32F460_WorkProcess\example\Source\Pipe_Monitor\Pipe_Monitor_App\EWARM\output\debug\Obj\OLED_13473777563621607307.dir: [11]
    Display.o                   8'492        8
    Font.o                               5'608
    OLED.o                      3'228                 4
    ------------------------------------------------------------
    Total:                     11'720    5'616        4

D:\Myself\WorkProcess\SK\HC32F460_WorkProcess\example\Source\Pipe_Monitor\Pipe_Monitor_App\EWARM\output\debug\Obj\Photosensitive_XYC_ALS_28064708180949255.dir: [12]
    Photosensitive_XYC_ALS.o      940                 4
    ------------------------------------------------------------
    Total:                        940                 4

D:\Myself\WorkProcess\SK\HC32F460_WorkProcess\example\Source\Pipe_Monitor\Pipe_Monitor_App\EWARM\output\debug\Obj\RF_NFC_10628150809568064830.dir: [13]
    RF_NFC.o                      102
    ------------------------------------------------------------
    Total:                        102

D:\Myself\WorkProcess\SK\HC32F460_WorkProcess\example\Source\Pipe_Monitor\Pipe_Monitor_App\EWARM\output\debug\Obj\RXNTTL518_17808510930951076202.dir: [14]
    RXNTTL518.o                   580      559      144
    ------------------------------------------------------------
    Total:                        580      559      144

D:\Myself\WorkProcess\SK\HC32F460_WorkProcess\example\Source\Pipe_Monitor\Pipe_Monitor_App\EWARM\output\debug\Obj\SC7A20H_13085057635104233901.dir: [15]
    drv_SC7A20H.o                 730        8        4
    ------------------------------------------------------------
    Total:                        730        8        4

D:\Myself\WorkProcess\SK\HC32F460_WorkProcess\example\Source\Pipe_Monitor\Pipe_Monitor_App\EWARM\output\debug\Obj\Storage_W25Q128_4738127093883701884.dir: [16]
    drv_Storage_W25Q128.o       7'292             4'100
    ------------------------------------------------------------
    Total:                      7'292             4'100

D:\Myself\WorkProcess\SK\HC32F460_WorkProcess\example\Source\Pipe_Monitor\Pipe_Monitor_App\EWARM\output\debug\Obj\User_Data_5391006662705040797.dir: [17]
    User_Data.o                   182      145   66'914
    ------------------------------------------------------------
    Total:                        182      145   66'914

D:\Myself\WorkProcess\SK\HC32F460_WorkProcess\example\Source\Pipe_Monitor\Pipe_Monitor_App\EWARM\output\debug\Obj\WatchDog_9188475617120297074.dir: [18]
    WatchDog.o                     76
    ------------------------------------------------------------
    Total:                         76

D:\Myself\WorkProcess\SK\HC32F460_WorkProcess\example\Source\Pipe_Monitor\Pipe_Monitor_App\EWARM\output\debug\Obj\common_14919461937644757070.dir: [19]
    startup_hc32f460.o            772
    system_hc32f460.o             272        3        8
    ------------------------------------------------------------
    Total:                      1'044        3        8

D:\Myself\WorkProcess\SK\HC32F460_WorkProcess\example\Source\Pipe_Monitor\Pipe_Monitor_App\EWARM\output\debug\Obj\driver_11944700488488147666.dir: [20]
    hc32f460_adc.o              1'400       72
    hc32f460_clk.o              4'092       72
    hc32f460_dmac.o             2'752       76        1
    hc32f460_efm.o                144       72
    hc32f460_exint_nmi_swi.o      380       84        4
    hc32f460_gpio.o             1'240       76
    hc32f460_i2c.o              2'720       72
    hc32f460_icg.o                                            32
    hc32f460_interrupts.o       2'880       80      512
    hc32f460_ots.o                384       72        8
    hc32f460_pwc.o              2'576       73       25
    hc32f460_rtc.o              2'212       72
    hc32f460_spi.o              1'972       72
    hc32f460_sram.o               392       76
    hc32f460_timer0.o           2'356       76
    hc32f460_timer4_cnt.o         872       80
    hc32f460_timer4_oco.o       2'512       80
    hc32f460_usart.o            2'632       92
    hc32f460_utility.o            110
    ------------------------------------------------------------
    Total:                     31'626    1'297      550       32

D:\Myself\WorkProcess\SK\HC32F460_WorkProcess\example\Source\Pipe_Monitor\Pipe_Monitor_App\EWARM\output\debug\Obj\drv_ADC_15186207816091091275.dir: [21]
    drv_ADC.o                   1'368                56
    ------------------------------------------------------------
    Total:                      1'368                56

D:\Myself\WorkProcess\SK\HC32F460_WorkProcess\example\Source\Pipe_Monitor\Pipe_Monitor_App\EWARM\output\debug\Obj\drv_IIC_18060258103304213159.dir: [22]
    drv_IIC.o                   2'344        1        5
    ------------------------------------------------------------
    Total:                      2'344        1        5

D:\Myself\WorkProcess\SK\HC32F460_WorkProcess\example\Source\Pipe_Monitor\Pipe_Monitor_App\EWARM\output\debug\Obj\drv_OTS_Temperature_13039655784802445445.dir: [23]
    drv_OTS_Temperature.o         116
    ------------------------------------------------------------
    Total:                        116

D:\Myself\WorkProcess\SK\HC32F460_WorkProcess\example\Source\Pipe_Monitor\Pipe_Monitor_App\EWARM\output\debug\Obj\drv_RTC_2577979922006117733.dir: [24]
    drv_RTC.o                   1'808       36        5
    ------------------------------------------------------------
    Total:                      1'808       36        5

D:\Myself\WorkProcess\SK\HC32F460_WorkProcess\example\Source\Pipe_Monitor\Pipe_Monitor_App\EWARM\output\debug\Obj\drv_SPI_4333388098947449637.dir: [25]
    drv_SPI.o                     220
    ------------------------------------------------------------
    Total:                        220

D:\Myself\WorkProcess\SK\HC32F460_WorkProcess\example\Source\Pipe_Monitor\Pipe_Monitor_App\EWARM\output\debug\Obj\drv_Timer_6973001687617930806.dir: [26]
    drv_Timer.o                 2'720                18
    ------------------------------------------------------------
    Total:                      2'720                18

D:\Myself\WorkProcess\SK\HC32F460_WorkProcess\example\Source\Pipe_Monitor\Pipe_Monitor_App\EWARM\output\debug\Obj\drv_USART_14144334009435087269.dir: [27]
    drv_USART.o                 4'812       36        4
    ------------------------------------------------------------
    Total:                      4'812       36        4

D:\Myself\WorkProcess\SK\HC32F460_WorkProcess\example\Source\Pipe_Monitor\Pipe_Monitor_App\EWARM\output\debug\Obj\source_5634686896477721948.dir: [28]
    main.o                      1'820       16       14
    ------------------------------------------------------------
    Total:                      1'820       16       14

dl7M_tlf.a: [29]
    abort.o                         6
    exit.o                          4
    iar_Stoflt.o                  440
    iar_Stollx.o                  166
    iar_Stopfx.o                  290
    iar_Stoullx.o                 434       80
    iar_Stoulx.o                  338       80
    iar_Stoxflt.o                 520
    isalpha.o                      20
    isspace.o                      20
    low_level_init.o                4
    mktime64.o                    224
    sprintf.o                      64
    sscanf.o                       40
    strcat.o                       30
    strcspn.o                      34
    strncmp.o                      42
    strspn.o                       34
    strstr.o                       44
    strtok.o                       76                 4
    tolower.o                      20
    xDaysTo64.o                   204
    xTzoff_nop.o                    4
    xfail_s.o                      64                 4
    xisdst_nop64.o                  6
    xlocale_c.o                    76       48      128
    xprintflarge_nomb.o         3'354
    xscanffull_nomb.o           3'452       76
    xsprout.o                      10
    xsscin.o                       30
    xttotm64.o                    348                44
    ------------------------------------------------------------
    Total:                     10'398      284      180

m7M_tls.a: [30]
    DblAddSub.o                   606
    DblCmpEq.o                     32
    DblCmpGe.o                     52
    DblCmpLe.o                     52
    DblDiv.o                      582
    DblMul.o                      426
    DblToFlt.o                    104
    DblToS32.o                     54
    DblToU32.o                     34
    FltToDbl.o                     72
    S32ToDbl.o                     34
    U32ToDbl.o                     28
    U64ToDbl.o                     70
    atan64.o                      188
    fpinit_M.o                     34
    frexp.o                       112
    iar_Atan64.o                  456       64
    iar_Exp64.o                   812
    ldexp.o                       314
    math_wrappers64.o              42
    pow64.o                     1'676    1'056
    sqrt.o                        258
    strto64.o                     866       72
    ------------------------------------------------------------
    Total:                      6'904    1'192

rt7M_tl.a: [31]
    ABImemcpy.o                   166
    ABImemset.o                   102
    I64DivMod.o                   628
    I64DivZer.o                     2
    cexit.o                        10
    cmain.o                        30
    cstartup_M.o                   28
    data_init.o                    40
    memchr.o                       88
    memcmp.o                      104
    packbits_init.o               162
    strchr.o                       22
    strcmp.o                       18
    strcpy.o                       24
    strlen.o                       54
    zero_init3.o                   56
    ------------------------------------------------------------
    Total:                      1'534

shb_l.a: [32]
    exit.o                         20
    ------------------------------------------------------------
    Total:                         20

    Gaps                           41        6
    Linker created                          52    8'192
----------------------------------------------------------------
    Grand Total:              143'129   16'248   80'953       32


*******************************************************************************
*** ENTRY LIST
***

Entry                       Address    Size  Type      Object
-----                       -------    ----  ----      ------
.iar.init_table$$Base      0x3'9dd4           --   Gb  - Linker created -
.iar.init_table$$Limit     0x3'9e08           --   Gb  - Linker created -
?main                      0x3'9f09          Code  Gb  cmain.o [31]
ADC_AddAdcChannel          0x3'31f9    0xbe  Code  Gb  hc32f460_adc.o [20]
ADC_AddAvgChannel          0x3'3329    0x66  Code  Gb  hc32f460_adc.o [20]
ADC_ConfigAvg              0x3'32c1    0x64  Code  Gb  hc32f460_adc.o [20]
ADC_DeInit                 0x3'30f9   0x100  Code  Gb  hc32f460_adc.o [20]
ADC_GetChData              0x3'3485    0x98  Code  Gb  hc32f460_adc.o [20]
ADC_Init                   0x3'2fe5   0x114  Code  Gb  hc32f460_adc.o [20]
ADC_PollingSa              0x3'338f    0xf6  Code  Gb  hc32f460_adc.o [20]
ADC_ReadAllData            0x3'3531    0x2c  Code  Lc  hc32f460_adc.o [20]
AdcChannelConfig           0x2'6a69    0x74  Code  Lc  drv_ADC.o [21]
AdcClockConfig             0x2'6995    0x78  Code  Lc  drv_ADC.o [21]
AdcInitConfig              0x2'6a0d    0x5c  Code  Lc  drv_ADC.o [21]
AsyncDelay                 0x2'3b85    0x76  Code  Lc  hc32f460_timer0.o [20]
BusFault_Handler           0x1'e2ad     0x8  Code  Gb  hc32f460_interrupts.o [20]
CLK_ClearFcmFlag           0x1'd831    0x5c  Code  Gb  hc32f460_clk.o [20]
CLK_FcmCmd                 0x1'd787    0x28  Code  Gb  hc32f460_clk.o [20]
CLK_FcmConfig              0x1'd4d5   0x2b2  Code  Gb  hc32f460_clk.o [20]
CLK_GetClockFreq           0x1'd28d   0x116  Code  Gb  hc32f460_clk.o [20]
CLK_GetFcmCounter          0x1'd7af     0x8  Code  Gb  hc32f460_clk.o [20]
CLK_GetFcmFlag             0x1'd7c9    0x62  Code  Gb  hc32f460_clk.o [20]
CLK_GetFlagStatus          0x1'd425    0x8a  Code  Gb  hc32f460_clk.o [20]
CLK_LrcCmd                 0x1'caff    0x98  Code  Gb  hc32f460_clk.o [20]
CLK_MpllCmd                0x1'cd43    0xb0  Code  Gb  hc32f460_clk.o [20]
CLK_MpllConfig             0x1'cbe7   0x15c  Code  Gb  hc32f460_clk.o [20]
CLK_SetPeriClkSource       0x1'd3b1    0x58  Code  Gb  hc32f460_clk.o [20]
CLK_SetPllSource           0x1'cb97    0x50  Code  Gb  hc32f460_clk.o [20]
CLK_SetSysClkSource        0x1'cfe5   0x104  Code  Gb  hc32f460_clk.o [20]
CLK_SysClkConfig           0x1'd0fd   0x188  Code  Gb  hc32f460_clk.o [20]
CLK_UpllCmd                0x1'cf41    0xa4  Code  Gb  hc32f460_clk.o [20]
CLK_UpllConfig             0x1'cdf3   0x14e  Code  Gb  hc32f460_clk.o [20]
CLK_Xtal32Cmd              0x1'ca67    0x98  Code  Gb  hc32f460_clk.o [20]
CLK_Xtal32Config           0x1'ca17    0x50  Code  Gb  hc32f460_clk.o [20]
CLK_XtalCmd                0x1'c923    0xf4  Code  Gb  hc32f460_clk.o [20]
CLK_XtalConfig             0x1'c8c9    0x5a  Code  Gb  hc32f460_clk.o [20]
CSTACK$$Base            0x1fff'9d38           --   Gb  - Linker created -
CSTACK$$Limit           0x1fff'bd38           --   Gb  - Linker created -
Clock_MeasureConfig        0x1'8209    0xcc  Code  Lc  drv_RTC.o [24]
Crc16                      0x2'a65d    0x38  Code  Gb  ModbusRTU.o [10]
DMA_ChannelCfg             0x2'3639   0x2ce  Code  Gb  hc32f460_dmac.o [20]
DMA_ChannelCmd             0x2'31a5   0x252  Code  Gb  hc32f460_dmac.o [20]
DMA_ClearIrqFlag           0x2'30ab    0xfa  Code  Gb  hc32f460_dmac.o [20]
DMA_Cmd                    0x2'305d    0x4e  Code  Gb  hc32f460_dmac.o [20]
DMA_GetTransferCnt         0x2'356d    0x60  Code  Gb  hc32f460_dmac.o [20]
DMA_InitChannel            0x2'3907   0x202  Code  Gb  hc32f460_dmac.o [20]
DMA_SetDesAddress          0x2'3405    0xa0  Code  Gb  hc32f460_dmac.o [20]
DMA_SetTransferCnt         0x2'34a5    0xc8  Code  Gb  hc32f460_dmac.o [20]
DMA_SetTriggerSrc          0x2'35dd    0x56  Code  Gb  hc32f460_dmac.o [20]
Ddl_AssertHandler          0x1'beb7     0x2  Code  Wk  hc32f460_utility.o [20]
Ddl_Delay1ms               0x1'7f81    0x28  Code  Gb  hc32f460_utility.o [20]
Ddl_Delay1us               0x1'7fa9    0x38  Code  Gb  hc32f460_utility.o [20]
DebugMon_Handler           0x1'e2c5     0x8  Code  Gb  hc32f460_interrupts.o [20]
Dma1Btc0IrqCallback        0x1'abcd    0x1c  Code  Lc  drv_USART.o [27]
Dma1Btc1IrqCallback        0x1'abe9    0x1c  Code  Lc  drv_USART.o [27]
Dma1Btc2IrqCallback        0x1'ac05    0x1c  Code  Lc  drv_USART.o [27]
Dma1Btc3IrqCallback        0x1'ac21    0x1c  Code  Lc  drv_USART.o [27]
Dma1Init                   0x1'ac3d   0x200  Code  Lc  drv_USART.o [27]
DmaChEnState            0x1fff'9d1c     0x1  Data  Lc  hc32f460_dmac.o [20]
Dtentox                    0x2'4b81   0x1d8  Code  Lc  strto64.o [30]
EC200U_4G_Module_Configuration_Init
                           0x1'6c59   0xcc0  Code  Gb  4G_EC200U.o [1]
EC200U_4G_Module_Configuration_Init::ucRetryCnt
                        0x1fff'9d0a     0x1  Data  Lc  4G_EC200U.o [1]
EC200U_4G_Module_GPIO_Init
                           0x1'42dd    0x70  Code  Gb  4G_EC200U.o [1]
EFM_Lock                   0x3'6983    0x14  Code  Gb  hc32f460_efm.o [20]
EFM_SetLatency             0x3'6997    0x5c  Code  Gb  hc32f460_efm.o [20]
EFM_Unlock                 0x3'6971    0x12  Code  Gb  hc32f460_efm.o [20]
EPSINON                    0x3'ad10     0x4  Data  Lc  drv_RTC.o [24]
EXINT_Init                 0x2'4991    0xa0  Code  Gb  hc32f460_exint_nmi_swi.o [20]
EXINT_IrqFlgClr            0x2'4acb    0x12  Code  Gb  hc32f460_exint_nmi_swi.o [20]
EXINT_IrqFlgGet            0x2'4a31    0x9a  Code  Gb  hc32f460_exint_nmi_swi.o [20]
ExtInt01_Callback          0x2'7e9d    0xa6  Code  Gb  Photosensitive_XYC_ALS.o [12]
ExtInt07_Callback          0x3'6ccd    0xbc  Code  Gb  Magnetic_Bar.o [8]
ExtInt13_Callback          0x2'6839    0x12  Code  Gb  Lora_TP1109.o [6]
Float_reg_rw_mode          0x2'a945    0x94  Code  Gb  ModbusRTU.o [10]
GetSystemPara              0x1'be01     0x4  Code  Gb  User_Data.o [17]
HRC_VALUE               0x1fff'83a0     0x4  Data  Gb  system_hc32f460.o [19]
HardFault_Handler          0x1'e29d     0x8  Code  Gb  hc32f460_interrupts.o [20]
I2C_AckConfig              0x3'4a85    0x56  Code  Gb  hc32f460_i2c.o [20]
I2C_BaudrateConfig         0x3'44cd   0x228  Code  Gb  hc32f460_i2c.o [20]
I2C_BusWaitCmd             0x3'4873    0x6a  Code  Gb  hc32f460_i2c.o [20]
I2C_ClearStatus            0x3'4989    0x36  Code  Gb  hc32f460_i2c.o [20]
I2C_Cmd                    0x3'481d    0x56  Code  Gb  hc32f460_i2c.o [20]
I2C_DeInit                 0x3'46f5    0x40  Code  Gb  hc32f460_i2c.o [20]
I2C_GenerateReStart        0x3'4427    0x52  Code  Gb  hc32f460_i2c.o [20]
I2C_GenerateStart          0x3'43d5    0x52  Code  Gb  hc32f460_i2c.o [20]
I2C_GenerateStop           0x3'4479    0x52  Code  Gb  hc32f460_i2c.o [20]
I2C_GetStatus              0x3'48dd    0xa0  Code  Gb  hc32f460_i2c.o [20]
I2C_Init                   0x3'473d    0xd6  Code  Gb  hc32f460_i2c.o [20]
I2C_MasterDataReceiveAndStop
                           0x3'4cf1    0xd4  Code  Gb  hc32f460_i2c.o [20]
I2C_ReadData               0x3'4a4d    0x2e  Code  Gb  hc32f460_i2c.o [20]
I2C_Restart                0x3'4b3b    0x4c  Code  Gb  hc32f460_i2c.o [20]
I2C_SoftwareResetCmd       0x3'49bf    0x56  Code  Gb  hc32f460_i2c.o [20]
I2C_Start                  0x3'4adb    0x60  Code  Gb  hc32f460_i2c.o [20]
I2C_Stop                   0x3'4dc5    0x56  Code  Gb  hc32f460_i2c.o [20]
I2C_TransAddr              0x3'4b87    0xcc  Code  Gb  hc32f460_i2c.o [20]
I2C_TransData              0x3'4c53    0x9e  Code  Gb  hc32f460_i2c.o [20]
I2C_WaitStatus             0x3'4395    0x40  Code  Gb  hc32f460_i2c.o [20]
I2C_WriteData              0x3'4a15    0x30  Code  Gb  hc32f460_i2c.o [20]
I2C_XYC_ALS_Master_Receive
                           0x3'3d31    0xd4  Code  Gb  drv_IIC.o [22]
I2C_XYC_ALS_Master_Transmit
                           0x3'3cad    0x78  Code  Gb  drv_IIC.o [22]
IRQ000_Handler             0x1'e2dd    0x12  Code  Gb  hc32f460_interrupts.o [20]
IRQ001_Handler             0x1'e2ef    0x12  Code  Gb  hc32f460_interrupts.o [20]
IRQ002_Handler             0x1'e301    0x12  Code  Gb  hc32f460_interrupts.o [20]
IRQ003_Handler             0x1'e313    0x12  Code  Gb  hc32f460_interrupts.o [20]
IRQ004_Handler             0x1'e325    0x12  Code  Gb  hc32f460_interrupts.o [20]
IRQ005_Handler             0x1'e337    0x12  Code  Gb  hc32f460_interrupts.o [20]
IRQ006_Handler             0x1'e349    0x12  Code  Gb  hc32f460_interrupts.o [20]
IRQ007_Handler             0x1'e35b    0x12  Code  Gb  hc32f460_interrupts.o [20]
IRQ008_Handler             0x1'e36d    0x12  Code  Gb  hc32f460_interrupts.o [20]
IRQ009_Handler             0x1'e37f    0x12  Code  Gb  hc32f460_interrupts.o [20]
IRQ010_Handler             0x1'e391    0x12  Code  Gb  hc32f460_interrupts.o [20]
IRQ011_Handler             0x1'e3a3    0x12  Code  Gb  hc32f460_interrupts.o [20]
IRQ012_Handler             0x1'e3b5    0x12  Code  Gb  hc32f460_interrupts.o [20]
IRQ013_Handler             0x1'e3c7    0x12  Code  Gb  hc32f460_interrupts.o [20]
IRQ014_Handler             0x1'e3d9    0x12  Code  Gb  hc32f460_interrupts.o [20]
IRQ015_Handler             0x1'e3eb    0x12  Code  Gb  hc32f460_interrupts.o [20]
IRQ016_Handler             0x1'e3fd    0x12  Code  Gb  hc32f460_interrupts.o [20]
IRQ017_Handler             0x1'e40f    0x12  Code  Gb  hc32f460_interrupts.o [20]
IRQ018_Handler             0x1'e421    0x12  Code  Gb  hc32f460_interrupts.o [20]
IRQ019_Handler             0x1'e433    0x12  Code  Gb  hc32f460_interrupts.o [20]
IRQ020_Handler             0x1'e445    0x12  Code  Gb  hc32f460_interrupts.o [20]
IRQ021_Handler             0x1'e457    0x12  Code  Gb  hc32f460_interrupts.o [20]
IRQ022_Handler             0x1'e469    0x12  Code  Gb  hc32f460_interrupts.o [20]
IRQ023_Handler             0x1'e47b    0x12  Code  Gb  hc32f460_interrupts.o [20]
IRQ024_Handler             0x1'e48d    0x12  Code  Gb  hc32f460_interrupts.o [20]
IRQ025_Handler             0x1'e49f    0x12  Code  Gb  hc32f460_interrupts.o [20]
IRQ026_Handler             0x1'e4b1    0x12  Code  Gb  hc32f460_interrupts.o [20]
IRQ027_Handler             0x1'e4c3    0x12  Code  Gb  hc32f460_interrupts.o [20]
IRQ028_Handler             0x1'e4d5    0x12  Code  Gb  hc32f460_interrupts.o [20]
IRQ029_Handler             0x1'e4e7    0x12  Code  Gb  hc32f460_interrupts.o [20]
IRQ030_Handler             0x1'e4f9    0x12  Code  Gb  hc32f460_interrupts.o [20]
IRQ031_Handler             0x1'e50b    0x12  Code  Gb  hc32f460_interrupts.o [20]
IRQ032_Handler             0x1'e51d    0x16  Code  Gb  hc32f460_interrupts.o [20]
IRQ033_Handler             0x1'e533    0x16  Code  Gb  hc32f460_interrupts.o [20]
IRQ034_Handler             0x1'e549    0x16  Code  Gb  hc32f460_interrupts.o [20]
IRQ035_Handler             0x1'e55f    0x16  Code  Gb  hc32f460_interrupts.o [20]
IRQ036_Handler             0x1'e575    0x16  Code  Gb  hc32f460_interrupts.o [20]
IRQ037_Handler             0x1'e58b    0x16  Code  Gb  hc32f460_interrupts.o [20]
IRQ038_Handler             0x1'e5a1    0x16  Code  Gb  hc32f460_interrupts.o [20]
IRQ039_Handler             0x1'e5b7    0x16  Code  Gb  hc32f460_interrupts.o [20]
IRQ040_Handler             0x1'e5cd    0x16  Code  Gb  hc32f460_interrupts.o [20]
IRQ041_Handler             0x1'e5e3    0x16  Code  Gb  hc32f460_interrupts.o [20]
IRQ042_Handler             0x1'e5f9    0x16  Code  Gb  hc32f460_interrupts.o [20]
IRQ043_Handler             0x1'e60f    0x16  Code  Gb  hc32f460_interrupts.o [20]
IRQ044_Handler             0x1'e625    0x16  Code  Gb  hc32f460_interrupts.o [20]
IRQ045_Handler             0x1'e63b    0x16  Code  Gb  hc32f460_interrupts.o [20]
IRQ046_Handler             0x1'e651    0x16  Code  Gb  hc32f460_interrupts.o [20]
IRQ047_Handler             0x1'e667    0x16  Code  Gb  hc32f460_interrupts.o [20]
IRQ048_Handler             0x1'e67d    0x16  Code  Gb  hc32f460_interrupts.o [20]
IRQ049_Handler             0x1'e693    0x16  Code  Gb  hc32f460_interrupts.o [20]
IRQ050_Handler             0x1'e6a9    0x16  Code  Gb  hc32f460_interrupts.o [20]
IRQ051_Handler             0x1'e6bf    0x16  Code  Gb  hc32f460_interrupts.o [20]
IRQ052_Handler             0x1'e6d5    0x16  Code  Gb  hc32f460_interrupts.o [20]
IRQ053_Handler             0x1'e6eb    0x16  Code  Gb  hc32f460_interrupts.o [20]
IRQ054_Handler             0x1'e701    0x16  Code  Gb  hc32f460_interrupts.o [20]
IRQ055_Handler             0x1'e717    0x16  Code  Gb  hc32f460_interrupts.o [20]
IRQ056_Handler             0x1'e72d    0x16  Code  Gb  hc32f460_interrupts.o [20]
IRQ057_Handler             0x1'e743    0x16  Code  Gb  hc32f460_interrupts.o [20]
IRQ058_Handler             0x1'e759    0x16  Code  Gb  hc32f460_interrupts.o [20]
IRQ059_Handler             0x1'e76f    0x16  Code  Gb  hc32f460_interrupts.o [20]
IRQ060_Handler             0x1'e785    0x16  Code  Gb  hc32f460_interrupts.o [20]
IRQ061_Handler             0x1'e79b    0x16  Code  Gb  hc32f460_interrupts.o [20]
IRQ062_Handler             0x1'e7b1    0x16  Code  Gb  hc32f460_interrupts.o [20]
IRQ063_Handler             0x1'e7c7    0x16  Code  Gb  hc32f460_interrupts.o [20]
[...]
func_Enter_LowPower_Stop_Mode
                           0x2'11db   0x11a  Code  Gb  Mainloop.o [9]
func_Flow_View_Show        0x2'93e1   0x1a2  Code  Gb  Display.o [11]
func_GPSData_View_Show     0x2'a2b9   0x138  Code  Gb  Display.o [11]
func_Get_BlackLightDataUploadCMD_Data
                           0x1'48df   0x186  Code  Gb  4G_EC200U.o [1]
func_Get_DataUploadCMD_Data
                           0x1'4af1  0x14ce  Code  Gb  4G_EC200U.o [1]
func_Get_DevRegCMD_Data
                           0x1'434d   0x532  Code  Gb  4G_EC200U.o [1]
func_Get_DevStatusCMD_Data
                           0x1'685d   0x388  Code  Gb  4G_EC200U.o [1]
func_Get_DevStatusData     0x1'66f1   0x166  Code  Gb  4G_EC200U.o [1]
func_Get_Device_MeasData_Record
                           0x1'a3d3    0x1a  Code  Gb  drv_Storage_W25Q128.o [16]
func_Get_Device_Sensors_Value
                           0x2'151d   0x346  Code  Gb  Mainloop.o [9]
func_Get_Device_Sensors_Value::ucChangeCnt
                        0x1fff'9d24     0x1  Data  Lc  Mainloop.o [9]
func_Get_Device_Sensors_Value::ucRetryCnt
                        0x1fff'9d23     0x1  Data  Lc  Mainloop.o [9]
func_Get_GetConfigResult_CMD
                           0x2'f015   0x83e  Code  Gb  MQTT_SK.o [7]
func_Get_HX_Radar_Level_Addr
                           0x2'bb4d    0xe8  Code  Gb  ModbusRTU.o [10]
func_Get_MBCRC16           0x2'a61d    0x40  Code  Gb  ModbusRTU.o [10]
func_Get_Meas_BY_HX_Integrated_Conductivity_Sensor_Value
                           0x2'ac13   0x200  Code  Gb  ModbusRTU.o [10]
func_Get_Meas_BY_HX_Radar_Level_Sensor_Value
                           0x2'b0e9   0x1a2  Code  Gb  ModbusRTU.o [10]
func_Get_Meas_HX_Flow_Sensor_Value
                           0x2'c0a5   0x28c  Code  Gb  ModbusRTU.o [10]
func_Get_Meas_HX_Radar_Ultrasonic_Flow_Sensor_Value
                           0x2'bd15   0x382  Code  Gb  ModbusRTU.o [10]
func_Get_Meas_HX_WaterQuality_COD_Sensor_Value
                           0x2'c335   0x22e  Code  Gb  ModbusRTU.o [10]
func_Get_Meas_HZ_Integrated_Conductivity_Sensor_Value
                           0x2'ae13   0x2d2  Code  Gb  ModbusRTU.o [10]
func_Get_Meas_HZ_Radar_Level_Sensor_Value
                           0x2'b8f9   0x250  Code  Gb  ModbusRTU.o [10]
func_Get_Meas_HZ_Radar_Ultrasonic_Flow_Sensor_Value
                           0x2'b429   0x4cc  Code  Gb  ModbusRTU.o [10]
func_Get_Meas_Pressure_Level_Sensor_Value
                           0x2'b29d   0x17e  Code  Gb  ModbusRTU.o [10]
func_Get_Photo_Data        0x2'c799   0x11e  Code  Gb  ModbusRTU.o [10]
func_Get_Server_MQTT_Dispose
                           0x2'2215    0x9e  Code  Gb  Mainloop.o [9]
func_Get_SetConfigResult_CMD
                           0x2'd009    0x62  Code  Gb  MQTT_SK.o [7]
func_Get_StatusUploadCMD_Data
                           0x1'5fc9   0x70c  Code  Gb  4G_EC200U.o [1]
func_LowPower_Stop_Mode_Init
                           0x2'12f5    0x4c  Code  Gb  Mainloop.o [9]
func_MQTT_SK_Init          0x2'fd75     0xc  Code  Gb  MQTT_SK.o [7]
func_Mainloop_Init         0x2'11bf     0xe  Code  Gb  Mainloop.o [9]
func_Meas_Sensor_Dispose
                           0x2'c8c1   0x344  Code  Gb  ModbusRTU.o [10]
func_Meas_Sensor_PowerDown_DeInit
                           0x2'13d5    0x8c  Code  Gb  Mainloop.o [9]
func_Meas_Sensor_PowerOn_Init
                           0x2'1341    0x94  Code  Gb  Mainloop.o [9]
func_Meas_Sensor_Value_View_Show
                           0x2'a1fd    0xba  Code  Gb  Display.o [11]
func_Measure_Data_View_Show
                           0x2'98df   0x264  Code  Gb  Display.o [11]
func_Measure_WaterLevel_View_Show
                           0x2'9b45   0x3c0  Code  Gb  Display.o [11]
func_Measure_Water_Quality_View_Show
                           0x2'9f09   0x2f0  Code  Gb  Display.o [11]
func_NFC_Check_Dispose     0x2'1461    0x92  Code  Gb  Mainloop.o [9]
func_NoSensor_View_Show
                           0x2'9895    0x4a  Code  Gb  Display.o [11]
func_Not_Certified_View_Show
                           0x2'9095    0x7c  Code  Gb  Display.o [11]
func_OLED_PowerDown_DeInit
                           0x2'71dd    0x64  Code  Gb  OLED.o [11]
func_OLED_PowerUp_Init     0x2'70c9   0x114  Code  Gb  OLED.o [11]
func_OTS_Temperature_GetValue
                           0x2'cf95    0x14  Code  Gb  drv_OTS_Temperature.o [23]
func_PowerOn_View_Show     0x2'a589    0x60  Code  Gb  Display.o [11]
func_RF_NFC_PowerDown_DeInit
                           0x2'7b89    0x66  Code  Gb  RF_NFC.o [13]
func_RXNTTL518_Init        0x2'7df5    0x34  Code  Gb  RXNTTL518.o [14]
func_ReadPhoto_XYC_ALS_Data
                           0x2'8189    0x58  Code  Gb  Photosensitive_XYC_ALS.o [12]
func_Read_RXNTTL518_Version
                           0x2'7d43     0xe  Code  Gb  RXNTTL518.o [14]
func_Rts_Control_And_SendData
                           0x2'ab35    0xde  Code  Gb  ModbusRTU.o [10]
func_Save_Device_MeasData
                           0x1'a3b5    0x1e  Code  Gb  drv_Storage_W25Q128.o [16]
func_Save_Device_MeasRecord_Dispose
                           0x2'188d   0x58e  Code  Gb  Mainloop.o [9]
func_Save_Device_MeasRecord_Dispose::ucRecordFlag
                        0x1fff'9d25     0x1  Data  Lc  Mainloop.o [9]
func_Save_Device_MeasRecord_Dispose::ucSaveRecordFlag
                        0x1fff'9d26     0x1  Data  Lc  Mainloop.o [9]
func_Save_Device_Parameter
                           0x1'8c7d  0x1738  Code  Gb  drv_Storage_W25Q128.o [16]
func_Search_Card           0x2'7d51    0xa4  Code  Gb  RXNTTL518.o [14]
func_Send_CMD              0x2'7c57    0xec  Code  Gb  RXNTTL518.o [14]
func_Set_BlackLight_Move_AT_CMD
                           0x2'c563    0xb2  Code  Gb  ModbusRTU.o [10]
func_Set_Camera_Photo_CMD
                           0x2'c6af    0xe4  Code  Gb  ModbusRTU.o [10]
func_Set_HX_Radar_Level_Addr
                           0x2'bc39    0xd8  Code  Gb  ModbusRTU.o [10]
func_SystemPara_Init       0x1'be05    0x16  Code  Gb  User_Data.o [17]
func_System_Mainloop_Dispose
                           0x2'22c5   0x2fe  Code  Gb  Mainloop.o [9]
func_System_Soft_Reset     0x2'11cd     0xe  Code  Gb  Mainloop.o [9]
func_WatchDog_Refresh      0x1'ab17    0x1e  Code  Gb  WatchDog.o [18]
func_WaterLevel_View_Show
                           0x2'9189   0x250  Code  Gb  Display.o [11]
func_diplay_NFCCheck_Menu
                           0x2'8b49    0x7a  Code  Gb  Display.o [11]
func_display_Authorize_Menu
                           0x2'8ab9    0x90  Code  Gb  Display.o [11]
func_display_ConnectPhone_Menu
                           0x2'8bc3    0xb0  Code  Gb  Display.o [11]
func_display_PowerOn_Menu
                           0x2'8aa9    0x10  Code  Gb  Display.o [11]
func_display_string        0x2'73cd   0x7a8  Code  Gb  OLED.o [11]
func_sprintf_metricsystem
                           0x2'84bd   0x426  Code  Gb  Display.o [11]
gE_4G_Module_Init_CMD   0x1fff'9d31     0x1  Data  Gb  User_Data.o [17]
gSt_DevMeasRecordData   0x1fff'9bcc    0x2c  Data  Gb  User_Data.o [17]
gSt_systemPara          0x2001'0000  0xff08  Data  Lc  User_Data.o [17]
g_ATE_CMD               0x1fff'8394     0x8  Data  Lc  BT_TB05.o [2]
g_AT_CMD                0x1fff'839c     0x4  Data  Lc  BT_TB05.o [2]
g_AT_RESET_CMD          0x1fff'8360    0x20  Data  Lc  BT_TB05.o [2]
g_AT_SSID_CMD           0x1fff'833c    0x24  Data  Lc  BT_TB05.o [2]
g_Ble_SSID              0x1fff'8380    0x14  Data  Gb  BT_TB05.o [2]
g_sSKLogo_New              0x3'8398   0x400  Data  Gb  Font.o [11]
g_sint8_Font_16x10_12864
                           0x3'74ac   0x5a0  Data  Gb  Font.o [11]
g_sint8_Font_16x12_12864
                           0x3'5ad4   0x780  Data  Gb  Font.o [11]
g_sint8_Font_6x12_AsciiDot
                           0x3'7a4c   0x4c8  Data  Gb  Font.o [11]
gc_SystemPosi           0x1fff'9d30     0x1  Data  Gb  User_Data.o [17]
gfunc_DateString_process
                           0x2'88ed   0x1bc  Code  Gb  Display.o [11]
gfunc_Modbus_Matching      0x3'188d   0x188  Code  Gb  ModbusRTU_Device_BT.o [10]
gs_DeviceDefaultPara    0x1fff'8000   0x1b0  Data  Gb  User_Data.o [17]
guc_ERR13DelayCnt       0x1fff'9d0d     0x1  Data  Gb  BT_TB05.o [2]
guc_HX_RadarLevel_Addr  0x1fff'9d28     0x1  Data  Gb  ModbusRTU.o [10]
guc_LcdDipRevesAttr     0x1fff'9d2e     0x1  Data  Gb  User_Data.o [17]
guc_NFCPWRInitFlag      0x1fff'9d2c     0x1  Data  Gb  User_Data.o [17]
guc_NFC_Card_Flag       0x1fff'9d2f     0x1  Data  Gb  User_Data.o [17]
guc_NFC_Card_ID         0x1fff'81b0    0x8c  Data  Gb  RXNTTL518.o [14]
guc_OLED_Buf            0x1fff'93b0   0x400  Data  Gb  User_Data.o [17]
guc_RTURecvArr          0x1fff'9b68    0x64  Data  Gb  User_Data.o [17]
guc_SystemPowerInitFlag
                        0x1fff'9d2d     0x1  Data  Gb  User_Data.o [17]
guc_TextBDData          0x1fff'9c70    0x14  Data  Gb  User_Data.o [17]
guc_W25Q128_Buf         0x1fff'83b0  0x1000  Data  Gb  drv_Storage_W25Q128.o [16]
hex_to_str                 0x1'487f    0x60  Code  Gb  4G_EC200U.o [1]
isalpha                    0x2'4b21    0x14  Code  Gb  isalpha.o [29]
isspace                    0x2'4b0d    0x14  Code  Gb  isspace.o [29]
lcd_address                0x2'7241    0x28  Code  Gb  OLED.o [11]
ldexp                      0x2'4ee5          Code  Gb  ldexp.o [30]
ldexpl                     0x2'4ee5          Code  Gb  ldexp.o [30]
lmos                       0x1'fb40    0x18  Data  Lc  xDaysTo64.o [29]
lnbias                     0x3'7f78   0x420  Data  Lc  pow64.o [30]
localeconv                 0x2'4b75     0x4  Code  Gb  xlocale_c.o [29]
m_au16Adc1Value         0x1fff'9c24    0x24  Data  Lc  drv_ADC.o [21]
m_au16Adc2Value         0x1fff'9c48    0x14  Data  Lc  drv_ADC.o [21]
m_f32OffsetM            0x1fff'9cc0     0x4  Data  Lc  hc32f460_ots.o [20]
m_f32SlopeK             0x1fff'9cbc     0x4  Data  Lc  hc32f460_ots.o [20]
m_stcSysclkCfg          0x1fff'9c90     0x8  Data  Lc  main.o [28]
main                       0x3'646d   0x4e8  Code  Gb  main.o [28]
main::ucMonitorFlag     0x1fff'9d21     0x1  Data  Lc  main.o [28]
main::ucRetryCnt        0x1fff'9d22     0x1  Data  Lc  main.o [28]
memchr                     0x2'52bd          Code  Gb  memchr.o [31]
memcmp                     0x2'4819          Code  Gb  memcmp.o [31]
mktime                     0x1'8725    0xe0  Code  Gb  mktime64.o [29]
mos                        0x1'fb58    0x18  Data  Lc  xDaysTo64.o [29]
nackFlag                0x1fff'9d0e     0x1  Data  Gb  drv_IIC.o [22]
ndigs                      0x3'9384    0x28  Data  Lc  iar_Stoulx.o [29]
ndigs                      0x3'93d4    0x28  Data  Lc  iar_Stoullx.o [29]
now                     0x1fff'9c88     0x8  Data  Gb  4G_EC200U.o [1]
pfnNmiCallback          0x1fff'9cb8     0x4  Data  Lc  hc32f460_exint_nmi_swi.o [20]
pow                        0x3'4ef1   0x68c  Code  Gb  pow64.o [30]
powl                       0x3'4ef1   0x68c  Code  Gb  pow64.o [30]
pows                       0x3'98c0    0x48  Data  Lc  strto64.o [30]
prveMBError2Exception      0x2'fe6d    0x26  Code  Gb  ModbusRTU_Device_BT.o [10]
pst_BDSystemPara        0x1fff'9cc4     0x4  Data  Lc  LC86L_BD.o [3]
pst_BTSystemPara        0x1fff'9ca0     0x4  Data  Lc  BT_TB05.o [2]
pst_EC200USystemPara    0x1fff'9c84     0x4  Data  Lc  4G_EC200U.o [1]
pst_LoraSystemPara      0x1fff'9cc8     0x4  Data  Lc  Lora_TP1109.o [6]
pst_MBSystemPara        0x1fff'9cd8     0x4  Data  Gb  ModbusRTU.o [10]
pst_MQTTSystemPara      0x1fff'9ce4     0x4  Data  Lc  MQTT_SK.o [7]
pst_MagSystemPara       0x1fff'9ccc     0x4  Data  Lc  Magnetic_Bar.o [8]
pst_MainSystemPara      0x1fff'9cd0     0x4  Data  Lc  main.o [28]
pst_MainloopSystemPara  0x1fff'9cd4     0x4  Data  Lc  Mainloop.o [9]
pst_OLEDSystemPara      0x1fff'9ce8     0x4  Data  Gb  OLED.o [11]
pst_PhotoSystemPara     0x1fff'9cec     0x4  Data  Lc  Photosensitive_XYC_ALS.o [12]
pst_RTCSystemPara       0x1fff'9ca4     0x4  Data  Lc  drv_RTC.o [24]
pst_RXNTTLSystemPara    0x1fff'9cf0     0x4  Data  Lc  RXNTTL518.o [14]
pst_SC7A20SystemPara    0x1fff'9ca8     0x4  Data  Lc  drv_SC7A20H.o [15]
pst_TimerSystemPara     0x1fff'9cb0     0x4  Data  Lc  drv_Timer.o [26]
pst_UsartSystemPara     0x1fff'9cb4     0x4  Data  Lc  drv_USART.o [27]
pst_W25Q128SystemPara   0x1fff'9cac     0x4  Data  Gb  drv_Storage_W25Q128.o [16]
pucSndBufferCur         0x1fff'9cdc     0x4  Data  Lc  ModbusRTU_Device_BT.o [10]
ranmatch                   0x1'f853    0x46  Code  Lc  xscanffull_nomb.o [29]
scalbln                    0x2'4ee5          Code  Gb  ldexp.o [30]
scalblnl                   0x2'4ee5          Code  Gb  ldexp.o [30]
scalbn                     0x2'4ee5          Code  Gb  ldexp.o [30]
scalbnl                    0x2'4ee5          Code  Gb  ldexp.o [30]
scale                      0x2'08f7    0x46  Code  Lc  xprintflarge_nomb.o [29]
sec_hand                0x1fff'9cf8     0x4  Data  Lc  xfail_s.o [29]
sprintf                    0x1'8805    0x40  Code  Gb  sprintf.o [29]
sqrt                       0x3'3ec1          Code  Gb  sqrt.o [30]
sqrtl                      0x3'3ec1          Code  Gb  sqrt.o [30]
sscanf                     0x1'86fd    0x28  Code  Gb  sscanf.o [29]
st_TempValue            0x1fff'99b0   0x1b8  Data  Gb  4G_EC200U.o [1]
strcat                     0x1'887b    0x1e  Code  Gb  strcat.o [29]
strchr                     0x1'ed11          Code  Gb  strchr.o [31]
strcmp                     0x2'2601          Code  Gb  strcmp.o [31]
strcpy                     0x1'aad1          Code  Gb  strcpy.o [31]
strcspn                    0x3'559f    0x22  Code  Gb  strcspn.o [29]
strlen                     0x1'8845          Code  Gb  strlen.o [31]
strncmp                    0x3'3e85    0x2a  Code  Gb  strncmp.o [29]
strspn                     0x3'557d    0x22  Code  Gb  strspn.o [29]
strstr                     0x2'cfdd    0x2c  Code  Gb  strstr.o [29]
strtok                     0x3'41e1    0x4c  Code  Gb  strtok.o [29]
strtoll                    0x2'5275     0x2  Code  Gb  iar_Stollx.o [29]
strtoull                   0x2'51cd     0x2  Code  Gb  iar_Stoullx.o [29]
tolower                    0x3'228d    0x14  Code  Gb  tolower.o [29]
u32ICG                        0x400    0x20  Data  Gb  hc32f460_icg.o [20]
u8HrcState              0x1fff'9d1d     0x1  Data  Gb  hc32f460_pwc.o [20]
u8MrcState              0x1fff'9d1e     0x1  Data  Gb  hc32f460_pwc.o [20]
u8StopFlag              0x1fff'9d20     0x1  Data  Gb  hc32f460_pwc.o [20]
u8SysClkSrc             0x1fff'83ac     0x1  Data  Gb  hc32f460_pwc.o [20]
u8WkupIntCnt            0x1fff'9d1f     0x1  Data  Gb  hc32f460_pwc.o [20]
ucMeasSensorExistFlag   0x1fff'9d09     0x1  Data  Gb  4G_EC200U.o [1]
ucMeasWaterVolumeFlag   0x1fff'9d08     0x1  Data  Gb  4G_EC200U.o [1]
ucRecordCnt             0x1fff'9d04     0x1  Data  Gb  4G_EC200U.o [1]
ucWaterLevel_Radar_Flag
                        0x1fff'9d05     0x1  Data  Gb  4G_EC200U.o [1]
ucWaterQuality_COD_Flag
                        0x1fff'9d06     0x1  Data  Gb  4G_EC200U.o [1]
ucWaterQuality_COND_Flag
                        0x1fff'9d07     0x1  Data  Gb  4G_EC200U.o [1]
ulRecordCnt             0x1fff'9c9c     0x4  Data  Gb  4G_EC200U.o [1]
ulTime                  0x1fff'9c98     0x4  Data  Gb  4G_EC200U.o [1]
usRcvBufferPos          0x1fff'9d00     0x2  Data  Lc  ModbusRTU_Device_BT.o [10]
xFuncHandlers           0x1fff'823c    0x80  Data  Lc  ModbusRTU_Device_BT.o [10]


[1] = D:\Myself\WorkProcess\SK\HC32F460_WorkProcess\example\Source\Pipe_Monitor\Pipe_Monitor_App\EWARM\output\debug\Obj\4G_EC200U_8582873453978518366.dir
[2] = D:\Myself\WorkProcess\SK\HC32F460_WorkProcess\example\Source\Pipe_Monitor\Pipe_Monitor_App\EWARM\output\debug\Obj\BT_TB05_12041724360499981866.dir
[3] = D:\Myself\WorkProcess\SK\HC32F460_WorkProcess\example\Source\Pipe_Monitor\Pipe_Monitor_App\EWARM\output\debug\Obj\LC86L_BD_9822625824417385734.dir
[4] = D:\Myself\WorkProcess\SK\HC32F460_WorkProcess\example\Source\Pipe_Monitor\Pipe_Monitor_App\EWARM\output\debug\Obj\LKT4202_1925765440156868983.dir
[5] = D:\Myself\WorkProcess\SK\HC32F460_WorkProcess\example\Source\Pipe_Monitor\Pipe_Monitor_App\EWARM\output\debug\Obj\LoRa_RA02_5139138412578801246.dir
[6] = D:\Myself\WorkProcess\SK\HC32F460_WorkProcess\example\Source\Pipe_Monitor\Pipe_Monitor_App\EWARM\output\debug\Obj\Lora_TP1109_151720617378073083.dir
[7] = D:\Myself\WorkProcess\SK\HC32F460_WorkProcess\example\Source\Pipe_Monitor\Pipe_Monitor_App\EWARM\output\debug\Obj\MQTT_SK_4724149239023757000.dir
[8] = D:\Myself\WorkProcess\SK\HC32F460_WorkProcess\example\Source\Pipe_Monitor\Pipe_Monitor_App\EWARM\output\debug\Obj\Magnetic_Bar_17520218520042908049.dir
[9] = D:\Myself\WorkProcess\SK\HC32F460_WorkProcess\example\Source\Pipe_Monitor\Pipe_Monitor_App\EWARM\output\debug\Obj\Mainloop_18272944273632151421.dir
[10] = D:\Myself\WorkProcess\SK\HC32F460_WorkProcess\example\Source\Pipe_Monitor\Pipe_Monitor_App\EWARM\output\debug\Obj\ModbusRTU_17682219295068567368.dir
[11] = D:\Myself\WorkProcess\SK\HC32F460_WorkProcess\example\Source\Pipe_Monitor\Pipe_Monitor_App\EWARM\output\debug\Obj\OLED_13473777563621607307.dir
[12] = D:\Myself\WorkProcess\SK\HC32F460_WorkProcess\example\Source\Pipe_Monitor\Pipe_Monitor_App\EWARM\output\debug\Obj\Photosensitive_XYC_ALS_28064708180949255.dir
[13] = D:\Myself\WorkProcess\SK\HC32F460_WorkProcess\example\Source\Pipe_Monitor\Pipe_Monitor_App\EWARM\output\debug\Obj\RF_NFC_10628150809568064830.dir
[14] = D:\Myself\WorkProcess\SK\HC32F460_WorkProcess\example\Source\Pipe_Monitor\Pipe_Monitor_App\EWARM\output\debug\Obj\RXNTTL518_17808510930951076202.dir
[15] = D:\Myself\WorkProcess\SK\HC32F460_WorkProcess\example\Source\Pipe_Monitor\Pipe_Monitor_App\EWARM\output\debug\Obj\SC7A20H_13085057635104233901.dir
[16] = D:\Myself\WorkProcess\SK\HC32F460_WorkProcess\example\Source\Pipe_Monitor\Pipe_Monitor_App\EWARM\output\debug\Obj\Storage_W25Q128_4738127093883701884.dir
[17] = D:\Myself\WorkProcess\SK\HC32F460_WorkProcess\example\Source\Pipe_Monitor\Pipe_Monitor_App\EWARM\output\debug\Obj\User_Data_5391006662705040797.dir
[18] = D:\Myself\WorkProcess\SK\HC32F460_WorkProcess\example\Source\Pipe_Monitor\Pipe_Monitor_App\EWARM\output\debug\Obj\WatchDog_9188475617120297074.dir
[19] = D:\Myself\WorkProcess\SK\HC32F460_WorkProcess\example\Source\Pipe_Monitor\Pipe_Monitor_App\EWARM\output\debug\Obj\common_14919461937644757070.dir
[20] = D:\Myself\WorkProcess\SK\HC32F460_WorkProcess\example\Source\Pipe_Monitor\Pipe_Monitor_App\EWARM\output\debug\Obj\driver_11944700488488147666.dir
[21] = D:\Myself\WorkProcess\SK\HC32F460_WorkProcess\example\Source\Pipe_Monitor\Pipe_Monitor_App\EWARM\output\debug\Obj\drv_ADC_15186207816091091275.dir
[22] = D:\Myself\WorkProcess\SK\HC32F460_WorkProcess\example\Source\Pipe_Monitor\Pipe_Monitor_App\EWARM\output\debug\Obj\drv_IIC_18060258103304213159.dir
[23] = D:\Myself\WorkProcess\SK\HC32F460_WorkProcess\example\Source\Pipe_Monitor\Pipe_Monitor_App\EWARM\output\debug\Obj\drv_OTS_Temperature_13039655784802445445.dir
[24] = D:\Myself\WorkProcess\SK\HC32F460_WorkProcess\example\Source\Pipe_Monitor\Pipe_Monitor_App\EWARM\output\debug\Obj\drv_RTC_2577979922006117733.dir
[25] = D:\Myself\WorkProcess\SK\HC32F460_WorkProcess\example\Source\Pipe_Monitor\Pipe_Monitor_App\EWARM\output\debug\Obj\drv_SPI_4333388098947449637.dir
[26] = D:\Myself\WorkProcess\SK\HC32F460_WorkProcess\example\Source\Pipe_Monitor\Pipe_Monitor_App\EWARM\output\debug\Obj\drv_Timer_6973001687617930806.dir
[27] = D:\Myself\WorkProcess\SK\HC32F460_WorkProcess\example\Source\Pipe_Monitor\Pipe_Monitor_App\EWARM\output\debug\Obj\drv_USART_14144334009435087269.dir
[28] = D:\Myself\WorkProcess\SK\HC32F460_WorkProcess\example\Source\Pipe_Monitor\Pipe_Monitor_App\EWARM\output\debug\Obj\source_5634686896477721948.dir
[29] = dl7M_tlf.a
[30] = m7M_tls.a
[31] = rt7M_tl.a
[32] = shb_l.a

  143'129 bytes of readonly  code memory
   16'248 bytes of readonly  data memory (+ 32 absolute)
   80'953 bytes of readwrite data memory

Errors: none
Warnings: none
