###############################################################################
#
# IAR ELF Linker V9.40.1.364/W64 for ARM                  17/Sep/2025  15:50:59
# Copyright 2007-2023 IAR Systems AB.
#
#    Output file  =
#        D:\Myself\WorkProcess\SK\HC32F460_WorkProcess\example\Source\Pipe_Monitor\Pipe_Monitor_App\EWARM\output\debug\Exe\Pipe_Monitor_App.out
#    Map file     =
#        D:\Myself\WorkProcess\SK\HC32F460_WorkProcess\example\Source\Pipe_Monitor\Pipe_Monitor_App\EWARM\output\debug\List\Pipe_Monitor_App.map
#    Command line =
#        -f
#        D:\Myself\WorkProcess\SK\HC32F460_WorkProcess\example\Source\Pipe_Monitor\Pipe_Monitor_App\EWARM\output\debug\Exe\Pipe_Monitor_App.out.rsp
#        (D:\Myself\WorkProcess\SK\HC32F460_WorkProcess\example\Source\Pipe_Monitor\Pipe_Monitor_App\EWARM\output\debug\Obj\4G_EC200U_8582873453978518366.dir\4G_EC200U.o
#        D:\Myself\WorkProcess\SK\HC32F460_WorkProcess\example\Source\Pipe_Monitor\Pipe_Monitor_App\EWARM\output\debug\Obj\BT_TB05_12041724360499981866.dir\BT_TB05.o
#        D:\Myself\WorkProcess\SK\HC32F460_WorkProcess\example\Source\Pipe_Monitor\Pipe_Monitor_App\EWARM\output\debug\Obj\OLED_13473777563621607307.dir\Display.o
#        D:\Myself\WorkProcess\SK\HC32F460_WorkProcess\example\Source\Pipe_Monitor\Pipe_Monitor_App\EWARM\output\debug\Obj\drv_ADC_15186207816091091275.dir\drv_ADC.o
#        D:\Myself\WorkProcess\SK\HC32F460_WorkProcess\example\Source\Pipe_Monitor\Pipe_Monitor_App\EWARM\output\debug\Obj\drv_IIC_18060258103304213159.dir\drv_IIC.o
#        D:\Myself\WorkProcess\SK\HC32F460_WorkProcess\example\Source\Pipe_Monitor\Pipe_Monitor_App\EWARM\output\debug\Obj\LKT4202_1925765440156868983.dir\drv_LKT4202.o
#        D:\Myself\WorkProcess\SK\HC32F460_WorkProcess\example\Source\Pipe_Monitor\Pipe_Monitor_App\EWARM\output\debug\Obj\drv_RTC_2577979922006117733.dir\drv_RTC.o
#        D:\Myself\WorkProcess\SK\HC32F460_WorkProcess\example\Source\Pipe_Monitor\Pipe_Monitor_App\EWARM\output\debug\Obj\SC7A20H_13085057635104233901.dir\drv_SC7A20H.o
#        D:\Myself\WorkProcess\SK\HC32F460_WorkProcess\example\Source\Pipe_Monitor\Pipe_Monitor_App\EWARM\output\debug\Obj\drv_SPI_4333388098947449637.dir\drv_SPI.o
#        D:\Myself\WorkProcess\SK\HC32F460_WorkProcess\example\Source\Pipe_Monitor\Pipe_Monitor_App\EWARM\output\debug\Obj\Storage_W25Q128_4738127093883701884.dir\drv_Storage_W25Q128.o
#        D:\Myself\WorkProcess\SK\HC32F460_WorkProcess\example\Source\Pipe_Monitor\Pipe_Monitor_App\EWARM\output\debug\Obj\drv_Timer_6973001687617930806.dir\drv_Timer.o
#        D:\Myself\WorkProcess\SK\HC32F460_WorkProcess\example\Source\Pipe_Monitor\Pipe_Monitor_App\EWARM\output\debug\Obj\drv_USART_14144334009435087269.dir\drv_USART.o
#        D:\Myself\WorkProcess\SK\HC32F460_WorkProcess\example\Source\Pipe_Monitor\Pipe_Monitor_App\EWARM\output\debug\Obj\RF_NFC_10628150809568064830.dir\fm175xx.o
#        D:\Myself\WorkProcess\SK\HC32F460_WorkProcess\example\Source\Pipe_Monitor\Pipe_Monitor_App\EWARM\output\debug\Obj\OLED_13473777563621607307.dir\Font.o
#        D:\Myself\WorkProcess\SK\HC32F460_WorkProcess\example\Source\Pipe_Monitor\Pipe_Monitor_App\EWARM\output\debug\Obj\driver_11944700488488147666.dir\hc32f460_adc.o
#        D:\Myself\WorkProcess\SK\HC32F460_WorkProcess\example\Source\Pipe_Monitor\Pipe_Monitor_App\EWARM\output\debug\Obj\driver_11944700488488147666.dir\hc32f460_clk.o
#        D:\Myself\WorkProcess\SK\HC32F460_WorkProcess\example\Source\Pipe_Monitor\Pipe_Monitor_App\EWARM\output\debug\Obj\driver_11944700488488147666.dir\hc32f460_dmac.o
#        D:\Myself\WorkProcess\SK\HC32F460_WorkProcess\example\Source\Pipe_Monitor\Pipe_Monitor_App\EWARM\output\debug\Obj\driver_11944700488488147666.dir\hc32f460_efm.o
#        D:\Myself\WorkProcess\SK\HC32F460_WorkProcess\example\Source\Pipe_Monitor\Pipe_Monitor_App\EWARM\output\debug\Obj\driver_11944700488488147666.dir\hc32f460_event_port.o
#        D:\Myself\WorkProcess\SK\HC32F460_WorkProcess\example\Source\Pipe_Monitor\Pipe_Monitor_App\EWARM\output\debug\Obj\driver_11944700488488147666.dir\hc32f460_exint_nmi_swi.o
#        D:\Myself\WorkProcess\SK\HC32F460_WorkProcess\example\Source\Pipe_Monitor\Pipe_Monitor_App\EWARM\output\debug\Obj\driver_11944700488488147666.dir\hc32f460_gpio.o
#        D:\Myself\WorkProcess\SK\HC32F460_WorkProcess\example\Source\Pipe_Monitor\Pipe_Monitor_App\EWARM\output\debug\Obj\driver_11944700488488147666.dir\hc32f460_i2c.o
#        D:\Myself\WorkProcess\SK\HC32F460_WorkProcess\example\Source\Pipe_Monitor\Pipe_Monitor_App\EWARM\output\debug\Obj\driver_11944700488488147666.dir\hc32f460_icg.o
#        D:\Myself\WorkProcess\SK\HC32F460_WorkProcess\example\Source\Pipe_Monitor\Pipe_Monitor_App\EWARM\output\debug\Obj\driver_11944700488488147666.dir\hc32f460_interrupts.o
#        D:\Myself\WorkProcess\SK\HC32F460_WorkProcess\example\Source\Pipe_Monitor\Pipe_Monitor_App\EWARM\output\debug\Obj\driver_11944700488488147666.dir\hc32f460_keyscan.o
#        D:\Myself\WorkProcess\SK\HC32F460_WorkProcess\example\Source\Pipe_Monitor\Pipe_Monitor_App\EWARM\output\debug\Obj\driver_11944700488488147666.dir\hc32f460_pwc.o
#        D:\Myself\WorkProcess\SK\HC32F460_WorkProcess\example\Source\Pipe_Monitor\Pipe_Monitor_App\EWARM\output\debug\Obj\driver_11944700488488147666.dir\hc32f460_rtc.o
#        D:\Myself\WorkProcess\SK\HC32F460_WorkProcess\example\Source\Pipe_Monitor\Pipe_Monitor_App\EWARM\output\debug\Obj\driver_11944700488488147666.dir\hc32f460_spi.o
#        D:\Myself\WorkProcess\SK\HC32F460_WorkProcess\example\Source\Pipe_Monitor\Pipe_Monitor_App\EWARM\output\debug\Obj\driver_11944700488488147666.dir\hc32f460_sram.o
#        D:\Myself\WorkProcess\SK\HC32F460_WorkProcess\example\Source\Pipe_Monitor\Pipe_Monitor_App\EWARM\output\debug\Obj\driver_11944700488488147666.dir\hc32f460_timer0.o
#        D:\Myself\WorkProcess\SK\HC32F460_WorkProcess\example\Source\Pipe_Monitor\Pipe_Monitor_App\EWARM\output\debug\Obj\driver_11944700488488147666.dir\hc32f460_timer4_cnt.o
#        D:\Myself\WorkProcess\SK\HC32F460_WorkProcess\example\Source\Pipe_Monitor\Pipe_Monitor_App\EWARM\output\debug\Obj\driver_11944700488488147666.dir\hc32f460_timer4_oco.o
#        D:\Myself\WorkProcess\SK\HC32F460_WorkProcess\example\Source\Pipe_Monitor\Pipe_Monitor_App\EWARM\output\debug\Obj\driver_11944700488488147666.dir\hc32f460_usart.o
#        D:\Myself\WorkProcess\SK\HC32F460_WorkProcess\example\Source\Pipe_Monitor\Pipe_Monitor_App\EWARM\output\debug\Obj\driver_11944700488488147666.dir\hc32f460_utility.o
#        D:\Myself\WorkProcess\SK\HC32F460_WorkProcess\example\Source\Pipe_Monitor\Pipe_Monitor_App\EWARM\output\debug\Obj\driver_11944700488488147666.dir\hc32f460_wdt.o
#        D:\Myself\WorkProcess\SK\HC32F460_WorkProcess\example\Source\Pipe_Monitor\Pipe_Monitor_App\EWARM\output\debug\Obj\LC86L_BD_9822625824417385734.dir\LC86L_BD.o
#        D:\Myself\WorkProcess\SK\HC32F460_WorkProcess\example\Source\Pipe_Monitor\Pipe_Monitor_App\EWARM\output\debug\Obj\LoRa_RA02_5139138412578801246.dir\LoRa_RA02.o
#        D:\Myself\WorkProcess\SK\HC32F460_WorkProcess\example\Source\Pipe_Monitor\Pipe_Monitor_App\EWARM\output\debug\Obj\Lora_TP1109_151720617378073083.dir\Lora_TP1109.o
#        D:\Myself\WorkProcess\SK\HC32F460_WorkProcess\example\Source\Pipe_Monitor\Pipe_Monitor_App\EWARM\output\debug\Obj\Magnetic_Bar_17520218520042908049.dir\Magnetic_Bar.o
#        D:\Myself\WorkProcess\SK\HC32F460_WorkProcess\example\Source\Pipe_Monitor\Pipe_Monitor_App\EWARM\output\debug\Obj\source_5634686896477721948.dir\main.o
#        D:\Myself\WorkProcess\SK\HC32F460_WorkProcess\example\Source\Pipe_Monitor\Pipe_Monitor_App\EWARM\output\debug\Obj\Mainloop_18272944273632151421.dir\Mainloop.o
#        D:\Myself\WorkProcess\SK\HC32F460_WorkProcess\example\Source\Pipe_Monitor\Pipe_Monitor_App\EWARM\output\debug\Obj\RF_NFC_10628150809568064830.dir\mifare_card.o
#        D:\Myself\WorkProcess\SK\HC32F460_WorkProcess\example\Source\Pipe_Monitor\Pipe_Monitor_App\EWARM\output\debug\Obj\ModbusRTU_17682219295068567368.dir\ModbusRTU.o
#        D:\Myself\WorkProcess\SK\HC32F460_WorkProcess\example\Source\Pipe_Monitor\Pipe_Monitor_App\EWARM\output\debug\Obj\ModbusRTU_17682219295068567368.dir\ModbusRTU_Device_BT.o
#        D:\Myself\WorkProcess\SK\HC32F460_WorkProcess\example\Source\Pipe_Monitor\Pipe_Monitor_App\EWARM\output\debug\Obj\MQTT_SK_4724149239023757000.dir\MQTT_SK.o
#        D:\Myself\WorkProcess\SK\HC32F460_WorkProcess\example\Source\Pipe_Monitor\Pipe_Monitor_App\EWARM\output\debug\Obj\OLED_13473777563621607307.dir\OLED.o
#        D:\Myself\WorkProcess\SK\HC32F460_WorkProcess\example\Source\Pipe_Monitor\Pipe_Monitor_App\EWARM\output\debug\Obj\Photosensitive_XYC_ALS_28064708180949255.dir\Photosensitive_XYC_ALS.o
#        D:\Myself\WorkProcess\SK\HC32F460_WorkProcess\example\Source\Pipe_Monitor\Pipe_Monitor_App\EWARM\output\debug\Obj\RF_NFC_10628150809568064830.dir\RF_NFC.o
#        D:\Myself\WorkProcess\SK\HC32F460_WorkProcess\example\Source\Pipe_Monitor\Pipe_Monitor_App\EWARM\output\debug\Obj\RXNTTL518_17808510930951076202.dir\RXNTTL518.o
#        D:\Myself\WorkProcess\SK\HC32F460_WorkProcess\example\Source\Pipe_Monitor\Pipe_Monitor_App\EWARM\output\debug\Obj\common_14919461937644757070.dir\startup_hc32f460.o
#        D:\Myself\WorkProcess\SK\HC32F460_WorkProcess\example\Source\Pipe_Monitor\Pipe_Monitor_App\EWARM\output\debug\Obj\common_14919461937644757070.dir\system_hc32f460.o
#        D:\Myself\WorkProcess\SK\HC32F460_WorkProcess\example\Source\Pipe_Monitor\Pipe_Monitor_App\EWARM\output\debug\Obj\RF_NFC_10628150809568064830.dir\type_a.o
#        D:\Myself\WorkProcess\SK\HC32F460_WorkProcess\example\Source\Pipe_Monitor\Pipe_Monitor_App\EWARM\output\debug\Obj\RF_NFC_10628150809568064830.dir\type_b.o
#        D:\Myself\WorkProcess\SK\HC32F460_WorkProcess\example\Source\Pipe_Monitor\Pipe_Monitor_App\EWARM\output\debug\Obj\User_Data_5391006662705040797.dir\User_Data.o
#        D:\Myself\WorkProcess\SK\HC32F460_WorkProcess\example\Source\Pipe_Monitor\Pipe_Monitor_App\EWARM\output\debug\Obj\WatchDog_9188475617120297074.dir\WatchDog.o
#        --no_out_extension -o
#        D:\Myself\WorkProcess\SK\HC32F460_WorkProcess\example\Source\Pipe_Monitor\Pipe_Monitor_App\EWARM\output\debug\Exe\Pipe_Monitor_App.out
#        --map
#        D:\Myself\WorkProcess\SK\HC32F460_WorkProcess\example\Source\Pipe_Monitor\Pipe_Monitor_App\EWARM\output\debug\List\Pipe_Monitor_App.map
#        --config
#        D:\Myself\WorkProcess\SK\HC32F460_WorkProcess\example\Source\Pipe_Monitor\Pipe_Monitor_App\EWARM\HC32F460xE.icf
#        --semihosting --entry __iar_program_start --redirect
#        __write=__write_buffered --vfe --text_out locale --cpu=Cortex-M4
#        --fpu=VFPv4_sp) --dependencies=n
#        D:\Myself\WorkProcess\SK\HC32F460_WorkProcess\example\Source\Pipe_Monitor\Pipe_Monitor_App\EWARM\output\debug\Exe\Pipe_Monitor_App.out.iar_deps
#
###############################################################################

*******************************************************************************
*** RUNTIME MODEL ATTRIBUTES
***

CppFlavor       = *
__CPP_Runtime   = 1
__SystemLibrary = DLib
__dlib_version  = 6


*******************************************************************************
*** HEAP SELECTION
***

The basic heap was selected because --advanced_heap
was not specified and the application did not appear to
be primarily optimized for speed.


*******************************************************************************
*** PLACEMENT SUMMARY
***

"A0":  place at address 0x0 { ro section .intvec };
"P1":  place in [from 0x0 to 0x7'ffff] |
                [from 0x300'0c00 to 0x300'0ffb] { ro };
define block CSTACK with size = 8K, alignment = 8 { };
define block HEAP with size = 8K, alignment = 8 { };
"P2":  place in [from 0x1fff'8000 to 0x1fff'ffff] |
                [from 0x2000'0000 to 0x2000'ffff repeat 2] |
                [from 0x2002'0000 to 0x2002'6fff] |
                [from 0x200f'0000 to 0x200f'0fff] {
          rw, block CSTACK, block HEAP };
initialize by copy { rw };

  Section            Kind         Address      Size  Object
  -------            ----         -------      ----  ------
"A0":                                         0x280
  .intvec            ro code          0x0     0x280  startup_hc32f460.o [19]
                                  - 0x280     0x280

"P1", part 1 of 2:                            0x13a
  .text              ro code        0x280      0xb6  User_Data.o [17]
  .text              ro code        0x336      0x1e  xsscin.o [28]
  .text              ro code        0x354      0x66  ABImemset.o [30]
                                  - 0x3ba     0x13a

Absolute sections:                             0x20
  .rodata            const          0x400      0x20  hc32f460_icg.o [20]
                                  - 0x420      0x20

"P1", part 2 of 2:                         0x1'f7e9
  .text              ro code        0x420    0x1dbc  ModbusRTU.o [10]
  .text              ro code       0x21dc       0xa  xsprout.o [28]
  .text              ro code       0x21e8     0x4d8  hc32f460_gpio.o [20]
  .text              ro code       0x26c0      0xa6  ABImemcpy.o [30]
  .rodata            const         0x2766       0x2  drv_LKT4202.o [4]
  .text              ro code       0x2768     0xe80  drv_Storage_W25Q128.o [16]
  .text              ro code       0x35e8      0x6c  hc32f460_utility.o [20]
  .text              ro code       0x3654    0x12cc  drv_USART.o [26]
  .text              ro code       0x4920      0x1c  U32ToDbl.o [29]
  .text              ro code       0x493c     0x246  DblDiv.o [29]
  .rodata            const         0x4b82       0x2  drv_LKT4202.o [4]
  .text              ro code       0x4b84      0x68  DblToFlt.o [29]
  .text              ro code       0x4bec     0x25e  DblAddSub.o [29]
  .rodata            const         0x4e4a       0x2  drv_LKT4202.o [4]
  .text              ro code       0x4e4c      0x46  U64ToDbl.o [29]
  .rodata            const         0x4e92       0x2  drv_LKT4202.o [4]
  .text              ro code       0x4e94      0x36  strlen.o [30]
  .text              ro code       0x4eca      0x2c  strstr.o [28]
  .rodata            const         0x4ef6       0x2  drv_LKT4202.o [4]
  .text              ro code       0x4ef8      0x12  strcmp.o [30]
  .rodata            const         0x4f0a       0x2  drv_LKT4202.o [4]
  .text              ro code       0x4f0c      0x68  memcmp.o [30]
  .text              ro code       0x4f74       0x2  hc32f460_utility.o [20]
  .rodata            const         0x4f76       0x2  xlocale_c.o [28]
  .text              ro code       0x4f78     0x7b4  hc32f460_spi.o [20]
  .text              ro code       0x572c      0x18  strcpy.o [30]
  .text              ro code       0x5744     0xf24  Mainloop.o [9]
  .text              ro code       0x6668     0xa48  hc32f460_usart.o [20]
  .text              ro code       0x70b0     0xac0  hc32f460_dmac.o [20]
  .text              ro code       0x7b70     0xa10  hc32f460_pwc.o [20]
  .text              ro code       0x8580     0xb40  hc32f460_interrupts.o [20]
  .text              ro code       0x90c0     0x934  hc32f460_timer0.o [20]
  .text              ro code       0x99f4     0x3cc  BT_TB05.o [2]
  .text              ro code       0x9dc0      0x16  strchr.o [30]
  .rodata            const         0x9dd6       0x2  xlocale_c.o [28]
  .text              ro code       0x9dd8     0x454  drv_ADC.o [21]
  .text              ro code       0xa22c     0xc90  OLED.o [11]
  .text              ro code       0xaebc      0x66  RF_NFC.o [13]
  .rodata            const         0xaf22       0x1  xlocale_c.o [28]
  .text              ro code       0xaf24    0x1c74  4G_EC200U.o [1]
  .text              ro code       0xcb98     0x244  RXNTTL518.o [14]
  .text              ro code       0xcddc     0x514  LC86L_BD.o [3]
  .text              ro code       0xd2f0     0x3ac  Photosensitive_XYC_ALS.o [12]
  .text              ro code       0xd69c     0x2da  drv_SC7A20H.o [15]
  .text              ro code       0xd978      0x48  FltToDbl.o [29]
  .text              ro code       0xd9c0      0x34  DblCmpLe.o [29]
  .text              ro code       0xd9f4      0x34  DblCmpGe.o [29]
  .text              ro code       0xda28     0x6d8  drv_RTC.o [23]
  .text              ro code       0xe100      0x28  sscanf.o [28]
  .text              ro code       0xe128      0xe0  mktime64.o [28]
  .text              ro code       0xe208     0x83c  drv_Timer.o [25]
  .text              ro code       0xea44    0x1d04  MQTT_SK.o [7]
  .text              ro code     0x1'0748     0x274  I64DivMod.o [30]
  .text              ro code     0x1'09bc     0x110  system_hc32f460.o [19]
  .text              ro code     0x1'0acc     0x17c  hc32f460_exint_nmi_swi.o [20]
  .text              ro code     0x1'0c48      0x1e  strcat.o [28]
  .text              ro code     0x1'0c68    0x151c  ModbusRTU_Device_BT.o [10]
  .text              ro code     0x1'2184     0xf60  hc32f460_clk.o [20]
  .text              ro code     0x1'30e4     0x578  hc32f460_adc.o [20]
  .text              ro code     0x1'365c     0x1aa  DblMul.o [29]
  .text              ro code     0x1'3808     0x928  drv_IIC.o [22]
  .text              ro code     0x1'4130      0x40  sprintf.o [28]
  .text              ro code     0x1'4170      0x4c  WatchDog.o [18]
  .text              ro code     0x1'41bc      0x2a  strncmp.o [28]
  .text              ro code     0x1'41e8      0x22  S32ToDbl.o [29]
  .text              ro code     0x1'420c     0x102  sqrt.o [29]
  .text              ro code     0x1'4310      0x2a  math_wrappers64.o [29]
  .text              ro code     0x1'433c      0x36  DblToS32.o [29]
  .text              ro code     0x1'4374     0x8a4  hc32f460_rtc.o [20]
  .text              ro code     0x1'4c18     0xd7c  xscanffull_nomb.o [28]
  .text              ro code     0x1'5994      0xcc  xDaysTo64.o [28]
  .text              ro code     0x1'5a60     0x15c  xttotm64.o [28]
  .text              ro code     0x1'5bbc       0x4  xTzoff_nop.o [28]
  .text              ro code     0x1'5bc0     0x9d0  hc32f460_timer4_oco.o [20]
  .text              ro code     0x1'6590    0x15f8  Display.o [11]
  .text              ro code     0x1'7b88     0x368  hc32f460_timer4_cnt.o [20]
  .text              ro code     0x1'7ef0      0x4c  strtok.o [28]
  .text              ro code     0x1'7f3c     0x152  iar_Stoulx.o [28]
  .text              ro code     0x1'8090       0x2  I64DivZer.o [30]
  .text              ro code     0x1'8094     0xaa0  hc32f460_i2c.o [20]
  .text              ro code     0x1'8b34     0xd1a  xprintflarge_nomb.o [28]
  .text              ro code     0x1'9850     0x362  strto64.o [29]
  .text              ro code     0x1'9bb4      0xbc  atan64.o [29]
  .text              ro code     0x1'9c70     0x68c  pow64.o [29]
  .text              ro code     0x1'a2fc      0x14  isspace.o [28]
  .text              ro code     0x1'a310      0x14  isalpha.o [28]
  .text              ro code     0x1'a324      0x4c  xlocale_c.o [28]
  .text              ro code     0x1'a370     0x13a  ldexp.o [29]
  .text              ro code     0x1'a4ac     0x1b2  iar_Stoullx.o [28]
  .text              ro code     0x1'a660      0xa6  iar_Stollx.o [28]
  .text              ro code     0x1'a708      0x40  xfail_s.o [28]
  .text              ro code     0x1'a748      0x58  memchr.o [30]
  .text              ro code     0x1'a7a0       0x6  xisdst_nop64.o [28]
  .text              ro code     0x1'a7a6      0x22  strspn.o [28]
  .text              ro code     0x1'a7c8      0x22  strcspn.o [28]
  .text              ro code     0x1'a7ea      0x14  tolower.o [28]
  .text              ro code     0x1'a800      0x70  frexp.o [29]
  .text              ro code     0x1'a870      0x22  DblToU32.o [29]
  .text              ro code     0x1'a892     0x122  iar_Stopfx.o [28]
  .text              ro code     0x1'a9b4     0x1b8  iar_Stoflt.o [28]
  .text              ro code     0x1'ab6c     0x208  iar_Stoxflt.o [28]
  .text              ro code     0x1'ad74     0x1c8  iar_Atan64.o [29]
  .text              ro code     0x1'af3c      0x20  DblCmpEq.o [29]
  .text              ro code     0x1'af5c     0x32c  iar_Exp64.o [29]
  .text              ro code     0x1'b288       0x6  abort.o [28]
  .text              ro code     0x1'b290      0x14  exit.o [31]
  .rodata            const       0x1'b2a4     0x600  Font.o [11]
  .text              ro code     0x1'b8a4     0x5c4  main.o [27]
  .text              ro code     0x1'be68      0x90  hc32f460_efm.o [20]
  .text              ro code     0x1'bef8     0x188  hc32f460_sram.o [20]
  .text              ro code     0x1'c080      0xdc  drv_SPI.o [24]
  .text              ro code     0x1'c15c     0x198  Lora_TP1109.o [6]
  .text              ro code     0x1'c2f4     0x1c0  Magnetic_Bar.o [8]
  .text              ro code     0x1'c4b4     0x458  drv_LKT4202.o [4]
  .rodata            const       0x1'c90c     0x5a0  Font.o [11]
  .rodata            const       0x1'ceac     0x4c8  Font.o [11]
  .rodata            const       0x1'd374      0x64  4G_EC200U.o [1]
  .rodata            const       0x1'd3d8     0x420  pow64.o [29]
  .rodata            const       0x1'd7f8     0x400  Font.o [11]
  .rodata            const       0x1'dbf8     0x200  ModbusRTU.o [10]
  .rodata            const       0x1'ddf8     0x200  RXNTTL518.o [14]
  .rodata            const       0x1'dff8     0x1e0  ModbusRTU_Device_BT.o [10]
  .rodata            const       0x1'e1d8     0x100  ModbusRTU.o [10]
  .rodata            const       0x1'e2d8     0x100  ModbusRTU.o [10]
  .text              ro code     0x1'e3d8      0xa2  packbits_init.o [30]
  .rodata            const       0x1'e47c      0x54  hc32f460_exint_nmi_swi.o [20]
  .rodata            const       0x1'e4d0      0x54  MQTT_SK.o [7]
  .rodata            const       0x1'e524      0x50  hc32f460_interrupts.o [20]
  .rodata            const       0x1'e574      0x50  hc32f460_timer4_cnt.o [20]
  .rodata            const       0x1'e5c4      0x50  hc32f460_timer4_oco.o [20]
  .rodata            const       0x1'e614      0x50  iar_Stoulx.o [28]
  .rodata            const       0x1'e664      0x50  iar_Stoullx.o [28]
  .rodata            const       0x1'e6b4      0x4c  4G_EC200U.o [1]
  .rodata            const       0x1'e700      0x4c  4G_EC200U.o [1]
  .rodata            const       0x1'e74c      0x4c  hc32f460_dmac.o [20]
  .rodata            const       0x1'e798      0x4c  hc32f460_gpio.o [20]
  .rodata            const       0x1'e7e4      0x4c  hc32f460_sram.o [20]
  .rodata            const       0x1'e830      0x4c  hc32f460_timer0.o [20]
  .rodata            const       0x1'e87c      0x4c  hc32f460_usart.o [20]
  .rodata            const       0x1'e8c8      0x48  hc32f460_adc.o [20]
  .rodata            const       0x1'e910      0x48  hc32f460_clk.o [20]
  .rodata            const       0x1'e958      0x48  hc32f460_efm.o [20]
  .rodata            const       0x1'e9a0      0x48  hc32f460_i2c.o [20]
  .rodata            const       0x1'e9e8      0x48  hc32f460_pwc.o [20]
  .rodata            const       0x1'ea30      0x48  hc32f460_rtc.o [20]
  .rodata            const       0x1'ea78      0x48  hc32f460_spi.o [20]
  .rodata            const       0x1'eac0      0x48  MQTT_SK.o [7]
  .rodata            const       0x1'eb08      0x48  strto64.o [29]
  .text              ro code     0x1'eb50      0x44  startup_hc32f460.o [19]
  .rodata            const       0x1'eb94      0x3c  4G_EC200U.o [1]
  .rodata            const       0x1'ebd0      0x40  iar_Atan64.o [29]
  .rodata            const       0x1'ec10      0x3c  4G_EC200U.o [1]
  .rodata            const       0x1'ec4c      0x3c  MQTT_SK.o [7]
  .rodata            const       0x1'ec88      0x3c  MQTT_SK.o [7]
  .rodata            const       0x1'ecc4      0x38  4G_EC200U.o [1]
  .rodata            const       0x1'ecfc      0x38  4G_EC200U.o [1]
  .rodata            const       0x1'ed34      0x38  4G_EC200U.o [1]
  .rodata            const       0x1'ed6c      0x38  4G_EC200U.o [1]
  .rodata            const       0x1'eda4      0x38  4G_EC200U.o [1]
  .rodata            const       0x1'eddc      0x38  MQTT_SK.o [7]
  .text              ro code     0x1'ee14      0x38  zero_init3.o [30]
  .rodata            const       0x1'ee4c      0x34  4G_EC200U.o [1]
  .rodata            const       0x1'ee80      0x34  MQTT_SK.o [7]
  .rodata            const       0x1'eeb4      0x34  MQTT_SK.o [7]
  .rodata            const       0x1'eee8      0x34  MQTT_SK.o [7]
  .rodata            const       0x1'ef1c      0x30  4G_EC200U.o [1]
  .rodata            const       0x1'ef4c      0x28  MQTT_SK.o [7]
  .rodata            const       0x1'ef74      0x28  xscanffull_nomb.o [28]
  .text              ro code     0x1'ef9c      0x28  data_init.o [30]
  .rodata            const       0x1'efc4      0x24  xscanffull_nomb.o [28]
  .text              ro code     0x1'efe8      0x22  fpinit_M.o [29]
  .iar.init_table    const       0x1'f00c      0x2c  - Linker created -
  .rodata            const       0x1'f038      0x20  4G_EC200U.o [1]
  .rodata            const       0x1'f058      0x20  4G_EC200U.o [1]
  .rodata            const       0x1'f078      0x20  4G_EC200U.o [1]
  .rodata            const       0x1'f098      0x20  drv_LKT4202.o [4]
  .rodata            const       0x1'f0b8      0x20  drv_LKT4202.o [4]
  .rodata            const       0x1'f0d8      0x20  drv_RTC.o [23]
  .text              ro code     0x1'f0f8      0x1e  cmain.o [30]
  .text              ro code     0x1'f116       0x4  low_level_init.o [28]
  .text              ro code     0x1'f11a       0x4  exit.o [28]
  .text              ro code     0x1'f120       0xa  cexit.o [30]
  .rodata            const       0x1'f12c      0x1c  4G_EC200U.o [1]
  .rodata            const       0x1'f148      0x1c  MQTT_SK.o [7]
  .rodata            const       0x1'f164      0x1c  MQTT_SK.o [7]
  .text              ro code     0x1'f180      0x1c  cstartup_M.o [30]
  .rodata            const       0x1'f19c      0x18  4G_EC200U.o [1]
  .rodata            const       0x1'f1b4      0x18  MQTT_SK.o [7]
  .rodata            const       0x1'f1cc      0x18  MQTT_SK.o [7]
  .rodata            const       0x1'f1e4      0x18  MQTT_SK.o [7]
  .rodata            const       0x1'f1fc      0x18  MQTT_SK.o [7]
  .rodata            const       0x1'f214      0x18  MQTT_SK.o [7]
  .rodata            const       0x1'f22c      0x18  MQTT_SK.o [7]
  .rodata            const       0x1'f244      0x18  MQTT_SK.o [7]
  .rodata            const       0x1'f25c      0x18  MQTT_SK.o [7]
  .rodata            const       0x1'f274      0x14  4G_EC200U.o [1]
  .rodata            const       0x1'f288      0x14  4G_EC200U.o [1]
  .rodata            const       0x1'f29c      0x14  4G_EC200U.o [1]
  .rodata            const       0x1'f2b0      0x14  4G_EC200U.o [1]
  .rodata            const       0x1'f2c4      0x14  4G_EC200U.o [1]
  .rodata            const       0x1'f2d8      0x14  4G_EC200U.o [1]
  .rodata            const       0x1'f2ec      0x14  4G_EC200U.o [1]
  .rodata            const       0x1'f300      0x14  4G_EC200U.o [1]
  .rodata            const       0x1'f314      0x14  4G_EC200U.o [1]
  .rodata            const       0x1'f328      0x14  BT_TB05.o [2]
  .rodata            const       0x1'f33c      0x14  Mainloop.o [9]
  .rodata            const       0x1'f350      0x14  MQTT_SK.o [7]
  .rodata            const       0x1'f364      0x14  MQTT_SK.o [7]
  .rodata            const       0x1'f378      0x14  MQTT_SK.o [7]
  .rodata            const       0x1'f38c      0x14  MQTT_SK.o [7]
  .rodata            const       0x1'f3a0      0x14  MQTT_SK.o [7]
  .rodata            const       0x1'f3b4      0x14  MQTT_SK.o [7]
  .rodata            const       0x1'f3c8      0x14  MQTT_SK.o [7]
  .rodata            const       0x1'f3dc      0x14  MQTT_SK.o [7]
  .rodata            const       0x1'f3f0      0x14  MQTT_SK.o [7]
  .rodata            const       0x1'f404      0x14  MQTT_SK.o [7]
  .rodata            const       0x1'f418      0x14  MQTT_SK.o [7]
  .rodata            const       0x1'f42c      0x14  MQTT_SK.o [7]
  .rodata            const       0x1'f440      0x14  MQTT_SK.o [7]
  .rodata            const       0x1'f454      0x14  MQTT_SK.o [7]
  .rodata            const       0x1'f468      0x14  MQTT_SK.o [7]
  .rodata            const       0x1'f47c      0x14  MQTT_SK.o [7]
  .rodata            const       0x1'f490      0x14  MQTT_SK.o [7]
  .rodata            const       0x1'f4a4      0x14  MQTT_SK.o [7]
  .rodata            const       0x1'f4b8      0x14  MQTT_SK.o [7]
  .rodata            const       0x1'f4cc      0x14  MQTT_SK.o [7]
  .rodata            const       0x1'f4e0      0x14  MQTT_SK.o [7]
  .rodata            const       0x1'f4f4      0x14  MQTT_SK.o [7]
  .rodata            const       0x1'f508      0x14  MQTT_SK.o [7]
  .rodata            const       0x1'f51c      0x14  MQTT_SK.o [7]
  .rodata            const       0x1'f530      0x14  MQTT_SK.o [7]
  .rodata            const       0x1'f544      0x14  MQTT_SK.o [7]
  .rodata            const       0x1'f558      0x14  MQTT_SK.o [7]
  .rodata            const       0x1'f56c      0x14  MQTT_SK.o [7]
  .rodata            const       0x1'f580      0x14  MQTT_SK.o [7]
  .rodata            const       0x1'f594      0x14  MQTT_SK.o [7]
  .rodata            const       0x1'f5a8      0x14  MQTT_SK.o [7]
  .rodata            const       0x1'f5bc      0x14  MQTT_SK.o [7]
  .rodata            const       0x1'f5d0      0x14  MQTT_SK.o [7]
  .rodata            const       0x1'f5e4      0x14  MQTT_SK.o [7]
  .rodata            const       0x1'f5f8      0x14  MQTT_SK.o [7]
  .rodata            const       0x1'f60c      0x14  MQTT_SK.o [7]
  .rodata            const       0x1'f620      0x10  4G_EC200U.o [1]
  .rodata            const       0x1'f630      0x10  4G_EC200U.o [1]
  .rodata            const       0x1'f640      0x10  4G_EC200U.o [1]
  .rodata            const       0x1'f650      0x10  4G_EC200U.o [1]
  .rodata            const       0x1'f660      0x10  4G_EC200U.o [1]
  .rodata            const       0x1'f670      0x10  4G_EC200U.o [1]
  .rodata            const       0x1'f680      0x10  4G_EC200U.o [1]
  .rodata            const       0x1'f690      0x10  4G_EC200U.o [1]
  .rodata            const       0x1'f6a0      0x10  BT_TB05.o [2]
  .rodata            const       0x1'f6b0      0x10  hc32f460_usart.o [20]
  .rodata            const       0x1'f6c0      0x10  main.o [27]
  .rodata            const       0x1'f6d0      0x10  ModbusRTU.o [10]
  .rodata            const       0x1'f6e0      0x10  MQTT_SK.o [7]
  .rodata            const       0x1'f6f0      0x10  MQTT_SK.o [7]
  .rodata            const       0x1'f700      0x10  MQTT_SK.o [7]
  .rodata            const       0x1'f710      0x10  MQTT_SK.o [7]
  .rodata            const       0x1'f720      0x10  MQTT_SK.o [7]
  .rodata            const       0x1'f730      0x10  MQTT_SK.o [7]
  .rodata            const       0x1'f740      0x10  MQTT_SK.o [7]
  .rodata            const       0x1'f750      0x10  MQTT_SK.o [7]
  .rodata            const       0x1'f760      0x10  MQTT_SK.o [7]
  .rodata            const       0x1'f770      0x10  MQTT_SK.o [7]
  .rodata            const       0x1'f780      0x10  MQTT_SK.o [7]
  .rodata            const       0x1'f790      0x10  MQTT_SK.o [7]
  .rodata            const       0x1'f7a0      0x10  MQTT_SK.o [7]
  .rodata            const       0x1'f7b0      0x10  MQTT_SK.o [7]
  .rodata            const       0x1'f7c0      0x10  MQTT_SK.o [7]
  .rodata            const       0x1'f7d0      0x10  MQTT_SK.o [7]
  .rodata            const       0x1'f7e0      0x10  MQTT_SK.o [7]
  .rodata            const       0x1'f7f0      0x10  MQTT_SK.o [7]
  .rodata            const       0x1'f800      0x10  MQTT_SK.o [7]
  .rodata            const       0x1'f810      0x10  MQTT_SK.o [7]
  .rodata            const       0x1'f820      0x10  MQTT_SK.o [7]
  .rodata            const       0x1'f830       0xc  4G_EC200U.o [1]
  .rodata            const       0x1'f83c       0xc  4G_EC200U.o [1]
  .rodata            const       0x1'f848       0xc  4G_EC200U.o [1]
  .rodata            const       0x1'f854       0xc  4G_EC200U.o [1]
  .rodata            const       0x1'f860       0xc  4G_EC200U.o [1]
  .rodata            const       0x1'f86c       0xc  4G_EC200U.o [1]
  .rodata            const       0x1'f878       0xc  4G_EC200U.o [1]
  .rodata            const       0x1'f884       0xc  4G_EC200U.o [1]
  .rodata            const       0x1'f890       0xc  4G_EC200U.o [1]
  .rodata            const       0x1'f89c       0xc  4G_EC200U.o [1]
  .rodata            const       0x1'f8a8       0xc  4G_EC200U.o [1]
  .rodata            const       0x1'f8b4       0xc  4G_EC200U.o [1]
  .rodata            const       0x1'f8c0       0xc  4G_EC200U.o [1]
  .rodata            const       0x1'f8cc       0xc  4G_EC200U.o [1]
  .rodata            const       0x1'f8d8       0xc  4G_EC200U.o [1]
  .rodata            const       0x1'f8e4       0xc  4G_EC200U.o [1]
  .rodata            const       0x1'f8f0       0xc  4G_EC200U.o [1]
  .rodata            const       0x1'f8fc       0xc  BT_TB05.o [2]
  .rodata            const       0x1'f908       0xc  drv_LKT4202.o [4]
  .rodata            const       0x1'f914       0xc  drv_LKT4202.o [4]
  .rodata            const       0x1'f920       0xc  drv_USART.o [26]
  .rodata            const       0x1'f92c       0xc  drv_USART.o [26]
  .rodata            const       0x1'f938       0xc  drv_USART.o [26]
  .rodata            const       0x1'f944       0xc  Mainloop.o [9]
  .rodata            const       0x1'f950       0xc  Mainloop.o [9]
  .rodata            const       0x1'f95c       0xc  ModbusRTU.o [10]
  .rodata            const       0x1'f968       0xc  ModbusRTU.o [10]
  .rodata            const       0x1'f974       0xc  MQTT_SK.o [7]
  .rodata            const       0x1'f980       0xc  MQTT_SK.o [7]
  .rodata            const       0x1'f98c       0xc  MQTT_SK.o [7]
  .rodata            const       0x1'f998       0xc  MQTT_SK.o [7]
  .rodata            const       0x1'f9a4       0x8  4G_EC200U.o [1]
  .rodata            const       0x1'f9ac       0x8  4G_EC200U.o [1]
  .rodata            const       0x1'f9b4       0x8  4G_EC200U.o [1]
  .rodata            const       0x1'f9bc       0x8  4G_EC200U.o [1]
  .rodata            const       0x1'f9c4       0x8  4G_EC200U.o [1]
  .rodata            const       0x1'f9cc       0x8  4G_EC200U.o [1]
  .rodata            const       0x1'f9d4       0x8  4G_EC200U.o [1]
  .rodata            const       0x1'f9dc       0x8  4G_EC200U.o [1]
  .rodata            const       0x1'f9e4       0x8  4G_EC200U.o [1]
  .rodata            const       0x1'f9ec       0x8  4G_EC200U.o [1]
  .rodata            const       0x1'f9f4       0x8  4G_EC200U.o [1]
  .rodata            const       0x1'f9fc       0x8  4G_EC200U.o [1]
  .rodata            const       0x1'fa04       0x8  4G_EC200U.o [1]
  .rodata            const       0x1'fa0c       0x8  4G_EC200U.o [1]
  .rodata            const       0x1'fa14       0x8  4G_EC200U.o [1]
  .rodata            const       0x1'fa1c       0x8  4G_EC200U.o [1]
  .rodata            const       0x1'fa24       0x8  4G_EC200U.o [1]
  .rodata            const       0x1'fa2c       0x8  Display.o [11]
  .rodata            const       0x1'fa34       0x8  drv_LKT4202.o [4]
  .rodata            const       0x1'fa3c       0x8  drv_LKT4202.o [4]
  .rodata            const       0x1'fa44       0x8  drv_SC7A20H.o [15]
  .rodata            const       0x1'fa4c       0x8  LC86L_BD.o [3]
  .rodata            const       0x1'fa54       0x8  LC86L_BD.o [3]
  .rodata            const       0x1'fa5c       0x8  main.o [27]
  .rodata            const       0x1'fa64       0x8  Mainloop.o [9]
  .rodata            const       0x1'fa6c       0x8  Mainloop.o [9]
  .rodata            const       0x1'fa74       0x8  MQTT_SK.o [7]
  .rodata            const       0x1'fa7c       0x8  MQTT_SK.o [7]
  .rodata            const       0x1'fa84       0x8  MQTT_SK.o [7]
  .rodata            const       0x1'fa8c       0x8  MQTT_SK.o [7]
  .rodata            const       0x1'fa94       0x4  drv_RTC.o [23]
  .text              ro code     0x1'fa98       0x4  startup_hc32f460.o [19]
  .text              ro code     0x1'fa9c       0x4  startup_hc32f460.o [19]
  .text              ro code     0x1'faa0       0x4  startup_hc32f460.o [19]
  .text              ro code     0x1'faa4       0x4  startup_hc32f460.o [19]
  .text              ro code     0x1'faa8       0x4  startup_hc32f460.o [19]
  .text              ro code     0x1'faac       0x4  startup_hc32f460.o [19]
  .text              ro code     0x1'fab0       0x4  startup_hc32f460.o [19]
  .text              ro code     0x1'fab4       0x4  startup_hc32f460.o [19]
  .text              ro code     0x1'fab8       0x4  startup_hc32f460.o [19]
  .text              ro code     0x1'fabc       0x4  startup_hc32f460.o [19]
  .text              ro code     0x1'fac0       0x4  startup_hc32f460.o [19]
  .text              ro code     0x1'fac4       0x4  startup_hc32f460.o [19]
  .text              ro code     0x1'fac8       0x4  startup_hc32f460.o [19]
  .text              ro code     0x1'facc       0x4  startup_hc32f460.o [19]
  .text              ro code     0x1'fad0       0x4  startup_hc32f460.o [19]
  .text              ro code     0x1'fad4       0x4  startup_hc32f460.o [19]
  .rodata            const       0x1'fad8       0x0  zero_init3.o [30]
  .rodata            const       0x1'fad8       0x0  packbits_init.o [30]
  Initializer bytes  const       0x1'fad8     0x131  <for P2 s0>
                               - 0x1'fc09  0x1'f7e9

"P2", part 1 of 3:                            0x307
  P2 s0                       0x2000'0000     0x307  <Init block>
    .data            inited   0x2000'0000     0x108  User_Data.o [17]
    .data            inited   0x2000'0108      0x8c  RXNTTL518.o [14]
    .data            inited   0x2000'0194      0x80  ModbusRTU_Device_BT.o [10]
    .data            inited   0x2000'0214      0x48  xlocale_c.o [28]
    .data            inited   0x2000'025c      0x38  xlocale_c.o [28]
    .data            inited   0x2000'0294      0x24  BT_TB05.o [2]
    .data            inited   0x2000'02b8      0x20  BT_TB05.o [2]
    .data            inited   0x2000'02d8      0x14  BT_TB05.o [2]
    .data            inited   0x2000'02ec       0x8  BT_TB05.o [2]
    .data            inited   0x2000'02f4       0x4  BT_TB05.o [2]
    .data            inited   0x2000'02f8       0x4  system_hc32f460.o [19]
    .data            inited   0x2000'02fc       0x4  system_hc32f460.o [19]
    .data            inited   0x2000'0300       0x1  drv_IIC.o [22]
    .data            inited   0x2000'0301       0x1  drv_IIC.o [22]
    .data            inited   0x2000'0302       0x1  drv_IIC.o [22]
    .data            inited   0x2000'0303       0x1  drv_IIC.o [22]
    .data            inited   0x2000'0304       0x1  hc32f460_pwc.o [20]
    .data            inited   0x2000'0305       0x1  ModbusRTU.o [10]
    .data            inited   0x2000'0306       0x1  ModbusRTU.o [10]
                            - 0x2000'0307     0x307

"P2", part 2 of 3:                           0x6520
  .bss               zero     0x2000'0308    0x4dc8  User_Data.o [17]
  .bss               zero     0x2000'50d0    0x1000  drv_Storage_W25Q128.o [16]
  .bss               zero     0x2000'60d0     0x400  User_Data.o [17]
  .bss               zero     0x2000'64d0     0x200  hc32f460_interrupts.o [20]
  .bss               zero     0x2000'66d0      0x2c  xttotm64.o [28]
  .bss               zero     0x2000'66fc      0x24  drv_ADC.o [21]
  .bss               zero     0x2000'6720      0x1c  User_Data.o [17]
  .bss               zero     0x2000'673c      0x14  drv_ADC.o [21]
  .bss               zero     0x2000'6750      0x14  hc32f460_pwc.o [20]
  .bss               zero     0x2000'6764      0x14  User_Data.o [17]
  .bss               zero     0x2000'6778      0x14  User_Data.o [17]
  .bss               zero     0x2000'678c      0x14  User_Data.o [17]
  .bss               zero     0x2000'67a0       0x8  main.o [27]
  .bss               zero     0x2000'67a8       0x4  4G_EC200U.o [1]
  .bss               zero     0x2000'67ac       0x4  BT_TB05.o [2]
  .bss               zero     0x2000'67b0       0x4  drv_RTC.o [23]
  .bss               zero     0x2000'67b4       0x4  drv_SC7A20H.o [15]
  .bss               zero     0x2000'67b8       0x4  drv_Storage_W25Q128.o [16]
  .bss               zero     0x2000'67bc       0x4  drv_Timer.o [25]
  .bss               zero     0x2000'67c0       0x4  drv_USART.o [26]
  .bss               zero     0x2000'67c4       0x4  hc32f460_exint_nmi_swi.o [20]
  .bss               zero     0x2000'67c8       0x4  LC86L_BD.o [3]
  .bss               zero     0x2000'67cc       0x4  Lora_TP1109.o [6]
  .bss               zero     0x2000'67d0       0x4  Magnetic_Bar.o [8]
  .bss               zero     0x2000'67d4       0x4  main.o [27]
  .bss               zero     0x2000'67d8       0x4  Mainloop.o [9]
  .bss               zero     0x2000'67dc       0x4  ModbusRTU.o [10]
  .bss               zero     0x2000'67e0       0x4  ModbusRTU_Device_BT.o [10]
  .bss               zero     0x2000'67e4       0x4  ModbusRTU_Device_BT.o [10]
  .bss               zero     0x2000'67e8       0x4  MQTT_SK.o [7]
  .bss               zero     0x2000'67ec       0x4  OLED.o [11]
  .bss               zero     0x2000'67f0       0x4  Photosensitive_XYC_ALS.o [12]
  .bss               zero     0x2000'67f4       0x4  RXNTTL518.o [14]
  .bss               zero     0x2000'67f8       0x4  strtok.o [28]
  .bss               zero     0x2000'67fc       0x4  xfail_s.o [28]
  .bss               zero     0x2000'6800       0x2  BT_TB05.o [2]
  .bss               zero     0x2000'6802       0x2  ModbusRTU_Device_BT.o [10]
  .bss               zero     0x2000'6804       0x2  ModbusRTU_Device_BT.o [10]
  .bss               zero     0x2000'6806       0x1  4G_EC200U.o [1]
  .bss               zero     0x2000'6807       0x1  4G_EC200U.o [1]
  .bss               zero     0x2000'6808       0x1  4G_EC200U.o [1]
  .bss               zero     0x2000'6809       0x1  4G_EC200U.o [1]
  .bss               zero     0x2000'680a       0x1  BT_TB05.o [2]
  .bss               zero     0x2000'680b       0x1  drv_IIC.o [22]
  .bss               zero     0x2000'680c       0x1  drv_Timer.o [25]
  .bss               zero     0x2000'680d       0x1  drv_Timer.o [25]
  .bss               zero     0x2000'680e       0x1  drv_Timer.o [25]
  .bss               zero     0x2000'680f       0x1  drv_Timer.o [25]
  .bss               zero     0x2000'6810       0x1  drv_Timer.o [25]
  .bss               zero     0x2000'6811       0x1  drv_Timer.o [25]
  .bss               zero     0x2000'6812       0x1  drv_Timer.o [25]
  .bss               zero     0x2000'6813       0x1  drv_Timer.o [25]
  .bss               zero     0x2000'6814       0x1  drv_Timer.o [25]
  .bss               zero     0x2000'6815       0x1  hc32f460_dmac.o [20]
  .bss               zero     0x2000'6816       0x1  hc32f460_pwc.o [20]
  .bss               zero     0x2000'6817       0x1  hc32f460_pwc.o [20]
  .bss               zero     0x2000'6818       0x1  hc32f460_pwc.o [20]
  .bss               zero     0x2000'6819       0x1  hc32f460_pwc.o [20]
  .bss               zero     0x2000'681a       0x1  main.o [27]
  .bss               zero     0x2000'681b       0x1  Mainloop.o [9]
  .bss               zero     0x2000'681c       0x1  Mainloop.o [9]
  .bss               zero     0x2000'681d       0x1  Mainloop.o [9]
  .bss               zero     0x2000'681e       0x1  Mainloop.o [9]
  .bss               zero     0x2000'681f       0x1  ModbusRTU_Device_BT.o [10]
  .bss               zero     0x2000'6820       0x1  ModbusRTU_Device_BT.o [10]
  .bss               zero     0x2000'6821       0x1  ModbusRTU_Device_BT.o [10]
  .bss               zero     0x2000'6822       0x1  User_Data.o [17]
  .bss               zero     0x2000'6823       0x1  User_Data.o [17]
  .bss               zero     0x2000'6824       0x1  User_Data.o [17]
  .bss               zero     0x2000'6825       0x1  User_Data.o [17]
  .bss               zero     0x2000'6826       0x1  User_Data.o [17]
                            - 0x2000'6827    0x651f

"P2", part 3 of 3:                           0x2000
  CSTACK                      0x2000'6828    0x2000  <Block>
    CSTACK           uninit   0x2000'6828    0x2000  <Block tail>
                            - 0x2000'8828    0x2000

Unused ranges:

         From           To      Size
         ----           --      ----
        0x3ba        0x3ff      0x46
     0x1'fc09     0x7'ffff  0x6'03f7
   0x300'0c00   0x300'0ffb     0x3fc
  0x1fff'8000  0x1fff'ffff    0x8000
  0x2000'0307  0x2000'0307       0x1
  0x2000'8828  0x2000'ffff    0x77d8
  0x2001'0000  0x2001'ffff  0x1'0000
  0x2002'0000  0x2002'6fff    0x7000
  0x200f'0000  0x200f'0fff    0x1000


*******************************************************************************
*** INIT TABLE
***

          Address      Size
          -------      ----
Zero (__iar_zero_init3)
    1 destination range, total size 0x651f:
          0x2000'0308  0x651f

Copy/packbits (__iar_packbits_init3)
    1 source range, total size 0x131 (39% of destination):
             0x1'fad8   0x131
    1 destination range, total size 0x307:
          0x2000'0000   0x307



*******************************************************************************
*** MODULE SUMMARY
***

    Module                    ro code  ro data  rw data  ro data
                                                          (abs)
    ------                    -------  -------  -------  -------
command line/config:
    ------------------------------------------------------------
    Total:

D:\Myself\WorkProcess\SK\HC32F460_WorkProcess\example\Source\Pipe_Monitor\Pipe_Monitor_App\EWARM\output\debug\Obj\4G_EC200U_8582873453978518366.dir: [1]
    4G_EC200U.o                 7'284    1'548        8
    ------------------------------------------------------------
    Total:                      7'284    1'548        8

D:\Myself\WorkProcess\SK\HC32F460_WorkProcess\example\Source\Pipe_Monitor\Pipe_Monitor_App\EWARM\output\debug\Obj\BT_TB05_12041724360499981866.dir: [2]
    BT_TB05.o                     972       88      107
    ------------------------------------------------------------
    Total:                        972       88      107

D:\Myself\WorkProcess\SK\HC32F460_WorkProcess\example\Source\Pipe_Monitor\Pipe_Monitor_App\EWARM\output\debug\Obj\LC86L_BD_9822625824417385734.dir: [3]
    LC86L_BD.o                  1'300       16        4
    ------------------------------------------------------------
    Total:                      1'300       16        4

D:\Myself\WorkProcess\SK\HC32F460_WorkProcess\example\Source\Pipe_Monitor\Pipe_Monitor_App\EWARM\output\debug\Obj\LKT4202_1925765440156868983.dir: [4]
    drv_LKT4202.o               1'112      116
    ------------------------------------------------------------
    Total:                      1'112      116

D:\Myself\WorkProcess\SK\HC32F460_WorkProcess\example\Source\Pipe_Monitor\Pipe_Monitor_App\EWARM\output\debug\Obj\LoRa_RA02_5139138412578801246.dir: [5]
    ------------------------------------------------------------
    Total:

D:\Myself\WorkProcess\SK\HC32F460_WorkProcess\example\Source\Pipe_Monitor\Pipe_Monitor_App\EWARM\output\debug\Obj\Lora_TP1109_151720617378073083.dir: [6]
    Lora_TP1109.o                 408                 4
    ------------------------------------------------------------
    Total:                        408                 4

D:\Myself\WorkProcess\SK\HC32F460_WorkProcess\example\Source\Pipe_Monitor\Pipe_Monitor_App\EWARM\output\debug\Obj\MQTT_SK_4724149239023757000.dir: [7]
    MQTT_SK.o                   7'428    1'912        4
    ------------------------------------------------------------
    Total:                      7'428    1'912        4

D:\Myself\WorkProcess\SK\HC32F460_WorkProcess\example\Source\Pipe_Monitor\Pipe_Monitor_App\EWARM\output\debug\Obj\Magnetic_Bar_17520218520042908049.dir: [8]
    Magnetic_Bar.o                448                 4
    ------------------------------------------------------------
    Total:                        448                 4

D:\Myself\WorkProcess\SK\HC32F460_WorkProcess\example\Source\Pipe_Monitor\Pipe_Monitor_App\EWARM\output\debug\Obj\Mainloop_18272944273632151421.dir: [9]
    Mainloop.o                  3'876       60        8
    ------------------------------------------------------------
    Total:                      3'876       60        8

D:\Myself\WorkProcess\SK\HC32F460_WorkProcess\example\Source\Pipe_Monitor\Pipe_Monitor_App\EWARM\output\debug\Obj\ModbusRTU_17682219295068567368.dir: [10]
    ModbusRTU.o                 7'612    1'065        6
    ModbusRTU_Device_BT.o       5'404      531      143
    ------------------------------------------------------------
    Total:                     13'016    1'596      149

D:\Myself\WorkProcess\SK\HC32F460_WorkProcess\example\Source\Pipe_Monitor\Pipe_Monitor_App\EWARM\output\debug\Obj\OLED_13473777563621607307.dir: [11]
    Display.o                   5'624        8
    Font.o                               5'224
    OLED.o                      3'216                 4
    ------------------------------------------------------------
    Total:                      8'840    5'232        4

D:\Myself\WorkProcess\SK\HC32F460_WorkProcess\example\Source\Pipe_Monitor\Pipe_Monitor_App\EWARM\output\debug\Obj\Photosensitive_XYC_ALS_28064708180949255.dir: [12]
    Photosensitive_XYC_ALS.o      940                 4
    ------------------------------------------------------------
    Total:                        940                 4

D:\Myself\WorkProcess\SK\HC32F460_WorkProcess\example\Source\Pipe_Monitor\Pipe_Monitor_App\EWARM\output\debug\Obj\RF_NFC_10628150809568064830.dir: [13]
    RF_NFC.o                      102
    ------------------------------------------------------------
    Total:                        102

D:\Myself\WorkProcess\SK\HC32F460_WorkProcess\example\Source\Pipe_Monitor\Pipe_Monitor_App\EWARM\output\debug\Obj\RXNTTL518_17808510930951076202.dir: [14]
    RXNTTL518.o                   580      567      144
    ------------------------------------------------------------
    Total:                        580      567      144

D:\Myself\WorkProcess\SK\HC32F460_WorkProcess\example\Source\Pipe_Monitor\Pipe_Monitor_App\EWARM\output\debug\Obj\SC7A20H_13085057635104233901.dir: [15]
    drv_SC7A20H.o                 730        8        4
    ------------------------------------------------------------
    Total:                        730        8        4

D:\Myself\WorkProcess\SK\HC32F460_WorkProcess\example\Source\Pipe_Monitor\Pipe_Monitor_App\EWARM\output\debug\Obj\Storage_W25Q128_4738127093883701884.dir: [16]
    drv_Storage_W25Q128.o       3'712             4'100
    ------------------------------------------------------------
    Total:                      3'712             4'100

D:\Myself\WorkProcess\SK\HC32F460_WorkProcess\example\Source\Pipe_Monitor\Pipe_Monitor_App\EWARM\output\debug\Obj\User_Data_5391006662705040797.dir: [17]
    User_Data.o                   182      103   21'293
    ------------------------------------------------------------
    Total:                        182      103   21'293

D:\Myself\WorkProcess\SK\HC32F460_WorkProcess\example\Source\Pipe_Monitor\Pipe_Monitor_App\EWARM\output\debug\Obj\WatchDog_9188475617120297074.dir: [18]
    WatchDog.o                     76
    ------------------------------------------------------------
    Total:                         76

D:\Myself\WorkProcess\SK\HC32F460_WorkProcess\example\Source\Pipe_Monitor\Pipe_Monitor_App\EWARM\output\debug\Obj\common_14919461937644757070.dir: [19]
    startup_hc32f460.o            772
    system_hc32f460.o             272        3        8
    ------------------------------------------------------------
    Total:                      1'044        3        8

D:\Myself\WorkProcess\SK\HC32F460_WorkProcess\example\Source\Pipe_Monitor\Pipe_Monitor_App\EWARM\output\debug\Obj\driver_11944700488488147666.dir: [20]
    hc32f460_adc.o              1'400       72
    hc32f460_clk.o              3'936       72
    hc32f460_dmac.o             2'752       76        1
    hc32f460_efm.o                144       72
    hc32f460_exint_nmi_swi.o      380       84        4
    hc32f460_gpio.o             1'240       76
    hc32f460_i2c.o              2'720       72
    hc32f460_icg.o                                            32
    hc32f460_interrupts.o       2'880       80      512
    hc32f460_pwc.o              2'576       73       25
    hc32f460_rtc.o              2'212       72
    hc32f460_spi.o              1'972       72
    hc32f460_sram.o               392       76
    hc32f460_timer0.o           2'356       76
    hc32f460_timer4_cnt.o         872       80
    hc32f460_timer4_oco.o       2'512       80
    hc32f460_usart.o            2'632       92
    hc32f460_utility.o            110
    ------------------------------------------------------------
    Total:                     31'086    1'225      542       32

D:\Myself\WorkProcess\SK\HC32F460_WorkProcess\example\Source\Pipe_Monitor\Pipe_Monitor_App\EWARM\output\debug\Obj\drv_ADC_15186207816091091275.dir: [21]
    drv_ADC.o                   1'108                56
    ------------------------------------------------------------
    Total:                      1'108                56

D:\Myself\WorkProcess\SK\HC32F460_WorkProcess\example\Source\Pipe_Monitor\Pipe_Monitor_App\EWARM\output\debug\Obj\drv_IIC_18060258103304213159.dir: [22]
    drv_IIC.o                   2'344        1        5
    ------------------------------------------------------------
    Total:                      2'344        1        5

D:\Myself\WorkProcess\SK\HC32F460_WorkProcess\example\Source\Pipe_Monitor\Pipe_Monitor_App\EWARM\output\debug\Obj\drv_RTC_2577979922006117733.dir: [23]
    drv_RTC.o                   1'752       36        4
    ------------------------------------------------------------
    Total:                      1'752       36        4

D:\Myself\WorkProcess\SK\HC32F460_WorkProcess\example\Source\Pipe_Monitor\Pipe_Monitor_App\EWARM\output\debug\Obj\drv_SPI_4333388098947449637.dir: [24]
    drv_SPI.o                     220
    ------------------------------------------------------------
    Total:                        220

D:\Myself\WorkProcess\SK\HC32F460_WorkProcess\example\Source\Pipe_Monitor\Pipe_Monitor_App\EWARM\output\debug\Obj\drv_Timer_6973001687617930806.dir: [25]
    drv_Timer.o                 2'108                13
    ------------------------------------------------------------
    Total:                      2'108                13

D:\Myself\WorkProcess\SK\HC32F460_WorkProcess\example\Source\Pipe_Monitor\Pipe_Monitor_App\EWARM\output\debug\Obj\drv_USART_14144334009435087269.dir: [26]
    drv_USART.o                 4'812       36        4
    ------------------------------------------------------------
    Total:                      4'812       36        4

D:\Myself\WorkProcess\SK\HC32F460_WorkProcess\example\Source\Pipe_Monitor\Pipe_Monitor_App\EWARM\output\debug\Obj\source_5634686896477721948.dir: [27]
    main.o                      1'476       24       13
    ------------------------------------------------------------
    Total:                      1'476       24       13

dl7M_tlf.a: [28]
    abort.o                         6
    exit.o                          4
    iar_Stoflt.o                  440
    iar_Stollx.o                  166
    iar_Stopfx.o                  290
    iar_Stoullx.o                 434       80
    iar_Stoulx.o                  338       80
    iar_Stoxflt.o                 520
    isalpha.o                      20
    isspace.o                      20
    low_level_init.o                4
    mktime64.o                    224
    sprintf.o                      64
    sscanf.o                       40
    strcat.o                       30
    strcspn.o                      34
    strncmp.o                      42
    strspn.o                       34
    strstr.o                       44
    strtok.o                       76                 4
    tolower.o                      20
    xDaysTo64.o                   204
    xTzoff_nop.o                    4
    xfail_s.o                      64                 4
    xisdst_nop64.o                  6
    xlocale_c.o                    76       55      128
    xprintflarge_nomb.o         3'354
    xscanffull_nomb.o           3'452       76
    xsprout.o                      10
    xsscin.o                       30
    xttotm64.o                    348                44
    ------------------------------------------------------------
    Total:                     10'398      291      180

m7M_tls.a: [29]
    DblAddSub.o                   606
    DblCmpEq.o                     32
    DblCmpGe.o                     52
    DblCmpLe.o                     52
    DblDiv.o                      582
    DblMul.o                      426
    DblToFlt.o                    104
    DblToS32.o                     54
    DblToU32.o                     34
    FltToDbl.o                     72
    S32ToDbl.o                     34
    U32ToDbl.o                     28
    U64ToDbl.o                     70
    atan64.o                      188
    fpinit_M.o                     34
    frexp.o                       112
    iar_Atan64.o                  456       64
    iar_Exp64.o                   812
    ldexp.o                       314
    math_wrappers64.o              42
    pow64.o                     1'676    1'056
    sqrt.o                        258
    strto64.o                     866       72
    ------------------------------------------------------------
    Total:                      6'904    1'192

rt7M_tl.a: [30]
    ABImemcpy.o                   166
    ABImemset.o                   102
    I64DivMod.o                   628
    I64DivZer.o                     2
    cexit.o                        10
    cmain.o                        30
    cstartup_M.o                   28
    data_init.o                    40
    memchr.o                       88
    memcmp.o                      104
    packbits_init.o               162
    strchr.o                       22
    strcmp.o                       18
    strcpy.o                       24
    strlen.o                       54
    zero_init3.o                   56
    ------------------------------------------------------------
    Total:                      1'534

shb_l.a: [31]
    exit.o                         20
    ------------------------------------------------------------
    Total:                         20

    Gaps                           39        6
    Linker created                          44    8'192
----------------------------------------------------------------
    Grand Total:              115'851   14'104   34'854       32


*******************************************************************************
*** ENTRY LIST
***

Entry                       Address    Size  Type      Object
-----                       -------    ----  ----      ------
.iar.init_table$$Base      0x1'f00c           --   Gb  - Linker created -
.iar.init_table$$Limit     0x1'f038           --   Gb  - Linker created -
?main                      0x1'f0f9          Code  Gb  cmain.o [30]
ADC_AddAdcChannel          0x1'32f9    0xbe  Code  Gb  hc32f460_adc.o [20]
ADC_AddAvgChannel          0x1'3429    0x66  Code  Gb  hc32f460_adc.o [20]
ADC_ConfigAvg              0x1'33c1    0x64  Code  Gb  hc32f460_adc.o [20]
ADC_DeInit                 0x1'31f9   0x100  Code  Gb  hc32f460_adc.o [20]
ADC_GetChData              0x1'3585    0x98  Code  Gb  hc32f460_adc.o [20]
ADC_Init                   0x1'30e5   0x114  Code  Gb  hc32f460_adc.o [20]
ADC_PollingSa              0x1'348f    0xf6  Code  Gb  hc32f460_adc.o [20]
ADC_ReadAllData            0x1'3631    0x2c  Code  Lc  hc32f460_adc.o [20]
AdcChannelConfig             0x9ea9    0x70  Code  Lc  drv_ADC.o [21]
AdcClockConfig               0x9dd9    0x78  Code  Lc  drv_ADC.o [21]
AdcInitConfig                0x9e51    0x58  Code  Lc  drv_ADC.o [21]
AsyncDelay                   0x9129    0x76  Code  Lc  hc32f460_timer0.o [20]
BusFault_Handler             0x865d     0x8  Code  Gb  hc32f460_interrupts.o [20]
CLK_ClearFcmFlag           0x1'3051    0x5c  Code  Gb  hc32f460_clk.o [20]
CLK_FcmCmd                 0x1'2fa7    0x28  Code  Gb  hc32f460_clk.o [20]
CLK_FcmConfig              0x1'2cf5   0x2b2  Code  Gb  hc32f460_clk.o [20]
CLK_GetClockFreq           0x1'2ab1   0x116  Code  Gb  hc32f460_clk.o [20]
CLK_GetFcmCounter          0x1'2fcf     0x8  Code  Gb  hc32f460_clk.o [20]
CLK_GetFcmFlag             0x1'2fe9    0x62  Code  Gb  hc32f460_clk.o [20]
CLK_GetFlagStatus          0x1'2c45    0x8a  Code  Gb  hc32f460_clk.o [20]
CLK_MpllCmd                0x1'2567    0xb0  Code  Gb  hc32f460_clk.o [20]
CLK_MpllConfig             0x1'240b   0x15c  Code  Gb  hc32f460_clk.o [20]
CLK_SetPeriClkSource       0x1'2bd5    0x58  Code  Gb  hc32f460_clk.o [20]
CLK_SetPllSource           0x1'23bb    0x50  Code  Gb  hc32f460_clk.o [20]
CLK_SetSysClkSource        0x1'2809   0x104  Code  Gb  hc32f460_clk.o [20]
CLK_SysClkConfig           0x1'2921   0x188  Code  Gb  hc32f460_clk.o [20]
CLK_UpllCmd                0x1'2765    0xa4  Code  Gb  hc32f460_clk.o [20]
CLK_UpllConfig             0x1'2617   0x14e  Code  Gb  hc32f460_clk.o [20]
CLK_Xtal32Cmd              0x1'2323    0x98  Code  Gb  hc32f460_clk.o [20]
CLK_Xtal32Config           0x1'22d3    0x50  Code  Gb  hc32f460_clk.o [20]
CLK_XtalCmd                0x1'21df    0xf4  Code  Gb  hc32f460_clk.o [20]
CLK_XtalConfig             0x1'2185    0x5a  Code  Gb  hc32f460_clk.o [20]
CSTACK$$Base            0x2000'6828           --   Gb  - Linker created -
CSTACK$$Limit           0x2000'8828           --   Gb  - Linker created -
Clock_MeasureConfig          0xdbfd    0xcc  Code  Lc  drv_RTC.o [23]
Crc16                         0x461    0x38  Code  Gb  ModbusRTU.o [10]
DMA_ChannelCfg               0x768d   0x2ce  Code  Gb  hc32f460_dmac.o [20]
DMA_ChannelCmd               0x71f9   0x252  Code  Gb  hc32f460_dmac.o [20]
DMA_ClearIrqFlag             0x70ff    0xfa  Code  Gb  hc32f460_dmac.o [20]
DMA_Cmd                      0x70b1    0x4e  Code  Gb  hc32f460_dmac.o [20]
DMA_GetTransferCnt           0x75c1    0x60  Code  Gb  hc32f460_dmac.o [20]
DMA_InitChannel              0x795b   0x202  Code  Gb  hc32f460_dmac.o [20]
DMA_SetDesAddress            0x7459    0xa0  Code  Gb  hc32f460_dmac.o [20]
DMA_SetTransferCnt           0x74f9    0xc8  Code  Gb  hc32f460_dmac.o [20]
DMA_SetTriggerSrc            0x7631    0x56  Code  Gb  hc32f460_dmac.o [20]
Ddl_AssertHandler            0x4f75     0x2  Code  Wk  hc32f460_utility.o [20]
Ddl_Delay1ms                 0x35e9    0x28  Code  Gb  hc32f460_utility.o [20]
Ddl_Delay1us                 0x3611    0x38  Code  Gb  hc32f460_utility.o [20]
DebugMon_Handler             0x8675     0x8  Code  Gb  hc32f460_interrupts.o [20]
Dma1Btc0IrqCallback          0x36ed    0x1c  Code  Lc  drv_USART.o [26]
Dma1Btc1IrqCallback          0x3709    0x1c  Code  Lc  drv_USART.o [26]
Dma1Btc2IrqCallback          0x3725    0x1c  Code  Lc  drv_USART.o [26]
Dma1Btc3IrqCallback          0x3741    0x1c  Code  Lc  drv_USART.o [26]
Dma1Init                     0x375d   0x200  Code  Lc  drv_USART.o [26]
DmaChEnState            0x2000'6815     0x1  Data  Lc  hc32f460_dmac.o [20]
Dtentox                    0x1'9851   0x1d8  Code  Lc  strto64.o [29]
EC200U_4G_Module_Configuration_Init
                             0xbf5d   0xa24  Code  Gb  4G_EC200U.o [1]
EC200U_4G_Module_Configuration_Init::ucRetryCnt
                        0x2000'6807     0x1  Data  Lc  4G_EC200U.o [1]
EC200U_4G_Module_GPIO_Init
                             0xaf69    0x58  Code  Gb  4G_EC200U.o [1]
EFM_Lock                   0x1'be7b    0x14  Code  Gb  hc32f460_efm.o [20]
EFM_SetLatency             0x1'be8f    0x5c  Code  Gb  hc32f460_efm.o [20]
EFM_Unlock                 0x1'be69    0x12  Code  Gb  hc32f460_efm.o [20]
EPSINON                    0x1'fa94     0x4  Data  Lc  drv_RTC.o [23]
EXINT_Init                 0x1'0acd    0xa0  Code  Gb  hc32f460_exint_nmi_swi.o [20]
EXINT_IrqFlgClr            0x1'0c07    0x12  Code  Gb  hc32f460_exint_nmi_swi.o [20]
EXINT_IrqFlgGet            0x1'0b6d    0x9a  Code  Gb  hc32f460_exint_nmi_swi.o [20]
ExtInt01_Callback            0xd359    0xa6  Code  Gb  Photosensitive_XYC_ALS.o [12]
ExtInt07_Callback          0x1'c35d    0x78  Code  Gb  Magnetic_Bar.o [8]
ExtInt13_Callback          0x1'c1c5    0x12  Code  Gb  Lora_TP1109.o [6]
Float_reg_rw_mode             0x6d5    0x94  Code  Gb  ModbusRTU.o [10]
GetSystemPara                 0x281     0x4  Code  Gb  User_Data.o [17]
HRC_VALUE               0x2000'02f8     0x4  Data  Gb  system_hc32f460.o [19]
HardFault_Handler            0x864d     0x8  Code  Gb  hc32f460_interrupts.o [20]
I2C_AckConfig              0x1'8785    0x56  Code  Gb  hc32f460_i2c.o [20]
I2C_BaudrateConfig         0x1'81cd   0x228  Code  Gb  hc32f460_i2c.o [20]
I2C_BusWaitCmd             0x1'8573    0x6a  Code  Gb  hc32f460_i2c.o [20]
I2C_ClearStatus            0x1'8689    0x36  Code  Gb  hc32f460_i2c.o [20]
I2C_Cmd                    0x1'851d    0x56  Code  Gb  hc32f460_i2c.o [20]
I2C_DeInit                 0x1'83f5    0x40  Code  Gb  hc32f460_i2c.o [20]
I2C_GenerateReStart        0x1'8127    0x52  Code  Gb  hc32f460_i2c.o [20]
I2C_GenerateStart          0x1'80d5    0x52  Code  Gb  hc32f460_i2c.o [20]
I2C_GenerateStop           0x1'8179    0x52  Code  Gb  hc32f460_i2c.o [20]
I2C_GetStatus              0x1'85dd    0xa0  Code  Gb  hc32f460_i2c.o [20]
I2C_Init                   0x1'843d    0xd6  Code  Gb  hc32f460_i2c.o [20]
I2C_MasterDataReceiveAndStop
                           0x1'89f1    0xd4  Code  Gb  hc32f460_i2c.o [20]
I2C_ReadData               0x1'874d    0x2e  Code  Gb  hc32f460_i2c.o [20]
I2C_Restart                0x1'883b    0x4c  Code  Gb  hc32f460_i2c.o [20]
I2C_SoftwareResetCmd       0x1'86bf    0x56  Code  Gb  hc32f460_i2c.o [20]
I2C_Start                  0x1'87db    0x60  Code  Gb  hc32f460_i2c.o [20]
I2C_Stop                   0x1'8ac5    0x56  Code  Gb  hc32f460_i2c.o [20]
I2C_TransAddr              0x1'8887    0xcc  Code  Gb  hc32f460_i2c.o [20]
I2C_TransData              0x1'8953    0x9e  Code  Gb  hc32f460_i2c.o [20]
I2C_WaitStatus             0x1'8095    0x40  Code  Gb  hc32f460_i2c.o [20]
I2C_WriteData              0x1'8715    0x30  Code  Gb  hc32f460_i2c.o [20]
I2C_XYC_ALS_Master_Receive
                           0x1'3fdd    0xd4  Code  Gb  drv_IIC.o [22]
I2C_XYC_ALS_Master_Transmit
                           0x1'3f59    0x78  Code  Gb  drv_IIC.o [22]
IRQ000_Handler               0x868d    0x12  Code  Gb  hc32f460_interrupts.o [20]
IRQ001_Handler               0x869f    0x12  Code  Gb  hc32f460_interrupts.o [20]
IRQ002_Handler               0x86b1    0x12  Code  Gb  hc32f460_interrupts.o [20]
IRQ003_Handler               0x86c3    0x12  Code  Gb  hc32f460_interrupts.o [20]
IRQ004_Handler               0x86d5    0x12  Code  Gb  hc32f460_interrupts.o [20]
IRQ005_Handler               0x86e7    0x12  Code  Gb  hc32f460_interrupts.o [20]
IRQ006_Handler               0x86f9    0x12  Code  Gb  hc32f460_interrupts.o [20]
IRQ007_Handler               0x870b    0x12  Code  Gb  hc32f460_interrupts.o [20]
IRQ008_Handler               0x871d    0x12  Code  Gb  hc32f460_interrupts.o [20]
IRQ009_Handler               0x872f    0x12  Code  Gb  hc32f460_interrupts.o [20]
IRQ010_Handler               0x8741    0x12  Code  Gb  hc32f460_interrupts.o [20]
IRQ011_Handler               0x8753    0x12  Code  Gb  hc32f460_interrupts.o [20]
IRQ012_Handler               0x8765    0x12  Code  Gb  hc32f460_interrupts.o [20]
IRQ013_Handler               0x8777    0x12  Code  Gb  hc32f460_interrupts.o [20]
IRQ014_Handler               0x8789    0x12  Code  Gb  hc32f460_interrupts.o [20]
IRQ015_Handler               0x879b    0x12  Code  Gb  hc32f460_interrupts.o [20]
IRQ016_Handler               0x87ad    0x12  Code  Gb  hc32f460_interrupts.o [20]
IRQ017_Handler               0x87bf    0x12  Code  Gb  hc32f460_interrupts.o [20]
IRQ018_Handler               0x87d1    0x12  Code  Gb  hc32f460_interrupts.o [20]
IRQ019_Handler               0x87e3    0x12  Code  Gb  hc32f460_interrupts.o [20]
IRQ020_Handler               0x87f5    0x12  Code  Gb  hc32f460_interrupts.o [20]
IRQ021_Handler               0x8807    0x12  Code  Gb  hc32f460_interrupts.o [20]
IRQ022_Handler               0x8819    0x12  Code  Gb  hc32f460_interrupts.o [20]
IRQ023_Handler               0x882b    0x12  Code  Gb  hc32f460_interrupts.o [20]
IRQ024_Handler               0x883d    0x12  Code  Gb  hc32f460_interrupts.o [20]
IRQ025_Handler               0x884f    0x12  Code  Gb  hc32f460_interrupts.o [20]
IRQ026_Handler               0x8861    0x12  Code  Gb  hc32f460_interrupts.o [20]
IRQ027_Handler               0x8873    0x12  Code  Gb  hc32f460_interrupts.o [20]
IRQ028_Handler               0x8885    0x12  Code  Gb  hc32f460_interrupts.o [20]
IRQ029_Handler               0x8897    0x12  Code  Gb  hc32f460_interrupts.o [20]
IRQ030_Handler               0x88a9    0x12  Code  Gb  hc32f460_interrupts.o [20]
IRQ031_Handler               0x88bb    0x12  Code  Gb  hc32f460_interrupts.o [20]
IRQ032_Handler               0x88cd    0x16  Code  Gb  hc32f460_interrupts.o [20]
IRQ033_Handler               0x88e3    0x16  Code  Gb  hc32f460_interrupts.o [20]
IRQ034_Handler               0x88f9    0x16  Code  Gb  hc32f460_interrupts.o [20]
IRQ035_Handler               0x890f    0x16  Code  Gb  hc32f460_interrupts.o [20]
IRQ036_Handler               0x8925    0x16  Code  Gb  hc32f460_interrupts.o [20]
IRQ037_Handler               0x893b    0x16  Code  Gb  hc32f460_interrupts.o [20]
IRQ038_Handler               0x8951    0x16  Code  Gb  hc32f460_interrupts.o [20]
IRQ039_Handler               0x8967    0x16  Code  Gb  hc32f460_interrupts.o [20]
IRQ040_Handler               0x897d    0x16  Code  Gb  hc32f460_interrupts.o [20]
IRQ041_Handler               0x8993    0x16  Code  Gb  hc32f460_interrupts.o [20]
IRQ042_Handler               0x89a9    0x16  Code  Gb  hc32f460_interrupts.o [20]
IRQ043_Handler               0x89bf    0x16  Code  Gb  hc32f460_interrupts.o [20]
IRQ044_Handler               0x89d5    0x16  Code  Gb  hc32f460_interrupts.o [20]
IRQ045_Handler               0x89eb    0x16  Code  Gb  hc32f460_interrupts.o [20]
IRQ046_Handler               0x8a01    0x16  Code  Gb  hc32f460_interrupts.o [20]
IRQ047_Handler               0x8a17    0x16  Code  Gb  hc32f460_interrupts.o [20]
IRQ048_Handler               0x8a2d    0x16  Code  Gb  hc32f460_interrupts.o [20]
IRQ049_Handler               0x8a43    0x16  Code  Gb  hc32f460_interrupts.o [20]
IRQ050_Handler               0x8a59    0x16  Code  Gb  hc32f460_interrupts.o [20]
IRQ051_Handler               0x8a6f    0x16  Code  Gb  hc32f460_interrupts.o [20]
IRQ052_Handler               0x8a85    0x16  Code  Gb  hc32f460_interrupts.o [20]
IRQ053_Handler               0x8a9b    0x16  Code  Gb  hc32f460_interrupts.o [20]
IRQ054_Handler               0x8ab1    0x16  Code  Gb  hc32f460_interrupts.o [20]
IRQ055_Handler               0x8ac7    0x16  Code  Gb  hc32f460_interrupts.o [20]
IRQ056_Handler               0x8add    0x16  Code  Gb  hc32f460_interrupts.o [20]
IRQ057_Handler               0x8af3    0x16  Code  Gb  hc32f460_interrupts.o [20]
IRQ058_Handler               0x8b09    0x16  Code  Gb  hc32f460_interrupts.o [20]
IRQ059_Handler               0x8b1f    0x16  Code  Gb  hc32f460_interrupts.o [20]
IRQ060_Handler               0x8b35    0x16  Code  Gb  hc32f460_interrupts.o [20]
IRQ061_Handler               0x8b4b    0x16  Code  Gb  hc32f460_interrupts.o [20]
IRQ062_Handler               0x8b61    0x16  Code  Gb  hc32f460_interrupts.o [20]
IRQ063_Handler               0x8b77    0x16  Code  Gb  hc32f460_interrupts.o [20]
IRQ064_Handler               0x8b8d    0x16  Code  Gb  hc32f460_interrupts.o [20]
IRQ065_Handler               0x8ba3    0x16  Code  Gb  hc32f460_interrupts.o [20]
IRQ066_Handler               0x8bb9    0x16  Code  Gb  hc32f460_interrupts.o [20]
IRQ067_Handler               0x8bcf    0x16  Code  Gb  hc32f460_interrupts.o [20]
IRQ068_Handler               0x8be5    0x16  Code  Gb  hc32f460_interrupts.o [20]
IRQ069_Handler               0x8bfb    0x16  Code  Gb  hc32f460_interrupts.o [20]
IRQ070_Handler               0x8c11    0x16  Code  Gb  hc32f460_interrupts.o [20]
IRQ071_Handler               0x8c27    0x16  Code  Gb  hc32f460_interrupts.o [20]
IRQ072_Handler               0x8c3d    0x16  Code  Gb  hc32f460_interrupts.o [20]
IRQ073_Handler               0x8c53    0x16  Code  Gb  hc32f460_interrupts.o [20]
IRQ074_Handler               0x8c69    0x16  Code  Gb  hc32f460_interrupts.o [20]
IRQ075_Handler               0x8c7f    0x16  Code  Gb  hc32f460_interrupts.o [20]
IRQ076_Handler               0x8c95    0x16  Code  Gb  hc32f460_interrupts.o [20]
IRQ077_Handler               0x8cab    0x16  Code  Gb  hc32f460_interrupts.o [20]
IRQ078_Handler               0x8cc1    0x14  Code  Gb  hc32f460_interrupts.o [20]
IRQ079_Handler               0x8cd5    0x14  Code  Gb  hc32f460_interrupts.o [20]
IRQ080_Handler               0x8ce9    0x14  Code  Gb  hc32f460_interrupts.o [20]
IRQ081_Handler               0x8cfd    0x14  Code  Gb  hc32f460_interrupts.o [20]
IRQ082_Handler               0x8d11    0x14  Code  Gb  hc32f460_interrupts.o [20]
IRQ083_Handler               0x8d25    0x14  Code  Gb  hc32f460_interrupts.o [20]
IRQ084_Handler               0x8d39    0x14  Code  Gb  hc32f460_interrupts.o [20]
IRQ085_Handler               0x8d4d    0x14  Code  Gb  hc32f460_interrupts.o [20]
IRQ086_Handler               0x8d61    0x14  Code  Gb  hc32f460_interrupts.o [20]
IRQ087_Handler               0x8d75    0x14  Code  Gb  hc32f460_interrupts.o [20]
IRQ088_Handler               0x8d89    0x14  Code  Gb  hc32f460_interrupts.o [20]
IRQ089_Handler               0x8d9d    0x14  Code  Gb  hc32f460_interrupts.o [20]
IRQ090_Handler               0x8db1    0x14  Code  Gb  hc32f460_interrupts.o [20]
IRQ091_Handler               0x8dc5    0x14  Code  Gb  hc32f460_interrupts.o [20]
IRQ092_Handler               0x8dd9    0x14  Code  Gb  hc32f460_interrupts.o [20]
IRQ093_Handler               0x8ded    0x14  Code  Gb  hc32f460_interrupts.o [20]
IRQ094_Handler               0x8e01    0x14  Code  Gb  hc32f460_interrupts.o [20]
IRQ095_Handler               0x8e15    0x14  Code  Gb  hc32f460_interrupts.o [20]
IRQ096_Handler               0x8e29    0x14  Code  Gb  hc32f460_interrupts.o [20]
IRQ097_Handler               0x8e3d    0x14  Code  Gb  hc32f460_interrupts.o [20]
IRQ098_Handler               0x8e51    0x14  Code  Gb  hc32f460_interrupts.o [20]
IRQ099_Handler               0x8e65    0x14  Code  Gb  hc32f460_interrupts.o [20]
IRQ100_Handler               0x8e79    0x14  Code  Gb  hc32f460_interrupts.o [20]
IRQ101_Handler               0x8e8d    0x14  Code  Gb  hc32f460_interrupts.o [20]
IRQ102_Handler               0x8ea1    0x14  Code  Gb  hc32f460_interrupts.o [20]
IRQ103_Handler               0x8eb5    0x14  Code  Gb  hc32f460_interrupts.o [20]
IRQ104_Handler               0x8ec9    0x14  Code  Gb  hc32f460_interrupts.o [20]
IRQ105_Handler               0x8edd    0x14  Code  Gb  hc32f460_interrupts.o [20]
IRQ106_Handler               0x8ef1    0x14  Code  Gb  hc32f460_interrupts.o [20]
IRQ107_Handler               0x8f05    0x14  Code  Gb  hc32f460_interrupts.o [20]
IRQ108_Handler               0x8f21    0x14  Code  Gb  hc32f460_interrupts.o [20]
IRQ109_Handler               0x8f35    0x14  Code  Gb  hc32f460_interrupts.o [20]
IRQ110_Handler               0x8f49    0x14  Code  Gb  hc32f460_interrupts.o [20]
IRQ111_Handler               0x8f61    0x14  Code  Gb  hc32f460_interrupts.o [20]
IRQ112_Handler               0x8f75    0x14  Code  Gb  hc32f460_interrupts.o [20]
IRQ113_Handler               0x8f8d    0x14  Code  Gb  hc32f460_interrupts.o [20]
IRQ114_Handler               0x8fa1    0x14  Code  Gb  hc32f460_interrupts.o [20]
IRQ115_Handler               0x8fb5    0x14  Code  Gb  hc32f460_interrupts.o [20]
IRQ116_Handler               0x8fc9    0x14  Code  Gb  hc32f460_interrupts.o [20]
IRQ117_Handler               0x8fdd    0x14  Code  Gb  hc32f460_interrupts.o [20]
IRQ118_Handler               0x8ff1    0x14  Code  Gb  hc32f460_interrupts.o [20]
IRQ119_Handler               0x9005    0x14  Code  Gb  hc32f460_interrupts.o [20]
IRQ120_Handler               0x9019    0x14  Code  Gb  hc32f460_interrupts.o [20]
IRQ121_Handler               0x9031    0x14  Code  Gb  hc32f460_interrupts.o [20]
IRQ122_Handler               0x9045    0x14  Code  Gb  hc32f460_interrupts.o [20]
IRQ123_Handler               0x9059    0x14  Code  Gb  hc32f460_interrupts.o [20]
IRQ124_Handler               0x906d    0x14  Code  Gb  hc32f460_interrupts.o [20]
IRQ125_Handler               0x9081    0x14  Code  Gb  hc32f460_interrupts.o [20]
IRQ126_Handler               0x9095    0x14  Code  Gb  hc32f460_interrupts.o [20]
IRQ127_Handler               0x90a9    0x14  Code  Gb  hc32f460_interrupts.o [20]
IRQ128_Handler             0x1'fa99          Code  Wk  startup_hc32f460.o [19]
IRQ129_Handler             0x1'fa9d          Code  Wk  startup_hc32f460.o [19]
IRQ130_Handler             0x1'faa1          Code  Wk  startup_hc32f460.o [19]
IRQ131_Handler             0x1'faa5          Code  Wk  startup_hc32f460.o [19]
IRQ132_Handler             0x1'faa9          Code  Wk  startup_hc32f460.o [19]
IRQ133_Handler             0x1'faad          Code  Wk  startup_hc32f460.o [19]
IRQ134_Handler             0x1'fab1          Code  Wk  startup_hc32f460.o [19]
IRQ135_Handler             0x1'fab5          Code  Wk  startup_hc32f460.o [19]
IRQ136_Handler             0x1'fab9          Code  Wk  startup_hc32f460.o [19]
IRQ137_Handler             0x1'fabd          Code  Wk  startup_hc32f460.o [19]
IRQ138_Handler             0x1'fac1          Code  Wk  startup_hc32f460.o [19]
IRQ139_Handler             0x1'fac5          Code  Wk  startup_hc32f460.o [19]
IRQ140_Handler             0x1'fac9          Code  Wk  startup_hc32f460.o [19]
IRQ141_Handler             0x1'facd          Code  Wk  startup_hc32f460.o [19]
IRQ142_Handler             0x1'fad1          Code  Wk  startup_hc32f460.o [19]
IRQ143_Handler             0x1'fad5          Code  Wk  startup_hc32f460.o [19]
IrqHandler              0x2000'64d0   0x200  Data  Gb  hc32f460_interrupts.o [20]
MQTT_SK_Data_Pass_Through
                           0x1'066d     0x4  Code  Gb  MQTT_SK.o [7]
MQTT_SK_Get_Config         0x1'0171   0x138  Code  Gb  MQTT_SK.o [7]
MQTT_SK_Get_Data           0x1'02dd   0x390  Code  Gb  MQTT_SK.o [7]
MQTT_SK_Set_Config           0xebb1   0xf38  Code  Gb  MQTT_SK.o [7]
MQTT_Send_SetConfig_Result
                             0xeaa9    0xf6  Code  Gb  MQTT_SK.o [7]
MemManage_Handler            0x8655     0x8  Code  Gb  hc32f460_interrupts.o [20]
Modbus_Data_Reg_Unit       0x1'dff8   0x1e0  Data  Lc  ModbusRTU_Device_BT.o [10]
NMEA_Comma_Pos               0xcddd    0x36  Code  Gb  LC86L_BD.o [3]
NMEA_GPRMC_Analysis          0xcf63   0x2f6  Code  Gb  LC86L_BD.o [3]
NMEA_Pow                     0xce13    0x18  Code  Gb  LC86L_BD.o [3]
NMEA_Str2num                 0xce2b   0x138  Code  Gb  LC86L_BD.o [3]
NMI_Handler                  0x8645     0x8  Code  Gb  hc32f460_interrupts.o [20]
NMI_IrqHandler             0x1'0c19    0x1a  Code  Gb  hc32f460_exint_nmi_swi.o [20]
[...]
exit                       0x1'f11b     0x4  Code  Gb  exit.o [28]
func_4G_Connect_Server_Dispose
                             0x6145   0x1aa  Code  Gb  Mainloop.o [9]
func_4G_Connect_Server_Dispose::ucRetryCnt
                        0x2000'681e     0x1  Data  Lc  Mainloop.o [9]
func_ADC_DeInit              0x9f2b    0x20  Code  Gb  drv_ADC.o [21]
func_Array_Find_Str           0x2cb    0x6c  Code  Gb  User_Data.o [17]
func_BD_Data_Dispose         0x6039   0x108  Code  Gb  Mainloop.o [9]
func_BD_PowerUp_Init         0xd275    0x3a  Code  Gb  LC86L_BD.o [3]
func_BD_PownDown_Deinit
                             0xd2af    0x42  Code  Gb  LC86L_BD.o [3]
func_BT05_PowerDown_DeInit
                             0x9c45    0x38  Code  Gb  BT_TB05.o [2]
func_BT05_PowerUp_Init       0x9b63    0xe2  Code  Gb  BT_TB05.o [2]
func_BT_Dispose              0x9c7d   0x118  Code  Gb  BT_TB05.o [2]
func_BT_Dispose::usSendMaxNum
                        0x2000'6800     0x2  Data  Lc  BT_TB05.o [2]
func_BY_BlackLight_Camera_Test_CMD
                             0x1a55    0x9a  Code  Gb  ModbusRTU.o [10]
func_BlackLight_Sensor_Dispose
                             0x1fd3   0x1ea  Code  Gb  ModbusRTU.o [10]
func_BlackLight_Sensor_Dispose::enCameraType
                        0x2000'0305     0x1  Data  Lc  ModbusRTU.o [10]
func_BlackLight_Sensor_Dispose::enMoveType
                        0x2000'0306     0x1  Data  Lc  ModbusRTU.o [10]
func_Board_Power_And_Control_GPIO_Init
                           0x1'b969   0x154  Code  Gb  main.o [27]
func_Connect_Server_Status_View_Show
                           0x1'7135    0x78  Code  Gb  Display.o [11]
func_DateTime_Battery_Status_View_Show
                           0x1'6c99   0x22c  Code  Gb  Display.o [11]
func_DeviceStart_Sensor_PowerUp_Dispose
                             0x5a39    0x26  Code  Gb  Mainloop.o [9]
func_Device_ID_PD_View_Show
                           0x1'7985    0xe2  Code  Gb  Display.o [11]
func_Device_Parameter_Init
                             0x354d    0x80  Code  Gb  drv_Storage_W25Q128.o [16]
func_Device_SW_HW_View_Show
                           0x1'7a6d    0xaa  Code  Gb  Display.o [11]
func_Device_Status_View_Show
                           0x1'6ec5   0x1e2  Code  Gb  Display.o [11]
func_Display_128x64          0xa66f    0x88  Code  Gb  OLED.o [11]
func_EC200U_4G_PownDown_Deinit
                             0xaf25    0x44  Code  Gb  4G_EC200U.o [1]
func_Enter_LowPower_Stop_Mode
                             0x577f    0xc2  Code  Gb  Mainloop.o [9]
func_GPSData_View_Show     0x1'7861   0x11a  Code  Gb  Display.o [11]
func_Get_DataUploadCMD_Data
                             0xb33f   0x6b8  Code  Gb  4G_EC200U.o [1]
func_Get_DevRegCMD_Data
                             0xafc1   0x37e  Code  Gb  4G_EC200U.o [1]
func_Get_DevStatusCMD_Data
                             0xbb89   0x350  Code  Gb  4G_EC200U.o [1]
func_Get_DevStatusData       0xb9fd   0x162  Code  Gb  4G_EC200U.o [1]
func_Get_Device_MeasData_Record
                             0x34d3    0x1a  Code  Gb  drv_Storage_W25Q128.o [16]
func_Get_Device_Sensors_Value
                             0x5a61   0x1c6  Code  Gb  Mainloop.o [9]
func_Get_Device_Sensors_Value::ucChangeCnt
                        0x2000'681c     0x1  Data  Lc  Mainloop.o [9]
func_Get_Device_Sensors_Value::ucRetryCnt
                        0x2000'681b     0x1  Data  Lc  Mainloop.o [9]
func_Get_GetConfigResult_CMD
                             0xfb3d   0x622  Code  Gb  MQTT_SK.o [7]
func_Get_MBCRC16              0x421    0x40  Code  Gb  ModbusRTU.o [10]
func_Get_Meas_BY_Integrated_Conductivity_Sensor_Value
                              0x963   0x180  Code  Gb  ModbusRTU.o [10]
func_Get_Meas_BY_Pressure_Level_Sensor_Value
                              0xc3b   0x110  Code  Gb  ModbusRTU.o [10]
func_Get_Meas_BY_Radar_Level_Sensor_Value
                              0xae5   0x156  Code  Gb  ModbusRTU.o [10]
func_Get_Meas_HX_Flow_Sensor_Value
                             0x160b   0x19c  Code  Gb  ModbusRTU.o [10]
func_Get_Meas_HX_Radar_Ultrasonic_Flow_Sensor_Value
                             0x1409   0x202  Code  Gb  ModbusRTU.o [10]
func_Get_Meas_HX_WaterQuality_COD_Sensor_Value
                             0x17ad   0x1ea  Code  Gb  ModbusRTU.o [10]
func_Get_Meas_HZ_Radar_Level_Sensor_Value
                             0x11e5   0x216  Code  Gb  ModbusRTU.o [10]
func_Get_Meas_HZ_Radar_Ultrasonic_Flow_Sensor_Value
                              0xd61   0x480  Code  Gb  ModbusRTU.o [10]
func_Get_Photo_Data          0x1bd3   0x11a  Code  Gb  ModbusRTU.o [10]
func_Get_Server_MQTT_Dispose
                             0x62f1    0x9a  Code  Gb  Mainloop.o [9]
func_Get_SetConfigResult_CMD
                             0xea45    0x62  Code  Gb  MQTT_SK.o [7]
func_LowPower_Stop_Mode_Init
                             0x5841    0x4c  Code  Gb  Mainloop.o [9]
func_MQTT_SK_Init          0x1'0671     0xc  Code  Gb  MQTT_SK.o [7]
func_Mainloop_Init           0x5763     0xe  Code  Gb  Mainloop.o [9]
func_Meas_Sensor_Dispose
                             0x1cf1   0x2e2  Code  Gb  ModbusRTU.o [10]
func_Meas_Sensor_PowerDown_DeInit
                             0x5911    0x8c  Code  Gb  Mainloop.o [9]
func_Meas_Sensor_PowerOn_Init
                             0x588d    0x84  Code  Gb  Mainloop.o [9]
func_Meas_Sensor_Value_View_Show
                           0x1'7795    0xc6  Code  Gb  Display.o [11]
func_Measure_WaterLevel_View_Show
                           0x1'71ad   0x328  Code  Gb  Display.o [11]
func_Measure_Water_Quality_View_Show
                           0x1'74dd   0x2b8  Code  Gb  Display.o [11]
func_NFC_Check_Dispose       0x599d    0x9c  Code  Gb  Mainloop.o [9]
func_Not_Certified_View_Show
                           0x1'70b9    0x7c  Code  Gb  Display.o [11]
func_OLED_PowerDown_DeInit
                             0xa51d    0x56  Code  Gb  OLED.o [11]
func_OLED_PowerUp_Init       0xa409   0x114  Code  Gb  OLED.o [11]
func_PowerOn_View_Show     0x1'7b29    0x60  Code  Gb  Display.o [11]
func_RF_NFC_PowerDown_DeInit
                             0xaebd    0x66  Code  Gb  RF_NFC.o [13]
func_RXNTTL518_Init          0xcd9d    0x34  Code  Gb  RXNTTL518.o [14]
func_ReadPhoto_XYC_ALS_Data
                             0xd645    0x58  Code  Gb  Photosensitive_XYC_ALS.o [12]
func_Read_RXNTTL518_Version
                             0xcceb     0xe  Code  Gb  RXNTTL518.o [14]
func_Rts_Control_And_SendData
                              0x8a1    0xc2  Code  Gb  ModbusRTU.o [10]
func_Save_Device_MeasData
                             0x34b5    0x1e  Code  Gb  drv_Storage_W25Q128.o [16]
func_Save_Device_MeasRecord_Dispose
                             0x5c35   0x3e8  Code  Gb  Mainloop.o [9]
func_Save_Device_MeasRecord_Dispose::ucSaveRecordFlag
                        0x2000'681d     0x1  Data  Lc  Mainloop.o [9]
func_Save_Device_Parameter
                             0x2a99   0xa1c  Code  Gb  drv_Storage_W25Q128.o [16]
func_Search_Card             0xccf9    0xa4  Code  Gb  RXNTTL518.o [14]
func_Send_CMD                0xcbff    0xec  Code  Gb  RXNTTL518.o [14]
func_Set_BlackLight_Move_AT_CMD
                             0x1997    0xb4  Code  Gb  ModbusRTU.o [10]
func_Set_Camera_Photo_CMD
                             0x1aef    0xe4  Code  Gb  ModbusRTU.o [10]
func_SystemPara_Init          0x285    0x16  Code  Gb  User_Data.o [17]
func_System_Mainloop_Dispose
                             0x6395   0x296  Code  Gb  Mainloop.o [9]
func_System_Soft_Reset       0x5771     0xe  Code  Gb  Mainloop.o [9]
func_WatchDog_Refresh      0x1'419f    0x1e  Code  Gb  WatchDog.o [18]
func_diplay_NFCCheck_Menu
                           0x1'6c1d    0x7a  Code  Gb  Display.o [11]
func_display_Authorize_Menu
                           0x1'6b8d    0x90  Code  Gb  Display.o [11]
func_display_PowerOn_Menu
                           0x1'6b7d    0x10  Code  Gb  Display.o [11]
func_display_string          0xa701   0x7a8  Code  Gb  OLED.o [11]
func_sprintf_metricsystem
                           0x1'6591   0x426  Code  Gb  Display.o [11]
gE_4G_Module_Init_CMD   0x2000'6806     0x1  Data  Gb  4G_EC200U.o [1]
gSt_DevMeasRecordData   0x2000'6720    0x1c  Data  Gb  User_Data.o [17]
gSt_systemPara          0x2000'0308  0x4dc8  Data  Lc  User_Data.o [17]
g_ATE_CMD               0x2000'02ec     0x8  Data  Lc  BT_TB05.o [2]
g_AT_CMD                0x2000'02f4     0x4  Data  Lc  BT_TB05.o [2]
g_AT_RESET_CMD          0x2000'02b8    0x20  Data  Lc  BT_TB05.o [2]
g_AT_SSID_CMD           0x2000'0294    0x24  Data  Lc  BT_TB05.o [2]
g_Ble_SSID              0x2000'02d8    0x14  Data  Gb  BT_TB05.o [2]
g_sSKLogo_New              0x1'd7f8   0x400  Data  Gb  Font.o [11]
g_sint8_Font_16x10_12864
                           0x1'c90c   0x5a0  Data  Gb  Font.o [11]
g_sint8_Font_16x12_12864
                           0x1'b2a4   0x600  Data  Gb  Font.o [11]
g_sint8_Font_6x12_AsciiDot
                           0x1'ceac   0x4c8  Data  Gb  Font.o [11]
gc_SystemPosi           0x2000'6826     0x1  Data  Gb  User_Data.o [17]
gfunc_DateString_process
                           0x1'69c1   0x1bc  Code  Gb  Display.o [11]
gfunc_Modbus_Matching      0x1'1c91   0x188  Code  Gb  ModbusRTU_Device_BT.o [10]
gs_DeviceDefaultPara    0x2000'0000   0x108  Data  Gb  User_Data.o [17]
guc_ERR13DelayCnt       0x2000'680a     0x1  Data  Gb  BT_TB05.o [2]
guc_LcdDipRevesAttr     0x2000'6824     0x1  Data  Gb  User_Data.o [17]
guc_NFCPWRInitFlag      0x2000'6822     0x1  Data  Gb  User_Data.o [17]
guc_NFC_Card_Flag       0x2000'6825     0x1  Data  Gb  User_Data.o [17]
guc_NFC_Card_ID         0x2000'0108    0x8c  Data  Gb  RXNTTL518.o [14]
guc_OLED_Buf            0x2000'60d0   0x400  Data  Gb  User_Data.o [17]
guc_RTURecvArr          0x2000'6778    0x14  Data  Gb  User_Data.o [17]
guc_SystemPowerInitFlag
                        0x2000'6823     0x1  Data  Gb  User_Data.o [17]
guc_TextBDData          0x2000'6764    0x14  Data  Gb  User_Data.o [17]
guc_W25Q128_Buf         0x2000'50d0  0x1000  Data  Gb  drv_Storage_W25Q128.o [16]
gus_SystemTestArr       0x2000'678c    0x14  Data  Gb  User_Data.o [17]
isalpha                    0x1'a311    0x14  Code  Gb  isalpha.o [28]
isspace                    0x1'a2fd    0x14  Code  Gb  isspace.o [28]
lcd_address                  0xa573    0x28  Code  Gb  OLED.o [11]
ldexp                      0x1'a371          Code  Gb  ldexp.o [29]
ldexpl                     0x1'a371          Code  Gb  ldexp.o [29]
lmos                       0x1'5a30    0x18  Data  Lc  xDaysTo64.o [28]
lnbias                     0x1'd3d8   0x420  Data  Lc  pow64.o [29]
localeconv                 0x1'a365     0x4  Code  Gb  xlocale_c.o [28]
m_au16Adc1Value         0x2000'66fc    0x24  Data  Lc  drv_ADC.o [21]
m_au16Adc2Value         0x2000'673c    0x14  Data  Lc  drv_ADC.o [21]
m_stcSysclkCfg          0x2000'67a0     0x8  Data  Lc  main.o [27]
main                       0x1'babd   0x380  Code  Gb  main.o [27]
main::ucMonitorFlag     0x2000'681a     0x1  Data  Lc  main.o [27]
memchr                     0x1'a749          Code  Gb  memchr.o [30]
memcmp                       0x4f0d          Code  Gb  memcmp.o [30]
mktime                       0xe129    0xe0  Code  Gb  mktime64.o [28]
mos                        0x1'5a48    0x18  Data  Lc  xDaysTo64.o [28]
nackFlag                0x2000'680b     0x1  Data  Gb  drv_IIC.o [22]
ndigs                      0x1'e614    0x28  Data  Lc  iar_Stoulx.o [28]
ndigs                      0x1'e664    0x28  Data  Lc  iar_Stoullx.o [28]
pfnNmiCallback          0x2000'67c4     0x4  Data  Lc  hc32f460_exint_nmi_swi.o [20]
pow                        0x1'9c71   0x68c  Code  Gb  pow64.o [29]
powl                       0x1'9c71   0x68c  Code  Gb  pow64.o [29]
pows                       0x1'eb08    0x48  Data  Lc  strto64.o [29]
prveMBError2Exception      0x1'0c69    0x26  Code  Gb  ModbusRTU_Device_BT.o [10]
pst_BDSystemPara        0x2000'67c8     0x4  Data  Lc  LC86L_BD.o [3]
pst_BTSystemPara        0x2000'67ac     0x4  Data  Lc  BT_TB05.o [2]
pst_EC200USystemPara    0x2000'67a8     0x4  Data  Lc  4G_EC200U.o [1]
pst_LoraSystemPara      0x2000'67cc     0x4  Data  Lc  Lora_TP1109.o [6]
pst_MBSystemPara        0x2000'67dc     0x4  Data  Gb  ModbusRTU.o [10]
pst_MQTTSystemPara      0x2000'67e8     0x4  Data  Lc  MQTT_SK.o [7]
pst_MagSystemPara       0x2000'67d0     0x4  Data  Lc  Magnetic_Bar.o [8]
pst_MainSystemPara      0x2000'67d4     0x4  Data  Lc  main.o [27]
pst_MainloopSystemPara  0x2000'67d8     0x4  Data  Lc  Mainloop.o [9]
pst_OLEDSystemPara      0x2000'67ec     0x4  Data  Gb  OLED.o [11]
pst_PhotoSystemPara     0x2000'67f0     0x4  Data  Lc  Photosensitive_XYC_ALS.o [12]
pst_RTCSystemPara       0x2000'67b0     0x4  Data  Lc  drv_RTC.o [23]
pst_RXNTTLSystemPara    0x2000'67f4     0x4  Data  Lc  RXNTTL518.o [14]
pst_SC7A20SystemPara    0x2000'67b4     0x4  Data  Lc  drv_SC7A20H.o [15]
pst_TimerSystemPara     0x2000'67bc     0x4  Data  Lc  drv_Timer.o [25]
pst_UsartSystemPara     0x2000'67c0     0x4  Data  Lc  drv_USART.o [26]
pst_W25Q128SystemPara   0x2000'67b8     0x4  Data  Gb  drv_Storage_W25Q128.o [16]
pucSndBufferCur         0x2000'67e0     0x4  Data  Lc  ModbusRTU_Device_BT.o [10]
ranmatch                   0x1'5743    0x46  Code  Lc  xscanffull_nomb.o [28]
scalbln                    0x1'a371          Code  Gb  ldexp.o [29]
scalblnl                   0x1'a371          Code  Gb  ldexp.o [29]
scalbn                     0x1'a371          Code  Gb  ldexp.o [29]
scalbnl                    0x1'a371          Code  Gb  ldexp.o [29]
scale                      0x1'975b    0x46  Code  Lc  xprintflarge_nomb.o [28]
sec_hand                0x2000'67fc     0x4  Data  Lc  xfail_s.o [28]
sprintf                    0x1'4131    0x40  Code  Gb  sprintf.o [28]
sqrt                       0x1'421d          Code  Gb  sqrt.o [29]
sqrtl                      0x1'421d          Code  Gb  sqrt.o [29]
sscanf                       0xe101    0x28  Code  Gb  sscanf.o [28]
strcat                     0x1'0c49    0x1e  Code  Gb  strcat.o [28]
strchr                       0x9dc1          Code  Gb  strchr.o [30]
strcmp                       0x4ef9          Code  Gb  strcmp.o [30]
strcpy                       0x572d          Code  Gb  strcpy.o [30]
strcspn                    0x1'a7c9    0x22  Code  Gb  strcspn.o [28]
strlen                       0x4e95          Code  Gb  strlen.o [30]
strncmp                    0x1'41bd    0x2a  Code  Gb  strncmp.o [28]
strspn                     0x1'a7a7    0x22  Code  Gb  strspn.o [28]
strstr                       0x4ecb    0x2c  Code  Gb  strstr.o [28]
strtok                     0x1'7ef1    0x4c  Code  Gb  strtok.o [28]
strtoll                    0x1'a701     0x2  Code  Gb  iar_Stollx.o [28]
strtoull                   0x1'a659     0x2  Code  Gb  iar_Stoullx.o [28]
tolower                    0x1'a7eb    0x14  Code  Gb  tolower.o [28]
u32ICG                        0x400    0x20  Data  Gb  hc32f460_icg.o [20]
u8HrcState              0x2000'6816     0x1  Data  Gb  hc32f460_pwc.o [20]
u8MrcState              0x2000'6817     0x1  Data  Gb  hc32f460_pwc.o [20]
u8StopFlag              0x2000'6819     0x1  Data  Gb  hc32f460_pwc.o [20]
u8SysClkSrc             0x2000'0304     0x1  Data  Gb  hc32f460_pwc.o [20]
u8WkupIntCnt            0x2000'6818     0x1  Data  Gb  hc32f460_pwc.o [20]
usRcvBufferPos          0x2000'6802     0x2  Data  Lc  ModbusRTU_Device_BT.o [10]
xFuncHandlers           0x2000'0194    0x80  Data  Lc  ModbusRTU_Device_BT.o [10]


[1] = D:\Myself\WorkProcess\SK\HC32F460_WorkProcess\example\Source\Pipe_Monitor\Pipe_Monitor_App\EWARM\output\debug\Obj\4G_EC200U_8582873453978518366.dir
[2] = D:\Myself\WorkProcess\SK\HC32F460_WorkProcess\example\Source\Pipe_Monitor\Pipe_Monitor_App\EWARM\output\debug\Obj\BT_TB05_12041724360499981866.dir
[3] = D:\Myself\WorkProcess\SK\HC32F460_WorkProcess\example\Source\Pipe_Monitor\Pipe_Monitor_App\EWARM\output\debug\Obj\LC86L_BD_9822625824417385734.dir
[4] = D:\Myself\WorkProcess\SK\HC32F460_WorkProcess\example\Source\Pipe_Monitor\Pipe_Monitor_App\EWARM\output\debug\Obj\LKT4202_1925765440156868983.dir
[5] = D:\Myself\WorkProcess\SK\HC32F460_WorkProcess\example\Source\Pipe_Monitor\Pipe_Monitor_App\EWARM\output\debug\Obj\LoRa_RA02_5139138412578801246.dir
[6] = D:\Myself\WorkProcess\SK\HC32F460_WorkProcess\example\Source\Pipe_Monitor\Pipe_Monitor_App\EWARM\output\debug\Obj\Lora_TP1109_151720617378073083.dir
[7] = D:\Myself\WorkProcess\SK\HC32F460_WorkProcess\example\Source\Pipe_Monitor\Pipe_Monitor_App\EWARM\output\debug\Obj\MQTT_SK_4724149239023757000.dir
[8] = D:\Myself\WorkProcess\SK\HC32F460_WorkProcess\example\Source\Pipe_Monitor\Pipe_Monitor_App\EWARM\output\debug\Obj\Magnetic_Bar_17520218520042908049.dir
[9] = D:\Myself\WorkProcess\SK\HC32F460_WorkProcess\example\Source\Pipe_Monitor\Pipe_Monitor_App\EWARM\output\debug\Obj\Mainloop_18272944273632151421.dir
[10] = D:\Myself\WorkProcess\SK\HC32F460_WorkProcess\example\Source\Pipe_Monitor\Pipe_Monitor_App\EWARM\output\debug\Obj\ModbusRTU_17682219295068567368.dir
[11] = D:\Myself\WorkProcess\SK\HC32F460_WorkProcess\example\Source\Pipe_Monitor\Pipe_Monitor_App\EWARM\output\debug\Obj\OLED_13473777563621607307.dir
[12] = D:\Myself\WorkProcess\SK\HC32F460_WorkProcess\example\Source\Pipe_Monitor\Pipe_Monitor_App\EWARM\output\debug\Obj\Photosensitive_XYC_ALS_28064708180949255.dir
[13] = D:\Myself\WorkProcess\SK\HC32F460_WorkProcess\example\Source\Pipe_Monitor\Pipe_Monitor_App\EWARM\output\debug\Obj\RF_NFC_10628150809568064830.dir
[14] = D:\Myself\WorkProcess\SK\HC32F460_WorkProcess\example\Source\Pipe_Monitor\Pipe_Monitor_App\EWARM\output\debug\Obj\RXNTTL518_17808510930951076202.dir
[15] = D:\Myself\WorkProcess\SK\HC32F460_WorkProcess\example\Source\Pipe_Monitor\Pipe_Monitor_App\EWARM\output\debug\Obj\SC7A20H_13085057635104233901.dir
[16] = D:\Myself\WorkProcess\SK\HC32F460_WorkProcess\example\Source\Pipe_Monitor\Pipe_Monitor_App\EWARM\output\debug\Obj\Storage_W25Q128_4738127093883701884.dir
[17] = D:\Myself\WorkProcess\SK\HC32F460_WorkProcess\example\Source\Pipe_Monitor\Pipe_Monitor_App\EWARM\output\debug\Obj\User_Data_5391006662705040797.dir
[18] = D:\Myself\WorkProcess\SK\HC32F460_WorkProcess\example\Source\Pipe_Monitor\Pipe_Monitor_App\EWARM\output\debug\Obj\WatchDog_9188475617120297074.dir
[19] = D:\Myself\WorkProcess\SK\HC32F460_WorkProcess\example\Source\Pipe_Monitor\Pipe_Monitor_App\EWARM\output\debug\Obj\common_14919461937644757070.dir
[20] = D:\Myself\WorkProcess\SK\HC32F460_WorkProcess\example\Source\Pipe_Monitor\Pipe_Monitor_App\EWARM\output\debug\Obj\driver_11944700488488147666.dir
[21] = D:\Myself\WorkProcess\SK\HC32F460_WorkProcess\example\Source\Pipe_Monitor\Pipe_Monitor_App\EWARM\output\debug\Obj\drv_ADC_15186207816091091275.dir
[22] = D:\Myself\WorkProcess\SK\HC32F460_WorkProcess\example\Source\Pipe_Monitor\Pipe_Monitor_App\EWARM\output\debug\Obj\drv_IIC_18060258103304213159.dir
[23] = D:\Myself\WorkProcess\SK\HC32F460_WorkProcess\example\Source\Pipe_Monitor\Pipe_Monitor_App\EWARM\output\debug\Obj\drv_RTC_2577979922006117733.dir
[24] = D:\Myself\WorkProcess\SK\HC32F460_WorkProcess\example\Source\Pipe_Monitor\Pipe_Monitor_App\EWARM\output\debug\Obj\drv_SPI_4333388098947449637.dir
[25] = D:\Myself\WorkProcess\SK\HC32F460_WorkProcess\example\Source\Pipe_Monitor\Pipe_Monitor_App\EWARM\output\debug\Obj\drv_Timer_6973001687617930806.dir
[26] = D:\Myself\WorkProcess\SK\HC32F460_WorkProcess\example\Source\Pipe_Monitor\Pipe_Monitor_App\EWARM\output\debug\Obj\drv_USART_14144334009435087269.dir
[27] = D:\Myself\WorkProcess\SK\HC32F460_WorkProcess\example\Source\Pipe_Monitor\Pipe_Monitor_App\EWARM\output\debug\Obj\source_5634686896477721948.dir
[28] = dl7M_tlf.a
[29] = m7M_tls.a
[30] = rt7M_tl.a
[31] = shb_l.a

  115'851 bytes of readonly  code memory
   14'104 bytes of readonly  data memory (+ 32 absolute)
   34'854 bytes of readwrite data memory

Errors: none
Warnings: none
