###############################################################################
#
# IAR ELF Linker V9.40.1.364/W64 for ARM                  16/Mar/2026  16:47:44
# Copyright 2007-2023 IAR Systems AB.
#
#    Output file  =
#        D:\Myself\WorkProcess\SK\HC32F460_WorkProcess\example\Source\Pipe_Monitor\Pipe_Monitor_App\EWARM\output\debug\Exe\Pipe_Monitor_App.out
#    Map file     =
#        D:\Myself\WorkProcess\SK\HC32F460_WorkProcess\example\Source\Pipe_Monitor\Pipe_Monitor_App\EWARM\output\debug\List\Pipe_Monitor_App.map
#    Command line =
#        -f
#        D:\Myself\WorkProcess\SK\HC32F460_WorkProcess\example\Source\Pipe_Monitor\Pipe_Monitor_App\EWARM\output\debug\Exe\Pipe_Monitor_App.out.rsp
#        (D:\Myself\WorkProcess\SK\HC32F460_WorkProcess\example\Source\Pipe_Monitor\Pipe_Monitor_App\EWARM\output\debug\Obj\4G_EC200U_8582873453978518366.dir\4G_EC200U.o
#        D:\Myself\WorkProcess\SK\HC32F460_WorkProcess\example\Source\Pipe_Monitor\Pipe_Monitor_App\EWARM\output\debug\Obj\AlarmRule_18216376037575670332.dir\AlarmRule.o
#        D:\Myself\WorkProcess\SK\HC32F460_WorkProcess\example\Source\Pipe_Monitor\Pipe_Monitor_App\EWARM\output\debug\Obj\BT_TB05_12041724360499981866.dir\BT_TB05.o
#        D:\Myself\WorkProcess\SK\HC32F460_WorkProcess\example\Source\Pipe_Monitor\Pipe_Monitor_App\EWARM\output\debug\Obj\OLED_13473777563621607307.dir\Display.o
#        D:\Myself\WorkProcess\SK\HC32F460_WorkProcess\example\Source\Pipe_Monitor\Pipe_Monitor_App\EWARM\output\debug\Obj\drv_ADC_15186207816091091275.dir\drv_ADC.o
#        D:\Myself\WorkProcess\SK\HC32F460_WorkProcess\example\Source\Pipe_Monitor\Pipe_Monitor_App\EWARM\output\debug\Obj\drv_IIC_18060258103304213159.dir\drv_IIC.o
#        D:\Myself\WorkProcess\SK\HC32F460_WorkProcess\example\Source\Pipe_Monitor\Pipe_Monitor_App\EWARM\output\debug\Obj\LKT4202_1925765440156868983.dir\drv_LKT4202.o
#        D:\Myself\WorkProcess\SK\HC32F460_WorkProcess\example\Source\Pipe_Monitor\Pipe_Monitor_App\EWARM\output\debug\Obj\drv_OTS_Temperature_13039655784802445445.dir\drv_OTS_Temperature.o
#        D:\Myself\WorkProcess\SK\HC32F460_WorkProcess\example\Source\Pipe_Monitor\Pipe_Monitor_App\EWARM\output\debug\Obj\drv_RTC_2577979922006117733.dir\drv_RTC.o
#        D:\Myself\WorkProcess\SK\HC32F460_WorkProcess\example\Source\Pipe_Monitor\Pipe_Monitor_App\EWARM\output\debug\Obj\SC7A20H_13085057635104233901.dir\drv_SC7A20H.o
#        D:\Myself\WorkProcess\SK\HC32F460_WorkProcess\example\Source\Pipe_Monitor\Pipe_Monitor_App\EWARM\output\debug\Obj\drv_SPI_4333388098947449637.dir\drv_SPI.o
#        D:\Myself\WorkProcess\SK\HC32F460_WorkProcess\example\Source\Pipe_Monitor\Pipe_Monitor_App\EWARM\output\debug\Obj\Storage_W25Q128_4738127093883701884.dir\drv_Storage_W25Q128.o
#        D:\Myself\WorkProcess\SK\HC32F460_WorkProcess\example\Source\Pipe_Monitor\Pipe_Monitor_App\EWARM\output\debug\Obj\drv_Timer_6973001687617930806.dir\drv_Timer.o
#        D:\Myself\WorkProcess\SK\HC32F460_WorkProcess\example\Source\Pipe_Monitor\Pipe_Monitor_App\EWARM\output\debug\Obj\drv_USART_14144334009435087269.dir\drv_USART.o
#        D:\Myself\WorkProcess\SK\HC32F460_WorkProcess\example\Source\Pipe_Monitor\Pipe_Monitor_App\EWARM\output\debug\Obj\RF_NFC_10628150809568064830.dir\fm175xx.o
#        D:\Myself\WorkProcess\SK\HC32F460_WorkProcess\example\Source\Pipe_Monitor\Pipe_Monitor_App\EWARM\output\debug\Obj\OLED_13473777563621607307.dir\Font.o
#        D:\Myself\WorkProcess\SK\HC32F460_WorkProcess\example\Source\Pipe_Monitor\Pipe_Monitor_App\EWARM\output\debug\Obj\driver_11944700488488147666.dir\hc32f460_adc.o
#        D:\Myself\WorkProcess\SK\HC32F460_WorkProcess\example\Source\Pipe_Monitor\Pipe_Monitor_App\EWARM\output\debug\Obj\driver_11944700488488147666.dir\hc32f460_clk.o
#        D:\Myself\WorkProcess\SK\HC32F460_WorkProcess\example\Source\Pipe_Monitor\Pipe_Monitor_App\EWARM\output\debug\Obj\driver_11944700488488147666.dir\hc32f460_dmac.o
#        D:\Myself\WorkProcess\SK\HC32F460_WorkProcess\example\Source\Pipe_Monitor\Pipe_Monitor_App\EWARM\output\debug\Obj\driver_11944700488488147666.dir\hc32f460_efm.o
#        D:\Myself\WorkProcess\SK\HC32F460_WorkProcess\example\Source\Pipe_Monitor\Pipe_Monitor_App\EWARM\output\debug\Obj\driver_11944700488488147666.dir\hc32f460_event_port.o
#        D:\Myself\WorkProcess\SK\HC32F460_WorkProcess\example\Source\Pipe_Monitor\Pipe_Monitor_App\EWARM\output\debug\Obj\driver_11944700488488147666.dir\hc32f460_exint_nmi_swi.o
#        D:\Myself\WorkProcess\SK\HC32F460_WorkProcess\example\Source\Pipe_Monitor\Pipe_Monitor_App\EWARM\output\debug\Obj\driver_11944700488488147666.dir\hc32f460_gpio.o
#        D:\Myself\WorkProcess\SK\HC32F460_WorkProcess\example\Source\Pipe_Monitor\Pipe_Monitor_App\EWARM\output\debug\Obj\driver_11944700488488147666.dir\hc32f460_i2c.o
#        D:\Myself\WorkProcess\SK\HC32F460_WorkProcess\example\Source\Pipe_Monitor\Pipe_Monitor_App\EWARM\output\debug\Obj\driver_11944700488488147666.dir\hc32f460_icg.o
#        D:\Myself\WorkProcess\SK\HC32F460_WorkProcess\example\Source\Pipe_Monitor\Pipe_Monitor_App\EWARM\output\debug\Obj\driver_11944700488488147666.dir\hc32f460_interrupts.o
#        D:\Myself\WorkProcess\SK\HC32F460_WorkProcess\example\Source\Pipe_Monitor\Pipe_Monitor_App\EWARM\output\debug\Obj\driver_11944700488488147666.dir\hc32f460_keyscan.o
#        D:\Myself\WorkProcess\SK\HC32F460_WorkProcess\example\Source\Pipe_Monitor\Pipe_Monitor_App\EWARM\output\debug\Obj\driver_11944700488488147666.dir\hc32f460_ots.o
#        D:\Myself\WorkProcess\SK\HC32F460_WorkProcess\example\Source\Pipe_Monitor\Pipe_Monitor_App\EWARM\output\debug\Obj\driver_11944700488488147666.dir\hc32f460_pwc.o
#        D:\Myself\WorkProcess\SK\HC32F460_WorkProcess\example\Source\Pipe_Monitor\Pipe_Monitor_App\EWARM\output\debug\Obj\driver_11944700488488147666.dir\hc32f460_rtc.o
#        D:\Myself\WorkProcess\SK\HC32F460_WorkProcess\example\Source\Pipe_Monitor\Pipe_Monitor_App\EWARM\output\debug\Obj\driver_11944700488488147666.dir\hc32f460_spi.o
#        D:\Myself\WorkProcess\SK\HC32F460_WorkProcess\example\Source\Pipe_Monitor\Pipe_Monitor_App\EWARM\output\debug\Obj\driver_11944700488488147666.dir\hc32f460_sram.o
#        D:\Myself\WorkProcess\SK\HC32F460_WorkProcess\example\Source\Pipe_Monitor\Pipe_Monitor_App\EWARM\output\debug\Obj\driver_11944700488488147666.dir\hc32f460_timer0.o
#        D:\Myself\WorkProcess\SK\HC32F460_WorkProcess\example\Source\Pipe_Monitor\Pipe_Monitor_App\EWARM\output\debug\Obj\driver_11944700488488147666.dir\hc32f460_timer4_cnt.o
#        D:\Myself\WorkProcess\SK\HC32F460_WorkProcess\example\Source\Pipe_Monitor\Pipe_Monitor_App\EWARM\output\debug\Obj\driver_11944700488488147666.dir\hc32f460_timer4_oco.o
#        D:\Myself\WorkProcess\SK\HC32F460_WorkProcess\example\Source\Pipe_Monitor\Pipe_Monitor_App\EWARM\output\debug\Obj\driver_11944700488488147666.dir\hc32f460_usart.o
#        D:\Myself\WorkProcess\SK\HC32F460_WorkProcess\example\Source\Pipe_Monitor\Pipe_Monitor_App\EWARM\output\debug\Obj\driver_11944700488488147666.dir\hc32f460_utility.o
#        D:\Myself\WorkProcess\SK\HC32F460_WorkProcess\example\Source\Pipe_Monitor\Pipe_Monitor_App\EWARM\output\debug\Obj\driver_11944700488488147666.dir\hc32f460_wdt.o
#        D:\Myself\WorkProcess\SK\HC32F460_WorkProcess\example\Source\Pipe_Monitor\Pipe_Monitor_App\EWARM\output\debug\Obj\LC86L_BD_9822625824417385734.dir\LC86L_BD.o
#        D:\Myself\WorkProcess\SK\HC32F460_WorkProcess\example\Source\Pipe_Monitor\Pipe_Monitor_App\EWARM\output\debug\Obj\LoRa_RA02_5139138412578801246.dir\LoRa_RA02.o
#        D:\Myself\WorkProcess\SK\HC32F460_WorkProcess\example\Source\Pipe_Monitor\Pipe_Monitor_App\EWARM\output\debug\Obj\Lora_TP1109_151720617378073083.dir\Lora_TP1109.o
#        D:\Myself\WorkProcess\SK\HC32F460_WorkProcess\example\Source\Pipe_Monitor\Pipe_Monitor_App\EWARM\output\debug\Obj\Magnetic_Bar_17520218520042908049.dir\Magnetic_Bar.o
#        D:\Myself\WorkProcess\SK\HC32F460_WorkProcess\example\Source\Pipe_Monitor\Pipe_Monitor_App\EWARM\output\debug\Obj\source_5634686896477721948.dir\main.o
#        D:\Myself\WorkProcess\SK\HC32F460_WorkProcess\example\Source\Pipe_Monitor\Pipe_Monitor_App\EWARM\output\debug\Obj\Mainloop_18272944273632151421.dir\Mainloop.o
#        D:\Myself\WorkProcess\SK\HC32F460_WorkProcess\example\Source\Pipe_Monitor\Pipe_Monitor_App\EWARM\output\debug\Obj\RF_NFC_10628150809568064830.dir\mifare_card.o
#        D:\Myself\WorkProcess\SK\HC32F460_WorkProcess\example\Source\Pipe_Monitor\Pipe_Monitor_App\EWARM\output\debug\Obj\ModbusRTU_17682219295068567368.dir\ModbusRTU.o
#        D:\Myself\WorkProcess\SK\HC32F460_WorkProcess\example\Source\Pipe_Monitor\Pipe_Monitor_App\EWARM\output\debug\Obj\ModbusRTU_17682219295068567368.dir\ModbusRTU_Device_BT.o
#        D:\Myself\WorkProcess\SK\HC32F460_WorkProcess\example\Source\Pipe_Monitor\Pipe_Monitor_App\EWARM\output\debug\Obj\MQTT_SK_4724149239023757000.dir\MQTT_SK.o
#        D:\Myself\WorkProcess\SK\HC32F460_WorkProcess\example\Source\Pipe_Monitor\Pipe_Monitor_App\EWARM\output\debug\Obj\OLED_13473777563621607307.dir\OLED.o
#        D:\Myself\WorkProcess\SK\HC32F460_WorkProcess\example\Source\Pipe_Monitor\Pipe_Monitor_App\EWARM\output\debug\Obj\Photosensitive_XYC_ALS_28064708180949255.dir\Photosensitive_XYC_ALS.o
#        D:\Myself\WorkProcess\SK\HC32F460_WorkProcess\example\Source\Pipe_Monitor\Pipe_Monitor_App\EWARM\output\debug\Obj\RF_NFC_10628150809568064830.dir\RF_NFC.o
#        D:\Myself\WorkProcess\SK\HC32F460_WorkProcess\example\Source\Pipe_Monitor\Pipe_Monitor_App\EWARM\output\debug\Obj\RXNTTL518_17808510930951076202.dir\RXNTTL518.o
#        D:\Myself\WorkProcess\SK\HC32F460_WorkProcess\example\Source\Pipe_Monitor\Pipe_Monitor_App\EWARM\output\debug\Obj\common_14919461937644757070.dir\startup_hc32f460.o
#        D:\Myself\WorkProcess\SK\HC32F460_WorkProcess\example\Source\Pipe_Monitor\Pipe_Monitor_App\EWARM\output\debug\Obj\common_14919461937644757070.dir\system_hc32f460.o
#        D:\Myself\WorkProcess\SK\HC32F460_WorkProcess\example\Source\Pipe_Monitor\Pipe_Monitor_App\EWARM\output\debug\Obj\RF_NFC_10628150809568064830.dir\type_a.o
#        D:\Myself\WorkProcess\SK\HC32F460_WorkProcess\example\Source\Pipe_Monitor\Pipe_Monitor_App\EWARM\output\debug\Obj\RF_NFC_10628150809568064830.dir\type_b.o
#        D:\Myself\WorkProcess\SK\HC32F460_WorkProcess\example\Source\Pipe_Monitor\Pipe_Monitor_App\EWARM\output\debug\Obj\User_Data_5391006662705040797.dir\User_Data.o
#        D:\Myself\WorkProcess\SK\HC32F460_WorkProcess\example\Source\Pipe_Monitor\Pipe_Monitor_App\EWARM\output\debug\Obj\WatchDog_9188475617120297074.dir\WatchDog.o
#        --no_out_extension -o
#        D:\Myself\WorkProcess\SK\HC32F460_WorkProcess\example\Source\Pipe_Monitor\Pipe_Monitor_App\EWARM\output\debug\Exe\Pipe_Monitor_App.out
#        --map
#        D:\Myself\WorkProcess\SK\HC32F460_WorkProcess\example\Source\Pipe_Monitor\Pipe_Monitor_App\EWARM\output\debug\List\Pipe_Monitor_App.map
#        --config
#        D:\Myself\WorkProcess\SK\HC32F460_WorkProcess\example\Source\Pipe_Monitor\Pipe_Monitor_App\EWARM\HC32F460xE.icf
#        --semihosting --entry __iar_program_start --redirect
#        __write=__write_buffered --vfe --text_out locale --cpu=Cortex-M4
#        --fpu=VFPv4_sp) --dependencies=n
#        D:\Myself\WorkProcess\SK\HC32F460_WorkProcess\example\Source\Pipe_Monitor\Pipe_Monitor_App\EWARM\output\debug\Exe\Pipe_Monitor_App.out.iar_deps
#
###############################################################################

*******************************************************************************
*** RUNTIME MODEL ATTRIBUTES
***

CppFlavor       = *
__CPP_Runtime   = 1
__SystemLibrary = DLib
__dlib_version  = 6


*******************************************************************************
*** HEAP SELECTION
***

The basic heap was selected because --advanced_heap
was not specified and the application did not appear to
be primarily optimized for speed.


*******************************************************************************
*** PLACEMENT SUMMARY
***

"A0":  place at address 0x1'4000 { ro section .intvec };
"P1":  place in [from 0x1'4000 to 0x7'ffff] |
                [from 0x300'0c00 to 0x300'0ffb] { ro };
define block CSTACK with size = 8K, alignment = 8 { };
define block HEAP with size = 8K, alignment = 8 { };
"P2":  place in [from 0x1fff'8000 to 0x1fff'ffff] |
                [from 0x2000'0000 to 0x2000'ffff repeat 2] |
                [from 0x2002'0000 to 0x2002'6fff] |
                [from 0x200f'0000 to 0x200f'0fff] {
          rw, block CSTACK, block HEAP };
initialize by copy { rw };

  Section            Kind         Address      Size  Object
  -------            ----         -------      ----  ------
Absolute sections:                             0x20
  .rodata            const          0x400      0x20  hc32f460_icg.o [21]
                                  - 0x420      0x20

"A0":                                         0x280
  .intvec            ro code     0x1'4000     0x280  startup_hc32f460.o [20]
                               - 0x1'4280     0x280

"P1":                                      0x2'6e50
  .text              ro code     0x1'4280    0x3a40  4G_EC200U.o [1]
  .text              ro code     0x1'7cc0      0x66  ABImemset.o [32]
  .text              ro code     0x1'7d26      0x1e  xsscin.o [30]
  .text              ro code     0x1'7d44     0x4d8  hc32f460_gpio.o [21]
  .text              ro code     0x1'821c      0x6c  hc32f460_utility.o [21]
  .text              ro code     0x1'8288     0x7a0  drv_RTC.o [25]
  .text              ro code     0x1'8a28      0x40  sprintf.o [30]
  .text              ro code     0x1'8a68      0x36  strlen.o [32]
  .text              ro code     0x1'8a9e      0x1e  strcat.o [30]
  .text              ro code     0x1'8abc      0xa6  ABImemcpy.o [32]
  .text              ro code     0x1'8b62       0xa  xsprout.o [30]
  .text              ro code     0x1'8b6c     0x488  drv_LKT4202.o [5]
  .text              ro code     0x1'8ff4    0x1ebc  drv_Storage_W25Q128.o [17]
  .text              ro code     0x1'aeb0      0x48  FltToDbl.o [31]
  .text              ro code     0x1'aef8     0x25e  DblAddSub.o [31]
  .rodata            const       0x1'b156       0x2  drv_LKT4202.o [5]
  .text              ro code     0x1'b158      0x1c  U32ToDbl.o [31]
  .text              ro code     0x1'b174     0x246  DblDiv.o [31]
  .rodata            const       0x1'b3ba       0x2  drv_LKT4202.o [5]
  .text              ro code     0x1'b3bc      0x34  DblCmpLe.o [31]
  .text              ro code     0x1'b3f0      0x34  DblCmpGe.o [31]
  .text              ro code     0x1'b424      0x18  strcpy.o [32]
  .text              ro code     0x1'b43c      0x4c  WatchDog.o [19]
  .text              ro code     0x1'b488    0x12cc  drv_USART.o [28]
  .text              ro code     0x1'c754      0xb6  User_Data.o [18]
  .rodata            const       0x1'c80a       0x2  drv_LKT4202.o [5]
  .text              ro code     0x1'c80c      0x28  sscanf.o [30]
  .text              ro code     0x1'c834       0x2  hc32f460_utility.o [21]
  .rodata            const       0x1'c836       0x2  drv_LKT4202.o [5]
  .text              ro code     0x1'c838     0xa10  hc32f460_pwc.o [21]
  .text              ro code     0x1'd248     0xffc  hc32f460_clk.o [21]
  .text              ro code     0x1'e244      0x68  DblToFlt.o [31]
  .text              ro code     0x1'e2ac     0x8a4  hc32f460_rtc.o [21]
  .text              ro code     0x1'eb50     0xb40  hc32f460_interrupts.o [21]
  .text              ro code     0x1'f690      0x16  strchr.o [32]
  .rodata            const       0x1'f6a6       0x2  drv_LKT4202.o [5]
  .text              ro code     0x1'f6a8      0xe0  mktime64.o [30]
  .text              ro code     0x1'f788     0xd1a  xprintflarge_nomb.o [30]
  .rodata            const       0x2'04a2       0x2  xlocale_c.o [30]
  .text              ro code     0x2'04a4     0x928  drv_IIC.o [23]
  .text              ro code     0x2'0dcc     0x7b4  hc32f460_spi.o [21]
  .text              ro code     0x2'1580    0x13f4  Mainloop.o [10]
  .text              ro code     0x2'2974      0x12  strcmp.o [32]
  .rodata            const       0x2'2986       0x2  xlocale_c.o [30]
  .text              ro code     0x2'2988     0xa48  hc32f460_usart.o [21]
  .text              ro code     0x2'33d0     0xac0  hc32f460_dmac.o [21]
  .text              ro code     0x2'3e90     0x934  hc32f460_timer0.o [21]
  .text              ro code     0x2'47c4     0x458  BT_TB05.o [3]
  .text              ro code     0x2'4c1c      0x68  memcmp.o [32]
  .text              ro code     0x2'4c84     0x640  xscanfsmall_nomb.o [30]
  .text              ro code     0x2'52c4     0x110  system_hc32f460.o [20]
  .text              ro code     0x2'53d4     0x17c  hc32f460_exint_nmi_swi.o [21]
  .text              ro code     0x2'5550      0xcc  xDaysTo64.o [30]
  .text              ro code     0x2'561c     0x15c  xttotm64.o [30]
  .text              ro code     0x2'5778       0x4  xTzoff_nop.o [30]
  .text              ro code     0x2'577c      0x40  xfail_s.o [30]
  .text              ro code     0x2'57bc      0x58  memchr.o [32]
  .text              ro code     0x2'5814      0x70  frexp.o [31]
  .text              ro code     0x2'5884      0x22  DblToU32.o [31]
  .rodata            const       0x2'58a6       0x1  xlocale_c.o [30]
  .text              ro code     0x2'58a8     0x1aa  DblMul.o [31]
  .text              ro code     0x2'5a54      0x4c  xlocale_c.o [30]
  .text              ro code     0x2'5aa0     0x274  I64DivMod.o [32]
  .text              ro code     0x2'5d14     0xaa0  hc32f460_i2c.o [21]
  .text              ro code     0x2'67b4     0x560  LC86L_BD.o [4]
  .text              ro code     0x2'6d14     0xaa4  drv_Timer.o [27]
  .text              ro code     0x2'77b8     0x1c4  Lora_TP1109.o [7]
  .text              ro code     0x2'797c     0x558  drv_ADC.o [22]
  .text              ro code     0x2'7ed4     0xc9c  OLED.o [12]
  .text              ro code     0x2'8b70      0x66  RF_NFC.o [14]
  .text              ro code     0x2'8bd8     0x244  RXNTTL518.o [15]
  .text              ro code     0x2'8e1c     0x3e4  Photosensitive_XYC_ALS.o [13]
  .text              ro code     0x2'9200     0x2da  drv_SC7A20H.o [16]
  .text              ro code     0x2'94dc    0x2250  Display.o [12]
  .text              ro code     0x2'b72c    0x286c  ModbusRTU.o [11]
  .text              ro code     0x2'df98      0x74  drv_OTS_Temperature.o [24]
  .text              ro code     0x2'e00c      0x2c  strstr.o [30]
  .text              ro code     0x2'e038    0x31b0  MQTT_SK.o [8]
  .text              ro code     0x3'11e8    0x2074  ModbusRTU_Device_BT.o [11]
  .text              ro code     0x3'325c      0x14  isspace.o [30]
  .text              ro code     0x3'3270     0x156  iar_Stoulx.o [30]
  .text              ro code     0x3'33c6      0x90  iar_Stolx.o [30]
  .text              ro code     0x3'3456       0x6  xisdst_nop64.o [30]
  .text              ro code     0x3'345c       0x6  abort.o [30]
  .text              ro code     0x3'3464       0x2  I64DivZer.o [32]
  .text              ro code     0x3'3468     0x9d0  hc32f460_timer4_oco.o [21]
  .text              ro code     0x3'3e38     0x368  hc32f460_timer4_cnt.o [21]
  .text              ro code     0x3'41a0     0x578  hc32f460_adc.o [21]
  .text              ro code     0x3'4718      0x2a  strncmp.o [30]
  .text              ro code     0x3'4744      0x22  S32ToDbl.o [31]
  .text              ro code     0x3'4768     0x102  sqrt.o [31]
  .text              ro code     0x3'486c      0x2a  math_wrappers64.o [31]
  .text              ro code     0x3'4898      0x36  DblToS32.o [31]
  .text              ro code     0x3'48d0      0x46  U64ToDbl.o [31]
  .text              ro code     0x3'4918     0x180  hc32f460_ots.o [21]
  .text              ro code     0x3'4a98      0x4c  strtok.o [30]
  .text              ro code     0x3'4ae4      0x14  tolower.o [30]
  .text              ro code     0x3'4af8      0x14  exit.o [33]
  .text              ro code     0x3'4b0c     0x362  strto64.o [31]
  .text              ro code     0x3'4e70      0xbc  atan64.o [31]
  .text              ro code     0x3'4f2c     0x68c  pow64.o [31]
  .text              ro code     0x3'55b8      0x22  strspn.o [30]
  .text              ro code     0x3'55da      0x22  strcspn.o [30]
  .text              ro code     0x3'55fc     0x13a  ldexp.o [31]
  .text              ro code     0x3'5736     0x122  iar_Stopfx.o [30]
  .text              ro code     0x3'5858     0x1b8  iar_Stoflt.o [30]
  .text              ro code     0x3'5a10     0x208  iar_Stoxflt.o [30]
  .text              ro code     0x3'5c18     0x1c8  iar_Atan64.o [31]
  .text              ro code     0x3'5de0      0x20  DblCmpEq.o [31]
  .text              ro code     0x3'5e00     0x32c  iar_Exp64.o [31]
  .text              ro code     0x3'612c      0x14  isalpha.o [30]
  .text              ro code     0x3'6140     0x8c4  main.o [29]
  .text              ro code     0x3'6a04      0x90  hc32f460_efm.o [21]
  .text              ro code     0x3'6a94     0x188  hc32f460_sram.o [21]
  .text              ro code     0x3'6c1c      0xdc  drv_SPI.o [26]
  .text              ro code     0x3'6cf8     0x210  Magnetic_Bar.o [9]
  .rodata            const       0x3'6f08     0x780  Font.o [12]
  .rodata            const       0x3'7688     0x5a0  Font.o [12]
  .rodata            const       0x3'7c28     0x4c8  Font.o [12]
  .rodata            const       0x3'80f0     0x420  pow64.o [31]
  .rodata            const       0x3'8510     0x410  ModbusRTU_Device_BT.o [11]
  .rodata            const       0x3'8920     0x400  Font.o [12]
  .rodata            const       0x3'8d20     0x200  ModbusRTU.o [11]
  .rodata            const       0x3'8f20     0x200  RXNTTL518.o [15]
  .rodata            const       0x3'9120     0x100  ModbusRTU.o [11]
  .rodata            const       0x3'9220     0x100  ModbusRTU.o [11]
  .rodata            const       0x3'9320      0xcc  4G_EC200U.o [1]
  .text              ro code     0x3'93ec      0xa2  packbits_init.o [32]
  .rodata            const       0x3'9490      0x68  4G_EC200U.o [1]
  .rodata            const       0x3'94f8      0x64  4G_EC200U.o [1]
  .rodata            const       0x3'955c      0x54  hc32f460_exint_nmi_swi.o [21]
  .rodata            const       0x3'95b0      0x54  MQTT_SK.o [8]
  .rodata            const       0x3'9604      0x50  hc32f460_interrupts.o [21]
  .rodata            const       0x3'9654      0x50  hc32f460_timer4_cnt.o [21]
  .rodata            const       0x3'96a4      0x50  hc32f460_timer4_oco.o [21]
  .rodata            const       0x3'96f4      0x50  iar_Stoulx.o [30]
  .rodata            const       0x3'9744      0x4c  4G_EC200U.o [1]
  .rodata            const       0x3'9790      0x4c  4G_EC200U.o [1]
  .rodata            const       0x3'97dc      0x4c  hc32f460_dmac.o [21]
  .rodata            const       0x3'9828      0x4c  hc32f460_gpio.o [21]
  .rodata            const       0x3'9874      0x4c  hc32f460_sram.o [21]
  .rodata            const       0x3'98c0      0x4c  hc32f460_timer0.o [21]
  .rodata            const       0x3'990c      0x4c  hc32f460_usart.o [21]
  .rodata            const       0x3'9958      0x4c  MQTT_SK.o [8]
  .rodata            const       0x3'99a4      0x48  hc32f460_adc.o [21]
  .rodata            const       0x3'99ec      0x48  hc32f460_clk.o [21]
  .rodata            const       0x3'9a34      0x48  hc32f460_efm.o [21]
  .rodata            const       0x3'9a7c      0x48  hc32f460_i2c.o [21]
  .rodata            const       0x3'9ac4      0x48  hc32f460_ots.o [21]
  .rodata            const       0x3'9b0c      0x48  hc32f460_pwc.o [21]
  .rodata            const       0x3'9b54      0x48  hc32f460_rtc.o [21]
  .rodata            const       0x3'9b9c      0x48  hc32f460_spi.o [21]
  .rodata            const       0x3'9be4      0x3c  4G_EC200U.o [1]
  .rodata            const       0x3'9c20      0x48  strto64.o [31]
  .text              ro code     0x3'9c70      0x44  startup_hc32f460.o [20]
  .rodata            const       0x3'9cb4      0x3c  4G_EC200U.o [1]
  .rodata            const       0x3'9cf0      0x40  iar_Atan64.o [31]
  .rodata            const       0x3'9d30      0x3c  MQTT_SK.o [8]
  .rodata            const       0x3'9d6c      0x3c  MQTT_SK.o [8]
  .rodata            const       0x3'9da8      0x38  4G_EC200U.o [1]
  .rodata            const       0x3'9de0      0x38  MQTT_SK.o [8]
  .text              ro code     0x3'9e18      0x38  zero_init3.o [32]
  .rodata            const       0x3'9e50      0x34  MQTT_SK.o [8]
  .rodata            const       0x3'9e84      0x30  MQTT_SK.o [8]
  .rodata            const       0x3'9eb4      0x28  4G_EC200U.o [1]
  .rodata            const       0x3'9edc      0x28  4G_EC200U.o [1]
  .text              ro code     0x3'9f04      0x28  data_init.o [32]
  .rodata            const       0x3'9f2c      0x24  4G_EC200U.o [1]
  .rodata            const       0x3'9f50      0x24  MQTT_SK.o [8]
  .rodata            const       0x3'9f74      0x24  xscanfsmall_nomb.o [30]
  .text              ro code     0x3'9f98      0x22  fpinit_M.o [31]
  .iar.init_table    const       0x3'9fbc      0x34  - Linker created -
  .rodata            const       0x3'9ff0      0x20  4G_EC200U.o [1]
  .rodata            const       0x3'a010      0x20  4G_EC200U.o [1]
  .rodata            const       0x3'a030      0x20  4G_EC200U.o [1]
  .rodata            const       0x3'a050      0x20  drv_LKT4202.o [5]
  .rodata            const       0x3'a070      0x20  drv_LKT4202.o [5]
  .rodata            const       0x3'a090      0x20  drv_RTC.o [25]
  .rodata            const       0x3'a0b0      0x20  MQTT_SK.o [8]
  .rodata            const       0x3'a0d0      0x20  MQTT_SK.o [8]
  .text              ro code     0x3'a0f0      0x1e  cmain.o [32]
  .text              ro code     0x3'a10e       0x4  low_level_init.o [30]
  .text              ro code     0x3'a112       0x4  exit.o [30]
  .text              ro code     0x3'a118       0xa  cexit.o [32]
  .rodata            const       0x3'a124      0x1c  4G_EC200U.o [1]
  .rodata            const       0x3'a140      0x1c  MQTT_SK.o [8]
  .rodata            const       0x3'a15c      0x1c  MQTT_SK.o [8]
  .rodata            const       0x3'a178      0x1c  MQTT_SK.o [8]
  .rodata            const       0x3'a194      0x1c  MQTT_SK.o [8]
  .rodata            const       0x3'a1b0      0x1c  MQTT_SK.o [8]
  .rodata            const       0x3'a1cc      0x1c  MQTT_SK.o [8]
  .text              ro code     0x3'a1e8      0x1c  cstartup_M.o [32]
  .rodata            const       0x3'a204      0x18  4G_EC200U.o [1]
  .rodata            const       0x3'a21c      0x18  MQTT_SK.o [8]
  .rodata            const       0x3'a234      0x18  MQTT_SK.o [8]
  .rodata            const       0x3'a24c      0x18  MQTT_SK.o [8]
  .rodata            const       0x3'a264      0x18  MQTT_SK.o [8]
  .rodata            const       0x3'a27c      0x18  MQTT_SK.o [8]
  .rodata            const       0x3'a294      0x18  MQTT_SK.o [8]
  .rodata            const       0x3'a2ac      0x14  4G_EC200U.o [1]
  .rodata            const       0x3'a2c0      0x14  4G_EC200U.o [1]
  .rodata            const       0x3'a2d4      0x14  4G_EC200U.o [1]
  .rodata            const       0x3'a2e8      0x14  4G_EC200U.o [1]
  .rodata            const       0x3'a2fc      0x14  4G_EC200U.o [1]
  .rodata            const       0x3'a310      0x14  4G_EC200U.o [1]
  .rodata            const       0x3'a324      0x14  4G_EC200U.o [1]
  .rodata            const       0x3'a338      0x14  4G_EC200U.o [1]
  .rodata            const       0x3'a34c      0x14  4G_EC200U.o [1]
  .rodata            const       0x3'a360      0x14  4G_EC200U.o [1]
  .rodata            const       0x3'a374      0x14  4G_EC200U.o [1]
  .rodata            const       0x3'a388      0x14  4G_EC200U.o [1]
  .rodata            const       0x3'a39c      0x14  4G_EC200U.o [1]
  .rodata            const       0x3'a3b0      0x14  4G_EC200U.o [1]
  .rodata            const       0x3'a3c4      0x14  4G_EC200U.o [1]
  .rodata            const       0x3'a3d8      0x14  4G_EC200U.o [1]
  .rodata            const       0x3'a3ec      0x14  4G_EC200U.o [1]
  .rodata            const       0x3'a400      0x14  4G_EC200U.o [1]
  .rodata            const       0x3'a414      0x14  4G_EC200U.o [1]
  .rodata            const       0x3'a428      0x14  4G_EC200U.o [1]
  .rodata            const       0x3'a43c      0x14  4G_EC200U.o [1]
  .rodata            const       0x3'a450      0x14  BT_TB05.o [3]
  .rodata            const       0x3'a464      0x14  drv_RTC.o [25]
  .rodata            const       0x3'a478      0x14  MQTT_SK.o [8]
  .rodata            const       0x3'a48c      0x14  MQTT_SK.o [8]
  .rodata            const       0x3'a4a0      0x14  MQTT_SK.o [8]
  .rodata            const       0x3'a4b4      0x14  MQTT_SK.o [8]
  .rodata            const       0x3'a4c8      0x14  MQTT_SK.o [8]
  .rodata            const       0x3'a4dc      0x14  MQTT_SK.o [8]
  .rodata            const       0x3'a4f0      0x14  MQTT_SK.o [8]
  .rodata            const       0x3'a504      0x14  MQTT_SK.o [8]
  .rodata            const       0x3'a518      0x14  MQTT_SK.o [8]
  .rodata            const       0x3'a52c      0x14  MQTT_SK.o [8]
  .rodata            const       0x3'a540      0x14  MQTT_SK.o [8]
  .rodata            const       0x3'a554      0x14  MQTT_SK.o [8]
  .rodata            const       0x3'a568      0x14  MQTT_SK.o [8]
  .rodata            const       0x3'a57c      0x14  MQTT_SK.o [8]
  .rodata            const       0x3'a590      0x14  MQTT_SK.o [8]
  .rodata            const       0x3'a5a4      0x14  MQTT_SK.o [8]
  .rodata            const       0x3'a5b8      0x14  MQTT_SK.o [8]
  .rodata            const       0x3'a5cc      0x14  MQTT_SK.o [8]
  .rodata            const       0x3'a5e0      0x14  MQTT_SK.o [8]
  .rodata            const       0x3'a5f4      0x14  MQTT_SK.o [8]
  .rodata            const       0x3'a608      0x14  MQTT_SK.o [8]
  .rodata            const       0x3'a61c      0x14  MQTT_SK.o [8]
  .rodata            const       0x3'a630      0x14  MQTT_SK.o [8]
  .rodata            const       0x3'a644      0x14  MQTT_SK.o [8]
  .rodata            const       0x3'a658      0x14  MQTT_SK.o [8]
  .rodata            const       0x3'a66c      0x14  MQTT_SK.o [8]
  .rodata            const       0x3'a680      0x14  MQTT_SK.o [8]
  .rodata            const       0x3'a694      0x14  MQTT_SK.o [8]
  .rodata            const       0x3'a6a8      0x14  MQTT_SK.o [8]
  .rodata            const       0x3'a6bc      0x14  MQTT_SK.o [8]
  .rodata            const       0x3'a6d0      0x14  MQTT_SK.o [8]
  .rodata            const       0x3'a6e4      0x14  MQTT_SK.o [8]
  .rodata            const       0x3'a6f8      0x14  MQTT_SK.o [8]
  .rodata            const       0x3'a70c      0x10  4G_EC200U.o [1]
  .rodata            const       0x3'a71c      0x10  4G_EC200U.o [1]
  .rodata            const       0x3'a72c      0x10  4G_EC200U.o [1]
  .rodata            const       0x3'a73c      0x10  4G_EC200U.o [1]
  .rodata            const       0x3'a74c      0x10  4G_EC200U.o [1]
  .rodata            const       0x3'a75c      0x10  4G_EC200U.o [1]
  .rodata            const       0x3'a76c      0x10  4G_EC200U.o [1]
  .rodata            const       0x3'a77c      0x10  4G_EC200U.o [1]
  .rodata            const       0x3'a78c      0x10  4G_EC200U.o [1]
  .rodata            const       0x3'a79c      0x10  4G_EC200U.o [1]
  .rodata            const       0x3'a7ac      0x10  4G_EC200U.o [1]
  .rodata            const       0x3'a7bc      0x10  4G_EC200U.o [1]
  .rodata            const       0x3'a7cc      0x10  hc32f460_usart.o [21]
  .rodata            const       0x3'a7dc      0x10  main.o [29]
  .rodata            const       0x3'a7ec      0x10  ModbusRTU.o [11]
  .rodata            const       0x3'a7fc      0x10  MQTT_SK.o [8]
  .rodata            const       0x3'a80c      0x10  MQTT_SK.o [8]
  .rodata            const       0x3'a81c      0x10  MQTT_SK.o [8]
  .rodata            const       0x3'a82c      0x10  MQTT_SK.o [8]
  .rodata            const       0x3'a83c      0x10  MQTT_SK.o [8]
  .rodata            const       0x3'a84c      0x10  MQTT_SK.o [8]
  .rodata            const       0x3'a85c      0x10  MQTT_SK.o [8]
  .rodata            const       0x3'a86c      0x10  MQTT_SK.o [8]
  .rodata            const       0x3'a87c      0x10  MQTT_SK.o [8]
  .rodata            const       0x3'a88c      0x10  MQTT_SK.o [8]
  .rodata            const       0x3'a89c      0x10  MQTT_SK.o [8]
  .rodata            const       0x3'a8ac      0x10  MQTT_SK.o [8]
  .rodata            const       0x3'a8bc      0x10  MQTT_SK.o [8]
  .rodata            const       0x3'a8cc      0x10  MQTT_SK.o [8]
  .rodata            const       0x3'a8dc      0x10  MQTT_SK.o [8]
  .rodata            const       0x3'a8ec      0x10  MQTT_SK.o [8]
  .rodata            const       0x3'a8fc      0x10  MQTT_SK.o [8]
  .rodata            const       0x3'a90c      0x10  MQTT_SK.o [8]
  .rodata            const       0x3'a91c      0x10  MQTT_SK.o [8]
  .rodata            const       0x3'a92c      0x10  MQTT_SK.o [8]
  .rodata            const       0x3'a93c      0x10  MQTT_SK.o [8]
  .rodata            const       0x3'a94c      0x10  MQTT_SK.o [8]
  .rodata            const       0x3'a95c      0x10  MQTT_SK.o [8]
  .rodata            const       0x3'a96c      0x10  MQTT_SK.o [8]
  .rodata            const       0x3'a97c      0x10  MQTT_SK.o [8]
  .rodata            const       0x3'a98c      0x10  MQTT_SK.o [8]
  .rodata            const       0x3'a99c      0x10  MQTT_SK.o [8]
  .rodata            const       0x3'a9ac      0x10  MQTT_SK.o [8]
  .rodata            const       0x3'a9bc      0x10  MQTT_SK.o [8]
  .rodata            const       0x3'a9cc      0x10  MQTT_SK.o [8]
  .rodata            const       0x3'a9dc      0x10  MQTT_SK.o [8]
  .rodata            const       0x3'a9ec      0x10  MQTT_SK.o [8]
  .rodata            const       0x3'a9fc      0x10  MQTT_SK.o [8]
  .rodata            const       0x3'aa0c      0x10  MQTT_SK.o [8]
  .rodata            const       0x3'aa1c      0x10  MQTT_SK.o [8]
  .rodata            const       0x3'aa2c      0x10  MQTT_SK.o [8]
  .rodata            const       0x3'aa3c      0x10  MQTT_SK.o [8]
  .rodata            const       0x3'aa4c      0x10  MQTT_SK.o [8]
  .rodata            const       0x3'aa5c      0x10  MQTT_SK.o [8]
  .rodata            const       0x3'aa6c      0x10  MQTT_SK.o [8]
  .rodata            const       0x3'aa7c      0x10  MQTT_SK.o [8]
  .rodata            const       0x3'aa8c      0x10  MQTT_SK.o [8]
  .rodata            const       0x3'aa9c      0x10  MQTT_SK.o [8]
  .rodata            const       0x3'aaac      0x10  MQTT_SK.o [8]
  .rodata            const       0x3'aabc      0x10  MQTT_SK.o [8]
  .rodata            const       0x3'aacc      0x10  MQTT_SK.o [8]
  .rodata            const       0x3'aadc      0x10  MQTT_SK.o [8]
  .rodata            const       0x3'aaec      0x10  MQTT_SK.o [8]
  .rodata            const       0x3'aafc      0x10  MQTT_SK.o [8]
  .rodata            const       0x3'ab0c      0x10  MQTT_SK.o [8]
  .rodata            const       0x3'ab1c      0x10  MQTT_SK.o [8]
  .rodata            const       0x3'ab2c      0x10  MQTT_SK.o [8]
  .rodata            const       0x3'ab3c      0x10  MQTT_SK.o [8]
  .rodata            const       0x3'ab4c      0x10  MQTT_SK.o [8]
  .rodata            const       0x3'ab5c      0x10  MQTT_SK.o [8]
  .rodata            const       0x3'ab6c      0x10  MQTT_SK.o [8]
  .rodata            const       0x3'ab7c      0x10  MQTT_SK.o [8]
  .rodata            const       0x3'ab8c      0x10  MQTT_SK.o [8]
  .rodata            const       0x3'ab9c      0x10  MQTT_SK.o [8]
  .rodata            const       0x3'abac      0x10  MQTT_SK.o [8]
  .rodata            const       0x3'abbc      0x10  MQTT_SK.o [8]
  .rodata            const       0x3'abcc      0x10  MQTT_SK.o [8]
  .rodata            const       0x3'abdc      0x10  MQTT_SK.o [8]
  .rodata            const       0x3'abec      0x10  MQTT_SK.o [8]
  .rodata            const       0x3'abfc       0xc  4G_EC200U.o [1]
  .rodata            const       0x3'ac08       0xc  4G_EC200U.o [1]
  .rodata            const       0x3'ac14       0xc  4G_EC200U.o [1]
  .rodata            const       0x3'ac20       0xc  4G_EC200U.o [1]
  .rodata            const       0x3'ac2c       0xc  4G_EC200U.o [1]
  .rodata            const       0x3'ac38       0xc  4G_EC200U.o [1]
  .rodata            const       0x3'ac44       0xc  4G_EC200U.o [1]
  .rodata            const       0x3'ac50       0xc  4G_EC200U.o [1]
  .rodata            const       0x3'ac5c       0xc  4G_EC200U.o [1]
  .rodata            const       0x3'ac68       0xc  4G_EC200U.o [1]
  .rodata            const       0x3'ac74       0xc  4G_EC200U.o [1]
  .rodata            const       0x3'ac80       0xc  4G_EC200U.o [1]
  .rodata            const       0x3'ac8c       0xc  4G_EC200U.o [1]
  .rodata            const       0x3'ac98       0xc  4G_EC200U.o [1]
  .rodata            const       0x3'aca4       0xc  4G_EC200U.o [1]
  .rodata            const       0x3'acb0       0xc  BT_TB05.o [3]
  .rodata            const       0x3'acbc       0xc  BT_TB05.o [3]
  .rodata            const       0x3'acc8       0xc  drv_LKT4202.o [5]
  .rodata            const       0x3'acd4       0xc  drv_LKT4202.o [5]
  .rodata            const       0x3'ace0       0xc  drv_USART.o [28]
  .rodata            const       0x3'acec       0xc  drv_USART.o [28]
  .rodata            const       0x3'acf8       0xc  drv_USART.o [28]
  .rodata            const       0x3'ad04       0xc  Mainloop.o [10]
  .rodata            const       0x3'ad10       0xc  Mainloop.o [10]
  .rodata            const       0x3'ad1c       0xc  ModbusRTU.o [11]
  .rodata            const       0x3'ad28       0xc  ModbusRTU.o [11]
  .rodata            const       0x3'ad34       0xc  MQTT_SK.o [8]
  .rodata            const       0x3'ad40       0xc  MQTT_SK.o [8]
  .rodata            const       0x3'ad4c       0xc  MQTT_SK.o [8]
  .rodata            const       0x3'ad58       0xc  MQTT_SK.o [8]
  .rodata            const       0x3'ad64       0xc  MQTT_SK.o [8]
  .rodata            const       0x3'ad70       0xc  MQTT_SK.o [8]
  .rodata            const       0x3'ad7c       0xc  MQTT_SK.o [8]
  .rodata            const       0x3'ad88       0xc  MQTT_SK.o [8]
  .rodata            const       0x3'ad94       0xc  MQTT_SK.o [8]
  .rodata            const       0x3'ada0       0xc  MQTT_SK.o [8]
  .rodata            const       0x3'adac       0xc  MQTT_SK.o [8]
  .rodata            const       0x3'adb8       0xc  MQTT_SK.o [8]
  .rodata            const       0x3'adc4       0xc  MQTT_SK.o [8]
  .rodata            const       0x3'add0       0xc  MQTT_SK.o [8]
  .rodata            const       0x3'addc       0xc  MQTT_SK.o [8]
  .rodata            const       0x3'ade8       0xc  MQTT_SK.o [8]
  .rodata            const       0x3'adf4       0xc  MQTT_SK.o [8]
  .rodata            const       0x3'ae00       0xc  MQTT_SK.o [8]
  .rodata            const       0x3'ae0c       0xc  MQTT_SK.o [8]
  .rodata            const       0x3'ae18       0xc  MQTT_SK.o [8]
  .rodata            const       0x3'ae24       0x8  4G_EC200U.o [1]
  .rodata            const       0x3'ae2c       0x8  4G_EC200U.o [1]
  .rodata            const       0x3'ae34       0x8  4G_EC200U.o [1]
  .rodata            const       0x3'ae3c       0x8  4G_EC200U.o [1]
  .rodata            const       0x3'ae44       0x8  4G_EC200U.o [1]
  .rodata            const       0x3'ae4c       0x8  4G_EC200U.o [1]
  .rodata            const       0x3'ae54       0x8  4G_EC200U.o [1]
  .rodata            const       0x3'ae5c       0x8  4G_EC200U.o [1]
  .rodata            const       0x3'ae64       0x8  4G_EC200U.o [1]
  .rodata            const       0x3'ae6c       0x8  4G_EC200U.o [1]
  .rodata            const       0x3'ae74       0x8  4G_EC200U.o [1]
  .rodata            const       0x3'ae7c       0x8  4G_EC200U.o [1]
  .rodata            const       0x3'ae84       0x8  4G_EC200U.o [1]
  .rodata            const       0x3'ae8c       0x8  4G_EC200U.o [1]
  .rodata            const       0x3'ae94       0x8  4G_EC200U.o [1]
  .rodata            const       0x3'ae9c       0x8  4G_EC200U.o [1]
  .rodata            const       0x3'aea4       0x8  4G_EC200U.o [1]
  .rodata            const       0x3'aeac       0x8  4G_EC200U.o [1]
  .rodata            const       0x3'aeb4       0x8  4G_EC200U.o [1]
  .rodata            const       0x3'aebc       0x8  4G_EC200U.o [1]
  .rodata            const       0x3'aec4       0x8  4G_EC200U.o [1]
  .rodata            const       0x3'aecc       0x8  BT_TB05.o [3]
  .rodata            const       0x3'aed4       0x8  Display.o [12]
  .rodata            const       0x3'aedc       0x8  drv_LKT4202.o [5]
  .rodata            const       0x3'aee4       0x8  drv_SC7A20H.o [16]
  .rodata            const       0x3'aeec       0x8  LC86L_BD.o [4]
  .rodata            const       0x3'aef4       0x8  LC86L_BD.o [4]
  .rodata            const       0x3'aefc       0x8  Mainloop.o [10]
  .rodata            const       0x3'af04       0x8  Mainloop.o [10]
  .rodata            const       0x3'af0c       0x8  MQTT_SK.o [8]
  .rodata            const       0x3'af14       0x8  MQTT_SK.o [8]
  .rodata            const       0x3'af1c       0x8  MQTT_SK.o [8]
  .rodata            const       0x3'af24       0x8  MQTT_SK.o [8]
  .rodata            const       0x3'af2c       0x8  MQTT_SK.o [8]
  .rodata            const       0x3'af34       0x8  MQTT_SK.o [8]
  .rodata            const       0x3'af3c       0x4  drv_RTC.o [25]
  .text              ro code     0x3'af40       0x4  startup_hc32f460.o [20]
  .text              ro code     0x3'af44       0x4  startup_hc32f460.o [20]
  .text              ro code     0x3'af48       0x4  startup_hc32f460.o [20]
  .text              ro code     0x3'af4c       0x4  startup_hc32f460.o [20]
  .text              ro code     0x3'af50       0x4  startup_hc32f460.o [20]
  .text              ro code     0x3'af54       0x4  startup_hc32f460.o [20]
  .text              ro code     0x3'af58       0x4  startup_hc32f460.o [20]
  .text              ro code     0x3'af5c       0x4  startup_hc32f460.o [20]
  .text              ro code     0x3'af60       0x4  startup_hc32f460.o [20]
  .text              ro code     0x3'af64       0x4  startup_hc32f460.o [20]
  .text              ro code     0x3'af68       0x4  startup_hc32f460.o [20]
  .text              ro code     0x3'af6c       0x4  startup_hc32f460.o [20]
  .text              ro code     0x3'af70       0x4  startup_hc32f460.o [20]
  .text              ro code     0x3'af74       0x4  startup_hc32f460.o [20]
  .text              ro code     0x3'af78       0x4  startup_hc32f460.o [20]
  .text              ro code     0x3'af7c       0x4  startup_hc32f460.o [20]
  .rodata            const       0x3'af80       0x0  zero_init3.o [32]
  .rodata            const       0x3'af80       0x0  packbits_init.o [32]
  Initializer bytes  const       0x3'af80     0x150  <for P2 s0>
                               - 0x3'b0d0  0x2'6e50

"P2", part 1 of 4:                            0x3d3
  P2 s0                       0x1fff'8000     0x3d3  <Init block>
    .data            inited   0x1fff'8000     0x1b0  User_Data.o [18]
    .data            inited   0x1fff'81b0      0x8c  RXNTTL518.o [15]
    .data            inited   0x1fff'823c      0x80  ModbusRTU_Device_BT.o [11]
    .data            inited   0x1fff'82bc      0x48  xlocale_c.o [30]
    .data            inited   0x1fff'8304      0x38  xlocale_c.o [30]
    .data            inited   0x1fff'833c      0x24  BT_TB05.o [3]
    .data            inited   0x1fff'8360      0x24  BT_TB05.o [3]
    .data            inited   0x1fff'8384      0x20  BT_TB05.o [3]
    .data            inited   0x1fff'83a4      0x14  BT_TB05.o [3]
    .data            inited   0x1fff'83b8       0x8  BT_TB05.o [3]
    .data            inited   0x1fff'83c0       0x4  BT_TB05.o [3]
    .data            inited   0x1fff'83c4       0x4  system_hc32f460.o [20]
    .data            inited   0x1fff'83c8       0x4  system_hc32f460.o [20]
    .data            inited   0x1fff'83cc       0x1  drv_IIC.o [23]
    .data            inited   0x1fff'83cd       0x1  drv_IIC.o [23]
    .data            inited   0x1fff'83ce       0x1  drv_IIC.o [23]
    .data            inited   0x1fff'83cf       0x1  drv_IIC.o [23]
    .data            inited   0x1fff'83d0       0x1  hc32f460_pwc.o [21]
    .data            inited   0x1fff'83d1       0x1  ModbusRTU.o [11]
    .data            inited   0x1fff'83d2       0x1  ModbusRTU.o [11]
                            - 0x1fff'83d3     0x3d3

"P2", part 2 of 4:                           0x19b4
  .bss               zero     0x1fff'83d4    0x1000  drv_Storage_W25Q128.o [17]
  .bss               zero     0x1fff'93d4     0x400  User_Data.o [18]
  .bss               zero     0x1fff'97d4     0x200  hc32f460_interrupts.o [21]
  .bss               zero     0x1fff'99d4     0x1b8  4G_EC200U.o [1]
  .bss               zero     0x1fff'9b8c      0x64  User_Data.o [18]
  .bss               zero     0x1fff'9bf0      0x2c  User_Data.o [18]
  .bss               zero     0x1fff'9c1c      0x2c  User_Data.o [18]
  .bss               zero     0x1fff'9c48      0x2c  xttotm64.o [30]
  .bss               zero     0x1fff'9c74      0x24  drv_ADC.o [22]
  .bss               zero     0x1fff'9c98      0x14  drv_ADC.o [22]
  .bss               zero     0x1fff'9cac      0x14  hc32f460_pwc.o [21]
  .bss               zero     0x1fff'9cc0      0x14  User_Data.o [18]
  .bss               zero     0x1fff'9cd8       0x8  4G_EC200U.o [1]
  .bss               zero     0x1fff'9ce0       0x8  main.o [29]
  .bss               zero     0x1fff'9ce8       0x4  4G_EC200U.o [1]
  .bss               zero     0x1fff'9cec       0x4  4G_EC200U.o [1]
  .bss               zero     0x1fff'9cf0       0x4  4G_EC200U.o [1]
  .bss               zero     0x1fff'9cf4       0x4  BT_TB05.o [3]
  .bss               zero     0x1fff'9cf8       0x4  drv_RTC.o [25]
  .bss               zero     0x1fff'9cfc       0x4  drv_SC7A20H.o [16]
  .bss               zero     0x1fff'9d00       0x4  drv_Storage_W25Q128.o [17]
  .bss               zero     0x1fff'9d04       0x4  drv_Timer.o [27]
  .bss               zero     0x1fff'9d08       0x4  drv_USART.o [28]
  .bss               zero     0x1fff'9d0c       0x4  hc32f460_exint_nmi_swi.o [21]
  .bss               zero     0x1fff'9d10       0x4  hc32f460_ots.o [21]
  .bss               zero     0x1fff'9d14       0x4  hc32f460_ots.o [21]
  .bss               zero     0x1fff'9d18       0x4  LC86L_BD.o [4]
  .bss               zero     0x1fff'9d1c       0x4  Lora_TP1109.o [7]
  .bss               zero     0x1fff'9d20       0x4  Magnetic_Bar.o [9]
  .bss               zero     0x1fff'9d24       0x4  main.o [29]
  .bss               zero     0x1fff'9d28       0x4  Mainloop.o [10]
  .bss               zero     0x1fff'9d2c       0x4  ModbusRTU.o [11]
  .bss               zero     0x1fff'9d30       0x4  ModbusRTU_Device_BT.o [11]
  .bss               zero     0x1fff'9d34       0x4  ModbusRTU_Device_BT.o [11]
  .bss               zero     0x1fff'9d38       0x4  MQTT_SK.o [8]
  .bss               zero     0x1fff'9d3c       0x4  OLED.o [12]
  .bss               zero     0x1fff'9d40       0x4  Photosensitive_XYC_ALS.o [13]
  .bss               zero     0x1fff'9d44       0x4  RXNTTL518.o [15]
  .bss               zero     0x1fff'9d48       0x4  strtok.o [30]
  .bss               zero     0x1fff'9d4c       0x4  xfail_s.o [30]
  .bss               zero     0x1fff'9d50       0x2  BT_TB05.o [3]
  .bss               zero     0x1fff'9d52       0x2  drv_Timer.o [27]
  .bss               zero     0x1fff'9d54       0x2  ModbusRTU_Device_BT.o [11]
  .bss               zero     0x1fff'9d56       0x2  ModbusRTU_Device_BT.o [11]
  .bss               zero     0x1fff'9d58       0x1  4G_EC200U.o [1]
  .bss               zero     0x1fff'9d59       0x1  4G_EC200U.o [1]
  .bss               zero     0x1fff'9d5a       0x1  4G_EC200U.o [1]
  .bss               zero     0x1fff'9d5b       0x1  4G_EC200U.o [1]
  .bss               zero     0x1fff'9d5c       0x1  4G_EC200U.o [1]
  .bss               zero     0x1fff'9d5d       0x1  4G_EC200U.o [1]
  .bss               zero     0x1fff'9d5e       0x1  4G_EC200U.o [1]
  .bss               zero     0x1fff'9d5f       0x1  4G_EC200U.o [1]
  .bss               zero     0x1fff'9d60       0x1  4G_EC200U.o [1]
  .bss               zero     0x1fff'9d61       0x1  BT_TB05.o [3]
  .bss               zero     0x1fff'9d62       0x1  drv_IIC.o [23]
  .bss               zero     0x1fff'9d63       0x1  drv_RTC.o [25]
  .bss               zero     0x1fff'9d64       0x1  drv_Timer.o [27]
  .bss               zero     0x1fff'9d65       0x1  drv_Timer.o [27]
  .bss               zero     0x1fff'9d66       0x1  drv_Timer.o [27]
  .bss               zero     0x1fff'9d67       0x1  drv_Timer.o [27]
  .bss               zero     0x1fff'9d68       0x1  drv_Timer.o [27]
  .bss               zero     0x1fff'9d69       0x1  drv_Timer.o [27]
  .bss               zero     0x1fff'9d6a       0x1  drv_Timer.o [27]
  .bss               zero     0x1fff'9d6b       0x1  drv_Timer.o [27]
  .bss               zero     0x1fff'9d6c       0x1  drv_Timer.o [27]
  .bss               zero     0x1fff'9d6d       0x1  drv_Timer.o [27]
  .bss               zero     0x1fff'9d6e       0x1  drv_Timer.o [27]
  .bss               zero     0x1fff'9d6f       0x1  drv_Timer.o [27]
  .bss               zero     0x1fff'9d70       0x1  hc32f460_dmac.o [21]
  .bss               zero     0x1fff'9d71       0x1  hc32f460_pwc.o [21]
  .bss               zero     0x1fff'9d72       0x1  hc32f460_pwc.o [21]
  .bss               zero     0x1fff'9d73       0x1  hc32f460_pwc.o [21]
  .bss               zero     0x1fff'9d74       0x1  hc32f460_pwc.o [21]
  .bss               zero     0x1fff'9d75       0x1  main.o [29]
  .bss               zero     0x1fff'9d76       0x1  main.o [29]
  .bss               zero     0x1fff'9d77       0x1  Mainloop.o [10]
  .bss               zero     0x1fff'9d78       0x1  Mainloop.o [10]
  .bss               zero     0x1fff'9d79       0x1  Mainloop.o [10]
  .bss               zero     0x1fff'9d7a       0x1  Mainloop.o [10]
  .bss               zero     0x1fff'9d7b       0x1  Mainloop.o [10]
  .bss               zero     0x1fff'9d7c       0x1  ModbusRTU.o [11]
  .bss               zero     0x1fff'9d7d       0x1  ModbusRTU_Device_BT.o [11]
  .bss               zero     0x1fff'9d7e       0x1  ModbusRTU_Device_BT.o [11]
  .bss               zero     0x1fff'9d7f       0x1  ModbusRTU_Device_BT.o [11]
  .bss               zero     0x1fff'9d80       0x1  User_Data.o [18]
  .bss               zero     0x1fff'9d81       0x1  User_Data.o [18]
  .bss               zero     0x1fff'9d82       0x1  User_Data.o [18]
  .bss               zero     0x1fff'9d83       0x1  User_Data.o [18]
  .bss               zero     0x1fff'9d84       0x1  User_Data.o [18]
  .bss               zero     0x1fff'9d85       0x1  User_Data.o [18]
                            - 0x1fff'9d86    0x19b2

"P2", part 3 of 4:                           0x2000
  CSTACK                      0x1fff'9d88    0x2000  <Block>
    CSTACK           uninit   0x1fff'9d88    0x2000  <Block tail>
                            - 0x1fff'bd88    0x2000

"P2", part 4 of 4:                           0xffd0
  .bss               zero     0x2001'0000    0xffd0  User_Data.o [18]
                            - 0x2001'ffd0    0xffd0

Unused ranges:

         From           To      Size
         ----           --      ----
     0x3'b0d0     0x7'ffff  0x4'4f30
   0x300'0c00   0x300'0ffb     0x3fc
  0x1fff'83d3  0x1fff'83d3       0x1
  0x1fff'bd88  0x1fff'ffff    0x4278
  0x2000'0000  0x2000'ffff  0x1'0000
  0x2001'ffd0  0x2001'ffff      0x30
  0x2002'0000  0x2002'6fff    0x7000
  0x200f'0000  0x200f'0fff    0x1000


*******************************************************************************
*** INIT TABLE
***

          Address      Size
          -------      ----
Zero (__iar_zero_init3)
    2 destination ranges, total size 0x1'1982:
          0x1fff'83d4  0x19b2
          0x2001'0000  0xffd0

Copy/packbits (__iar_packbits_init3)
    1 source range, total size 0x150 (34% of destination):
             0x3'af80   0x150
    1 destination range, total size 0x3d3:
          0x1fff'8000   0x3d3



*******************************************************************************
*** MODULE SUMMARY
***

    Module                    ro code  ro data  rw data  ro data
                                                          (abs)
    ------                    -------  -------  -------  -------
command line/config:
    ------------------------------------------------------------
    Total:

D:\Myself\WorkProcess\SK\HC32F460_WorkProcess\example\Source\Pipe_Monitor\Pipe_Monitor_App\EWARM\output\debug\Obj\4G_EC200U_8582873453978518366.dir: [1]
    4G_EC200U.o                14'912    1'960      469
    ------------------------------------------------------------
    Total:                     14'912    1'960      469

D:\Myself\WorkProcess\SK\HC32F460_WorkProcess\example\Source\Pipe_Monitor\Pipe_Monitor_App\EWARM\output\debug\Obj\AlarmRule_18216376037575670332.dir: [2]
    ------------------------------------------------------------
    Total:

D:\Myself\WorkProcess\SK\HC32F460_WorkProcess\example\Source\Pipe_Monitor\Pipe_Monitor_App\EWARM\output\debug\Obj\BT_TB05_12041724360499981866.dir: [3]
    BT_TB05.o                   1'112       98      143
    ------------------------------------------------------------
    Total:                      1'112       98      143

D:\Myself\WorkProcess\SK\HC32F460_WorkProcess\example\Source\Pipe_Monitor\Pipe_Monitor_App\EWARM\output\debug\Obj\LC86L_BD_9822625824417385734.dir: [4]
    LC86L_BD.o                  1'376       16        4
    ------------------------------------------------------------
    Total:                      1'376       16        4

D:\Myself\WorkProcess\SK\HC32F460_WorkProcess\example\Source\Pipe_Monitor\Pipe_Monitor_App\EWARM\output\debug\Obj\LKT4202_1925765440156868983.dir: [5]
    drv_LKT4202.o               1'160      106
    ------------------------------------------------------------
    Total:                      1'160      106

D:\Myself\WorkProcess\SK\HC32F460_WorkProcess\example\Source\Pipe_Monitor\Pipe_Monitor_App\EWARM\output\debug\Obj\LoRa_RA02_5139138412578801246.dir: [6]
    ------------------------------------------------------------
    Total:

D:\Myself\WorkProcess\SK\HC32F460_WorkProcess\example\Source\Pipe_Monitor\Pipe_Monitor_App\EWARM\output\debug\Obj\Lora_TP1109_151720617378073083.dir: [7]
    Lora_TP1109.o                 452                 4
    ------------------------------------------------------------
    Total:                        452                 4

D:\Myself\WorkProcess\SK\HC32F460_WorkProcess\example\Source\Pipe_Monitor\Pipe_Monitor_App\EWARM\output\debug\Obj\MQTT_SK_4724149239023757000.dir: [8]
    MQTT_SK.o                  12'720    2'820        4
    ------------------------------------------------------------
    Total:                     12'720    2'820        4

D:\Myself\WorkProcess\SK\HC32F460_WorkProcess\example\Source\Pipe_Monitor\Pipe_Monitor_App\EWARM\output\debug\Obj\Magnetic_Bar_17520218520042908049.dir: [9]
    Magnetic_Bar.o                528                 4
    ------------------------------------------------------------
    Total:                        528                 4

D:\Myself\WorkProcess\SK\HC32F460_WorkProcess\example\Source\Pipe_Monitor\Pipe_Monitor_App\EWARM\output\debug\Obj\Mainloop_18272944273632151421.dir: [10]
    Mainloop.o                  5'108       40        9
    ------------------------------------------------------------
    Total:                      5'108       40        9

D:\Myself\WorkProcess\SK\HC32F460_WorkProcess\example\Source\Pipe_Monitor\Pipe_Monitor_App\EWARM\output\debug\Obj\ModbusRTU_17682219295068567368.dir: [11]
    ModbusRTU.o                10'348    1'065        7
    ModbusRTU_Device_BT.o       8'308    1'084      143
    ------------------------------------------------------------
    Total:                     18'656    2'149      150

D:\Myself\WorkProcess\SK\HC32F460_WorkProcess\example\Source\Pipe_Monitor\Pipe_Monitor_App\EWARM\output\debug\Obj\OLED_13473777563621607307.dir: [12]
    Display.o                   8'784        8
    Font.o                               5'608
    OLED.o                      3'228                 4
    ------------------------------------------------------------
    Total:                     12'012    5'616        4

D:\Myself\WorkProcess\SK\HC32F460_WorkProcess\example\Source\Pipe_Monitor\Pipe_Monitor_App\EWARM\output\debug\Obj\Photosensitive_XYC_ALS_28064708180949255.dir: [13]
    Photosensitive_XYC_ALS.o      996                 4
    ------------------------------------------------------------
    Total:                        996                 4

D:\Myself\WorkProcess\SK\HC32F460_WorkProcess\example\Source\Pipe_Monitor\Pipe_Monitor_App\EWARM\output\debug\Obj\RF_NFC_10628150809568064830.dir: [14]
    RF_NFC.o                      102
    ------------------------------------------------------------
    Total:                        102

D:\Myself\WorkProcess\SK\HC32F460_WorkProcess\example\Source\Pipe_Monitor\Pipe_Monitor_App\EWARM\output\debug\Obj\RXNTTL518_17808510930951076202.dir: [15]
    RXNTTL518.o                   580      560      144
    ------------------------------------------------------------
    Total:                        580      560      144

D:\Myself\WorkProcess\SK\HC32F460_WorkProcess\example\Source\Pipe_Monitor\Pipe_Monitor_App\EWARM\output\debug\Obj\SC7A20H_13085057635104233901.dir: [16]
    drv_SC7A20H.o                 730        8        4
    ------------------------------------------------------------
    Total:                        730        8        4

D:\Myself\WorkProcess\SK\HC32F460_WorkProcess\example\Source\Pipe_Monitor\Pipe_Monitor_App\EWARM\output\debug\Obj\Storage_W25Q128_4738127093883701884.dir: [17]
    drv_Storage_W25Q128.o       7'868             4'100
    ------------------------------------------------------------
    Total:                      7'868             4'100

D:\Myself\WorkProcess\SK\HC32F460_WorkProcess\example\Source\Pipe_Monitor\Pipe_Monitor_App\EWARM\output\debug\Obj\User_Data_5391006662705040797.dir: [18]
    User_Data.o                   182      148   67'158
    ------------------------------------------------------------
    Total:                        182      148   67'158

D:\Myself\WorkProcess\SK\HC32F460_WorkProcess\example\Source\Pipe_Monitor\Pipe_Monitor_App\EWARM\output\debug\Obj\WatchDog_9188475617120297074.dir: [19]
    WatchDog.o                     76
    ------------------------------------------------------------
    Total:                         76

D:\Myself\WorkProcess\SK\HC32F460_WorkProcess\example\Source\Pipe_Monitor\Pipe_Monitor_App\EWARM\output\debug\Obj\common_14919461937644757070.dir: [20]
    startup_hc32f460.o            772
    system_hc32f460.o             272        3        8
    ------------------------------------------------------------
    Total:                      1'044        3        8

D:\Myself\WorkProcess\SK\HC32F460_WorkProcess\example\Source\Pipe_Monitor\Pipe_Monitor_App\EWARM\output\debug\Obj\driver_11944700488488147666.dir: [21]
    hc32f460_adc.o              1'400       72
    hc32f460_clk.o              4'092       72
    hc32f460_dmac.o             2'752       76        1
    hc32f460_efm.o                144       72
    hc32f460_exint_nmi_swi.o      380       84        4
    hc32f460_gpio.o             1'240       76
    hc32f460_i2c.o              2'720       72
    hc32f460_icg.o                                            32
    hc32f460_interrupts.o       2'880       80      512
    hc32f460_ots.o                384       72        8
    hc32f460_pwc.o              2'576       73       25
    hc32f460_rtc.o              2'212       72
    hc32f460_spi.o              1'972       72
    hc32f460_sram.o               392       76
    hc32f460_timer0.o           2'356       76
    hc32f460_timer4_cnt.o         872       80
    hc32f460_timer4_oco.o       2'512       80
    hc32f460_usart.o            2'632       92
    hc32f460_utility.o            110
    ------------------------------------------------------------
    Total:                     31'626    1'297      550       32

D:\Myself\WorkProcess\SK\HC32F460_WorkProcess\example\Source\Pipe_Monitor\Pipe_Monitor_App\EWARM\output\debug\Obj\drv_ADC_15186207816091091275.dir: [22]
    drv_ADC.o                   1'368                56
    ------------------------------------------------------------
    Total:                      1'368                56

D:\Myself\WorkProcess\SK\HC32F460_WorkProcess\example\Source\Pipe_Monitor\Pipe_Monitor_App\EWARM\output\debug\Obj\drv_IIC_18060258103304213159.dir: [23]
    drv_IIC.o                   2'344        1        5
    ------------------------------------------------------------
    Total:                      2'344        1        5

D:\Myself\WorkProcess\SK\HC32F460_WorkProcess\example\Source\Pipe_Monitor\Pipe_Monitor_App\EWARM\output\debug\Obj\drv_OTS_Temperature_13039655784802445445.dir: [24]
    drv_OTS_Temperature.o         116
    ------------------------------------------------------------
    Total:                        116

D:\Myself\WorkProcess\SK\HC32F460_WorkProcess\example\Source\Pipe_Monitor\Pipe_Monitor_App\EWARM\output\debug\Obj\drv_RTC_2577979922006117733.dir: [25]
    drv_RTC.o                   1'952       56        5
    ------------------------------------------------------------
    Total:                      1'952       56        5

D:\Myself\WorkProcess\SK\HC32F460_WorkProcess\example\Source\Pipe_Monitor\Pipe_Monitor_App\EWARM\output\debug\Obj\drv_SPI_4333388098947449637.dir: [26]
    drv_SPI.o                     220
    ------------------------------------------------------------
    Total:                        220

D:\Myself\WorkProcess\SK\HC32F460_WorkProcess\example\Source\Pipe_Monitor\Pipe_Monitor_App\EWARM\output\debug\Obj\drv_Timer_6973001687617930806.dir: [27]
    drv_Timer.o                 2'724                18
    ------------------------------------------------------------
    Total:                      2'724                18

D:\Myself\WorkProcess\SK\HC32F460_WorkProcess\example\Source\Pipe_Monitor\Pipe_Monitor_App\EWARM\output\debug\Obj\drv_USART_14144334009435087269.dir: [28]
    drv_USART.o                 4'812       36        4
    ------------------------------------------------------------
    Total:                      4'812       36        4

D:\Myself\WorkProcess\SK\HC32F460_WorkProcess\example\Source\Pipe_Monitor\Pipe_Monitor_App\EWARM\output\debug\Obj\source_5634686896477721948.dir: [29]
    main.o                      2'244       16       14
    ------------------------------------------------------------
    Total:                      2'244       16       14

dl7M_tlf.a: [30]
    abort.o                         6
    exit.o                          4
    iar_Stoflt.o                  440
    iar_Stolx.o                   144
    iar_Stopfx.o                  290
    iar_Stoulx.o                  342       80
    iar_Stoxflt.o                 520
    isalpha.o                      20
    isspace.o                      20
    low_level_init.o                4
    mktime64.o                    224
    sprintf.o                      64
    sscanf.o                       40
    strcat.o                       30
    strcspn.o                      34
    strncmp.o                      42
    strspn.o                       34
    strstr.o                       44
    strtok.o                       76                 4
    tolower.o                      20
    xDaysTo64.o                   204
    xTzoff_nop.o                    4
    xfail_s.o                      64                 4
    xisdst_nop64.o                  6
    xlocale_c.o                    76       49      128
    xprintflarge_nomb.o         3'354
    xscanfsmall_nomb.o          1'600       36
    xsprout.o                      10
    xsscin.o                       30
    xttotm64.o                    348                44
    ------------------------------------------------------------
    Total:                      8'094      165      180

m7M_tls.a: [31]
    DblAddSub.o                   606
    DblCmpEq.o                     32
    DblCmpGe.o                     52
    DblCmpLe.o                     52
    DblDiv.o                      582
    DblMul.o                      426
    DblToFlt.o                    104
    DblToS32.o                     54
    DblToU32.o                     34
    FltToDbl.o                     72
    S32ToDbl.o                     34
    U32ToDbl.o                     28
    U64ToDbl.o                     70
    atan64.o                      188
    fpinit_M.o                     34
    frexp.o                       112
    iar_Atan64.o                  456       64
    iar_Exp64.o                   812
    ldexp.o                       314
    math_wrappers64.o              42
    pow64.o                     1'676    1'056
    sqrt.o                        258
    strto64.o                     866       72
    ------------------------------------------------------------
    Total:                      6'904    1'192

rt7M_tl.a: [32]
    ABImemcpy.o                   166
    ABImemset.o                   102
    I64DivMod.o                   628
    I64DivZer.o                     2
    cexit.o                        10
    cmain.o                        30
    cstartup_M.o                   28
    data_init.o                    40
    memchr.o                       88
    memcmp.o                      104
    packbits_init.o               162
    strchr.o                       22
    strcmp.o                       18
    strcpy.o                       24
    strlen.o                       54
    zero_init3.o                   56
    ------------------------------------------------------------
    Total:                      1'534

shb_l.a: [33]
    exit.o                         20
    ------------------------------------------------------------
    Total:                         20

    Gaps                           35        6        4
    Linker created                          52    8'192
----------------------------------------------------------------
    Grand Total:              143'607   16'345   81'237       32


*******************************************************************************
*** ENTRY LIST
***

Entry                       Address    Size  Type      Object
-----                       -------    ----  ----      ------
.iar.init_table$$Base      0x3'9fbc           --   Gb  - Linker created -
.iar.init_table$$Limit     0x3'9ff0           --   Gb  - Linker created -
?main                      0x3'a0f1          Code  Gb  cmain.o [32]
ADC_AddAdcChannel          0x3'43b5    0xbe  Code  Gb  hc32f460_adc.o [21]
ADC_AddAvgChannel          0x3'44e5    0x66  Code  Gb  hc32f460_adc.o [21]
ADC_ConfigAvg              0x3'447d    0x64  Code  Gb  hc32f460_adc.o [21]
ADC_DeInit                 0x3'42b5   0x100  Code  Gb  hc32f460_adc.o [21]
ADC_GetChData              0x3'4641    0x98  Code  Gb  hc32f460_adc.o [21]
ADC_Init                   0x3'41a1   0x114  Code  Gb  hc32f460_adc.o [21]
ADC_PollingSa              0x3'454b    0xf6  Code  Gb  hc32f460_adc.o [21]
ADC_ReadAllData            0x3'46ed    0x2c  Code  Lc  hc32f460_adc.o [21]
AdcChannelConfig           0x2'7a51    0x74  Code  Lc  drv_ADC.o [22]
AdcClockConfig             0x2'797d    0x78  Code  Lc  drv_ADC.o [22]
AdcInitConfig              0x2'79f5    0x5c  Code  Lc  drv_ADC.o [22]
AsyncDelay                 0x2'3ef9    0x76  Code  Lc  hc32f460_timer0.o [21]
BusFault_Handler           0x1'ec2d     0x8  Code  Gb  hc32f460_interrupts.o [21]
CLK_ClearFcmFlag           0x1'e1b1    0x5c  Code  Gb  hc32f460_clk.o [21]
CLK_FcmCmd                 0x1'e107    0x28  Code  Gb  hc32f460_clk.o [21]
CLK_FcmConfig              0x1'de55   0x2b2  Code  Gb  hc32f460_clk.o [21]
CLK_GetClockFreq           0x1'dc0d   0x116  Code  Gb  hc32f460_clk.o [21]
CLK_GetFcmCounter          0x1'e12f     0x8  Code  Gb  hc32f460_clk.o [21]
CLK_GetFcmFlag             0x1'e149    0x62  Code  Gb  hc32f460_clk.o [21]
CLK_GetFlagStatus          0x1'dda5    0x8a  Code  Gb  hc32f460_clk.o [21]
CLK_LrcCmd                 0x1'd47f    0x98  Code  Gb  hc32f460_clk.o [21]
CLK_MpllCmd                0x1'd6c3    0xb0  Code  Gb  hc32f460_clk.o [21]
CLK_MpllConfig             0x1'd567   0x15c  Code  Gb  hc32f460_clk.o [21]
CLK_SetPeriClkSource       0x1'dd31    0x58  Code  Gb  hc32f460_clk.o [21]
CLK_SetPllSource           0x1'd517    0x50  Code  Gb  hc32f460_clk.o [21]
CLK_SetSysClkSource        0x1'd965   0x104  Code  Gb  hc32f460_clk.o [21]
CLK_SysClkConfig           0x1'da7d   0x188  Code  Gb  hc32f460_clk.o [21]
CLK_UpllCmd                0x1'd8c1    0xa4  Code  Gb  hc32f460_clk.o [21]
CLK_UpllConfig             0x1'd773   0x14e  Code  Gb  hc32f460_clk.o [21]
CLK_Xtal32Cmd              0x1'd3e7    0x98  Code  Gb  hc32f460_clk.o [21]
CLK_Xtal32Config           0x1'd397    0x50  Code  Gb  hc32f460_clk.o [21]
CLK_XtalCmd                0x1'd2a3    0xf4  Code  Gb  hc32f460_clk.o [21]
CLK_XtalConfig             0x1'd249    0x5a  Code  Gb  hc32f460_clk.o [21]
CRC16_SM4                  0x1'489f    0x3e  Code  Gb  4G_EC200U.o [1]
CSTACK$$Base            0x1fff'9d88           --   Gb  - Linker created -
CSTACK$$Limit           0x1fff'bd88           --   Gb  - Linker created -
Clock_MeasureConfig        0x1'84a5    0xcc  Code  Lc  drv_RTC.o [25]
Crc16                      0x2'b76d    0x38  Code  Gb  ModbusRTU.o [11]
DMA_ChannelCfg             0x2'39ad   0x2ce  Code  Gb  hc32f460_dmac.o [21]
DMA_ChannelCmd             0x2'3519   0x252  Code  Gb  hc32f460_dmac.o [21]
DMA_ClearIrqFlag           0x2'341f    0xfa  Code  Gb  hc32f460_dmac.o [21]
DMA_Cmd                    0x2'33d1    0x4e  Code  Gb  hc32f460_dmac.o [21]
DMA_GetTransferCnt         0x2'38e1    0x60  Code  Gb  hc32f460_dmac.o [21]
DMA_InitChannel            0x2'3c7b   0x202  Code  Gb  hc32f460_dmac.o [21]
DMA_SetDesAddress          0x2'3779    0xa0  Code  Gb  hc32f460_dmac.o [21]
DMA_SetTransferCnt         0x2'3819    0xc8  Code  Gb  hc32f460_dmac.o [21]
DMA_SetTriggerSrc          0x2'3951    0x56  Code  Gb  hc32f460_dmac.o [21]
Ddl_AssertHandler          0x1'c835     0x2  Code  Wk  hc32f460_utility.o [21]
Ddl_Delay1ms               0x1'821d    0x28  Code  Gb  hc32f460_utility.o [21]
Ddl_Delay1us               0x1'8245    0x38  Code  Gb  hc32f460_utility.o [21]
DebugMon_Handler           0x1'ec45     0x8  Code  Gb  hc32f460_interrupts.o [21]
Dma1Btc0IrqCallback        0x1'b521    0x1c  Code  Lc  drv_USART.o [28]
Dma1Btc1IrqCallback        0x1'b53d    0x1c  Code  Lc  drv_USART.o [28]
Dma1Btc2IrqCallback        0x1'b559    0x1c  Code  Lc  drv_USART.o [28]
Dma1Btc3IrqCallback        0x1'b575    0x1c  Code  Lc  drv_USART.o [28]
Dma1Init                   0x1'b591   0x200  Code  Lc  drv_USART.o [28]
DmaChEnState            0x1fff'9d70     0x1  Data  Lc  hc32f460_dmac.o [21]
Dtentox                    0x3'4b0d   0x1d8  Code  Lc  strto64.o [31]
EC200U_4G_Module_Configuration_Init
                           0x1'70e5   0xb02  Code  Gb  4G_EC200U.o [1]
EC200U_4G_Module_Configuration_Init::ucRetryCnt
                        0x1fff'9d5e     0x1  Data  Lc  4G_EC200U.o [1]
EC200U_4G_Module_GPIO_Init
                           0x1'42dd    0x88  Code  Gb  4G_EC200U.o [1]
EFM_Lock                   0x3'6a17    0x14  Code  Gb  hc32f460_efm.o [21]
EFM_SetLatency             0x3'6a2b    0x5c  Code  Gb  hc32f460_efm.o [21]
EFM_Unlock                 0x3'6a05    0x12  Code  Gb  hc32f460_efm.o [21]
EPSINON                    0x3'af3c     0x4  Data  Lc  drv_RTC.o [25]
EXINT_Init                 0x2'53d5    0xa0  Code  Gb  hc32f460_exint_nmi_swi.o [21]
EXINT_IrqFlgClr            0x2'550f    0x12  Code  Gb  hc32f460_exint_nmi_swi.o [21]
EXINT_IrqFlgGet            0x2'5475    0x9a  Code  Gb  hc32f460_exint_nmi_swi.o [21]
ExtInt01_Callback          0x2'8e85    0xa6  Code  Gb  Photosensitive_XYC_ALS.o [13]
ExtInt07_Callback          0x3'6d61    0xc8  Code  Gb  Magnetic_Bar.o [9]
ExtInt13_Callback          0x2'7821    0x12  Code  Gb  Lora_TP1109.o [7]
Float_reg_rw_mode          0x2'ba55    0x94  Code  Gb  ModbusRTU.o [11]
GetSystemPara              0x1'c755     0x4  Code  Gb  User_Data.o [18]
HC32F460_ReadUID           0x3'6141    0x16  Code  Gb  main.o [29]
HRC_VALUE               0x1fff'83c4     0x4  Data  Gb  system_hc32f460.o [20]
HardFault_Handler          0x1'ec1d     0x8  Code  Gb  hc32f460_interrupts.o [21]
I2C_AckConfig              0x2'6405    0x56  Code  Gb  hc32f460_i2c.o [21]
I2C_BaudrateConfig         0x2'5e4d   0x228  Code  Gb  hc32f460_i2c.o [21]
I2C_BusWaitCmd             0x2'61f3    0x6a  Code  Gb  hc32f460_i2c.o [21]
I2C_ClearStatus            0x2'6309    0x36  Code  Gb  hc32f460_i2c.o [21]
I2C_Cmd                    0x2'619d    0x56  Code  Gb  hc32f460_i2c.o [21]
I2C_DeInit                 0x2'6075    0x40  Code  Gb  hc32f460_i2c.o [21]
I2C_GenerateReStart        0x2'5da7    0x52  Code  Gb  hc32f460_i2c.o [21]
I2C_GenerateStart          0x2'5d55    0x52  Code  Gb  hc32f460_i2c.o [21]
I2C_GenerateStop           0x2'5df9    0x52  Code  Gb  hc32f460_i2c.o [21]
I2C_GetStatus              0x2'625d    0xa0  Code  Gb  hc32f460_i2c.o [21]
I2C_Init                   0x2'60bd    0xd6  Code  Gb  hc32f460_i2c.o [21]
I2C_MasterDataReceiveAndStop
                           0x2'6671    0xd4  Code  Gb  hc32f460_i2c.o [21]
I2C_ReadData               0x2'63cd    0x2e  Code  Gb  hc32f460_i2c.o [21]
I2C_Restart                0x2'64bb    0x4c  Code  Gb  hc32f460_i2c.o [21]
I2C_SoftwareResetCmd       0x2'633f    0x56  Code  Gb  hc32f460_i2c.o [21]
I2C_Start                  0x2'645b    0x60  Code  Gb  hc32f460_i2c.o [21]
I2C_Stop                   0x2'6745    0x56  Code  Gb  hc32f460_i2c.o [21]
I2C_TransAddr              0x2'6507    0xcc  Code  Gb  hc32f460_i2c.o [21]
I2C_TransData              0x2'65d3    0x9e  Code  Gb  hc32f460_i2c.o [21]
I2C_WaitStatus             0x2'5d15    0x40  Code  Gb  hc32f460_i2c.o [21]
I2C_WriteData              0x2'6395    0x30  Code  Gb  hc32f460_i2c.o [21]
I2C_XYC_ALS_Master_Receive
                           0x2'0c79    0xd4  Code  Gb  drv_IIC.o [23]
I2C_XYC_ALS_Master_Transmit
                           0x2'0bf5    0x78  Code  Gb  drv_IIC.o [23]
IRQ000_Handler             0x1'ec5d    0x12  Code  Gb  hc32f460_interrupts.o [21]
IRQ001_Handler             0x1'ec6f    0x12  Code  Gb  hc32f460_interrupts.o [21]
IRQ002_Handler             0x1'ec81    0x12  Code  Gb  hc32f460_interrupts.o [21]
IRQ003_Handler             0x1'ec93    0x12  Code  Gb  hc32f460_interrupts.o [21]
IRQ004_Handler             0x1'eca5    0x12  Code  Gb  hc32f460_interrupts.o [21]
IRQ005_Handler             0x1'ecb7    0x12  Code  Gb  hc32f460_interrupts.o [21]
IRQ006_Handler             0x1'ecc9    0x12  Code  Gb  hc32f460_interrupts.o [21]
IRQ007_Handler             0x1'ecdb    0x12  Code  Gb  hc32f460_interrupts.o [21]
IRQ008_Handler             0x1'eced    0x12  Code  Gb  hc32f460_interrupts.o [21]
IRQ009_Handler             0x1'ecff    0x12  Code  Gb  hc32f460_interrupts.o [21]
IRQ010_Handler             0x1'ed11    0x12  Code  Gb  hc32f460_interrupts.o [21]
IRQ011_Handler             0x1'ed23    0x12  Code  Gb  hc32f460_interrupts.o [21]
IRQ012_Handler             0x1'ed35    0x12  Code  Gb  hc32f460_interrupts.o [21]
IRQ013_Handler             0x1'ed47    0x12  Code  Gb  hc32f460_interrupts.o [21]
IRQ014_Handler             0x1'ed59    0x12  Code  Gb  hc32f460_interrupts.o [21]
IRQ015_Handler             0x1'ed6b    0x12  Code  Gb  hc32f460_interrupts.o [21]
IRQ016_Handler             0x1'ed7d    0x12  Code  Gb  hc32f460_interrupts.o [21]
IRQ017_Handler             0x1'ed8f    0x12  Code  Gb  hc32f460_interrupts.o [21]
IRQ018_Handler             0x1'eda1    0x12  Code  Gb  hc32f460_interrupts.o [21]
IRQ019_Handler             0x1'edb3    0x12  Code  Gb  hc32f460_interrupts.o [21]
IRQ020_Handler             0x1'edc5    0x12  Code  Gb  hc32f460_interrupts.o [21]
IRQ021_Handler             0x1'edd7    0x12  Code  Gb  hc32f460_interrupts.o [21]
IRQ022_Handler             0x1'ede9    0x12  Code  Gb  hc32f460_interrupts.o [21]
IRQ023_Handler             0x1'edfb    0x12  Code  Gb  hc32f460_interrupts.o [21]
IRQ024_Handler             0x1'ee0d    0x12  Code  Gb  hc32f460_interrupts.o [21]
IRQ025_Handler             0x1'ee1f    0x12  Code  Gb  hc32f460_interrupts.o [21]
IRQ026_Handler             0x1'ee31    0x12  Code  Gb  hc32f460_interrupts.o [21]
IRQ027_Handler             0x1'ee43    0x12  Code  Gb  hc32f460_interrupts.o [21]
IRQ028_Handler             0x1'ee55    0x12  Code  Gb  hc32f460_interrupts.o [21]
IRQ029_Handler             0x1'ee67    0x12  Code  Gb  hc32f460_interrupts.o [21]
IRQ030_Handler             0x1'ee79    0x12  Code  Gb  hc32f460_interrupts.o [21]
IRQ031_Handler             0x1'ee8b    0x12  Code  Gb  hc32f460_interrupts.o [21]
IRQ032_Handler             0x1'ee9d    0x16  Code  Gb  hc32f460_interrupts.o [21]
IRQ033_Handler             0x1'eeb3    0x16  Code  Gb  hc32f460_interrupts.o [21]
IRQ034_Handler             0x1'eec9    0x16  Code  Gb  hc32f460_interrupts.o [21]
IRQ035_Handler             0x1'eedf    0x16  Code  Gb  hc32f460_interrupts.o [21]
IRQ036_Handler             0x1'eef5    0x16  Code  Gb  hc32f460_interrupts.o [21]
IRQ037_Handler             0x1'ef0b    0x16  Code  Gb  hc32f460_interrupts.o [21]
IRQ038_Handler             0x1'ef21    0x16  Code  Gb  hc32f460_interrupts.o [21]
IRQ039_Handler             0x1'ef37    0x16  Code  Gb  hc32f460_interrupts.o [21]
IRQ040_Handler             0x1'ef4d    0x16  Code  Gb  hc32f460_interrupts.o [21]
IRQ041_Handler             0x1'ef63    0x16  Code  Gb  hc32f460_interrupts.o [21]
IRQ042_Handler             0x1'ef79    0x16  Code  Gb  hc32f460_interrupts.o [21]
IRQ043_Handler             0x1'ef8f    0x16  Code  Gb  hc32f460_interrupts.o [21]
IRQ044_Handler             0x1'efa5    0x16  Code  Gb  hc32f460_interrupts.o [21]
IRQ045_Handler             0x1'efbb    0x16  Code  Gb  hc32f460_interrupts.o [21]
IRQ046_Handler             0x1'efd1    0x16  Code  Gb  hc32f460_interrupts.o [21]
IRQ047_Handler             0x1'efe7    0x16  Code  Gb  hc32f460_interrupts.o [21]
IRQ048_Handler             0x1'effd    0x16  Code  Gb  hc32f460_interrupts.o [21]
IRQ049_Handler             0x1'f013    0x16  Code  Gb  hc32f460_interrupts.o [21]
IRQ050_Handler             0x1'f029    0x16  Code  Gb  hc32f460_interrupts.o [21]
IRQ051_Handler             0x1'f03f    0x16  Code  Gb  hc32f460_interrupts.o [21]
IRQ052_Handler             0x1'f055    0x16  Code  Gb  hc32f460_interrupts.o [21]
IRQ053_Handler             0x1'f06b    0x16  Code  Gb  hc32f460_interrupts.o [21]
IRQ054_Handler             0x1'f081    0x16  Code  Gb  hc32f460_interrupts.o [21]
IRQ055_Handler             0x1'f097    0x16  Code  Gb  hc32f460_interrupts.o [21]
IRQ056_Handler             0x1'f0ad    0x16  Code  Gb  hc32f460_interrupts.o [21]
IRQ057_Handler             0x1'f0c3    0x16  Code  Gb  hc32f460_interrupts.o [21]
IRQ058_Handler             0x1'f0d9    0x16  Code  Gb  hc32f460_interrupts.o [21]
IRQ059_Handler             0x1'f0ef    0x16  Code  Gb  hc32f460_interrupts.o [21]
[...]
func_Get_DevRegCMD_Data
                           0x1'4365   0x53a  Code  Gb  4G_EC200U.o [1]
func_Get_DevStatusCMD_Data
                           0x1'6c79   0x3ee  Code  Gb  4G_EC200U.o [1]
func_Get_DevStatusData     0x1'6b35   0x140  Code  Gb  4G_EC200U.o [1]
func_Get_Device_MeasData_Record
                           0x1'ac7b    0x1a  Code  Gb  drv_Storage_W25Q128.o [17]
func_Get_Device_Sensors_Value
                           0x2'18fd   0x348  Code  Gb  Mainloop.o [10]
func_Get_Device_Sensors_Value::ucChangeCnt
                        0x1fff'9d78     0x1  Data  Lc  Mainloop.o [10]
func_Get_Device_Sensors_Value::ucRetryCnt
                        0x1fff'9d77     0x1  Data  Lc  Mainloop.o [10]
func_Get_GetConfigResult_CMD
                           0x3'0345   0x8b8  Code  Gb  MQTT_SK.o [8]
func_Get_HX_Radar_Level_Addr
                           0x2'cc61    0xe8  Code  Gb  ModbusRTU.o [11]
func_Get_Linux_Time_Sec
                           0x1'89a5    0x56  Code  Gb  drv_RTC.o [25]
func_Get_MBCRC16           0x2'b72d    0x40  Code  Gb  ModbusRTU.o [11]
func_Get_Meas_BY_HX_Integrated_Conductivity_Sensor_Value
                           0x2'bd47   0x1fa  Code  Gb  ModbusRTU.o [11]
func_Get_Meas_BY_HX_Radar_Level_Sensor_Value
                           0x2'c205   0x1a2  Code  Gb  ModbusRTU.o [11]
func_Get_Meas_HX_Flow_Sensor_Value
                           0x2'd1a5   0x286  Code  Gb  ModbusRTU.o [11]
func_Get_Meas_HX_Radar_Ultrasonic_Flow_Sensor_Value
                           0x2'ce25   0x372  Code  Gb  ModbusRTU.o [11]
func_Get_Meas_HX_WaterQuality_COD_Sensor_Value
                           0x2'd431   0x22e  Code  Gb  ModbusRTU.o [11]
func_Get_Meas_HZ_Integrated_Conductivity_Sensor_Value
                           0x2'bf41   0x2bc  Code  Gb  ModbusRTU.o [11]
func_Get_Meas_HZ_Radar_Level_Sensor_Value
                           0x2'ca15   0x246  Code  Gb  ModbusRTU.o [11]
func_Get_Meas_HZ_Radar_Ultrasonic_Flow_Sensor_Value
                           0x2'c541   0x4ce  Code  Gb  ModbusRTU.o [11]
func_Get_Meas_Pressure_Level_Sensor_Value
                           0x2'c3b5   0x17e  Code  Gb  ModbusRTU.o [11]
func_Get_Photo_Data        0x2'd891   0x11e  Code  Gb  ModbusRTU.o [11]
func_Get_Server_MQTT_Dispose
                           0x2'2569    0xa2  Code  Gb  Mainloop.o [10]
func_Get_SetConfigResult_CMD
                           0x2'e039    0x62  Code  Gb  MQTT_SK.o [8]
func_Get_StatusUploadCMD_Data
                           0x1'6345   0x7e8  Code  Gb  4G_EC200U.o [1]
func_LowPower_Stop_Mode_Init
                           0x2'16d5    0x4c  Code  Gb  Mainloop.o [10]
func_MQTT_SK_Init          0x3'10f1     0xc  Code  Gb  MQTT_SK.o [8]
func_Mainloop_Init         0x2'159f     0xe  Code  Gb  Mainloop.o [10]
func_Meas_Sensor_Dispose
                           0x2'd9b9   0x346  Code  Gb  ModbusRTU.o [11]
func_Meas_Sensor_PowerDown_DeInit
                           0x2'17b5    0x8c  Code  Gb  Mainloop.o [10]
func_Meas_Sensor_PowerOn_Init
                           0x2'1721    0x94  Code  Gb  Mainloop.o [10]
func_Meas_Sensor_Value_View_Show
                           0x2'b1c9    0xba  Code  Gb  Display.o [12]
func_Measure_Data_View_Show
                           0x2'a8a7   0x262  Code  Gb  Display.o [12]
func_Measure_WaterLevel_View_Show
                           0x2'ab0d   0x3c0  Code  Gb  Display.o [12]
func_Measure_Water_Quality_View_Show
                           0x2'aed1   0x2f2  Code  Gb  Display.o [12]
func_NFC_Check_Dispose     0x2'1841    0x92  Code  Gb  Mainloop.o [10]
func_NoSensor_View_Show
                           0x2'a85d    0x4a  Code  Gb  Display.o [12]
func_Not_Certified_View_Show
                           0x2'a059    0x7c  Code  Gb  Display.o [12]
func_OLED_PowerDown_DeInit
                           0x2'81c5    0x64  Code  Gb  OLED.o [12]
func_OLED_PowerUp_Init     0x2'80b1   0x114  Code  Gb  OLED.o [12]
func_OTS_Temperature_GetValue
                           0x2'dff9    0x14  Code  Gb  drv_OTS_Temperature.o [24]
func_PowerOn_View_Show     0x2'b555    0x60  Code  Gb  Display.o [12]
func_RF_NFC_PowerDown_DeInit
                           0x2'8b71    0x66  Code  Gb  RF_NFC.o [14]
func_RXNTTL518_Init        0x2'8ddd    0x34  Code  Gb  RXNTTL518.o [15]
func_ReadPhoto_XYC_ALS_Data
                           0x2'91a9    0x58  Code  Gb  Photosensitive_XYC_ALS.o [13]
func_Read_RXNTTL518_Version
                           0x2'8d2b     0xe  Code  Gb  RXNTTL518.o [15]
func_Rts_Control_And_SendData
                           0x2'bc69    0xde  Code  Gb  ModbusRTU.o [11]
func_Save_Device_MeasData
                           0x1'ac5b    0x20  Code  Gb  drv_Storage_W25Q128.o [17]
func_Save_Device_MeasRecord_Dispose
                           0x2'1c6d   0x536  Code  Gb  Mainloop.o [10]
func_Save_Device_MeasRecord_Dispose::ucRecordFlag
                        0x1fff'9d79     0x1  Data  Lc  Mainloop.o [10]
func_Save_Device_MeasRecord_Dispose::ucSaveRecordFlag
                        0x1fff'9d7a     0x1  Data  Lc  Mainloop.o [10]
func_Save_Device_Parameter
                           0x1'938d  0x18ce  Code  Gb  drv_Storage_W25Q128.o [17]
func_Search_Card           0x2'8d39    0xa4  Code  Gb  RXNTTL518.o [15]
func_SelfTest_Result_View_Show
                           0x2'b5b5   0x174  Code  Gb  Display.o [12]
func_Send_CMD              0x2'8c3f    0xec  Code  Gb  RXNTTL518.o [15]
func_Set_BlackLight_Move_AT_CMD
                           0x2'd65f    0xb4  Code  Gb  ModbusRTU.o [11]
func_Set_Camera_Photo_CMD
                           0x2'd7ad    0xe4  Code  Gb  ModbusRTU.o [11]
func_Set_HX_Radar_Level_Addr
                           0x2'cd4d    0xd2  Code  Gb  ModbusRTU.o [11]
func_SystemPara_Init       0x1'c759    0x16  Code  Gb  User_Data.o [18]
func_System_Mainloop_Dispose
                           0x2'2615   0x320  Code  Gb  Mainloop.o [10]
func_System_Soft_Reset     0x2'15ad     0xe  Code  Gb  Mainloop.o [10]
func_WatchDog_Refresh      0x1'b46b    0x1e  Code  Gb  WatchDog.o [19]
func_WaterLevel_View_Show
                           0x2'a151   0x250  Code  Gb  Display.o [12]
func_diplay_NFCCheck_Menu
                           0x2'9b69    0x7a  Code  Gb  Display.o [12]
func_display_Authorize_Menu
                           0x2'9ad9    0x90  Code  Gb  Display.o [12]
func_display_ConnectPhone_Menu
                           0x2'9be3    0xb0  Code  Gb  Display.o [12]
func_display_PowerOn_Menu
                           0x2'9ac9    0x10  Code  Gb  Display.o [12]
func_display_string        0x2'83b5   0x7a8  Code  Gb  OLED.o [12]
func_sprintf_metricsystem
                           0x2'94dd   0x426  Code  Gb  Display.o [12]
gE_4G_Module_Init_CMD   0x1fff'9d85     0x1  Data  Gb  User_Data.o [18]
gSt_DevMeasRecordData   0x1fff'9bf0    0x2c  Data  Gb  User_Data.o [18]
gSt_systemPara          0x2001'0000  0xffd0  Data  Lc  User_Data.o [18]
g_ATE_CMD               0x1fff'83b8     0x8  Data  Lc  BT_TB05.o [3]
g_AT_CMD                0x1fff'83c0     0x4  Data  Lc  BT_TB05.o [3]
g_AT_RESET_CMD          0x1fff'8384    0x20  Data  Lc  BT_TB05.o [3]
g_AT_SSID1_CMD          0x1fff'8360    0x24  Data  Lc  BT_TB05.o [3]
g_AT_SSID_CMD           0x1fff'833c    0x24  Data  Lc  BT_TB05.o [3]
g_Ble_SSID              0x1fff'83a4    0x14  Data  Gb  BT_TB05.o [3]
g_sSKLogo_New              0x3'8920   0x400  Data  Gb  Font.o [12]
g_sint8_Font_16x10_12864
                           0x3'7688   0x5a0  Data  Gb  Font.o [12]
g_sint8_Font_16x12_12864
                           0x3'6f08   0x780  Data  Gb  Font.o [12]
g_sint8_Font_6x12_AsciiDot
                           0x3'7c28   0x4c8  Data  Gb  Font.o [12]
gc_SystemPosi           0x1fff'9d84     0x1  Data  Gb  User_Data.o [18]
gfunc_DateString_process
                           0x2'990d   0x1bc  Code  Gb  Display.o [12]
gfunc_Modbus_Matching      0x3'2d69   0x188  Code  Gb  ModbusRTU_Device_BT.o [11]
gs_DeviceDefaultPara    0x1fff'8000   0x1b0  Data  Gb  User_Data.o [18]
gt_MeasData             0x1fff'9c1c    0x2c  Data  Gb  User_Data.o [18]
guc_ERR13DelayCnt       0x1fff'9d61     0x1  Data  Gb  BT_TB05.o [3]
guc_HX_RadarLevel_Addr  0x1fff'9d7c     0x1  Data  Gb  ModbusRTU.o [11]
guc_LcdDipRevesAttr     0x1fff'9d82     0x1  Data  Gb  User_Data.o [18]
guc_NFCPWRInitFlag      0x1fff'9d80     0x1  Data  Gb  User_Data.o [18]
guc_NFC_Card_Flag       0x1fff'9d83     0x1  Data  Gb  User_Data.o [18]
guc_NFC_Card_ID         0x1fff'81b0    0x8c  Data  Gb  RXNTTL518.o [15]
guc_OLED_Buf            0x1fff'93d4   0x400  Data  Gb  User_Data.o [18]
guc_RTURecvArr          0x1fff'9b8c    0x64  Data  Gb  User_Data.o [18]
guc_SystemPowerInitFlag
                        0x1fff'9d81     0x1  Data  Gb  User_Data.o [18]
guc_TextBDData          0x1fff'9cc0    0x14  Data  Gb  User_Data.o [18]
guc_W25Q128_Buf         0x1fff'83d4  0x1000  Data  Gb  drv_Storage_W25Q128.o [17]
hex_to_str                 0x1'48dd    0x60  Code  Gb  4G_EC200U.o [1]
hex_to_upper_ascii         0x3'636f    0x94  Code  Gb  main.o [29]
isalpha                    0x3'612d    0x14  Code  Gb  isalpha.o [30]
isspace                    0x3'325d    0x14  Code  Gb  isspace.o [30]
lcd_address                0x2'8229    0x28  Code  Gb  OLED.o [12]
ldexp                      0x3'55fd          Code  Gb  ldexp.o [31]
ldexpl                     0x3'55fd          Code  Gb  ldexp.o [31]
lmos                       0x2'55ec    0x18  Data  Lc  xDaysTo64.o [30]
lnbias                     0x3'80f0   0x420  Data  Lc  pow64.o [31]
localeconv                 0x2'5a95     0x4  Code  Gb  xlocale_c.o [30]
m_au16Adc1Value         0x1fff'9c74    0x24  Data  Lc  drv_ADC.o [22]
m_au16Adc2Value         0x1fff'9c98    0x14  Data  Lc  drv_ADC.o [22]
m_f32OffsetM            0x1fff'9d14     0x4  Data  Lc  hc32f460_ots.o [21]
m_f32SlopeK             0x1fff'9d10     0x4  Data  Lc  hc32f460_ots.o [21]
m_stcSysclkCfg          0x1fff'9ce0     0x8  Data  Lc  main.o [29]
main                       0x3'6403   0x5de  Code  Gb  main.o [29]
main::ucMonitorFlag     0x1fff'9d75     0x1  Data  Lc  main.o [29]
main::ucRetryCnt        0x1fff'9d76     0x1  Data  Lc  main.o [29]
memchr                     0x2'57bd          Code  Gb  memchr.o [32]
memcmp                     0x2'4c1d          Code  Gb  memcmp.o [32]
mktime                     0x1'f6a9    0xe0  Code  Gb  mktime64.o [30]
mos                        0x2'5604    0x18  Data  Lc  xDaysTo64.o [30]
nackFlag                0x1fff'9d62     0x1  Data  Gb  drv_IIC.o [23]
ndigs                      0x3'96f4    0x28  Data  Lc  iar_Stoulx.o [30]
now                     0x1fff'9cd8     0x8  Data  Gb  4G_EC200U.o [1]
pfnNmiCallback          0x1fff'9d0c     0x4  Data  Lc  hc32f460_exint_nmi_swi.o [21]
pow                        0x3'4f2d   0x68c  Code  Gb  pow64.o [31]
powl                       0x3'4f2d   0x68c  Code  Gb  pow64.o [31]
pows                       0x3'9c20    0x48  Data  Lc  strto64.o [31]
prveMBError2Exception      0x3'11e9    0x26  Code  Gb  ModbusRTU_Device_BT.o [11]
pst_BDSystemPara        0x1fff'9d18     0x4  Data  Lc  LC86L_BD.o [4]
pst_BTSystemPara        0x1fff'9cf4     0x4  Data  Lc  BT_TB05.o [3]
pst_EC200USystemPara    0x1fff'9ce8     0x4  Data  Lc  4G_EC200U.o [1]
pst_LoraSystemPara      0x1fff'9d1c     0x4  Data  Lc  Lora_TP1109.o [7]
pst_MBSystemPara        0x1fff'9d2c     0x4  Data  Gb  ModbusRTU.o [11]
pst_MQTTSystemPara      0x1fff'9d38     0x4  Data  Lc  MQTT_SK.o [8]
pst_MagSystemPara       0x1fff'9d20     0x4  Data  Lc  Magnetic_Bar.o [9]
pst_MainSystemPara      0x1fff'9d24     0x4  Data  Lc  main.o [29]
pst_MainloopSystemPara  0x1fff'9d28     0x4  Data  Lc  Mainloop.o [10]
pst_OLEDSystemPara      0x1fff'9d3c     0x4  Data  Gb  OLED.o [12]
pst_PhotoSystemPara     0x1fff'9d40     0x4  Data  Lc  Photosensitive_XYC_ALS.o [13]
pst_RTCSystemPara       0x1fff'9cf8     0x4  Data  Lc  drv_RTC.o [25]
pst_RXNTTLSystemPara    0x1fff'9d44     0x4  Data  Lc  RXNTTL518.o [15]
pst_SC7A20SystemPara    0x1fff'9cfc     0x4  Data  Lc  drv_SC7A20H.o [16]
pst_TimerSystemPara     0x1fff'9d04     0x4  Data  Lc  drv_Timer.o [27]
pst_UsartSystemPara     0x1fff'9d08     0x4  Data  Lc  drv_USART.o [28]
pst_W25Q128SystemPara   0x1fff'9d00     0x4  Data  Gb  drv_Storage_W25Q128.o [17]
pucSndBufferCur         0x1fff'9d30     0x4  Data  Lc  ModbusRTU_Device_BT.o [11]
scalbln                    0x3'55fd          Code  Gb  ldexp.o [31]
scalblnl                   0x3'55fd          Code  Gb  ldexp.o [31]
scalbn                     0x3'55fd          Code  Gb  ldexp.o [31]
scalbnl                    0x3'55fd          Code  Gb  ldexp.o [31]
scale                      0x2'03af    0x46  Code  Lc  xprintflarge_nomb.o [30]
sec_hand                0x1fff'9d4c     0x4  Data  Lc  xfail_s.o [30]
sprintf                    0x1'8a29    0x40  Code  Gb  sprintf.o [30]
sqrt                       0x3'4779          Code  Gb  sqrt.o [31]
sqrtl                      0x3'4779          Code  Gb  sqrt.o [31]
sscanf                     0x1'c80d    0x28  Code  Gb  sscanf.o [30]
st_TempValue            0x1fff'99d4   0x1b8  Data  Gb  4G_EC200U.o [1]
strcat                     0x1'8a9f    0x1e  Code  Gb  strcat.o [30]
strchr                     0x1'f691          Code  Gb  strchr.o [32]
strcmp                     0x2'2975          Code  Gb  strcmp.o [32]
strcpy                     0x1'b425          Code  Gb  strcpy.o [32]
strcspn                    0x3'55db    0x22  Code  Gb  strcspn.o [30]
strlen                     0x1'8a69          Code  Gb  strlen.o [32]
strncmp                    0x3'4719    0x2a  Code  Gb  strncmp.o [30]
strspn                     0x3'55b9    0x22  Code  Gb  strspn.o [30]
strstr                     0x2'e00d    0x2c  Code  Gb  strstr.o [30]
strtok                     0x3'4a99    0x4c  Code  Gb  strtok.o [30]
strtol                     0x3'3453     0x4  Code  Gb  iar_Stolx.o [30]
strtoul                    0x3'33c1     0x2  Code  Gb  iar_Stoulx.o [30]
tolower                    0x3'4ae5    0x14  Code  Gb  tolower.o [30]
u32ICG                        0x400    0x20  Data  Gb  hc32f460_icg.o [21]
u8HrcState              0x1fff'9d71     0x1  Data  Gb  hc32f460_pwc.o [21]
u8MrcState              0x1fff'9d72     0x1  Data  Gb  hc32f460_pwc.o [21]
u8StopFlag              0x1fff'9d74     0x1  Data  Gb  hc32f460_pwc.o [21]
u8SysClkSrc             0x1fff'83d0     0x1  Data  Gb  hc32f460_pwc.o [21]
u8WkupIntCnt            0x1fff'9d73     0x1  Data  Gb  hc32f460_pwc.o [21]
ucMeasSensorExistFlag   0x1fff'9d5d     0x1  Data  Gb  4G_EC200U.o [1]
ucMeasWaterVolumeFlag   0x1fff'9d5c     0x1  Data  Gb  4G_EC200U.o [1]
ucRecordCnt             0x1fff'9d58     0x1  Data  Gb  4G_EC200U.o [1]
ucWaterLevel_Radar_Flag
                        0x1fff'9d59     0x1  Data  Gb  4G_EC200U.o [1]
ucWaterQuality_COD_Flag
                        0x1fff'9d5a     0x1  Data  Gb  4G_EC200U.o [1]
ucWaterQuality_COND_Flag
                        0x1fff'9d5b     0x1  Data  Gb  4G_EC200U.o [1]
ulRecordCnt             0x1fff'9cf0     0x4  Data  Gb  4G_EC200U.o [1]
ulTime                  0x1fff'9cec     0x4  Data  Gb  4G_EC200U.o [1]
usRcvBufferPos          0x1fff'9d54     0x2  Data  Lc  ModbusRTU_Device_BT.o [11]
xFuncHandlers           0x1fff'823c    0x80  Data  Lc  ModbusRTU_Device_BT.o [11]


[1] = D:\Myself\WorkProcess\SK\HC32F460_WorkProcess\example\Source\Pipe_Monitor\Pipe_Monitor_App\EWARM\output\debug\Obj\4G_EC200U_8582873453978518366.dir
[2] = D:\Myself\WorkProcess\SK\HC32F460_WorkProcess\example\Source\Pipe_Monitor\Pipe_Monitor_App\EWARM\output\debug\Obj\AlarmRule_18216376037575670332.dir
[3] = D:\Myself\WorkProcess\SK\HC32F460_WorkProcess\example\Source\Pipe_Monitor\Pipe_Monitor_App\EWARM\output\debug\Obj\BT_TB05_12041724360499981866.dir
[4] = D:\Myself\WorkProcess\SK\HC32F460_WorkProcess\example\Source\Pipe_Monitor\Pipe_Monitor_App\EWARM\output\debug\Obj\LC86L_BD_9822625824417385734.dir
[5] = D:\Myself\WorkProcess\SK\HC32F460_WorkProcess\example\Source\Pipe_Monitor\Pipe_Monitor_App\EWARM\output\debug\Obj\LKT4202_1925765440156868983.dir
[6] = D:\Myself\WorkProcess\SK\HC32F460_WorkProcess\example\Source\Pipe_Monitor\Pipe_Monitor_App\EWARM\output\debug\Obj\LoRa_RA02_5139138412578801246.dir
[7] = D:\Myself\WorkProcess\SK\HC32F460_WorkProcess\example\Source\Pipe_Monitor\Pipe_Monitor_App\EWARM\output\debug\Obj\Lora_TP1109_151720617378073083.dir
[8] = D:\Myself\WorkProcess\SK\HC32F460_WorkProcess\example\Source\Pipe_Monitor\Pipe_Monitor_App\EWARM\output\debug\Obj\MQTT_SK_4724149239023757000.dir
[9] = D:\Myself\WorkProcess\SK\HC32F460_WorkProcess\example\Source\Pipe_Monitor\Pipe_Monitor_App\EWARM\output\debug\Obj\Magnetic_Bar_17520218520042908049.dir
[10] = D:\Myself\WorkProcess\SK\HC32F460_WorkProcess\example\Source\Pipe_Monitor\Pipe_Monitor_App\EWARM\output\debug\Obj\Mainloop_18272944273632151421.dir
[11] = D:\Myself\WorkProcess\SK\HC32F460_WorkProcess\example\Source\Pipe_Monitor\Pipe_Monitor_App\EWARM\output\debug\Obj\ModbusRTU_17682219295068567368.dir
[12] = D:\Myself\WorkProcess\SK\HC32F460_WorkProcess\example\Source\Pipe_Monitor\Pipe_Monitor_App\EWARM\output\debug\Obj\OLED_13473777563621607307.dir
[13] = D:\Myself\WorkProcess\SK\HC32F460_WorkProcess\example\Source\Pipe_Monitor\Pipe_Monitor_App\EWARM\output\debug\Obj\Photosensitive_XYC_ALS_28064708180949255.dir
[14] = D:\Myself\WorkProcess\SK\HC32F460_WorkProcess\example\Source\Pipe_Monitor\Pipe_Monitor_App\EWARM\output\debug\Obj\RF_NFC_10628150809568064830.dir
[15] = D:\Myself\WorkProcess\SK\HC32F460_WorkProcess\example\Source\Pipe_Monitor\Pipe_Monitor_App\EWARM\output\debug\Obj\RXNTTL518_17808510930951076202.dir
[16] = D:\Myself\WorkProcess\SK\HC32F460_WorkProcess\example\Source\Pipe_Monitor\Pipe_Monitor_App\EWARM\output\debug\Obj\SC7A20H_13085057635104233901.dir
[17] = D:\Myself\WorkProcess\SK\HC32F460_WorkProcess\example\Source\Pipe_Monitor\Pipe_Monitor_App\EWARM\output\debug\Obj\Storage_W25Q128_4738127093883701884.dir
[18] = D:\Myself\WorkProcess\SK\HC32F460_WorkProcess\example\Source\Pipe_Monitor\Pipe_Monitor_App\EWARM\output\debug\Obj\User_Data_5391006662705040797.dir
[19] = D:\Myself\WorkProcess\SK\HC32F460_WorkProcess\example\Source\Pipe_Monitor\Pipe_Monitor_App\EWARM\output\debug\Obj\WatchDog_9188475617120297074.dir
[20] = D:\Myself\WorkProcess\SK\HC32F460_WorkProcess\example\Source\Pipe_Monitor\Pipe_Monitor_App\EWARM\output\debug\Obj\common_14919461937644757070.dir
[21] = D:\Myself\WorkProcess\SK\HC32F460_WorkProcess\example\Source\Pipe_Monitor\Pipe_Monitor_App\EWARM\output\debug\Obj\driver_11944700488488147666.dir
[22] = D:\Myself\WorkProcess\SK\HC32F460_WorkProcess\example\Source\Pipe_Monitor\Pipe_Monitor_App\EWARM\output\debug\Obj\drv_ADC_15186207816091091275.dir
[23] = D:\Myself\WorkProcess\SK\HC32F460_WorkProcess\example\Source\Pipe_Monitor\Pipe_Monitor_App\EWARM\output\debug\Obj\drv_IIC_18060258103304213159.dir
[24] = D:\Myself\WorkProcess\SK\HC32F460_WorkProcess\example\Source\Pipe_Monitor\Pipe_Monitor_App\EWARM\output\debug\Obj\drv_OTS_Temperature_13039655784802445445.dir
[25] = D:\Myself\WorkProcess\SK\HC32F460_WorkProcess\example\Source\Pipe_Monitor\Pipe_Monitor_App\EWARM\output\debug\Obj\drv_RTC_2577979922006117733.dir
[26] = D:\Myself\WorkProcess\SK\HC32F460_WorkProcess\example\Source\Pipe_Monitor\Pipe_Monitor_App\EWARM\output\debug\Obj\drv_SPI_4333388098947449637.dir
[27] = D:\Myself\WorkProcess\SK\HC32F460_WorkProcess\example\Source\Pipe_Monitor\Pipe_Monitor_App\EWARM\output\debug\Obj\drv_Timer_6973001687617930806.dir
[28] = D:\Myself\WorkProcess\SK\HC32F460_WorkProcess\example\Source\Pipe_Monitor\Pipe_Monitor_App\EWARM\output\debug\Obj\drv_USART_14144334009435087269.dir
[29] = D:\Myself\WorkProcess\SK\HC32F460_WorkProcess\example\Source\Pipe_Monitor\Pipe_Monitor_App\EWARM\output\debug\Obj\source_5634686896477721948.dir
[30] = dl7M_tlf.a
[31] = m7M_tls.a
[32] = rt7M_tl.a
[33] = shb_l.a

  143'607 bytes of readonly  code memory
   16'345 bytes of readonly  data memory (+ 32 absolute)
   81'237 bytes of readwrite data memory

Errors: none
Warnings: none
