###############################################################################
#
# IAR ELF Linker V9.40.1.364/W64 for ARM                  24/Sep/2025  14:33:01
# Copyright 2007-2023 IAR Systems AB.
#
#    Output file  =
#        D:\Myself\WorkProcess\SK\HC32F460_WorkProcess\example\Source\Pipe_Monitor\Pipe_Monitor_App\EWARM\output\debug\Exe\Pipe_Monitor_App.out
#    Map file     =
#        D:\Myself\WorkProcess\SK\HC32F460_WorkProcess\example\Source\Pipe_Monitor\Pipe_Monitor_App\EWARM\output\debug\List\Pipe_Monitor_App.map
#    Command line =
#        -f
#        D:\Myself\WorkProcess\SK\HC32F460_WorkProcess\example\Source\Pipe_Monitor\Pipe_Monitor_App\EWARM\output\debug\Exe\Pipe_Monitor_App.out.rsp
#        (D:\Myself\WorkProcess\SK\HC32F460_WorkProcess\example\Source\Pipe_Monitor\Pipe_Monitor_App\EWARM\output\debug\Obj\4G_EC200U_8582873453978518366.dir\4G_EC200U.o
#        D:\Myself\WorkProcess\SK\HC32F460_WorkProcess\example\Source\Pipe_Monitor\Pipe_Monitor_App\EWARM\output\debug\Obj\BT_TB05_12041724360499981866.dir\BT_TB05.o
#        D:\Myself\WorkProcess\SK\HC32F460_WorkProcess\example\Source\Pipe_Monitor\Pipe_Monitor_App\EWARM\output\debug\Obj\OLED_13473777563621607307.dir\Display.o
#        D:\Myself\WorkProcess\SK\HC32F460_WorkProcess\example\Source\Pipe_Monitor\Pipe_Monitor_App\EWARM\output\debug\Obj\drv_ADC_15186207816091091275.dir\drv_ADC.o
#        D:\Myself\WorkProcess\SK\HC32F460_WorkProcess\example\Source\Pipe_Monitor\Pipe_Monitor_App\EWARM\output\debug\Obj\drv_IIC_18060258103304213159.dir\drv_IIC.o
#        D:\Myself\WorkProcess\SK\HC32F460_WorkProcess\example\Source\Pipe_Monitor\Pipe_Monitor_App\EWARM\output\debug\Obj\LKT4202_1925765440156868983.dir\drv_LKT4202.o
#        D:\Myself\WorkProcess\SK\HC32F460_WorkProcess\example\Source\Pipe_Monitor\Pipe_Monitor_App\EWARM\output\debug\Obj\drv_RTC_2577979922006117733.dir\drv_RTC.o
#        D:\Myself\WorkProcess\SK\HC32F460_WorkProcess\example\Source\Pipe_Monitor\Pipe_Monitor_App\EWARM\output\debug\Obj\SC7A20H_13085057635104233901.dir\drv_SC7A20H.o
#        D:\Myself\WorkProcess\SK\HC32F460_WorkProcess\example\Source\Pipe_Monitor\Pipe_Monitor_App\EWARM\output\debug\Obj\drv_SPI_4333388098947449637.dir\drv_SPI.o
#        D:\Myself\WorkProcess\SK\HC32F460_WorkProcess\example\Source\Pipe_Monitor\Pipe_Monitor_App\EWARM\output\debug\Obj\Storage_W25Q128_4738127093883701884.dir\drv_Storage_W25Q128.o
#        D:\Myself\WorkProcess\SK\HC32F460_WorkProcess\example\Source\Pipe_Monitor\Pipe_Monitor_App\EWARM\output\debug\Obj\drv_Timer_6973001687617930806.dir\drv_Timer.o
#        D:\Myself\WorkProcess\SK\HC32F460_WorkProcess\example\Source\Pipe_Monitor\Pipe_Monitor_App\EWARM\output\debug\Obj\drv_USART_14144334009435087269.dir\drv_USART.o
#        D:\Myself\WorkProcess\SK\HC32F460_WorkProcess\example\Source\Pipe_Monitor\Pipe_Monitor_App\EWARM\output\debug\Obj\RF_NFC_10628150809568064830.dir\fm175xx.o
#        D:\Myself\WorkProcess\SK\HC32F460_WorkProcess\example\Source\Pipe_Monitor\Pipe_Monitor_App\EWARM\output\debug\Obj\OLED_13473777563621607307.dir\Font.o
#        D:\Myself\WorkProcess\SK\HC32F460_WorkProcess\example\Source\Pipe_Monitor\Pipe_Monitor_App\EWARM\output\debug\Obj\driver_11944700488488147666.dir\hc32f460_adc.o
#        D:\Myself\WorkProcess\SK\HC32F460_WorkProcess\example\Source\Pipe_Monitor\Pipe_Monitor_App\EWARM\output\debug\Obj\driver_11944700488488147666.dir\hc32f460_clk.o
#        D:\Myself\WorkProcess\SK\HC32F460_WorkProcess\example\Source\Pipe_Monitor\Pipe_Monitor_App\EWARM\output\debug\Obj\driver_11944700488488147666.dir\hc32f460_dmac.o
#        D:\Myself\WorkProcess\SK\HC32F460_WorkProcess\example\Source\Pipe_Monitor\Pipe_Monitor_App\EWARM\output\debug\Obj\driver_11944700488488147666.dir\hc32f460_efm.o
#        D:\Myself\WorkProcess\SK\HC32F460_WorkProcess\example\Source\Pipe_Monitor\Pipe_Monitor_App\EWARM\output\debug\Obj\driver_11944700488488147666.dir\hc32f460_event_port.o
#        D:\Myself\WorkProcess\SK\HC32F460_WorkProcess\example\Source\Pipe_Monitor\Pipe_Monitor_App\EWARM\output\debug\Obj\driver_11944700488488147666.dir\hc32f460_exint_nmi_swi.o
#        D:\Myself\WorkProcess\SK\HC32F460_WorkProcess\example\Source\Pipe_Monitor\Pipe_Monitor_App\EWARM\output\debug\Obj\driver_11944700488488147666.dir\hc32f460_gpio.o
#        D:\Myself\WorkProcess\SK\HC32F460_WorkProcess\example\Source\Pipe_Monitor\Pipe_Monitor_App\EWARM\output\debug\Obj\driver_11944700488488147666.dir\hc32f460_i2c.o
#        D:\Myself\WorkProcess\SK\HC32F460_WorkProcess\example\Source\Pipe_Monitor\Pipe_Monitor_App\EWARM\output\debug\Obj\driver_11944700488488147666.dir\hc32f460_icg.o
#        D:\Myself\WorkProcess\SK\HC32F460_WorkProcess\example\Source\Pipe_Monitor\Pipe_Monitor_App\EWARM\output\debug\Obj\driver_11944700488488147666.dir\hc32f460_interrupts.o
#        D:\Myself\WorkProcess\SK\HC32F460_WorkProcess\example\Source\Pipe_Monitor\Pipe_Monitor_App\EWARM\output\debug\Obj\driver_11944700488488147666.dir\hc32f460_keyscan.o
#        D:\Myself\WorkProcess\SK\HC32F460_WorkProcess\example\Source\Pipe_Monitor\Pipe_Monitor_App\EWARM\output\debug\Obj\driver_11944700488488147666.dir\hc32f460_pwc.o
#        D:\Myself\WorkProcess\SK\HC32F460_WorkProcess\example\Source\Pipe_Monitor\Pipe_Monitor_App\EWARM\output\debug\Obj\driver_11944700488488147666.dir\hc32f460_rtc.o
#        D:\Myself\WorkProcess\SK\HC32F460_WorkProcess\example\Source\Pipe_Monitor\Pipe_Monitor_App\EWARM\output\debug\Obj\driver_11944700488488147666.dir\hc32f460_spi.o
#        D:\Myself\WorkProcess\SK\HC32F460_WorkProcess\example\Source\Pipe_Monitor\Pipe_Monitor_App\EWARM\output\debug\Obj\driver_11944700488488147666.dir\hc32f460_sram.o
#        D:\Myself\WorkProcess\SK\HC32F460_WorkProcess\example\Source\Pipe_Monitor\Pipe_Monitor_App\EWARM\output\debug\Obj\driver_11944700488488147666.dir\hc32f460_timer0.o
#        D:\Myself\WorkProcess\SK\HC32F460_WorkProcess\example\Source\Pipe_Monitor\Pipe_Monitor_App\EWARM\output\debug\Obj\driver_11944700488488147666.dir\hc32f460_timer4_cnt.o
#        D:\Myself\WorkProcess\SK\HC32F460_WorkProcess\example\Source\Pipe_Monitor\Pipe_Monitor_App\EWARM\output\debug\Obj\driver_11944700488488147666.dir\hc32f460_timer4_oco.o
#        D:\Myself\WorkProcess\SK\HC32F460_WorkProcess\example\Source\Pipe_Monitor\Pipe_Monitor_App\EWARM\output\debug\Obj\driver_11944700488488147666.dir\hc32f460_usart.o
#        D:\Myself\WorkProcess\SK\HC32F460_WorkProcess\example\Source\Pipe_Monitor\Pipe_Monitor_App\EWARM\output\debug\Obj\driver_11944700488488147666.dir\hc32f460_utility.o
#        D:\Myself\WorkProcess\SK\HC32F460_WorkProcess\example\Source\Pipe_Monitor\Pipe_Monitor_App\EWARM\output\debug\Obj\driver_11944700488488147666.dir\hc32f460_wdt.o
#        D:\Myself\WorkProcess\SK\HC32F460_WorkProcess\example\Source\Pipe_Monitor\Pipe_Monitor_App\EWARM\output\debug\Obj\LC86L_BD_9822625824417385734.dir\LC86L_BD.o
#        D:\Myself\WorkProcess\SK\HC32F460_WorkProcess\example\Source\Pipe_Monitor\Pipe_Monitor_App\EWARM\output\debug\Obj\LoRa_RA02_5139138412578801246.dir\LoRa_RA02.o
#        D:\Myself\WorkProcess\SK\HC32F460_WorkProcess\example\Source\Pipe_Monitor\Pipe_Monitor_App\EWARM\output\debug\Obj\Lora_TP1109_151720617378073083.dir\Lora_TP1109.o
#        D:\Myself\WorkProcess\SK\HC32F460_WorkProcess\example\Source\Pipe_Monitor\Pipe_Monitor_App\EWARM\output\debug\Obj\Magnetic_Bar_17520218520042908049.dir\Magnetic_Bar.o
#        D:\Myself\WorkProcess\SK\HC32F460_WorkProcess\example\Source\Pipe_Monitor\Pipe_Monitor_App\EWARM\output\debug\Obj\source_5634686896477721948.dir\main.o
#        D:\Myself\WorkProcess\SK\HC32F460_WorkProcess\example\Source\Pipe_Monitor\Pipe_Monitor_App\EWARM\output\debug\Obj\Mainloop_18272944273632151421.dir\Mainloop.o
#        D:\Myself\WorkProcess\SK\HC32F460_WorkProcess\example\Source\Pipe_Monitor\Pipe_Monitor_App\EWARM\output\debug\Obj\RF_NFC_10628150809568064830.dir\mifare_card.o
#        D:\Myself\WorkProcess\SK\HC32F460_WorkProcess\example\Source\Pipe_Monitor\Pipe_Monitor_App\EWARM\output\debug\Obj\ModbusRTU_17682219295068567368.dir\ModbusRTU.o
#        D:\Myself\WorkProcess\SK\HC32F460_WorkProcess\example\Source\Pipe_Monitor\Pipe_Monitor_App\EWARM\output\debug\Obj\ModbusRTU_17682219295068567368.dir\ModbusRTU_Device_BT.o
#        D:\Myself\WorkProcess\SK\HC32F460_WorkProcess\example\Source\Pipe_Monitor\Pipe_Monitor_App\EWARM\output\debug\Obj\MQTT_SK_4724149239023757000.dir\MQTT_SK.o
#        D:\Myself\WorkProcess\SK\HC32F460_WorkProcess\example\Source\Pipe_Monitor\Pipe_Monitor_App\EWARM\output\debug\Obj\OLED_13473777563621607307.dir\OLED.o
#        D:\Myself\WorkProcess\SK\HC32F460_WorkProcess\example\Source\Pipe_Monitor\Pipe_Monitor_App\EWARM\output\debug\Obj\Photosensitive_XYC_ALS_28064708180949255.dir\Photosensitive_XYC_ALS.o
#        D:\Myself\WorkProcess\SK\HC32F460_WorkProcess\example\Source\Pipe_Monitor\Pipe_Monitor_App\EWARM\output\debug\Obj\RF_NFC_10628150809568064830.dir\RF_NFC.o
#        D:\Myself\WorkProcess\SK\HC32F460_WorkProcess\example\Source\Pipe_Monitor\Pipe_Monitor_App\EWARM\output\debug\Obj\RXNTTL518_17808510930951076202.dir\RXNTTL518.o
#        D:\Myself\WorkProcess\SK\HC32F460_WorkProcess\example\Source\Pipe_Monitor\Pipe_Monitor_App\EWARM\output\debug\Obj\common_14919461937644757070.dir\startup_hc32f460.o
#        D:\Myself\WorkProcess\SK\HC32F460_WorkProcess\example\Source\Pipe_Monitor\Pipe_Monitor_App\EWARM\output\debug\Obj\common_14919461937644757070.dir\system_hc32f460.o
#        D:\Myself\WorkProcess\SK\HC32F460_WorkProcess\example\Source\Pipe_Monitor\Pipe_Monitor_App\EWARM\output\debug\Obj\RF_NFC_10628150809568064830.dir\type_a.o
#        D:\Myself\WorkProcess\SK\HC32F460_WorkProcess\example\Source\Pipe_Monitor\Pipe_Monitor_App\EWARM\output\debug\Obj\RF_NFC_10628150809568064830.dir\type_b.o
#        D:\Myself\WorkProcess\SK\HC32F460_WorkProcess\example\Source\Pipe_Monitor\Pipe_Monitor_App\EWARM\output\debug\Obj\User_Data_5391006662705040797.dir\User_Data.o
#        D:\Myself\WorkProcess\SK\HC32F460_WorkProcess\example\Source\Pipe_Monitor\Pipe_Monitor_App\EWARM\output\debug\Obj\WatchDog_9188475617120297074.dir\WatchDog.o
#        --no_out_extension -o
#        D:\Myself\WorkProcess\SK\HC32F460_WorkProcess\example\Source\Pipe_Monitor\Pipe_Monitor_App\EWARM\output\debug\Exe\Pipe_Monitor_App.out
#        --map
#        D:\Myself\WorkProcess\SK\HC32F460_WorkProcess\example\Source\Pipe_Monitor\Pipe_Monitor_App\EWARM\output\debug\List\Pipe_Monitor_App.map
#        --config
#        D:\Myself\WorkProcess\SK\HC32F460_WorkProcess\example\Source\Pipe_Monitor\Pipe_Monitor_App\EWARM\HC32F460xE.icf
#        --semihosting --entry __iar_program_start --redirect
#        __write=__write_buffered --vfe --text_out locale --cpu=Cortex-M4
#        --fpu=VFPv4_sp) --dependencies=n
#        D:\Myself\WorkProcess\SK\HC32F460_WorkProcess\example\Source\Pipe_Monitor\Pipe_Monitor_App\EWARM\output\debug\Exe\Pipe_Monitor_App.out.iar_deps
#
###############################################################################

*******************************************************************************
*** RUNTIME MODEL ATTRIBUTES
***

CppFlavor       = *
__CPP_Runtime   = 1
__SystemLibrary = DLib
__dlib_version  = 6


*******************************************************************************
*** HEAP SELECTION
***

The basic heap was selected because --advanced_heap
was not specified and the application did not appear to
be primarily optimized for speed.


*******************************************************************************
*** PLACEMENT SUMMARY
***

"A0":  place at address 0x1'4000 { ro section .intvec };
"P1":  place in [from 0x1'4000 to 0x7'ffff] |
                [from 0x300'0c00 to 0x300'0ffb] { ro };
define block CSTACK with size = 8K, alignment = 8 { };
define block HEAP with size = 8K, alignment = 8 { };
"P2":  place in [from 0x1fff'8000 to 0x1fff'ffff] |
                [from 0x2000'0000 to 0x2000'ffff repeat 2] |
                [from 0x2002'0000 to 0x2002'6fff] |
                [from 0x200f'0000 to 0x200f'0fff] {
          rw, block CSTACK, block HEAP };
initialize by copy { rw };

  Section            Kind         Address      Size  Object
  -------            ----         -------      ----  ------
Absolute sections:                             0x20
  .rodata            const          0x400      0x20  hc32f460_icg.o [20]
                                  - 0x420      0x20

"A0":                                         0x280
  .intvec            ro code     0x1'4000     0x280  startup_hc32f460.o [19]
                               - 0x1'4280     0x280

"P1":                                      0x1'f989
  .text              ro code     0x1'4280    0x1da0  ModbusRTU.o [10]
  .text              ro code     0x1'6020      0xb6  User_Data.o [17]
  .text              ro code     0x1'60d6      0x1e  xsscin.o [28]
  .text              ro code     0x1'60f4      0x66  ABImemset.o [30]
  .text              ro code     0x1'615a       0xa  xsprout.o [28]
  .text              ro code     0x1'6164     0x4d8  hc32f460_gpio.o [20]
  .text              ro code     0x1'663c      0xa6  ABImemcpy.o [30]
  .rodata            const       0x1'66e2       0x2  drv_LKT4202.o [4]
  .text              ro code     0x1'66e4     0xe80  drv_Storage_W25Q128.o [16]
  .text              ro code     0x1'7564      0x6c  hc32f460_utility.o [20]
  .text              ro code     0x1'75d0    0x12cc  drv_USART.o [26]
  .text              ro code     0x1'889c      0x1c  U32ToDbl.o [29]
  .text              ro code     0x1'88b8     0x246  DblDiv.o [29]
  .rodata            const       0x1'8afe       0x2  drv_LKT4202.o [4]
  .text              ro code     0x1'8b00      0x68  DblToFlt.o [29]
  .text              ro code     0x1'8b68     0x25e  DblAddSub.o [29]
  .rodata            const       0x1'8dc6       0x2  drv_LKT4202.o [4]
  .text              ro code     0x1'8dc8      0x46  U64ToDbl.o [29]
  .rodata            const       0x1'8e0e       0x2  drv_LKT4202.o [4]
  .text              ro code     0x1'8e10      0x36  strlen.o [30]
  .text              ro code     0x1'8e46      0x2c  strstr.o [28]
  .rodata            const       0x1'8e72       0x2  drv_LKT4202.o [4]
  .text              ro code     0x1'8e74      0x12  strcmp.o [30]
  .rodata            const       0x1'8e86       0x2  drv_LKT4202.o [4]
  .text              ro code     0x1'8e88      0x68  memcmp.o [30]
  .text              ro code     0x1'8ef0       0x2  hc32f460_utility.o [20]
  .rodata            const       0x1'8ef2       0x2  xlocale_c.o [28]
  .text              ro code     0x1'8ef4     0x7b4  hc32f460_spi.o [20]
  .text              ro code     0x1'96a8      0x18  strcpy.o [30]
  .text              ro code     0x1'96c0     0xf50  Mainloop.o [9]
  .text              ro code     0x1'a610     0xa48  hc32f460_usart.o [20]
  .text              ro code     0x1'b058     0xac0  hc32f460_dmac.o [20]
  .text              ro code     0x1'bb18     0xa10  hc32f460_pwc.o [20]
  .text              ro code     0x1'c528     0xb40  hc32f460_interrupts.o [20]
  .text              ro code     0x1'd068     0x934  hc32f460_timer0.o [20]
  .text              ro code     0x1'd99c     0x3cc  BT_TB05.o [2]
  .text              ro code     0x1'dd68      0x16  strchr.o [30]
  .rodata            const       0x1'dd7e       0x2  xlocale_c.o [28]
  .text              ro code     0x1'dd80     0x454  drv_ADC.o [21]
  .text              ro code     0x1'e1d4     0xc90  OLED.o [11]
  .text              ro code     0x1'ee64      0x66  RF_NFC.o [13]
  .rodata            const       0x1'eeca       0x1  xlocale_c.o [28]
  .text              ro code     0x1'eecc    0x1c74  4G_EC200U.o [1]
  .text              ro code     0x2'0b40     0x244  RXNTTL518.o [14]
  .text              ro code     0x2'0d84     0x550  LC86L_BD.o [3]
  .text              ro code     0x2'12d4     0x3ac  Photosensitive_XYC_ALS.o [12]
  .text              ro code     0x2'1680     0x2da  drv_SC7A20H.o [15]
  .text              ro code     0x2'195c      0x48  FltToDbl.o [29]
  .text              ro code     0x2'19a4      0x34  DblCmpLe.o [29]
  .text              ro code     0x2'19d8      0x34  DblCmpGe.o [29]
  .text              ro code     0x2'1a0c     0x6d8  drv_RTC.o [23]
  .text              ro code     0x2'20e4      0x28  sscanf.o [28]
  .text              ro code     0x2'210c      0xe0  mktime64.o [28]
  .text              ro code     0x2'21ec     0x83c  drv_Timer.o [25]
  .text              ro code     0x2'2a28    0x1d04  MQTT_SK.o [7]
  .text              ro code     0x2'472c     0x274  I64DivMod.o [30]
  .text              ro code     0x2'49a0     0x110  system_hc32f460.o [19]
  .text              ro code     0x2'4ab0     0x17c  hc32f460_exint_nmi_swi.o [20]
  .text              ro code     0x2'4c2c      0x1e  strcat.o [28]
  .text              ro code     0x2'4c4c    0x151c  ModbusRTU_Device_BT.o [10]
  .text              ro code     0x2'6168     0xf60  hc32f460_clk.o [20]
  .text              ro code     0x2'70c8     0x578  hc32f460_adc.o [20]
  .text              ro code     0x2'7640     0x1aa  DblMul.o [29]
  .text              ro code     0x2'77ec     0x928  drv_IIC.o [22]
  .text              ro code     0x2'8114      0x40  sprintf.o [28]
  .text              ro code     0x2'8154      0x4c  WatchDog.o [18]
  .text              ro code     0x2'81a0      0x2a  strncmp.o [28]
  .text              ro code     0x2'81cc      0x22  DblToU32.o [29]
  .text              ro code     0x2'81f0      0x22  S32ToDbl.o [29]
  .text              ro code     0x2'8214     0x102  sqrt.o [29]
  .text              ro code     0x2'8318      0x2a  math_wrappers64.o [29]
  .text              ro code     0x2'8344      0x36  DblToS32.o [29]
  .text              ro code     0x2'837c     0x8a4  hc32f460_rtc.o [20]
  .text              ro code     0x2'8c20     0xd7c  xscanffull_nomb.o [28]
  .text              ro code     0x2'999c      0xcc  xDaysTo64.o [28]
  .text              ro code     0x2'9a68     0x15c  xttotm64.o [28]
  .text              ro code     0x2'9bc4       0x4  xTzoff_nop.o [28]
  .text              ro code     0x2'9bc8     0x9d0  hc32f460_timer4_oco.o [20]
  .text              ro code     0x2'a598    0x15f8  Display.o [11]
  .text              ro code     0x2'bb90     0x368  hc32f460_timer4_cnt.o [20]
  .text              ro code     0x2'bef8      0x4c  strtok.o [28]
  .text              ro code     0x2'bf44     0x152  iar_Stoulx.o [28]
  .text              ro code     0x2'c098       0x2  I64DivZer.o [30]
  .text              ro code     0x2'c09c     0xaa0  hc32f460_i2c.o [20]
  .text              ro code     0x2'cb3c     0xd1a  xprintflarge_nomb.o [28]
  .text              ro code     0x2'd858     0x362  strto64.o [29]
  .text              ro code     0x2'dbbc      0xbc  atan64.o [29]
  .text              ro code     0x2'dc78     0x68c  pow64.o [29]
  .text              ro code     0x2'e304      0x14  isspace.o [28]
  .text              ro code     0x2'e318      0x14  isalpha.o [28]
  .text              ro code     0x2'e32c      0x4c  xlocale_c.o [28]
  .text              ro code     0x2'e378     0x13a  ldexp.o [29]
  .text              ro code     0x2'e4b4     0x1b2  iar_Stoullx.o [28]
  .text              ro code     0x2'e668      0xa6  iar_Stollx.o [28]
  .text              ro code     0x2'e710      0x40  xfail_s.o [28]
  .text              ro code     0x2'e750      0x58  memchr.o [30]
  .text              ro code     0x2'e7a8       0x6  xisdst_nop64.o [28]
  .text              ro code     0x2'e7ae      0x22  strspn.o [28]
  .text              ro code     0x2'e7d0      0x22  strcspn.o [28]
  .text              ro code     0x2'e7f2      0x14  tolower.o [28]
  .text              ro code     0x2'e808      0x70  frexp.o [29]
  .text              ro code     0x2'e878     0x122  iar_Stopfx.o [28]
  .text              ro code     0x2'e99c     0x1b8  iar_Stoflt.o [28]
  .text              ro code     0x2'eb54     0x208  iar_Stoxflt.o [28]
  .text              ro code     0x2'ed5c     0x1c8  iar_Atan64.o [29]
  .text              ro code     0x2'ef24      0x20  DblCmpEq.o [29]
  .text              ro code     0x2'ef44     0x32c  iar_Exp64.o [29]
  .text              ro code     0x2'f270       0x6  abort.o [28]
  .text              ro code     0x2'f278      0x14  exit.o [31]
  .rodata            const       0x2'f28c     0x600  Font.o [11]
  .text              ro code     0x2'f88c     0x5dc  main.o [27]
  .text              ro code     0x2'fe68      0x90  hc32f460_efm.o [20]
  .text              ro code     0x2'fef8     0x188  hc32f460_sram.o [20]
  .text              ro code     0x3'0080      0xdc  drv_SPI.o [24]
  .text              ro code     0x3'015c     0x198  Lora_TP1109.o [6]
  .text              ro code     0x3'02f4     0x1c0  Magnetic_Bar.o [8]
  .text              ro code     0x3'04b4     0x458  drv_LKT4202.o [4]
  .rodata            const       0x3'090c     0x5a0  Font.o [11]
  .rodata            const       0x3'0eac     0x4c8  Font.o [11]
  .rodata            const       0x3'1374      0x64  4G_EC200U.o [1]
  .rodata            const       0x3'13d8     0x420  pow64.o [29]
  .rodata            const       0x3'17f8     0x400  Font.o [11]
  .rodata            const       0x3'1bf8     0x200  ModbusRTU.o [10]
  .rodata            const       0x3'1df8     0x200  RXNTTL518.o [14]
  .rodata            const       0x3'1ff8     0x1e0  ModbusRTU_Device_BT.o [10]
  .rodata            const       0x3'21d8     0x100  ModbusRTU.o [10]
  .rodata            const       0x3'22d8     0x100  ModbusRTU.o [10]
  .text              ro code     0x3'23d8      0xa2  packbits_init.o [30]
  .rodata            const       0x3'247c      0x54  hc32f460_exint_nmi_swi.o [20]
  .rodata            const       0x3'24d0      0x54  MQTT_SK.o [7]
  .rodata            const       0x3'2524      0x50  hc32f460_interrupts.o [20]
  .rodata            const       0x3'2574      0x50  hc32f460_timer4_cnt.o [20]
  .rodata            const       0x3'25c4      0x50  hc32f460_timer4_oco.o [20]
  .rodata            const       0x3'2614      0x50  iar_Stoulx.o [28]
  .rodata            const       0x3'2664      0x50  iar_Stoullx.o [28]
  .rodata            const       0x3'26b4      0x4c  4G_EC200U.o [1]
  .rodata            const       0x3'2700      0x4c  4G_EC200U.o [1]
  .rodata            const       0x3'274c      0x4c  hc32f460_dmac.o [20]
  .rodata            const       0x3'2798      0x4c  hc32f460_gpio.o [20]
  .rodata            const       0x3'27e4      0x4c  hc32f460_sram.o [20]
  .rodata            const       0x3'2830      0x4c  hc32f460_timer0.o [20]
  .rodata            const       0x3'287c      0x4c  hc32f460_usart.o [20]
  .rodata            const       0x3'28c8      0x48  hc32f460_adc.o [20]
  .rodata            const       0x3'2910      0x48  hc32f460_clk.o [20]
  .rodata            const       0x3'2958      0x48  hc32f460_efm.o [20]
  .rodata            const       0x3'29a0      0x48  hc32f460_i2c.o [20]
  .rodata            const       0x3'29e8      0x48  hc32f460_pwc.o [20]
  .rodata            const       0x3'2a30      0x48  hc32f460_rtc.o [20]
  .rodata            const       0x3'2a78      0x48  hc32f460_spi.o [20]
  .rodata            const       0x3'2ac0      0x48  MQTT_SK.o [7]
  .rodata            const       0x3'2b08      0x48  strto64.o [29]
  .text              ro code     0x3'2b50      0x44  startup_hc32f460.o [19]
  .rodata            const       0x3'2b94      0x3c  4G_EC200U.o [1]
  .rodata            const       0x3'2bd0      0x40  iar_Atan64.o [29]
  .rodata            const       0x3'2c10      0x3c  4G_EC200U.o [1]
  .rodata            const       0x3'2c4c      0x3c  MQTT_SK.o [7]
  .rodata            const       0x3'2c88      0x3c  MQTT_SK.o [7]
  .rodata            const       0x3'2cc4      0x38  4G_EC200U.o [1]
  .rodata            const       0x3'2cfc      0x38  4G_EC200U.o [1]
  .rodata            const       0x3'2d34      0x38  4G_EC200U.o [1]
  .rodata            const       0x3'2d6c      0x38  4G_EC200U.o [1]
  .rodata            const       0x3'2da4      0x38  4G_EC200U.o [1]
  .rodata            const       0x3'2ddc      0x38  MQTT_SK.o [7]
  .text              ro code     0x3'2e14      0x38  zero_init3.o [30]
  .rodata            const       0x3'2e4c      0x34  4G_EC200U.o [1]
  .rodata            const       0x3'2e80      0x34  MQTT_SK.o [7]
  .rodata            const       0x3'2eb4      0x34  MQTT_SK.o [7]
  .rodata            const       0x3'2ee8      0x34  MQTT_SK.o [7]
  .rodata            const       0x3'2f1c      0x30  4G_EC200U.o [1]
  .rodata            const       0x3'2f4c      0x28  MQTT_SK.o [7]
  .rodata            const       0x3'2f74      0x28  xscanffull_nomb.o [28]
  .text              ro code     0x3'2f9c      0x28  data_init.o [30]
  .rodata            const       0x3'2fc4      0x24  xscanffull_nomb.o [28]
  .text              ro code     0x3'2fe8      0x22  fpinit_M.o [29]
  .iar.init_table    const       0x3'300c      0x2c  - Linker created -
  .rodata            const       0x3'3038      0x20  4G_EC200U.o [1]
  .rodata            const       0x3'3058      0x20  4G_EC200U.o [1]
  .rodata            const       0x3'3078      0x20  4G_EC200U.o [1]
  .rodata            const       0x3'3098      0x20  drv_LKT4202.o [4]
  .rodata            const       0x3'30b8      0x20  drv_LKT4202.o [4]
  .rodata            const       0x3'30d8      0x20  drv_RTC.o [23]
  .text              ro code     0x3'30f8      0x1e  cmain.o [30]
  .text              ro code     0x3'3116       0x4  low_level_init.o [28]
  .text              ro code     0x3'311a       0x4  exit.o [28]
  .text              ro code     0x3'3120       0xa  cexit.o [30]
  .rodata            const       0x3'312c      0x1c  4G_EC200U.o [1]
  .rodata            const       0x3'3148      0x1c  MQTT_SK.o [7]
  .rodata            const       0x3'3164      0x1c  MQTT_SK.o [7]
  .text              ro code     0x3'3180      0x1c  cstartup_M.o [30]
  .rodata            const       0x3'319c      0x18  4G_EC200U.o [1]
  .rodata            const       0x3'31b4      0x18  MQTT_SK.o [7]
  .rodata            const       0x3'31cc      0x18  MQTT_SK.o [7]
  .rodata            const       0x3'31e4      0x18  MQTT_SK.o [7]
  .rodata            const       0x3'31fc      0x18  MQTT_SK.o [7]
  .rodata            const       0x3'3214      0x18  MQTT_SK.o [7]
  .rodata            const       0x3'322c      0x18  MQTT_SK.o [7]
  .rodata            const       0x3'3244      0x18  MQTT_SK.o [7]
  .rodata            const       0x3'325c      0x18  MQTT_SK.o [7]
  .rodata            const       0x3'3274      0x14  4G_EC200U.o [1]
  .rodata            const       0x3'3288      0x14  4G_EC200U.o [1]
  .rodata            const       0x3'329c      0x14  4G_EC200U.o [1]
  .rodata            const       0x3'32b0      0x14  4G_EC200U.o [1]
  .rodata            const       0x3'32c4      0x14  4G_EC200U.o [1]
  .rodata            const       0x3'32d8      0x14  4G_EC200U.o [1]
  .rodata            const       0x3'32ec      0x14  4G_EC200U.o [1]
  .rodata            const       0x3'3300      0x14  4G_EC200U.o [1]
  .rodata            const       0x3'3314      0x14  4G_EC200U.o [1]
  .rodata            const       0x3'3328      0x14  BT_TB05.o [2]
  .rodata            const       0x3'333c      0x14  Mainloop.o [9]
  .rodata            const       0x3'3350      0x14  MQTT_SK.o [7]
  .rodata            const       0x3'3364      0x14  MQTT_SK.o [7]
  .rodata            const       0x3'3378      0x14  MQTT_SK.o [7]
  .rodata            const       0x3'338c      0x14  MQTT_SK.o [7]
  .rodata            const       0x3'33a0      0x14  MQTT_SK.o [7]
  .rodata            const       0x3'33b4      0x14  MQTT_SK.o [7]
  .rodata            const       0x3'33c8      0x14  MQTT_SK.o [7]
  .rodata            const       0x3'33dc      0x14  MQTT_SK.o [7]
  .rodata            const       0x3'33f0      0x14  MQTT_SK.o [7]
  .rodata            const       0x3'3404      0x14  MQTT_SK.o [7]
  .rodata            const       0x3'3418      0x14  MQTT_SK.o [7]
  .rodata            const       0x3'342c      0x14  MQTT_SK.o [7]
  .rodata            const       0x3'3440      0x14  MQTT_SK.o [7]
  .rodata            const       0x3'3454      0x14  MQTT_SK.o [7]
  .rodata            const       0x3'3468      0x14  MQTT_SK.o [7]
  .rodata            const       0x3'347c      0x14  MQTT_SK.o [7]
  .rodata            const       0x3'3490      0x14  MQTT_SK.o [7]
  .rodata            const       0x3'34a4      0x14  MQTT_SK.o [7]
  .rodata            const       0x3'34b8      0x14  MQTT_SK.o [7]
  .rodata            const       0x3'34cc      0x14  MQTT_SK.o [7]
  .rodata            const       0x3'34e0      0x14  MQTT_SK.o [7]
  .rodata            const       0x3'34f4      0x14  MQTT_SK.o [7]
  .rodata            const       0x3'3508      0x14  MQTT_SK.o [7]
  .rodata            const       0x3'351c      0x14  MQTT_SK.o [7]
  .rodata            const       0x3'3530      0x14  MQTT_SK.o [7]
  .rodata            const       0x3'3544      0x14  MQTT_SK.o [7]
  .rodata            const       0x3'3558      0x14  MQTT_SK.o [7]
  .rodata            const       0x3'356c      0x14  MQTT_SK.o [7]
  .rodata            const       0x3'3580      0x14  MQTT_SK.o [7]
  .rodata            const       0x3'3594      0x14  MQTT_SK.o [7]
  .rodata            const       0x3'35a8      0x14  MQTT_SK.o [7]
  .rodata            const       0x3'35bc      0x14  MQTT_SK.o [7]
  .rodata            const       0x3'35d0      0x14  MQTT_SK.o [7]
  .rodata            const       0x3'35e4      0x14  MQTT_SK.o [7]
  .rodata            const       0x3'35f8      0x14  MQTT_SK.o [7]
  .rodata            const       0x3'360c      0x14  MQTT_SK.o [7]
  .rodata            const       0x3'3620      0x10  4G_EC200U.o [1]
  .rodata            const       0x3'3630      0x10  4G_EC200U.o [1]
  .rodata            const       0x3'3640      0x10  4G_EC200U.o [1]
  .rodata            const       0x3'3650      0x10  4G_EC200U.o [1]
  .rodata            const       0x3'3660      0x10  4G_EC200U.o [1]
  .rodata            const       0x3'3670      0x10  4G_EC200U.o [1]
  .rodata            const       0x3'3680      0x10  4G_EC200U.o [1]
  .rodata            const       0x3'3690      0x10  4G_EC200U.o [1]
  .rodata            const       0x3'36a0      0x10  BT_TB05.o [2]
  .rodata            const       0x3'36b0      0x10  hc32f460_usart.o [20]
  .rodata            const       0x3'36c0      0x10  main.o [27]
  .rodata            const       0x3'36d0      0x10  ModbusRTU.o [10]
  .rodata            const       0x3'36e0      0x10  MQTT_SK.o [7]
  .rodata            const       0x3'36f0      0x10  MQTT_SK.o [7]
  .rodata            const       0x3'3700      0x10  MQTT_SK.o [7]
  .rodata            const       0x3'3710      0x10  MQTT_SK.o [7]
  .rodata            const       0x3'3720      0x10  MQTT_SK.o [7]
  .rodata            const       0x3'3730      0x10  MQTT_SK.o [7]
  .rodata            const       0x3'3740      0x10  MQTT_SK.o [7]
  .rodata            const       0x3'3750      0x10  MQTT_SK.o [7]
  .rodata            const       0x3'3760      0x10  MQTT_SK.o [7]
  .rodata            const       0x3'3770      0x10  MQTT_SK.o [7]
  .rodata            const       0x3'3780      0x10  MQTT_SK.o [7]
  .rodata            const       0x3'3790      0x10  MQTT_SK.o [7]
  .rodata            const       0x3'37a0      0x10  MQTT_SK.o [7]
  .rodata            const       0x3'37b0      0x10  MQTT_SK.o [7]
  .rodata            const       0x3'37c0      0x10  MQTT_SK.o [7]
  .rodata            const       0x3'37d0      0x10  MQTT_SK.o [7]
  .rodata            const       0x3'37e0      0x10  MQTT_SK.o [7]
  .rodata            const       0x3'37f0      0x10  MQTT_SK.o [7]
  .rodata            const       0x3'3800      0x10  MQTT_SK.o [7]
  .rodata            const       0x3'3810      0x10  MQTT_SK.o [7]
  .rodata            const       0x3'3820      0x10  MQTT_SK.o [7]
  .rodata            const       0x3'3830       0xc  4G_EC200U.o [1]
  .rodata            const       0x3'383c       0xc  4G_EC200U.o [1]
  .rodata            const       0x3'3848       0xc  4G_EC200U.o [1]
  .rodata            const       0x3'3854       0xc  4G_EC200U.o [1]
  .rodata            const       0x3'3860       0xc  4G_EC200U.o [1]
  .rodata            const       0x3'386c       0xc  4G_EC200U.o [1]
  .rodata            const       0x3'3878       0xc  4G_EC200U.o [1]
  .rodata            const       0x3'3884       0xc  4G_EC200U.o [1]
  .rodata            const       0x3'3890       0xc  4G_EC200U.o [1]
  .rodata            const       0x3'389c       0xc  4G_EC200U.o [1]
  .rodata            const       0x3'38a8       0xc  4G_EC200U.o [1]
  .rodata            const       0x3'38b4       0xc  4G_EC200U.o [1]
  .rodata            const       0x3'38c0       0xc  4G_EC200U.o [1]
  .rodata            const       0x3'38cc       0xc  4G_EC200U.o [1]
  .rodata            const       0x3'38d8       0xc  4G_EC200U.o [1]
  .rodata            const       0x3'38e4       0xc  4G_EC200U.o [1]
  .rodata            const       0x3'38f0       0xc  4G_EC200U.o [1]
  .rodata            const       0x3'38fc       0xc  BT_TB05.o [2]
  .rodata            const       0x3'3908       0xc  drv_LKT4202.o [4]
  .rodata            const       0x3'3914       0xc  drv_LKT4202.o [4]
  .rodata            const       0x3'3920       0xc  drv_USART.o [26]
  .rodata            const       0x3'392c       0xc  drv_USART.o [26]
  .rodata            const       0x3'3938       0xc  drv_USART.o [26]
  .rodata            const       0x3'3944       0xc  Mainloop.o [9]
  .rodata            const       0x3'3950       0xc  Mainloop.o [9]
  .rodata            const       0x3'395c       0xc  ModbusRTU.o [10]
  .rodata            const       0x3'3968       0xc  ModbusRTU.o [10]
  .rodata            const       0x3'3974       0xc  MQTT_SK.o [7]
  .rodata            const       0x3'3980       0xc  MQTT_SK.o [7]
  .rodata            const       0x3'398c       0xc  MQTT_SK.o [7]
  .rodata            const       0x3'3998       0xc  MQTT_SK.o [7]
  .rodata            const       0x3'39a4       0x8  4G_EC200U.o [1]
  .rodata            const       0x3'39ac       0x8  4G_EC200U.o [1]
  .rodata            const       0x3'39b4       0x8  4G_EC200U.o [1]
  .rodata            const       0x3'39bc       0x8  4G_EC200U.o [1]
  .rodata            const       0x3'39c4       0x8  4G_EC200U.o [1]
  .rodata            const       0x3'39cc       0x8  4G_EC200U.o [1]
  .rodata            const       0x3'39d4       0x8  4G_EC200U.o [1]
  .rodata            const       0x3'39dc       0x8  4G_EC200U.o [1]
  .rodata            const       0x3'39e4       0x8  4G_EC200U.o [1]
  .rodata            const       0x3'39ec       0x8  4G_EC200U.o [1]
  .rodata            const       0x3'39f4       0x8  4G_EC200U.o [1]
  .rodata            const       0x3'39fc       0x8  4G_EC200U.o [1]
  .rodata            const       0x3'3a04       0x8  4G_EC200U.o [1]
  .rodata            const       0x3'3a0c       0x8  4G_EC200U.o [1]
  .rodata            const       0x3'3a14       0x8  4G_EC200U.o [1]
  .rodata            const       0x3'3a1c       0x8  4G_EC200U.o [1]
  .rodata            const       0x3'3a24       0x8  4G_EC200U.o [1]
  .rodata            const       0x3'3a2c       0x8  Display.o [11]
  .rodata            const       0x3'3a34       0x8  drv_LKT4202.o [4]
  .rodata            const       0x3'3a3c       0x8  drv_LKT4202.o [4]
  .rodata            const       0x3'3a44       0x8  drv_SC7A20H.o [15]
  .rodata            const       0x3'3a4c       0x8  LC86L_BD.o [3]
  .rodata            const       0x3'3a54       0x8  LC86L_BD.o [3]
  .rodata            const       0x3'3a5c       0x8  main.o [27]
  .rodata            const       0x3'3a64       0x8  Mainloop.o [9]
  .rodata            const       0x3'3a6c       0x8  Mainloop.o [9]
  .rodata            const       0x3'3a74       0x8  MQTT_SK.o [7]
  .rodata            const       0x3'3a7c       0x8  MQTT_SK.o [7]
  .rodata            const       0x3'3a84       0x8  MQTT_SK.o [7]
  .rodata            const       0x3'3a8c       0x8  MQTT_SK.o [7]
  .rodata            const       0x3'3a94       0x4  drv_RTC.o [23]
  .text              ro code     0x3'3a98       0x4  startup_hc32f460.o [19]
  .text              ro code     0x3'3a9c       0x4  startup_hc32f460.o [19]
  .text              ro code     0x3'3aa0       0x4  startup_hc32f460.o [19]
  .text              ro code     0x3'3aa4       0x4  startup_hc32f460.o [19]
  .text              ro code     0x3'3aa8       0x4  startup_hc32f460.o [19]
  .text              ro code     0x3'3aac       0x4  startup_hc32f460.o [19]
  .text              ro code     0x3'3ab0       0x4  startup_hc32f460.o [19]
  .text              ro code     0x3'3ab4       0x4  startup_hc32f460.o [19]
  .text              ro code     0x3'3ab8       0x4  startup_hc32f460.o [19]
  .text              ro code     0x3'3abc       0x4  startup_hc32f460.o [19]
  .text              ro code     0x3'3ac0       0x4  startup_hc32f460.o [19]
  .text              ro code     0x3'3ac4       0x4  startup_hc32f460.o [19]
  .text              ro code     0x3'3ac8       0x4  startup_hc32f460.o [19]
  .text              ro code     0x3'3acc       0x4  startup_hc32f460.o [19]
  .text              ro code     0x3'3ad0       0x4  startup_hc32f460.o [19]
  .text              ro code     0x3'3ad4       0x4  startup_hc32f460.o [19]
  .rodata            const       0x3'3ad8       0x0  zero_init3.o [30]
  .rodata            const       0x3'3ad8       0x0  packbits_init.o [30]
  Initializer bytes  const       0x3'3ad8     0x131  <for P2 s0>
                               - 0x3'3c09  0x1'f989

"P2", part 1 of 3:                            0x307
  P2 s0                       0x2000'0000     0x307  <Init block>
    .data            inited   0x2000'0000     0x108  User_Data.o [17]
    .data            inited   0x2000'0108      0x8c  RXNTTL518.o [14]
    .data            inited   0x2000'0194      0x80  ModbusRTU_Device_BT.o [10]
    .data            inited   0x2000'0214      0x48  xlocale_c.o [28]
    .data            inited   0x2000'025c      0x38  xlocale_c.o [28]
    .data            inited   0x2000'0294      0x24  BT_TB05.o [2]
    .data            inited   0x2000'02b8      0x20  BT_TB05.o [2]
    .data            inited   0x2000'02d8      0x14  BT_TB05.o [2]
    .data            inited   0x2000'02ec       0x8  BT_TB05.o [2]
    .data            inited   0x2000'02f4       0x4  BT_TB05.o [2]
    .data            inited   0x2000'02f8       0x4  system_hc32f460.o [19]
    .data            inited   0x2000'02fc       0x4  system_hc32f460.o [19]
    .data            inited   0x2000'0300       0x1  drv_IIC.o [22]
    .data            inited   0x2000'0301       0x1  drv_IIC.o [22]
    .data            inited   0x2000'0302       0x1  drv_IIC.o [22]
    .data            inited   0x2000'0303       0x1  drv_IIC.o [22]
    .data            inited   0x2000'0304       0x1  hc32f460_pwc.o [20]
    .data            inited   0x2000'0305       0x1  ModbusRTU.o [10]
    .data            inited   0x2000'0306       0x1  ModbusRTU.o [10]
                            - 0x2000'0307     0x307

"P2", part 2 of 3:                           0x650c
  .bss               zero     0x2000'0308    0x4dc8  User_Data.o [17]
  .bss               zero     0x2000'50d0    0x1000  drv_Storage_W25Q128.o [16]
  .bss               zero     0x2000'60d0     0x400  User_Data.o [17]
  .bss               zero     0x2000'64d0     0x200  hc32f460_interrupts.o [20]
  .bss               zero     0x2000'66d0      0x2c  xttotm64.o [28]
  .bss               zero     0x2000'66fc      0x24  drv_ADC.o [21]
  .bss               zero     0x2000'6720      0x1c  User_Data.o [17]
  .bss               zero     0x2000'673c      0x14  drv_ADC.o [21]
  .bss               zero     0x2000'6750      0x14  hc32f460_pwc.o [20]
  .bss               zero     0x2000'6764      0x14  User_Data.o [17]
  .bss               zero     0x2000'6778      0x14  User_Data.o [17]
  .bss               zero     0x2000'678c       0x8  main.o [27]
  .bss               zero     0x2000'6794       0x4  4G_EC200U.o [1]
  .bss               zero     0x2000'6798       0x4  BT_TB05.o [2]
  .bss               zero     0x2000'679c       0x4  drv_RTC.o [23]
  .bss               zero     0x2000'67a0       0x4  drv_SC7A20H.o [15]
  .bss               zero     0x2000'67a4       0x4  drv_Storage_W25Q128.o [16]
  .bss               zero     0x2000'67a8       0x4  drv_Timer.o [25]
  .bss               zero     0x2000'67ac       0x4  drv_USART.o [26]
  .bss               zero     0x2000'67b0       0x4  hc32f460_exint_nmi_swi.o [20]
  .bss               zero     0x2000'67b4       0x4  LC86L_BD.o [3]
  .bss               zero     0x2000'67b8       0x4  Lora_TP1109.o [6]
  .bss               zero     0x2000'67bc       0x4  Magnetic_Bar.o [8]
  .bss               zero     0x2000'67c0       0x4  main.o [27]
  .bss               zero     0x2000'67c4       0x4  Mainloop.o [9]
  .bss               zero     0x2000'67c8       0x4  ModbusRTU.o [10]
  .bss               zero     0x2000'67cc       0x4  ModbusRTU_Device_BT.o [10]
  .bss               zero     0x2000'67d0       0x4  ModbusRTU_Device_BT.o [10]
  .bss               zero     0x2000'67d4       0x4  MQTT_SK.o [7]
  .bss               zero     0x2000'67d8       0x4  OLED.o [11]
  .bss               zero     0x2000'67dc       0x4  Photosensitive_XYC_ALS.o [12]
  .bss               zero     0x2000'67e0       0x4  RXNTTL518.o [14]
  .bss               zero     0x2000'67e4       0x4  strtok.o [28]
  .bss               zero     0x2000'67e8       0x4  xfail_s.o [28]
  .bss               zero     0x2000'67ec       0x2  BT_TB05.o [2]
  .bss               zero     0x2000'67ee       0x2  ModbusRTU_Device_BT.o [10]
  .bss               zero     0x2000'67f0       0x2  ModbusRTU_Device_BT.o [10]
  .bss               zero     0x2000'67f2       0x1  4G_EC200U.o [1]
  .bss               zero     0x2000'67f3       0x1  4G_EC200U.o [1]
  .bss               zero     0x2000'67f4       0x1  4G_EC200U.o [1]
  .bss               zero     0x2000'67f5       0x1  4G_EC200U.o [1]
  .bss               zero     0x2000'67f6       0x1  BT_TB05.o [2]
  .bss               zero     0x2000'67f7       0x1  drv_IIC.o [22]
  .bss               zero     0x2000'67f8       0x1  drv_Timer.o [25]
  .bss               zero     0x2000'67f9       0x1  drv_Timer.o [25]
  .bss               zero     0x2000'67fa       0x1  drv_Timer.o [25]
  .bss               zero     0x2000'67fb       0x1  drv_Timer.o [25]
  .bss               zero     0x2000'67fc       0x1  drv_Timer.o [25]
  .bss               zero     0x2000'67fd       0x1  drv_Timer.o [25]
  .bss               zero     0x2000'67fe       0x1  drv_Timer.o [25]
  .bss               zero     0x2000'67ff       0x1  drv_Timer.o [25]
  .bss               zero     0x2000'6800       0x1  drv_Timer.o [25]
  .bss               zero     0x2000'6801       0x1  hc32f460_dmac.o [20]
  .bss               zero     0x2000'6802       0x1  hc32f460_pwc.o [20]
  .bss               zero     0x2000'6803       0x1  hc32f460_pwc.o [20]
  .bss               zero     0x2000'6804       0x1  hc32f460_pwc.o [20]
  .bss               zero     0x2000'6805       0x1  hc32f460_pwc.o [20]
  .bss               zero     0x2000'6806       0x1  main.o [27]
  .bss               zero     0x2000'6807       0x1  Mainloop.o [9]
  .bss               zero     0x2000'6808       0x1  Mainloop.o [9]
  .bss               zero     0x2000'6809       0x1  Mainloop.o [9]
  .bss               zero     0x2000'680a       0x1  Mainloop.o [9]
  .bss               zero     0x2000'680b       0x1  ModbusRTU_Device_BT.o [10]
  .bss               zero     0x2000'680c       0x1  ModbusRTU_Device_BT.o [10]
  .bss               zero     0x2000'680d       0x1  ModbusRTU_Device_BT.o [10]
  .bss               zero     0x2000'680e       0x1  User_Data.o [17]
  .bss               zero     0x2000'680f       0x1  User_Data.o [17]
  .bss               zero     0x2000'6810       0x1  User_Data.o [17]
  .bss               zero     0x2000'6811       0x1  User_Data.o [17]
  .bss               zero     0x2000'6812       0x1  User_Data.o [17]
                            - 0x2000'6813    0x650b

"P2", part 3 of 3:                           0x2000
  CSTACK                      0x2000'6818    0x2000  <Block>
    CSTACK           uninit   0x2000'6818    0x2000  <Block tail>
                            - 0x2000'8818    0x2000

Unused ranges:

         From           To      Size
         ----           --      ----
     0x3'3c09     0x7'ffff  0x4'c3f7
   0x300'0c00   0x300'0ffb     0x3fc
  0x1fff'8000  0x1fff'ffff    0x8000
  0x2000'0307  0x2000'0307       0x1
  0x2000'6814  0x2000'6817       0x4
  0x2000'8818  0x2000'ffff    0x77e8
  0x2001'0000  0x2001'ffff  0x1'0000
  0x2002'0000  0x2002'6fff    0x7000
  0x200f'0000  0x200f'0fff    0x1000


*******************************************************************************
*** INIT TABLE
***

          Address      Size
          -------      ----
Zero (__iar_zero_init3)
    1 destination range, total size 0x650b:
          0x2000'0308  0x650b

Copy/packbits (__iar_packbits_init3)
    1 source range, total size 0x131 (39% of destination):
             0x3'3ad8   0x131
    1 destination range, total size 0x307:
          0x2000'0000   0x307



*******************************************************************************
*** MODULE SUMMARY
***

    Module                    ro code  ro data  rw data  ro data
                                                          (abs)
    ------                    -------  -------  -------  -------
command line/config:
    ------------------------------------------------------------
    Total:

D:\Myself\WorkProcess\SK\HC32F460_WorkProcess\example\Source\Pipe_Monitor\Pipe_Monitor_App\EWARM\output\debug\Obj\4G_EC200U_8582873453978518366.dir: [1]
    4G_EC200U.o                 7'284    1'548        8
    ------------------------------------------------------------
    Total:                      7'284    1'548        8

D:\Myself\WorkProcess\SK\HC32F460_WorkProcess\example\Source\Pipe_Monitor\Pipe_Monitor_App\EWARM\output\debug\Obj\BT_TB05_12041724360499981866.dir: [2]
    BT_TB05.o                     972       88      107
    ------------------------------------------------------------
    Total:                        972       88      107

D:\Myself\WorkProcess\SK\HC32F460_WorkProcess\example\Source\Pipe_Monitor\Pipe_Monitor_App\EWARM\output\debug\Obj\LC86L_BD_9822625824417385734.dir: [3]
    LC86L_BD.o                  1'360       16        4
    ------------------------------------------------------------
    Total:                      1'360       16        4

D:\Myself\WorkProcess\SK\HC32F460_WorkProcess\example\Source\Pipe_Monitor\Pipe_Monitor_App\EWARM\output\debug\Obj\LKT4202_1925765440156868983.dir: [4]
    drv_LKT4202.o               1'112      116
    ------------------------------------------------------------
    Total:                      1'112      116

D:\Myself\WorkProcess\SK\HC32F460_WorkProcess\example\Source\Pipe_Monitor\Pipe_Monitor_App\EWARM\output\debug\Obj\LoRa_RA02_5139138412578801246.dir: [5]
    ------------------------------------------------------------
    Total:

D:\Myself\WorkProcess\SK\HC32F460_WorkProcess\example\Source\Pipe_Monitor\Pipe_Monitor_App\EWARM\output\debug\Obj\Lora_TP1109_151720617378073083.dir: [6]
    Lora_TP1109.o                 408                 4
    ------------------------------------------------------------
    Total:                        408                 4

D:\Myself\WorkProcess\SK\HC32F460_WorkProcess\example\Source\Pipe_Monitor\Pipe_Monitor_App\EWARM\output\debug\Obj\MQTT_SK_4724149239023757000.dir: [7]
    MQTT_SK.o                   7'428    1'912        4
    ------------------------------------------------------------
    Total:                      7'428    1'912        4

D:\Myself\WorkProcess\SK\HC32F460_WorkProcess\example\Source\Pipe_Monitor\Pipe_Monitor_App\EWARM\output\debug\Obj\Magnetic_Bar_17520218520042908049.dir: [8]
    Magnetic_Bar.o                448                 4
    ------------------------------------------------------------
    Total:                        448                 4

D:\Myself\WorkProcess\SK\HC32F460_WorkProcess\example\Source\Pipe_Monitor\Pipe_Monitor_App\EWARM\output\debug\Obj\Mainloop_18272944273632151421.dir: [9]
    Mainloop.o                  3'920       60        8
    ------------------------------------------------------------
    Total:                      3'920       60        8

D:\Myself\WorkProcess\SK\HC32F460_WorkProcess\example\Source\Pipe_Monitor\Pipe_Monitor_App\EWARM\output\debug\Obj\ModbusRTU_17682219295068567368.dir: [10]
    ModbusRTU.o                 7'584    1'065        6
    ModbusRTU_Device_BT.o       5'404      531      143
    ------------------------------------------------------------
    Total:                     12'988    1'596      149

D:\Myself\WorkProcess\SK\HC32F460_WorkProcess\example\Source\Pipe_Monitor\Pipe_Monitor_App\EWARM\output\debug\Obj\OLED_13473777563621607307.dir: [11]
    Display.o                   5'624        8
    Font.o                               5'224
    OLED.o                      3'216                 4
    ------------------------------------------------------------
    Total:                      8'840    5'232        4

D:\Myself\WorkProcess\SK\HC32F460_WorkProcess\example\Source\Pipe_Monitor\Pipe_Monitor_App\EWARM\output\debug\Obj\Photosensitive_XYC_ALS_28064708180949255.dir: [12]
    Photosensitive_XYC_ALS.o      940                 4
    ------------------------------------------------------------
    Total:                        940                 4

D:\Myself\WorkProcess\SK\HC32F460_WorkProcess\example\Source\Pipe_Monitor\Pipe_Monitor_App\EWARM\output\debug\Obj\RF_NFC_10628150809568064830.dir: [13]
    RF_NFC.o                      102
    ------------------------------------------------------------
    Total:                        102

D:\Myself\WorkProcess\SK\HC32F460_WorkProcess\example\Source\Pipe_Monitor\Pipe_Monitor_App\EWARM\output\debug\Obj\RXNTTL518_17808510930951076202.dir: [14]
    RXNTTL518.o                   580      567      144
    ------------------------------------------------------------
    Total:                        580      567      144

D:\Myself\WorkProcess\SK\HC32F460_WorkProcess\example\Source\Pipe_Monitor\Pipe_Monitor_App\EWARM\output\debug\Obj\SC7A20H_13085057635104233901.dir: [15]
    drv_SC7A20H.o                 730        8        4
    ------------------------------------------------------------
    Total:                        730        8        4

D:\Myself\WorkProcess\SK\HC32F460_WorkProcess\example\Source\Pipe_Monitor\Pipe_Monitor_App\EWARM\output\debug\Obj\Storage_W25Q128_4738127093883701884.dir: [16]
    drv_Storage_W25Q128.o       3'712             4'100
    ------------------------------------------------------------
    Total:                      3'712             4'100

D:\Myself\WorkProcess\SK\HC32F460_WorkProcess\example\Source\Pipe_Monitor\Pipe_Monitor_App\EWARM\output\debug\Obj\User_Data_5391006662705040797.dir: [17]
    User_Data.o                   182      103   21'273
    ------------------------------------------------------------
    Total:                        182      103   21'273

D:\Myself\WorkProcess\SK\HC32F460_WorkProcess\example\Source\Pipe_Monitor\Pipe_Monitor_App\EWARM\output\debug\Obj\WatchDog_9188475617120297074.dir: [18]
    WatchDog.o                     76
    ------------------------------------------------------------
    Total:                         76

D:\Myself\WorkProcess\SK\HC32F460_WorkProcess\example\Source\Pipe_Monitor\Pipe_Monitor_App\EWARM\output\debug\Obj\common_14919461937644757070.dir: [19]
    startup_hc32f460.o            772
    system_hc32f460.o             272        3        8
    ------------------------------------------------------------
    Total:                      1'044        3        8

D:\Myself\WorkProcess\SK\HC32F460_WorkProcess\example\Source\Pipe_Monitor\Pipe_Monitor_App\EWARM\output\debug\Obj\driver_11944700488488147666.dir: [20]
    hc32f460_adc.o              1'400       72
    hc32f460_clk.o              3'936       72
    hc32f460_dmac.o             2'752       76        1
    hc32f460_efm.o                144       72
    hc32f460_exint_nmi_swi.o      380       84        4
    hc32f460_gpio.o             1'240       76
    hc32f460_i2c.o              2'720       72
    hc32f460_icg.o                                            32
    hc32f460_interrupts.o       2'880       80      512
    hc32f460_pwc.o              2'576       73       25
    hc32f460_rtc.o              2'212       72
    hc32f460_spi.o              1'972       72
    hc32f460_sram.o               392       76
    hc32f460_timer0.o           2'356       76
    hc32f460_timer4_cnt.o         872       80
    hc32f460_timer4_oco.o       2'512       80
    hc32f460_usart.o            2'632       92
    hc32f460_utility.o            110
    ------------------------------------------------------------
    Total:                     31'086    1'225      542       32

D:\Myself\WorkProcess\SK\HC32F460_WorkProcess\example\Source\Pipe_Monitor\Pipe_Monitor_App\EWARM\output\debug\Obj\drv_ADC_15186207816091091275.dir: [21]
    drv_ADC.o                   1'108                56
    ------------------------------------------------------------
    Total:                      1'108                56

D:\Myself\WorkProcess\SK\HC32F460_WorkProcess\example\Source\Pipe_Monitor\Pipe_Monitor_App\EWARM\output\debug\Obj\drv_IIC_18060258103304213159.dir: [22]
    drv_IIC.o                   2'344        1        5
    ------------------------------------------------------------
    Total:                      2'344        1        5

D:\Myself\WorkProcess\SK\HC32F460_WorkProcess\example\Source\Pipe_Monitor\Pipe_Monitor_App\EWARM\output\debug\Obj\drv_RTC_2577979922006117733.dir: [23]
    drv_RTC.o                   1'752       36        4
    ------------------------------------------------------------
    Total:                      1'752       36        4

D:\Myself\WorkProcess\SK\HC32F460_WorkProcess\example\Source\Pipe_Monitor\Pipe_Monitor_App\EWARM\output\debug\Obj\drv_SPI_4333388098947449637.dir: [24]
    drv_SPI.o                     220
    ------------------------------------------------------------
    Total:                        220

D:\Myself\WorkProcess\SK\HC32F460_WorkProcess\example\Source\Pipe_Monitor\Pipe_Monitor_App\EWARM\output\debug\Obj\drv_Timer_6973001687617930806.dir: [25]
    drv_Timer.o                 2'108                13
    ------------------------------------------------------------
    Total:                      2'108                13

D:\Myself\WorkProcess\SK\HC32F460_WorkProcess\example\Source\Pipe_Monitor\Pipe_Monitor_App\EWARM\output\debug\Obj\drv_USART_14144334009435087269.dir: [26]
    drv_USART.o                 4'812       36        4
    ------------------------------------------------------------
    Total:                      4'812       36        4

D:\Myself\WorkProcess\SK\HC32F460_WorkProcess\example\Source\Pipe_Monitor\Pipe_Monitor_App\EWARM\output\debug\Obj\source_5634686896477721948.dir: [27]
    main.o                      1'500       24       13
    ------------------------------------------------------------
    Total:                      1'500       24       13

dl7M_tlf.a: [28]
    abort.o                         6
    exit.o                          4
    iar_Stoflt.o                  440
    iar_Stollx.o                  166
    iar_Stopfx.o                  290
    iar_Stoullx.o                 434       80
    iar_Stoulx.o                  338       80
    iar_Stoxflt.o                 520
    isalpha.o                      20
    isspace.o                      20
    low_level_init.o                4
    mktime64.o                    224
    sprintf.o                      64
    sscanf.o                       40
    strcat.o                       30
    strcspn.o                      34
    strncmp.o                      42
    strspn.o                       34
    strstr.o                       44
    strtok.o                       76                 4
    tolower.o                      20
    xDaysTo64.o                   204
    xTzoff_nop.o                    4
    xfail_s.o                      64                 4
    xisdst_nop64.o                  6
    xlocale_c.o                    76       55      128
    xprintflarge_nomb.o         3'354
    xscanffull_nomb.o           3'452       76
    xsprout.o                      10
    xsscin.o                       30
    xttotm64.o                    348                44
    ------------------------------------------------------------
    Total:                     10'398      291      180

m7M_tls.a: [29]
    DblAddSub.o                   606
    DblCmpEq.o                     32
    DblCmpGe.o                     52
    DblCmpLe.o                     52
    DblDiv.o                      582
    DblMul.o                      426
    DblToFlt.o                    104
    DblToS32.o                     54
    DblToU32.o                     34
    FltToDbl.o                     72
    S32ToDbl.o                     34
    U32ToDbl.o                     28
    U64ToDbl.o                     70
    atan64.o                      188
    fpinit_M.o                     34
    frexp.o                       112
    iar_Atan64.o                  456       64
    iar_Exp64.o                   812
    ldexp.o                       314
    math_wrappers64.o              42
    pow64.o                     1'676    1'056
    sqrt.o                        258
    strto64.o                     866       72
    ------------------------------------------------------------
    Total:                      6'904    1'192

rt7M_tl.a: [30]
    ABImemcpy.o                   166
    ABImemset.o                   102
    I64DivMod.o                   628
    I64DivZer.o                     2
    cexit.o                        10
    cmain.o                        30
    cstartup_M.o                   28
    data_init.o                    40
    memchr.o                       88
    memcmp.o                      104
    packbits_init.o               162
    strchr.o                       22
    strcmp.o                       18
    strcpy.o                       24
    strlen.o                       54
    zero_init3.o                   56
    ------------------------------------------------------------
    Total:                      1'534

shb_l.a: [31]
    exit.o                         20
    ------------------------------------------------------------
    Total:                         20

    Gaps                           41        6
    Linker created                          44    8'192
----------------------------------------------------------------
    Grand Total:              115'953   14'104   34'834       32


*******************************************************************************
*** ENTRY LIST
***

Entry                       Address    Size  Type      Object
-----                       -------    ----  ----      ------
.iar.init_table$$Base      0x3'300c           --   Gb  - Linker created -
.iar.init_table$$Limit     0x3'3038           --   Gb  - Linker created -
?main                      0x3'30f9          Code  Gb  cmain.o [30]
ADC_AddAdcChannel          0x2'72dd    0xbe  Code  Gb  hc32f460_adc.o [20]
ADC_AddAvgChannel          0x2'740d    0x66  Code  Gb  hc32f460_adc.o [20]
ADC_ConfigAvg              0x2'73a5    0x64  Code  Gb  hc32f460_adc.o [20]
ADC_DeInit                 0x2'71dd   0x100  Code  Gb  hc32f460_adc.o [20]
ADC_GetChData              0x2'7569    0x98  Code  Gb  hc32f460_adc.o [20]
ADC_Init                   0x2'70c9   0x114  Code  Gb  hc32f460_adc.o [20]
ADC_PollingSa              0x2'7473    0xf6  Code  Gb  hc32f460_adc.o [20]
ADC_ReadAllData            0x2'7615    0x2c  Code  Lc  hc32f460_adc.o [20]
AdcChannelConfig           0x1'de51    0x70  Code  Lc  drv_ADC.o [21]
AdcClockConfig             0x1'dd81    0x78  Code  Lc  drv_ADC.o [21]
AdcInitConfig              0x1'ddf9    0x58  Code  Lc  drv_ADC.o [21]
AsyncDelay                 0x1'd0d1    0x76  Code  Lc  hc32f460_timer0.o [20]
BusFault_Handler           0x1'c605     0x8  Code  Gb  hc32f460_interrupts.o [20]
CLK_ClearFcmFlag           0x2'7035    0x5c  Code  Gb  hc32f460_clk.o [20]
CLK_FcmCmd                 0x2'6f8b    0x28  Code  Gb  hc32f460_clk.o [20]
CLK_FcmConfig              0x2'6cd9   0x2b2  Code  Gb  hc32f460_clk.o [20]
CLK_GetClockFreq           0x2'6a95   0x116  Code  Gb  hc32f460_clk.o [20]
CLK_GetFcmCounter          0x2'6fb3     0x8  Code  Gb  hc32f460_clk.o [20]
CLK_GetFcmFlag             0x2'6fcd    0x62  Code  Gb  hc32f460_clk.o [20]
CLK_GetFlagStatus          0x2'6c29    0x8a  Code  Gb  hc32f460_clk.o [20]
CLK_MpllCmd                0x2'654b    0xb0  Code  Gb  hc32f460_clk.o [20]
CLK_MpllConfig             0x2'63ef   0x15c  Code  Gb  hc32f460_clk.o [20]
CLK_SetPeriClkSource       0x2'6bb9    0x58  Code  Gb  hc32f460_clk.o [20]
CLK_SetPllSource           0x2'639f    0x50  Code  Gb  hc32f460_clk.o [20]
CLK_SetSysClkSource        0x2'67ed   0x104  Code  Gb  hc32f460_clk.o [20]
CLK_SysClkConfig           0x2'6905   0x188  Code  Gb  hc32f460_clk.o [20]
CLK_UpllCmd                0x2'6749    0xa4  Code  Gb  hc32f460_clk.o [20]
CLK_UpllConfig             0x2'65fb   0x14e  Code  Gb  hc32f460_clk.o [20]
CLK_Xtal32Cmd              0x2'6307    0x98  Code  Gb  hc32f460_clk.o [20]
CLK_Xtal32Config           0x2'62b7    0x50  Code  Gb  hc32f460_clk.o [20]
CLK_XtalCmd                0x2'61c3    0xf4  Code  Gb  hc32f460_clk.o [20]
CLK_XtalConfig             0x2'6169    0x5a  Code  Gb  hc32f460_clk.o [20]
CSTACK$$Base            0x2000'6818           --   Gb  - Linker created -
CSTACK$$Limit           0x2000'8818           --   Gb  - Linker created -
Clock_MeasureConfig        0x2'1be1    0xcc  Code  Lc  drv_RTC.o [23]
Crc16                      0x1'42c1    0x38  Code  Gb  ModbusRTU.o [10]
DMA_ChannelCfg             0x1'b635   0x2ce  Code  Gb  hc32f460_dmac.o [20]
DMA_ChannelCmd             0x1'b1a1   0x252  Code  Gb  hc32f460_dmac.o [20]
DMA_ClearIrqFlag           0x1'b0a7    0xfa  Code  Gb  hc32f460_dmac.o [20]
DMA_Cmd                    0x1'b059    0x4e  Code  Gb  hc32f460_dmac.o [20]
DMA_GetTransferCnt         0x1'b569    0x60  Code  Gb  hc32f460_dmac.o [20]
DMA_InitChannel            0x1'b903   0x202  Code  Gb  hc32f460_dmac.o [20]
DMA_SetDesAddress          0x1'b401    0xa0  Code  Gb  hc32f460_dmac.o [20]
DMA_SetTransferCnt         0x1'b4a1    0xc8  Code  Gb  hc32f460_dmac.o [20]
DMA_SetTriggerSrc          0x1'b5d9    0x56  Code  Gb  hc32f460_dmac.o [20]
Ddl_AssertHandler          0x1'8ef1     0x2  Code  Wk  hc32f460_utility.o [20]
Ddl_Delay1ms               0x1'7565    0x28  Code  Gb  hc32f460_utility.o [20]
Ddl_Delay1us               0x1'758d    0x38  Code  Gb  hc32f460_utility.o [20]
DebugMon_Handler           0x1'c61d     0x8  Code  Gb  hc32f460_interrupts.o [20]
Dma1Btc0IrqCallback        0x1'7669    0x1c  Code  Lc  drv_USART.o [26]
Dma1Btc1IrqCallback        0x1'7685    0x1c  Code  Lc  drv_USART.o [26]
Dma1Btc2IrqCallback        0x1'76a1    0x1c  Code  Lc  drv_USART.o [26]
Dma1Btc3IrqCallback        0x1'76bd    0x1c  Code  Lc  drv_USART.o [26]
Dma1Init                   0x1'76d9   0x200  Code  Lc  drv_USART.o [26]
DmaChEnState            0x2000'6801     0x1  Data  Lc  hc32f460_dmac.o [20]
Dtentox                    0x2'd859   0x1d8  Code  Lc  strto64.o [29]
EC200U_4G_Module_Configuration_Init
                           0x1'ff05   0xa24  Code  Gb  4G_EC200U.o [1]
EC200U_4G_Module_Configuration_Init::ucRetryCnt
                        0x2000'67f3     0x1  Data  Lc  4G_EC200U.o [1]
EC200U_4G_Module_GPIO_Init
                           0x1'ef11    0x58  Code  Gb  4G_EC200U.o [1]
EFM_Lock                   0x2'fe7b    0x14  Code  Gb  hc32f460_efm.o [20]
EFM_SetLatency             0x2'fe8f    0x5c  Code  Gb  hc32f460_efm.o [20]
EFM_Unlock                 0x2'fe69    0x12  Code  Gb  hc32f460_efm.o [20]
EPSINON                    0x3'3a94     0x4  Data  Lc  drv_RTC.o [23]
EXINT_Init                 0x2'4ab1    0xa0  Code  Gb  hc32f460_exint_nmi_swi.o [20]
EXINT_IrqFlgClr            0x2'4beb    0x12  Code  Gb  hc32f460_exint_nmi_swi.o [20]
EXINT_IrqFlgGet            0x2'4b51    0x9a  Code  Gb  hc32f460_exint_nmi_swi.o [20]
ExtInt01_Callback          0x2'133d    0xa6  Code  Gb  Photosensitive_XYC_ALS.o [12]
ExtInt07_Callback          0x3'035d    0x78  Code  Gb  Magnetic_Bar.o [8]
ExtInt13_Callback          0x3'01c5    0x12  Code  Gb  Lora_TP1109.o [6]
Float_reg_rw_mode          0x1'4535    0x94  Code  Gb  ModbusRTU.o [10]
GetSystemPara              0x1'6021     0x4  Code  Gb  User_Data.o [17]
HRC_VALUE               0x2000'02f8     0x4  Data  Gb  system_hc32f460.o [19]
HardFault_Handler          0x1'c5f5     0x8  Code  Gb  hc32f460_interrupts.o [20]
I2C_AckConfig              0x2'c78d    0x56  Code  Gb  hc32f460_i2c.o [20]
I2C_BaudrateConfig         0x2'c1d5   0x228  Code  Gb  hc32f460_i2c.o [20]
I2C_BusWaitCmd             0x2'c57b    0x6a  Code  Gb  hc32f460_i2c.o [20]
I2C_ClearStatus            0x2'c691    0x36  Code  Gb  hc32f460_i2c.o [20]
I2C_Cmd                    0x2'c525    0x56  Code  Gb  hc32f460_i2c.o [20]
I2C_DeInit                 0x2'c3fd    0x40  Code  Gb  hc32f460_i2c.o [20]
I2C_GenerateReStart        0x2'c12f    0x52  Code  Gb  hc32f460_i2c.o [20]
I2C_GenerateStart          0x2'c0dd    0x52  Code  Gb  hc32f460_i2c.o [20]
I2C_GenerateStop           0x2'c181    0x52  Code  Gb  hc32f460_i2c.o [20]
I2C_GetStatus              0x2'c5e5    0xa0  Code  Gb  hc32f460_i2c.o [20]
I2C_Init                   0x2'c445    0xd6  Code  Gb  hc32f460_i2c.o [20]
I2C_MasterDataReceiveAndStop
                           0x2'c9f9    0xd4  Code  Gb  hc32f460_i2c.o [20]
I2C_ReadData               0x2'c755    0x2e  Code  Gb  hc32f460_i2c.o [20]
I2C_Restart                0x2'c843    0x4c  Code  Gb  hc32f460_i2c.o [20]
I2C_SoftwareResetCmd       0x2'c6c7    0x56  Code  Gb  hc32f460_i2c.o [20]
I2C_Start                  0x2'c7e3    0x60  Code  Gb  hc32f460_i2c.o [20]
I2C_Stop                   0x2'cacd    0x56  Code  Gb  hc32f460_i2c.o [20]
I2C_TransAddr              0x2'c88f    0xcc  Code  Gb  hc32f460_i2c.o [20]
I2C_TransData              0x2'c95b    0x9e  Code  Gb  hc32f460_i2c.o [20]
I2C_WaitStatus             0x2'c09d    0x40  Code  Gb  hc32f460_i2c.o [20]
I2C_WriteData              0x2'c71d    0x30  Code  Gb  hc32f460_i2c.o [20]
I2C_XYC_ALS_Master_Receive
                           0x2'7fc1    0xd4  Code  Gb  drv_IIC.o [22]
I2C_XYC_ALS_Master_Transmit
                           0x2'7f3d    0x78  Code  Gb  drv_IIC.o [22]
IRQ000_Handler             0x1'c635    0x12  Code  Gb  hc32f460_interrupts.o [20]
IRQ001_Handler             0x1'c647    0x12  Code  Gb  hc32f460_interrupts.o [20]
IRQ002_Handler             0x1'c659    0x12  Code  Gb  hc32f460_interrupts.o [20]
IRQ003_Handler             0x1'c66b    0x12  Code  Gb  hc32f460_interrupts.o [20]
IRQ004_Handler             0x1'c67d    0x12  Code  Gb  hc32f460_interrupts.o [20]
IRQ005_Handler             0x1'c68f    0x12  Code  Gb  hc32f460_interrupts.o [20]
IRQ006_Handler             0x1'c6a1    0x12  Code  Gb  hc32f460_interrupts.o [20]
IRQ007_Handler             0x1'c6b3    0x12  Code  Gb  hc32f460_interrupts.o [20]
IRQ008_Handler             0x1'c6c5    0x12  Code  Gb  hc32f460_interrupts.o [20]
IRQ009_Handler             0x1'c6d7    0x12  Code  Gb  hc32f460_interrupts.o [20]
IRQ010_Handler             0x1'c6e9    0x12  Code  Gb  hc32f460_interrupts.o [20]
IRQ011_Handler             0x1'c6fb    0x12  Code  Gb  hc32f460_interrupts.o [20]
IRQ012_Handler             0x1'c70d    0x12  Code  Gb  hc32f460_interrupts.o [20]
IRQ013_Handler             0x1'c71f    0x12  Code  Gb  hc32f460_interrupts.o [20]
IRQ014_Handler             0x1'c731    0x12  Code  Gb  hc32f460_interrupts.o [20]
IRQ015_Handler             0x1'c743    0x12  Code  Gb  hc32f460_interrupts.o [20]
IRQ016_Handler             0x1'c755    0x12  Code  Gb  hc32f460_interrupts.o [20]
IRQ017_Handler             0x1'c767    0x12  Code  Gb  hc32f460_interrupts.o [20]
IRQ018_Handler             0x1'c779    0x12  Code  Gb  hc32f460_interrupts.o [20]
IRQ019_Handler             0x1'c78b    0x12  Code  Gb  hc32f460_interrupts.o [20]
IRQ020_Handler             0x1'c79d    0x12  Code  Gb  hc32f460_interrupts.o [20]
IRQ021_Handler             0x1'c7af    0x12  Code  Gb  hc32f460_interrupts.o [20]
IRQ022_Handler             0x1'c7c1    0x12  Code  Gb  hc32f460_interrupts.o [20]
IRQ023_Handler             0x1'c7d3    0x12  Code  Gb  hc32f460_interrupts.o [20]
IRQ024_Handler             0x1'c7e5    0x12  Code  Gb  hc32f460_interrupts.o [20]
IRQ025_Handler             0x1'c7f7    0x12  Code  Gb  hc32f460_interrupts.o [20]
IRQ026_Handler             0x1'c809    0x12  Code  Gb  hc32f460_interrupts.o [20]
IRQ027_Handler             0x1'c81b    0x12  Code  Gb  hc32f460_interrupts.o [20]
IRQ028_Handler             0x1'c82d    0x12  Code  Gb  hc32f460_interrupts.o [20]
IRQ029_Handler             0x1'c83f    0x12  Code  Gb  hc32f460_interrupts.o [20]
IRQ030_Handler             0x1'c851    0x12  Code  Gb  hc32f460_interrupts.o [20]
IRQ031_Handler             0x1'c863    0x12  Code  Gb  hc32f460_interrupts.o [20]
IRQ032_Handler             0x1'c875    0x16  Code  Gb  hc32f460_interrupts.o [20]
IRQ033_Handler             0x1'c88b    0x16  Code  Gb  hc32f460_interrupts.o [20]
IRQ034_Handler             0x1'c8a1    0x16  Code  Gb  hc32f460_interrupts.o [20]
IRQ035_Handler             0x1'c8b7    0x16  Code  Gb  hc32f460_interrupts.o [20]
IRQ036_Handler             0x1'c8cd    0x16  Code  Gb  hc32f460_interrupts.o [20]
IRQ037_Handler             0x1'c8e3    0x16  Code  Gb  hc32f460_interrupts.o [20]
IRQ038_Handler             0x1'c8f9    0x16  Code  Gb  hc32f460_interrupts.o [20]
IRQ039_Handler             0x1'c90f    0x16  Code  Gb  hc32f460_interrupts.o [20]
IRQ040_Handler             0x1'c925    0x16  Code  Gb  hc32f460_interrupts.o [20]
IRQ041_Handler             0x1'c93b    0x16  Code  Gb  hc32f460_interrupts.o [20]
IRQ042_Handler             0x1'c951    0x16  Code  Gb  hc32f460_interrupts.o [20]
IRQ043_Handler             0x1'c967    0x16  Code  Gb  hc32f460_interrupts.o [20]
IRQ044_Handler             0x1'c97d    0x16  Code  Gb  hc32f460_interrupts.o [20]
IRQ045_Handler             0x1'c993    0x16  Code  Gb  hc32f460_interrupts.o [20]
IRQ046_Handler             0x1'c9a9    0x16  Code  Gb  hc32f460_interrupts.o [20]
IRQ047_Handler             0x1'c9bf    0x16  Code  Gb  hc32f460_interrupts.o [20]
IRQ048_Handler             0x1'c9d5    0x16  Code  Gb  hc32f460_interrupts.o [20]
IRQ049_Handler             0x1'c9eb    0x16  Code  Gb  hc32f460_interrupts.o [20]
IRQ050_Handler             0x1'ca01    0x16  Code  Gb  hc32f460_interrupts.o [20]
IRQ051_Handler             0x1'ca17    0x16  Code  Gb  hc32f460_interrupts.o [20]
IRQ052_Handler             0x1'ca2d    0x16  Code  Gb  hc32f460_interrupts.o [20]
IRQ053_Handler             0x1'ca43    0x16  Code  Gb  hc32f460_interrupts.o [20]
IRQ054_Handler             0x1'ca59    0x16  Code  Gb  hc32f460_interrupts.o [20]
IRQ055_Handler             0x1'ca6f    0x16  Code  Gb  hc32f460_interrupts.o [20]
IRQ056_Handler             0x1'ca85    0x16  Code  Gb  hc32f460_interrupts.o [20]
IRQ057_Handler             0x1'ca9b    0x16  Code  Gb  hc32f460_interrupts.o [20]
IRQ058_Handler             0x1'cab1    0x16  Code  Gb  hc32f460_interrupts.o [20]
IRQ059_Handler             0x1'cac7    0x16  Code  Gb  hc32f460_interrupts.o [20]
IRQ060_Handler             0x1'cadd    0x16  Code  Gb  hc32f460_interrupts.o [20]
IRQ061_Handler             0x1'caf3    0x16  Code  Gb  hc32f460_interrupts.o [20]
IRQ062_Handler             0x1'cb09    0x16  Code  Gb  hc32f460_interrupts.o [20]
IRQ063_Handler             0x1'cb1f    0x16  Code  Gb  hc32f460_interrupts.o [20]
IRQ064_Handler             0x1'cb35    0x16  Code  Gb  hc32f460_interrupts.o [20]
IRQ065_Handler             0x1'cb4b    0x16  Code  Gb  hc32f460_interrupts.o [20]
IRQ066_Handler             0x1'cb61    0x16  Code  Gb  hc32f460_interrupts.o [20]
IRQ067_Handler             0x1'cb77    0x16  Code  Gb  hc32f460_interrupts.o [20]
IRQ068_Handler             0x1'cb8d    0x16  Code  Gb  hc32f460_interrupts.o [20]
IRQ069_Handler             0x1'cba3    0x16  Code  Gb  hc32f460_interrupts.o [20]
IRQ070_Handler             0x1'cbb9    0x16  Code  Gb  hc32f460_interrupts.o [20]
IRQ071_Handler             0x1'cbcf    0x16  Code  Gb  hc32f460_interrupts.o [20]
IRQ072_Handler             0x1'cbe5    0x16  Code  Gb  hc32f460_interrupts.o [20]
IRQ073_Handler             0x1'cbfb    0x16  Code  Gb  hc32f460_interrupts.o [20]
IRQ074_Handler             0x1'cc11    0x16  Code  Gb  hc32f460_interrupts.o [20]
IRQ075_Handler             0x1'cc27    0x16  Code  Gb  hc32f460_interrupts.o [20]
IRQ076_Handler             0x1'cc3d    0x16  Code  Gb  hc32f460_interrupts.o [20]
IRQ077_Handler             0x1'cc53    0x16  Code  Gb  hc32f460_interrupts.o [20]
IRQ078_Handler             0x1'cc69    0x14  Code  Gb  hc32f460_interrupts.o [20]
IRQ079_Handler             0x1'cc7d    0x14  Code  Gb  hc32f460_interrupts.o [20]
IRQ080_Handler             0x1'cc91    0x14  Code  Gb  hc32f460_interrupts.o [20]
IRQ081_Handler             0x1'cca5    0x14  Code  Gb  hc32f460_interrupts.o [20]
IRQ082_Handler             0x1'ccb9    0x14  Code  Gb  hc32f460_interrupts.o [20]
IRQ083_Handler             0x1'cccd    0x14  Code  Gb  hc32f460_interrupts.o [20]
IRQ084_Handler             0x1'cce1    0x14  Code  Gb  hc32f460_interrupts.o [20]
IRQ085_Handler             0x1'ccf5    0x14  Code  Gb  hc32f460_interrupts.o [20]
IRQ086_Handler             0x1'cd09    0x14  Code  Gb  hc32f460_interrupts.o [20]
IRQ087_Handler             0x1'cd1d    0x14  Code  Gb  hc32f460_interrupts.o [20]
IRQ088_Handler             0x1'cd31    0x14  Code  Gb  hc32f460_interrupts.o [20]
IRQ089_Handler             0x1'cd45    0x14  Code  Gb  hc32f460_interrupts.o [20]
IRQ090_Handler             0x1'cd59    0x14  Code  Gb  hc32f460_interrupts.o [20]
IRQ091_Handler             0x1'cd6d    0x14  Code  Gb  hc32f460_interrupts.o [20]
IRQ092_Handler             0x1'cd81    0x14  Code  Gb  hc32f460_interrupts.o [20]
IRQ093_Handler             0x1'cd95    0x14  Code  Gb  hc32f460_interrupts.o [20]
IRQ094_Handler             0x1'cda9    0x14  Code  Gb  hc32f460_interrupts.o [20]
IRQ095_Handler             0x1'cdbd    0x14  Code  Gb  hc32f460_interrupts.o [20]
IRQ096_Handler             0x1'cdd1    0x14  Code  Gb  hc32f460_interrupts.o [20]
IRQ097_Handler             0x1'cde5    0x14  Code  Gb  hc32f460_interrupts.o [20]
IRQ098_Handler             0x1'cdf9    0x14  Code  Gb  hc32f460_interrupts.o [20]
IRQ099_Handler             0x1'ce0d    0x14  Code  Gb  hc32f460_interrupts.o [20]
IRQ100_Handler             0x1'ce21    0x14  Code  Gb  hc32f460_interrupts.o [20]
IRQ101_Handler             0x1'ce35    0x14  Code  Gb  hc32f460_interrupts.o [20]
IRQ102_Handler             0x1'ce49    0x14  Code  Gb  hc32f460_interrupts.o [20]
IRQ103_Handler             0x1'ce5d    0x14  Code  Gb  hc32f460_interrupts.o [20]
IRQ104_Handler             0x1'ce71    0x14  Code  Gb  hc32f460_interrupts.o [20]
IRQ105_Handler             0x1'ce85    0x14  Code  Gb  hc32f460_interrupts.o [20]
IRQ106_Handler             0x1'ce99    0x14  Code  Gb  hc32f460_interrupts.o [20]
IRQ107_Handler             0x1'cead    0x14  Code  Gb  hc32f460_interrupts.o [20]
IRQ108_Handler             0x1'cec9    0x14  Code  Gb  hc32f460_interrupts.o [20]
IRQ109_Handler             0x1'cedd    0x14  Code  Gb  hc32f460_interrupts.o [20]
IRQ110_Handler             0x1'cef1    0x14  Code  Gb  hc32f460_interrupts.o [20]
IRQ111_Handler             0x1'cf09    0x14  Code  Gb  hc32f460_interrupts.o [20]
IRQ112_Handler             0x1'cf1d    0x14  Code  Gb  hc32f460_interrupts.o [20]
IRQ113_Handler             0x1'cf35    0x14  Code  Gb  hc32f460_interrupts.o [20]
IRQ114_Handler             0x1'cf49    0x14  Code  Gb  hc32f460_interrupts.o [20]
IRQ115_Handler             0x1'cf5d    0x14  Code  Gb  hc32f460_interrupts.o [20]
IRQ116_Handler             0x1'cf71    0x14  Code  Gb  hc32f460_interrupts.o [20]
IRQ117_Handler             0x1'cf85    0x14  Code  Gb  hc32f460_interrupts.o [20]
IRQ118_Handler             0x1'cf99    0x14  Code  Gb  hc32f460_interrupts.o [20]
IRQ119_Handler             0x1'cfad    0x14  Code  Gb  hc32f460_interrupts.o [20]
IRQ120_Handler             0x1'cfc1    0x14  Code  Gb  hc32f460_interrupts.o [20]
IRQ121_Handler             0x1'cfd9    0x14  Code  Gb  hc32f460_interrupts.o [20]
IRQ122_Handler             0x1'cfed    0x14  Code  Gb  hc32f460_interrupts.o [20]
IRQ123_Handler             0x1'd001    0x14  Code  Gb  hc32f460_interrupts.o [20]
IRQ124_Handler             0x1'd015    0x14  Code  Gb  hc32f460_interrupts.o [20]
IRQ125_Handler             0x1'd029    0x14  Code  Gb  hc32f460_interrupts.o [20]
IRQ126_Handler             0x1'd03d    0x14  Code  Gb  hc32f460_interrupts.o [20]
IRQ127_Handler             0x1'd051    0x14  Code  Gb  hc32f460_interrupts.o [20]
IRQ128_Handler             0x3'3a99          Code  Wk  startup_hc32f460.o [19]
IRQ129_Handler             0x3'3a9d          Code  Wk  startup_hc32f460.o [19]
IRQ130_Handler             0x3'3aa1          Code  Wk  startup_hc32f460.o [19]
IRQ131_Handler             0x3'3aa5          Code  Wk  startup_hc32f460.o [19]
IRQ132_Handler             0x3'3aa9          Code  Wk  startup_hc32f460.o [19]
IRQ133_Handler             0x3'3aad          Code  Wk  startup_hc32f460.o [19]
IRQ134_Handler             0x3'3ab1          Code  Wk  startup_hc32f460.o [19]
IRQ135_Handler             0x3'3ab5          Code  Wk  startup_hc32f460.o [19]
IRQ136_Handler             0x3'3ab9          Code  Wk  startup_hc32f460.o [19]
IRQ137_Handler             0x3'3abd          Code  Wk  startup_hc32f460.o [19]
IRQ138_Handler             0x3'3ac1          Code  Wk  startup_hc32f460.o [19]
IRQ139_Handler             0x3'3ac5          Code  Wk  startup_hc32f460.o [19]
IRQ140_Handler             0x3'3ac9          Code  Wk  startup_hc32f460.o [19]
IRQ141_Handler             0x3'3acd          Code  Wk  startup_hc32f460.o [19]
IRQ142_Handler             0x3'3ad1          Code  Wk  startup_hc32f460.o [19]
IRQ143_Handler             0x3'3ad5          Code  Wk  startup_hc32f460.o [19]
IrqHandler              0x2000'64d0   0x200  Data  Gb  hc32f460_interrupts.o [20]
MQTT_SK_Data_Pass_Through
                           0x2'4651     0x4  Code  Gb  MQTT_SK.o [7]
MQTT_SK_Get_Config         0x2'4155   0x138  Code  Gb  MQTT_SK.o [7]
MQTT_SK_Get_Data           0x2'42c1   0x390  Code  Gb  MQTT_SK.o [7]
MQTT_SK_Set_Config         0x2'2b95   0xf38  Code  Gb  MQTT_SK.o [7]
MQTT_Send_SetConfig_Result
                           0x2'2a8d    0xf6  Code  Gb  MQTT_SK.o [7]
MemManage_Handler          0x1'c5fd     0x8  Code  Gb  hc32f460_interrupts.o [20]
Modbus_Data_Reg_Unit       0x3'1ff8   0x1e0  Data  Lc  ModbusRTU_Device_BT.o [10]
NMEA_Comma_Pos             0x2'0d85    0x36  Code  Gb  LC86L_BD.o [3]
NMEA_GPRMC_Analysis        0x2'0f0d   0x31c  Code  Gb  LC86L_BD.o [3]
NMEA_Pow                   0x2'0dbb    0x18  Code  Gb  LC86L_BD.o [3]
NMEA_Str2num               0x2'0dd3   0x138  Code  Gb  LC86L_BD.o [3]
NMI_Handler                0x1'c5ed     0x8  Code  Gb  hc32f460_interrupts.o [20]
NMI_IrqHandler             0x2'4bfd    0x1a  Code  Gb  hc32f460_exint_nmi_swi.o [20]
NVIC_ISER_BAK           0x2000'6750    0x14  Data  Gb  hc32f460_pwc.o [20]
OLED_Write_CMD             0x1'e1d5    0x54  Code  Gb  OLED.o [11]
[...]
enIrqRegistration          0x1'c529    0xa6  Code  Gb  hc32f460_interrupts.o [20]
exit                       0x3'311b     0x4  Code  Gb  exit.o [28]
func_4G_Connect_Server_Dispose
                           0x1'a0ed   0x1aa  Code  Gb  Mainloop.o [9]
func_4G_Connect_Server_Dispose::ucRetryCnt
                        0x2000'680a     0x1  Data  Lc  Mainloop.o [9]
func_ADC_DeInit            0x1'ded3    0x20  Code  Gb  drv_ADC.o [21]
func_Array_Find_Str        0x1'606b    0x6c  Code  Gb  User_Data.o [17]
func_BD_Data_Dispose       0x1'9fb5   0x132  Code  Gb  Mainloop.o [9]
func_BD_PowerUp_Init       0x2'1259    0x3a  Code  Gb  LC86L_BD.o [3]
func_BD_PownDown_Deinit
                           0x2'1293    0x42  Code  Gb  LC86L_BD.o [3]
func_BT05_PowerDown_DeInit
                           0x1'dbed    0x38  Code  Gb  BT_TB05.o [2]
func_BT05_PowerUp_Init     0x1'db0b    0xe2  Code  Gb  BT_TB05.o [2]
func_BT_Dispose            0x1'dc25   0x118  Code  Gb  BT_TB05.o [2]
func_BT_Dispose::usSendMaxNum
                        0x2000'67ec     0x2  Data  Lc  BT_TB05.o [2]
func_BY_BlackLight_Camera_Test_CMD
                           0x1'58b5    0x9a  Code  Gb  ModbusRTU.o [10]
func_BlackLight_Sensor_Dispose
                           0x1'5e1f   0x1ea  Code  Gb  ModbusRTU.o [10]
func_BlackLight_Sensor_Dispose::enCameraType
                        0x2000'0305     0x1  Data  Lc  ModbusRTU.o [10]
func_BlackLight_Sensor_Dispose::enMoveType
                        0x2000'0306     0x1  Data  Lc  ModbusRTU.o [10]
func_Board_Power_And_Control_GPIO_Init
                           0x2'f951   0x154  Code  Gb  main.o [27]
func_Connect_Server_Status_View_Show
                           0x2'b13d    0x78  Code  Gb  Display.o [11]
func_DateTime_Battery_Status_View_Show
                           0x2'aca1   0x22c  Code  Gb  Display.o [11]
func_DeviceStart_Sensor_PowerUp_Dispose
                           0x1'99b5    0x26  Code  Gb  Mainloop.o [9]
func_Device_ID_PD_View_Show
                           0x2'b98d    0xe2  Code  Gb  Display.o [11]
func_Device_Parameter_Init
                           0x1'74c9    0x80  Code  Gb  drv_Storage_W25Q128.o [16]
func_Device_SW_HW_View_Show
                           0x2'ba75    0xaa  Code  Gb  Display.o [11]
func_Device_Status_View_Show
                           0x2'aecd   0x1e2  Code  Gb  Display.o [11]
func_Display_128x64        0x1'e617    0x88  Code  Gb  OLED.o [11]
func_EC200U_4G_PownDown_Deinit
                           0x1'eecd    0x44  Code  Gb  4G_EC200U.o [1]
func_Enter_LowPower_Stop_Mode
                           0x1'96fb    0xc2  Code  Gb  Mainloop.o [9]
func_GPSData_View_Show     0x2'b869   0x11a  Code  Gb  Display.o [11]
func_Get_DataUploadCMD_Data
                           0x1'f2e7   0x6b8  Code  Gb  4G_EC200U.o [1]
func_Get_DevRegCMD_Data
                           0x1'ef69   0x37e  Code  Gb  4G_EC200U.o [1]
func_Get_DevStatusCMD_Data
                           0x1'fb31   0x350  Code  Gb  4G_EC200U.o [1]
func_Get_DevStatusData     0x1'f9a5   0x162  Code  Gb  4G_EC200U.o [1]
func_Get_Device_MeasData_Record
                           0x1'744f    0x1a  Code  Gb  drv_Storage_W25Q128.o [16]
func_Get_Device_Sensors_Value
                           0x1'99dd   0x1c6  Code  Gb  Mainloop.o [9]
func_Get_Device_Sensors_Value::ucChangeCnt
                        0x2000'6808     0x1  Data  Lc  Mainloop.o [9]
func_Get_Device_Sensors_Value::ucRetryCnt
                        0x2000'6807     0x1  Data  Lc  Mainloop.o [9]
func_Get_GetConfigResult_CMD
                           0x2'3b21   0x622  Code  Gb  MQTT_SK.o [7]
func_Get_MBCRC16           0x1'4281    0x40  Code  Gb  ModbusRTU.o [10]
func_Get_Meas_BY_Integrated_Conductivity_Sensor_Value
                           0x1'47c3   0x180  Code  Gb  ModbusRTU.o [10]
func_Get_Meas_BY_Pressure_Level_Sensor_Value
                           0x1'4a9b   0x110  Code  Gb  ModbusRTU.o [10]
func_Get_Meas_BY_Radar_Level_Sensor_Value
                           0x1'4945   0x156  Code  Gb  ModbusRTU.o [10]
func_Get_Meas_HX_Flow_Sensor_Value
                           0x1'546b   0x19c  Code  Gb  ModbusRTU.o [10]
func_Get_Meas_HX_Radar_Ultrasonic_Flow_Sensor_Value
                           0x1'5269   0x202  Code  Gb  ModbusRTU.o [10]
func_Get_Meas_HX_WaterQuality_COD_Sensor_Value
                           0x1'560d   0x1ea  Code  Gb  ModbusRTU.o [10]
func_Get_Meas_HZ_Radar_Level_Sensor_Value
                           0x1'5045   0x216  Code  Gb  ModbusRTU.o [10]
func_Get_Meas_HZ_Radar_Ultrasonic_Flow_Sensor_Value
                           0x1'4bc1   0x480  Code  Gb  ModbusRTU.o [10]
func_Get_Photo_Data        0x1'5a33   0x11a  Code  Gb  ModbusRTU.o [10]
func_Get_Server_MQTT_Dispose
                           0x1'a29d    0x9a  Code  Gb  Mainloop.o [9]
func_Get_SetConfigResult_CMD
                           0x2'2a29    0x62  Code  Gb  MQTT_SK.o [7]
func_LowPower_Stop_Mode_Init
                           0x1'97bd    0x4c  Code  Gb  Mainloop.o [9]
func_MQTT_SK_Init          0x2'4655     0xc  Code  Gb  MQTT_SK.o [7]
func_Mainloop_Init         0x1'96df     0xe  Code  Gb  Mainloop.o [9]
func_Meas_Sensor_Dispose
                           0x1'5b51   0x2ce  Code  Gb  ModbusRTU.o [10]
func_Meas_Sensor_PowerDown_DeInit
                           0x1'988d    0x8c  Code  Gb  Mainloop.o [9]
func_Meas_Sensor_PowerOn_Init
                           0x1'9809    0x84  Code  Gb  Mainloop.o [9]
func_Meas_Sensor_Value_View_Show
                           0x2'b79d    0xc6  Code  Gb  Display.o [11]
func_Measure_WaterLevel_View_Show
                           0x2'b1b5   0x328  Code  Gb  Display.o [11]
func_Measure_Water_Quality_View_Show
                           0x2'b4e5   0x2b8  Code  Gb  Display.o [11]
func_NFC_Check_Dispose     0x1'9919    0x9c  Code  Gb  Mainloop.o [9]
func_Not_Certified_View_Show
                           0x2'b0c1    0x7c  Code  Gb  Display.o [11]
func_OLED_PowerDown_DeInit
                           0x1'e4c5    0x56  Code  Gb  OLED.o [11]
func_OLED_PowerUp_Init     0x1'e3b1   0x114  Code  Gb  OLED.o [11]
func_PowerOn_View_Show     0x2'bb31    0x60  Code  Gb  Display.o [11]
func_RF_NFC_PowerDown_DeInit
                           0x1'ee65    0x66  Code  Gb  RF_NFC.o [13]
func_RXNTTL518_Init        0x2'0d45    0x34  Code  Gb  RXNTTL518.o [14]
func_ReadPhoto_XYC_ALS_Data
                           0x2'1629    0x58  Code  Gb  Photosensitive_XYC_ALS.o [12]
func_Read_RXNTTL518_Version
                           0x2'0c93     0xe  Code  Gb  RXNTTL518.o [14]
func_Rts_Control_And_SendData
                           0x1'4701    0xc2  Code  Gb  ModbusRTU.o [10]
func_Save_Device_MeasData
                           0x1'7431    0x1e  Code  Gb  drv_Storage_W25Q128.o [16]
func_Save_Device_MeasRecord_Dispose
                           0x1'9bb1   0x3e8  Code  Gb  Mainloop.o [9]
func_Save_Device_MeasRecord_Dispose::ucSaveRecordFlag
                        0x2000'6809     0x1  Data  Lc  Mainloop.o [9]
func_Save_Device_Parameter
                           0x1'6a15   0xa1c  Code  Gb  drv_Storage_W25Q128.o [16]
func_Search_Card           0x2'0ca1    0xa4  Code  Gb  RXNTTL518.o [14]
func_Send_CMD              0x2'0ba7    0xec  Code  Gb  RXNTTL518.o [14]
func_Set_BlackLight_Move_AT_CMD
                           0x1'57f7    0xb4  Code  Gb  ModbusRTU.o [10]
func_Set_Camera_Photo_CMD
                           0x1'594f    0xe4  Code  Gb  ModbusRTU.o [10]
func_SystemPara_Init       0x1'6025    0x16  Code  Gb  User_Data.o [17]
func_System_Mainloop_Dispose
                           0x1'a33d   0x296  Code  Gb  Mainloop.o [9]
func_System_Soft_Reset     0x1'96ed     0xe  Code  Gb  Mainloop.o [9]
func_WatchDog_Refresh      0x2'8183    0x1e  Code  Gb  WatchDog.o [18]
func_diplay_NFCCheck_Menu
                           0x2'ac25    0x7a  Code  Gb  Display.o [11]
func_display_Authorize_Menu
                           0x2'ab95    0x90  Code  Gb  Display.o [11]
func_display_PowerOn_Menu
                           0x2'ab85    0x10  Code  Gb  Display.o [11]
func_display_string        0x1'e6a9   0x7a8  Code  Gb  OLED.o [11]
func_sprintf_metricsystem
                           0x2'a599   0x426  Code  Gb  Display.o [11]
gE_4G_Module_Init_CMD   0x2000'67f2     0x1  Data  Gb  4G_EC200U.o [1]
gSt_DevMeasRecordData   0x2000'6720    0x1c  Data  Gb  User_Data.o [17]
gSt_systemPara          0x2000'0308  0x4dc8  Data  Lc  User_Data.o [17]
g_ATE_CMD               0x2000'02ec     0x8  Data  Lc  BT_TB05.o [2]
g_AT_CMD                0x2000'02f4     0x4  Data  Lc  BT_TB05.o [2]
g_AT_RESET_CMD          0x2000'02b8    0x20  Data  Lc  BT_TB05.o [2]
g_AT_SSID_CMD           0x2000'0294    0x24  Data  Lc  BT_TB05.o [2]
g_Ble_SSID              0x2000'02d8    0x14  Data  Gb  BT_TB05.o [2]
g_sSKLogo_New              0x3'17f8   0x400  Data  Gb  Font.o [11]
g_sint8_Font_16x10_12864
                           0x3'090c   0x5a0  Data  Gb  Font.o [11]
g_sint8_Font_16x12_12864
                           0x2'f28c   0x600  Data  Gb  Font.o [11]
g_sint8_Font_6x12_AsciiDot
                           0x3'0eac   0x4c8  Data  Gb  Font.o [11]
gc_SystemPosi           0x2000'6812     0x1  Data  Gb  User_Data.o [17]
gfunc_DateString_process
                           0x2'a9c9   0x1bc  Code  Gb  Display.o [11]
gfunc_Modbus_Matching      0x2'5c75   0x188  Code  Gb  ModbusRTU_Device_BT.o [10]
gs_DeviceDefaultPara    0x2000'0000   0x108  Data  Gb  User_Data.o [17]
guc_ERR13DelayCnt       0x2000'67f6     0x1  Data  Gb  BT_TB05.o [2]
guc_LcdDipRevesAttr     0x2000'6810     0x1  Data  Gb  User_Data.o [17]
guc_NFCPWRInitFlag      0x2000'680e     0x1  Data  Gb  User_Data.o [17]
guc_NFC_Card_Flag       0x2000'6811     0x1  Data  Gb  User_Data.o [17]
guc_NFC_Card_ID         0x2000'0108    0x8c  Data  Gb  RXNTTL518.o [14]
guc_OLED_Buf            0x2000'60d0   0x400  Data  Gb  User_Data.o [17]
guc_RTURecvArr          0x2000'6778    0x14  Data  Gb  User_Data.o [17]
guc_SystemPowerInitFlag
                        0x2000'680f     0x1  Data  Gb  User_Data.o [17]
guc_TextBDData          0x2000'6764    0x14  Data  Gb  User_Data.o [17]
guc_W25Q128_Buf         0x2000'50d0  0x1000  Data  Gb  drv_Storage_W25Q128.o [16]
isalpha                    0x2'e319    0x14  Code  Gb  isalpha.o [28]
isspace                    0x2'e305    0x14  Code  Gb  isspace.o [28]
lcd_address                0x1'e51b    0x28  Code  Gb  OLED.o [11]
ldexp                      0x2'e379          Code  Gb  ldexp.o [29]
ldexpl                     0x2'e379          Code  Gb  ldexp.o [29]
lmos                       0x2'9a38    0x18  Data  Lc  xDaysTo64.o [28]
lnbias                     0x3'13d8   0x420  Data  Lc  pow64.o [29]
localeconv                 0x2'e36d     0x4  Code  Gb  xlocale_c.o [28]
m_au16Adc1Value         0x2000'66fc    0x24  Data  Lc  drv_ADC.o [21]
m_au16Adc2Value         0x2000'673c    0x14  Data  Lc  drv_ADC.o [21]
m_stcSysclkCfg          0x2000'678c     0x8  Data  Lc  main.o [27]
main                       0x2'faa5   0x398  Code  Gb  main.o [27]
main::ucMonitorFlag     0x2000'6806     0x1  Data  Lc  main.o [27]
memchr                     0x2'e751          Code  Gb  memchr.o [30]
memcmp                     0x1'8e89          Code  Gb  memcmp.o [30]
mktime                     0x2'210d    0xe0  Code  Gb  mktime64.o [28]
mos                        0x2'9a50    0x18  Data  Lc  xDaysTo64.o [28]
nackFlag                0x2000'67f7     0x1  Data  Gb  drv_IIC.o [22]
ndigs                      0x3'2614    0x28  Data  Lc  iar_Stoulx.o [28]
ndigs                      0x3'2664    0x28  Data  Lc  iar_Stoullx.o [28]
pfnNmiCallback          0x2000'67b0     0x4  Data  Lc  hc32f460_exint_nmi_swi.o [20]
pow                        0x2'dc79   0x68c  Code  Gb  pow64.o [29]
powl                       0x2'dc79   0x68c  Code  Gb  pow64.o [29]
pows                       0x3'2b08    0x48  Data  Lc  strto64.o [29]
prveMBError2Exception      0x2'4c4d    0x26  Code  Gb  ModbusRTU_Device_BT.o [10]
pst_BDSystemPara        0x2000'67b4     0x4  Data  Lc  LC86L_BD.o [3]
pst_BTSystemPara        0x2000'6798     0x4  Data  Lc  BT_TB05.o [2]
pst_EC200USystemPara    0x2000'6794     0x4  Data  Lc  4G_EC200U.o [1]
pst_LoraSystemPara      0x2000'67b8     0x4  Data  Lc  Lora_TP1109.o [6]
pst_MBSystemPara        0x2000'67c8     0x4  Data  Gb  ModbusRTU.o [10]
pst_MQTTSystemPara      0x2000'67d4     0x4  Data  Lc  MQTT_SK.o [7]
pst_MagSystemPara       0x2000'67bc     0x4  Data  Lc  Magnetic_Bar.o [8]
pst_MainSystemPara      0x2000'67c0     0x4  Data  Lc  main.o [27]
pst_MainloopSystemPara  0x2000'67c4     0x4  Data  Lc  Mainloop.o [9]
pst_OLEDSystemPara      0x2000'67d8     0x4  Data  Gb  OLED.o [11]
pst_PhotoSystemPara     0x2000'67dc     0x4  Data  Lc  Photosensitive_XYC_ALS.o [12]
pst_RTCSystemPara       0x2000'679c     0x4  Data  Lc  drv_RTC.o [23]
pst_RXNTTLSystemPara    0x2000'67e0     0x4  Data  Lc  RXNTTL518.o [14]
pst_SC7A20SystemPara    0x2000'67a0     0x4  Data  Lc  drv_SC7A20H.o [15]
pst_TimerSystemPara     0x2000'67a8     0x4  Data  Lc  drv_Timer.o [25]
pst_UsartSystemPara     0x2000'67ac     0x4  Data  Lc  drv_USART.o [26]
pst_W25Q128SystemPara   0x2000'67a4     0x4  Data  Gb  drv_Storage_W25Q128.o [16]
pucSndBufferCur         0x2000'67cc     0x4  Data  Lc  ModbusRTU_Device_BT.o [10]
ranmatch                   0x2'974b    0x46  Code  Lc  xscanffull_nomb.o [28]
scalbln                    0x2'e379          Code  Gb  ldexp.o [29]
scalblnl                   0x2'e379          Code  Gb  ldexp.o [29]
scalbn                     0x2'e379          Code  Gb  ldexp.o [29]
scalbnl                    0x2'e379          Code  Gb  ldexp.o [29]
scale                      0x2'd763    0x46  Code  Lc  xprintflarge_nomb.o [28]
sec_hand                0x2000'67e8     0x4  Data  Lc  xfail_s.o [28]
sprintf                    0x2'8115    0x40  Code  Gb  sprintf.o [28]
sqrt                       0x2'8225          Code  Gb  sqrt.o [29]
sqrtl                      0x2'8225          Code  Gb  sqrt.o [29]
sscanf                     0x2'20e5    0x28  Code  Gb  sscanf.o [28]
strcat                     0x2'4c2d    0x1e  Code  Gb  strcat.o [28]
strchr                     0x1'dd69          Code  Gb  strchr.o [30]
strcmp                     0x1'8e75          Code  Gb  strcmp.o [30]
strcpy                     0x1'96a9          Code  Gb  strcpy.o [30]
strcspn                    0x2'e7d1    0x22  Code  Gb  strcspn.o [28]
strlen                     0x1'8e11          Code  Gb  strlen.o [30]
strncmp                    0x2'81a1    0x2a  Code  Gb  strncmp.o [28]
strspn                     0x2'e7af    0x22  Code  Gb  strspn.o [28]
strstr                     0x1'8e47    0x2c  Code  Gb  strstr.o [28]
strtok                     0x2'bef9    0x4c  Code  Gb  strtok.o [28]
strtoll                    0x2'e709     0x2  Code  Gb  iar_Stollx.o [28]
strtoull                   0x2'e661     0x2  Code  Gb  iar_Stoullx.o [28]
tolower                    0x2'e7f3    0x14  Code  Gb  tolower.o [28]
u32ICG                        0x400    0x20  Data  Gb  hc32f460_icg.o [20]
u8HrcState              0x2000'6802     0x1  Data  Gb  hc32f460_pwc.o [20]
u8MrcState              0x2000'6803     0x1  Data  Gb  hc32f460_pwc.o [20]
u8StopFlag              0x2000'6805     0x1  Data  Gb  hc32f460_pwc.o [20]
u8SysClkSrc             0x2000'0304     0x1  Data  Gb  hc32f460_pwc.o [20]
u8WkupIntCnt            0x2000'6804     0x1  Data  Gb  hc32f460_pwc.o [20]
usRcvBufferPos          0x2000'67ee     0x2  Data  Lc  ModbusRTU_Device_BT.o [10]
xFuncHandlers           0x2000'0194    0x80  Data  Lc  ModbusRTU_Device_BT.o [10]


[1] = D:\Myself\WorkProcess\SK\HC32F460_WorkProcess\example\Source\Pipe_Monitor\Pipe_Monitor_App\EWARM\output\debug\Obj\4G_EC200U_8582873453978518366.dir
[2] = D:\Myself\WorkProcess\SK\HC32F460_WorkProcess\example\Source\Pipe_Monitor\Pipe_Monitor_App\EWARM\output\debug\Obj\BT_TB05_12041724360499981866.dir
[3] = D:\Myself\WorkProcess\SK\HC32F460_WorkProcess\example\Source\Pipe_Monitor\Pipe_Monitor_App\EWARM\output\debug\Obj\LC86L_BD_9822625824417385734.dir
[4] = D:\Myself\WorkProcess\SK\HC32F460_WorkProcess\example\Source\Pipe_Monitor\Pipe_Monitor_App\EWARM\output\debug\Obj\LKT4202_1925765440156868983.dir
[5] = D:\Myself\WorkProcess\SK\HC32F460_WorkProcess\example\Source\Pipe_Monitor\Pipe_Monitor_App\EWARM\output\debug\Obj\LoRa_RA02_5139138412578801246.dir
[6] = D:\Myself\WorkProcess\SK\HC32F460_WorkProcess\example\Source\Pipe_Monitor\Pipe_Monitor_App\EWARM\output\debug\Obj\Lora_TP1109_151720617378073083.dir
[7] = D:\Myself\WorkProcess\SK\HC32F460_WorkProcess\example\Source\Pipe_Monitor\Pipe_Monitor_App\EWARM\output\debug\Obj\MQTT_SK_4724149239023757000.dir
[8] = D:\Myself\WorkProcess\SK\HC32F460_WorkProcess\example\Source\Pipe_Monitor\Pipe_Monitor_App\EWARM\output\debug\Obj\Magnetic_Bar_17520218520042908049.dir
[9] = D:\Myself\WorkProcess\SK\HC32F460_WorkProcess\example\Source\Pipe_Monitor\Pipe_Monitor_App\EWARM\output\debug\Obj\Mainloop_18272944273632151421.dir
[10] = D:\Myself\WorkProcess\SK\HC32F460_WorkProcess\example\Source\Pipe_Monitor\Pipe_Monitor_App\EWARM\output\debug\Obj\ModbusRTU_17682219295068567368.dir
[11] = D:\Myself\WorkProcess\SK\HC32F460_WorkProcess\example\Source\Pipe_Monitor\Pipe_Monitor_App\EWARM\output\debug\Obj\OLED_13473777563621607307.dir
[12] = D:\Myself\WorkProcess\SK\HC32F460_WorkProcess\example\Source\Pipe_Monitor\Pipe_Monitor_App\EWARM\output\debug\Obj\Photosensitive_XYC_ALS_28064708180949255.dir
[13] = D:\Myself\WorkProcess\SK\HC32F460_WorkProcess\example\Source\Pipe_Monitor\Pipe_Monitor_App\EWARM\output\debug\Obj\RF_NFC_10628150809568064830.dir
[14] = D:\Myself\WorkProcess\SK\HC32F460_WorkProcess\example\Source\Pipe_Monitor\Pipe_Monitor_App\EWARM\output\debug\Obj\RXNTTL518_17808510930951076202.dir
[15] = D:\Myself\WorkProcess\SK\HC32F460_WorkProcess\example\Source\Pipe_Monitor\Pipe_Monitor_App\EWARM\output\debug\Obj\SC7A20H_13085057635104233901.dir
[16] = D:\Myself\WorkProcess\SK\HC32F460_WorkProcess\example\Source\Pipe_Monitor\Pipe_Monitor_App\EWARM\output\debug\Obj\Storage_W25Q128_4738127093883701884.dir
[17] = D:\Myself\WorkProcess\SK\HC32F460_WorkProcess\example\Source\Pipe_Monitor\Pipe_Monitor_App\EWARM\output\debug\Obj\User_Data_5391006662705040797.dir
[18] = D:\Myself\WorkProcess\SK\HC32F460_WorkProcess\example\Source\Pipe_Monitor\Pipe_Monitor_App\EWARM\output\debug\Obj\WatchDog_9188475617120297074.dir
[19] = D:\Myself\WorkProcess\SK\HC32F460_WorkProcess\example\Source\Pipe_Monitor\Pipe_Monitor_App\EWARM\output\debug\Obj\common_14919461937644757070.dir
[20] = D:\Myself\WorkProcess\SK\HC32F460_WorkProcess\example\Source\Pipe_Monitor\Pipe_Monitor_App\EWARM\output\debug\Obj\driver_11944700488488147666.dir
[21] = D:\Myself\WorkProcess\SK\HC32F460_WorkProcess\example\Source\Pipe_Monitor\Pipe_Monitor_App\EWARM\output\debug\Obj\drv_ADC_15186207816091091275.dir
[22] = D:\Myself\WorkProcess\SK\HC32F460_WorkProcess\example\Source\Pipe_Monitor\Pipe_Monitor_App\EWARM\output\debug\Obj\drv_IIC_18060258103304213159.dir
[23] = D:\Myself\WorkProcess\SK\HC32F460_WorkProcess\example\Source\Pipe_Monitor\Pipe_Monitor_App\EWARM\output\debug\Obj\drv_RTC_2577979922006117733.dir
[24] = D:\Myself\WorkProcess\SK\HC32F460_WorkProcess\example\Source\Pipe_Monitor\Pipe_Monitor_App\EWARM\output\debug\Obj\drv_SPI_4333388098947449637.dir
[25] = D:\Myself\WorkProcess\SK\HC32F460_WorkProcess\example\Source\Pipe_Monitor\Pipe_Monitor_App\EWARM\output\debug\Obj\drv_Timer_6973001687617930806.dir
[26] = D:\Myself\WorkProcess\SK\HC32F460_WorkProcess\example\Source\Pipe_Monitor\Pipe_Monitor_App\EWARM\output\debug\Obj\drv_USART_14144334009435087269.dir
[27] = D:\Myself\WorkProcess\SK\HC32F460_WorkProcess\example\Source\Pipe_Monitor\Pipe_Monitor_App\EWARM\output\debug\Obj\source_5634686896477721948.dir
[28] = dl7M_tlf.a
[29] = m7M_tls.a
[30] = rt7M_tl.a
[31] = shb_l.a

  115'953 bytes of readonly  code memory
   14'104 bytes of readonly  data memory (+ 32 absolute)
   34'834 bytes of readwrite data memory

Errors: none
Warnings: none
